[    0.000000] Booting Linux on physical CPU 0x0000000000 [0x410fd030]
[    0.000000] Linux version 7.1.0-rc6+ (sam@sam-desktop) (aarch64-linux-gnu-gcc (GCC) 16.1.1 20260501 (Red Hat Cross 16.1.1-1), GNU ld version 2.46-1.fc44) #56 SMP PREEMPT Fri Sep 11 18:35:00 AEST 2026
[    0.000000] Machine model: Samsung Galaxy A5U (EUR)
[    0.000000] OF: reserved mem: 0x000000008e600000..0x000000008e7fffff (2048 KiB) nomap non-reusable gps
[    0.000000] OF: reserved mem: 0x000000009ff80000..0x000000009fffffff (512 KiB) map non-reusable ramoops@9ff80000
[    0.000000] OF: reserved mem: 0x0000000086000000..0x00000000862fffff (3072 KiB) nomap non-reusable tz-apps@86000000
[    0.000000] OF: reserved mem: 0x0000000086300000..0x00000000863fffff (1024 KiB) nomap non-reusable smem@86300000
[    0.000000] OF: reserved mem: 0x0000000086400000..0x00000000864fffff (1024 KiB) nomap non-reusable hypervisor@86400000
[    0.000000] OF: reserved mem: 0x0000000086500000..0x000000008667ffff (1536 KiB) nomap non-reusable tz@86500000
[    0.000000] OF: reserved mem: 0x0000000086680000..0x00000000866fffff (512 KiB) nomap non-reusable reserved@86680000
[    0.000000] OF: reserved mem: 0x0000000086700000..0x00000000867dffff (896 KiB) nomap non-reusable rmtfs@86700000
[    0.000000] OF: reserved mem: 0x00000000867e0000..0x00000000867fffff (128 KiB) nomap non-reusable rfsa@867e0000
[    0.000000] OF: reserved mem: 0x0000000085500000..0x0000000085ffffff (11264 KiB) nomap non-reusable tz-apps@85500000
[    0.000000] OF: reserved mem: 0x000000008e000000..0x000000008e2a2fff (2700 KiB) nomap non-reusable framebuffer@8e000000
[    0.000000] OF: reserved mem: 0x00000000854ff000..0x00000000854fffff (4 KiB) nomap non-reusable spin-table@854ff000
[    0.000000] Zone ranges:
[    0.000000]   Normal   [mem 0x0000000080000000-0x00000000ffffffff]
[    0.000000] Movable zone start for each node
[    0.000000] Early memory node ranges
[    0.000000]   node   0: [mem 0x0000000080000000-0x00000000854fefff]
[    0.000000]   node   0: [mem 0x00000000854ff000-0x00000000867fffff]
[    0.000000]   node   0: [mem 0x0000000086800000-0x000000008dffffff]
[    0.000000]   node   0: [mem 0x000000008e000000-0x000000008e2a2fff]
[    0.000000]   node   0: [mem 0x000000008e2a3000-0x000000008e5fffff]
[    0.000000]   node   0: [mem 0x000000008e600000-0x000000008e7fffff]
[    0.000000]   node   0: [mem 0x000000008e800000-0x00000000ffffffff]
[    0.000000] Initmem setup node 0 [mem 0x0000000080000000-0x00000000ffffffff]
[    0.000000] percpu: Embedded 14 pages/cpu s28544 r0 d28800 u57344
[    0.000000] pcpu-alloc: s28544 r0 d28800 u57344 alloc=14*4096
[    0.000000] pcpu-alloc: [0] 0 [0] 1 [0] 2 [0] 3 
[    0.000000] Detected VIPT I-cache on CPU0
[    0.000000] CPU features: kernel page table isolation disabled by kernel configuration
[    0.000000] alternatives: applying boot alternatives
[    0.000000] Kernel command line: msm.skip_gpu=1 msm.separate_gpu_kms=1 panic=5 oops=panic printk.time=1 pocketboot.log=info pocketboot.drm_page_flips=16 drm.debug=0x6 pocketboot.lab=display-final-1
[    0.000000] printk: log buffer data + meta data: 131072 + 458752 = 589824 bytes
[    0.000000] Dentry cache hash table entries: 262144 (order: 9, 2097152 bytes, linear)
[    0.000000] Inode-cache hash table entries: 131072 (order: 8, 1048576 bytes, linear)
[    0.000000] software IO TLB: SWIOTLB bounce buffer size adjusted to 2MB
[    0.000000] software IO TLB: area num 4.
[    0.000000] software IO TLB: mapped [mem 0x00000000fd600000-0x00000000fd800000] (2MB)
[    0.000000] Built 1 zonelists, mobility grouping on.  Total pages: 524288
[    0.000000] mem auto-init: stack:all(zero), heap alloc:off, heap free:off
[    0.000000] SLUB: HWalign=64, Order=0-3, MinObjects=0, CPUs=4, Nodes=1
[    0.000000] rcu: Hierarchical RCU implementation.
[    0.000000] rcu: RCU calculated value of scheduler-enlistment delay is 25 jiffies.
[    0.000000] NR_IRQS: 64, nr_irqs: 64, preallocated irqs: 0
[    0.000000] Root IRQ handler: gic_handle_irq
[    0.000000] rcu: srcu_init: Setting srcu_struct sizes based on contention.
[    0.000000] arch_timer: cp15 timer running at 19.20MHz (virt).
[    0.000000] clocksource: arch_sys_counter: mask: 0xffffffffffffff max_cycles: 0x46d987e47, max_idle_ns: 440795202767 ns
[    0.000001] sched_clock: 56 bits at 19MHz, resolution 52ns, wraps every 4398046511078ns
[    0.000091] Console: colour dummy device 80x25
[    0.000103] printk: legacy console [tty0] enabled
[    0.000735] Calibrating delay loop (skipped), value calculated using timer frequency.. 38.40 BogoMIPS (lpj=76800)
[    0.000768] pid_max: default: 32768 minimum: 301
[    0.000987] Mount-cache hash table entries: 4096 (order: 3, 32768 bytes, linear)
[    0.001027] Mountpoint-cache hash table entries: 4096 (order: 3, 32768 bytes, linear)
[    0.001391] VFS: Finished mounting rootfs on nullfs
[    0.002004] Pocketboot spin-table v1: persistent page at 0x00000000854ff000
[    0.002946] rcu: Hierarchical SRCU implementation.
[    0.002968] rcu: 	Max phase no-delay instances is 1000.
[    0.003455] smp: Bringing up secondary CPUs ...
[    0.003897] Detected VIPT I-cache on CPU1
[    0.004045] CPU1: Booted secondary processor 0x0000000001 [0x410fd030]
[    0.004546] Detected VIPT I-cache on CPU2
[    0.004681] CPU2: Booted secondary processor 0x0000000002 [0x410fd030]
[    0.005153] Detected VIPT I-cache on CPU3
[    0.005280] CPU3: Booted secondary processor 0x0000000003 [0x410fd030]
[    0.005370] smp: Brought up 1 node, 4 CPUs
[    0.005450] SMP: Total of 4 processors activated.
[    0.005465] CPU: All CPU(s) started at EL1
[    0.005480] CPU features: detected: 32-bit EL0 Support
[    0.005495] CPU features: detected: CRC32 instructions
[    0.005547] alternatives: applying system-wide alternatives
[    0.006431] Memory: 2014992K/2097152K available (5760K kernel code, 852K rwdata, 1712K rodata, 2624K init, 242K bss, 78896K reserved, 0K cma-reserved)
[    0.007105] devtmpfs: initialized
[    0.020903] clocksource: jiffies: mask: 0xffffffff max_cycles: 0xffffffff, max_idle_ns: 7645041785100000 ns
[    0.020974] posixtimers hash table entries: 2048 (order: 3, 32768 bytes, linear)
[    0.021072] futex hash table entries: 1024 (65536 bytes on 1 NUMA nodes, total 64 KiB, linear).
[    0.022111] NET: Registered PF_NETLINK/PF_ROUTE protocol family
[    0.022697] DMA: preallocated 256 KiB GFP_KERNEL pool for atomic allocations
[    0.024338] ASID allocator initialised with 65536 entries
[    0.025724] ramoops: error in header, 13
[    0.026095] ramoops: error in header, 12
[    0.026501] ramoops: error in header, 16
[    0.026915] ramoops: error in header, 17
[    0.027286] ramoops: error in header, 13
[    0.027722] ramoops: error in header, 18
[    0.028122] ramoops: error in header, 13
[    0.028603] ramoops: error in header, 22
[    0.029008] ramoops: error in header, 16
[    0.029371] ramoops: error in header, 12
[    0.029750] ramoops: error in header, 13
[    0.030115] ramoops: error in header, 12
[    0.030518] ramoops: error in header, 15
[    0.030887] ramoops: error in header, 13
[    0.031220] ramoops: error in header, 9
[    0.031582] ramoops: error in header, 12
[    0.032006] ramoops: error in header, 18
[    0.032439] ramoops: error in header, 17
[    0.032806] ramoops: error in header, 12
[    0.033122] ramoops: error in header, 7
[    0.033476] ramoops: error in header, 11
[    0.033749] ramoops: error in header, 3
[    0.034075] ramoops: error in header, 7
[    0.034447] ramoops: error in header, 13
[    0.034916] ramoops: error in header, 22
[    0.035221] ramoops: error in header, 6
[    0.035595] ramoops: error in header, 13
[    0.035960] ramoops: error in header, 12
[    0.036406] ramoops: error in header, 19
[    0.036752] ramoops: error in header, 10
[    0.394955] pstore: Using crash dump compression: deflate
[    0.394979] printk: legacy console [ramoops-1] enabled
[    0.428257] pstore: Registered ramoops as persistent store backend
[    0.428473] ramoops: using 0x80000@0x9ff80000, ecc: 64
[    0.437788] /soc@0/clock-controller@1800000: Fixed dependency cycle(s) with /soc@0/display-subsystem@1a00000/phy@1a98300
[    0.438079] /soc@0/display-subsystem@1a00000/display-controller@1a01000: Fixed dependency cycle(s) with /soc@0/display-subsystem@1a00000/dsi@1a98000
[    0.438522] /soc@0/display-subsystem@1a00000/dsi@1a98000: Fixed dependency cycle(s) with /soc@0/display-subsystem@1a00000/dsi@1a98000/panel@0
[    0.438982] /soc@0/display-subsystem@1a00000/dsi@1a98000: Fixed dependency cycle(s) with /soc@0/display-subsystem@1a00000/display-controller@1a01000
[    0.439459] /soc@0/display-subsystem@1a00000/dsi@1a98000/panel@0: Fixed dependency cycle(s) with /soc@0/display-subsystem@1a00000/dsi@1a98000
[    0.439887] /soc@0/display-subsystem@1a00000/phy@1a98300: Fixed dependency cycle(s) with /soc@0/clock-controller@1800000
[    0.440565] /soc@0/usb@78d9000: Fixed dependency cycle(s) with /soc@0/usb@78d9000/ulpi/phy
[    0.440999] /soc@0/usb@78d9000/ulpi/phy: Fixed dependency cycle(s) with /soc@0/usb@78d9000
[    0.441416] /soc@0/interrupt-controller@b000000: Fixed dependency cycle(s) with /soc@0/interrupt-controller@b000000
[    0.445756] /soc@0/clock-controller@1800000: Fixed dependency cycle(s) with /soc@0/display-subsystem@1a00000/phy@1a98300
[    0.449891] /soc@0/display-subsystem@1a00000/display-controller@1a01000: Fixed dependency cycle(s) with /soc@0/display-subsystem@1a00000/dsi@1a98000
[    0.450600] /soc@0/display-subsystem@1a00000/dsi@1a98000: Fixed dependency cycle(s) with /soc@0/display-subsystem@1a00000/dsi@1a98000/panel@0
[    0.451036] /soc@0/display-subsystem@1a00000/dsi@1a98000: Fixed dependency cycle(s) with /soc@0/display-subsystem@1a00000/display-controller@1a01000
[    0.451492] /soc@0/display-subsystem@1a00000/dsi@1a98000/panel@0: Fixed dependency cycle(s) with /soc@0/display-subsystem@1a00000/dsi@1a98000
[    0.455199] /soc@0/usb@78d9000: Fixed dependency cycle(s) with /soc@0/usb@78d9000/ulpi/phy
[    0.455696] /soc@0/usb@78d9000/ulpi/phy: Fixed dependency cycle(s) with /soc@0/usb@78d9000
[    0.462323] iommu: Default domain type: Translated
[    0.462561] iommu: DMA domain TLB invalidation policy: strict mode
[    0.464802] SCSI subsystem initialized
[    0.465151] usbcore: registered new interface driver usbfs
[    0.465404] usbcore: registered new interface driver hub
[    0.465843] usbcore: registered new device driver usb
[    0.466742] i2c-gpio i2c-muic: using lines 617 (SDA) and 618 (SCL)
[    0.467683] i2c-gpio i2c-tkey: using lines 528 (SDA) and 529 (SCL)
[    0.468401] i2c-gpio i2c-nfc: using lines 512 (SDA) and 513 (SCL)
[    0.469204] qcom_scm: convention: smc arm 32
[    0.494674] sm5502 0-0025: Device type: version: 0x0, vendor: 0x1
[    0.498093] clocksource: Switched to clocksource arch_sys_counter
[    0.505966] NET: Registered PF_UNIX/PF_LOCAL protocol family
[    0.515156] workingset: timestamp_bits=62 (anon: 58) max_order=19 bucket_order=0 (anon: 0)
[    0.534682] msm_serial 78b0000.serial: msm_serial: detected port #0
[    0.534992] msm_serial 78b0000.serial: uartclk = 3686400
[    0.535761] 78b0000.serial: ttyMSM0 at MMIO 0x78b0000 (irq = 31, base_baud = 230400) is a MSM
[    0.536028] msm_serial: console setup on port #0
[    0.536460] printk: legacy console [ttyMSM0] enabled
[    1.522471] msm_serial: driver initialized
[    1.525316] [drm:msm_drm_register] init
[    1.525345] [drm:msm_mdp_register] 
[    1.525488] [drm:msm_dsi_register] 
[    1.550602] platform 1a01000.display-controller: Adding to iommu group 0
[    1.551038] /soc@0/display-subsystem@1a00000/display-controller@1a01000: Fixed dependency cycle(s) with /soc@0/display-subsystem@1a00000/dsi@1a98000
[    1.556949] [drm:mdss_runtime_resume] 
[    1.557391] /soc@0/display-subsystem@1a00000/display-controller@1a01000: Fixed dependency cycle(s) with /soc@0/display-subsystem@1a00000/dsi@1a98000
[    1.562128] [drm:mdss_runtime_suspend] 
[    1.569815] /soc@0/display-subsystem@1a00000/dsi@1a98000: Fixed dependency cycle(s) with /soc@0/display-subsystem@1a00000/dsi@1a98000/panel@0
[    1.583355] /soc@0/display-subsystem@1a00000/dsi@1a98000: Fixed dependency cycle(s) with /soc@0/display-subsystem@1a00000/display-controller@1a01000
[    1.596169] /soc@0/display-subsystem@1a00000/dsi@1a98000/panel@0: Fixed dependency cycle(s) with /soc@0/display-subsystem@1a00000/dsi@1a98000
[    1.609444] [drm:mdss_runtime_resume] 
[    1.610978] [drm:mdss_runtime_suspend] 
[    1.616090] loop: module loaded
[    1.622164] spmi_pmic_arb 200f000.spmi: PMIC arbiter version v2 (0x20010000)
[    1.657962] input: pwm-vibrator as /devices/platform/vibrator/input/input0
[    1.658960] i2c_qup 78b5000.i2c: using default clock-frequency 100000
[    1.664721] i2c_qup 78b6000.i2c: using default clock-frequency 100000
[    1.671514] i2c_qup 78b8000.i2c: using default clock-frequency 100000
[    1.677637] i2c_qup 78b9000.i2c: using default clock-frequency 100000
[    1.684428] i2c_qup 78ba000.i2c: using default clock-frequency 100000
[    1.694109] rt5033 7-0034: Device found (rev. 6)
[    1.698455] platform rt5033-charger: DMA mask not set
[    1.701075] rt5033-led: Failed to locate of_node [id: -1]
[    1.707834] input: pm8941_pwrkey as /devices/platform/soc@0/200f000.spmi/spmi-0/0-00/200f000.spmi:pmic@0:pon@800/200f000.spmi:pmic@0:pon@800:pwrkey/input/input1
[    1.712562] input: pm8941_resin as /devices/platform/soc@0/200f000.spmi/spmi-0/0-00/200f000.spmi:pmic@0:pon@800/200f000.spmi:pmic@0:pon@800:resin/input/input2
[    1.762895] clocksource: arch_mmio_counter: mask: 0xffffffffffffff max_cycles: 0x46d987e47, max_idle_ns: 440795202767 ns
[    1.763341] arch-timer-mmio b020000.timer: mmio timer running at 19.20MHz (virt)
[    1.796089] [drm:mdss_runtime_resume] 
[    1.796343] [drm:mdp5_dev_probe] 
[    1.796373] msm_mdp 1a01000.display-controller: No interconnect support may cause display underflows!
[    1.796864] [drm:mdp5_dev_probe] skipping lut
[    1.796889] [drm:mdp5_dev_probe] skipping tbu
[    1.796911] [drm:mdp5_dev_probe] skipping tbu_rt
[    1.798705] [drm:mdss_runtime_suspend] 
[    1.813728] [drm:mdss_runtime_resume] 
[    1.814531] [drm:mdss_runtime_suspend] 
[    1.830282] [drm:mdss_runtime_resume] 
[    1.834110] [drm:mdss_runtime_suspend] 
[    1.846761] msm_hsusb 78d9000.usb: Failed to create device link (0x180) with supplier remoteproc for /soc@0/usb@78d9000/ulpi/phy
[    1.848049] [drm:mdss_runtime_resume] 
[    1.850112] [drm:mdss_runtime_suspend] 
[    1.851127] sdhci_msm 7864900.mmc: Got CD GPIO
[    1.865154] tm2-touchkey 1-0020: failed to get regulators: -517
[    1.865990] mms114 6-0048: Unable to get the IO regulator (-517)
[    1.866937] s3: Bringing 0uV into 1250000-1250000uV
[    1.870291] [drm:mdss_runtime_resume] 
[    1.876669] s4: Bringing 0uV into 1850000-1850000uV
[    1.878168] [drm:mdss_runtime_suspend] 
[    1.881570] sdhci_msm 7864900.mmc: Got CD GPIO
[    1.882542] l2: Bringing 0uV into 1200000-1200000uV
[    1.891262] l5: Bringing 0uV into 1800000-1800000uV
[    1.895398] l6: Bringing 0uV into 1800000-1800000uV
[    1.895623] tm2-touchkey 1-0020: failed to get regulators: -517
[    1.900022] l7: Bringing 0uV into 1800000-1800000uV
[    1.905431] input: MELFAS MMS345 Touchscreen as /devices/platform/soc@0/78b9000.i2c/i2c-6/6-0048/input/input4
[    1.915576] l8: Bringing 0uV into 2900000-2900000uV
[    1.916031] [drm:mdss_runtime_resume] 
[    1.925694] l9: Bringing 0uV into 3300000-3300000uV
[    1.926644] [drm:pll_28nm_register] 0
[    1.930602] l11: Bringing 0uV into 2950000-2950000uV
[    1.930773] [drm:dsi_pll_28nm_clk_recalc_rate] returning vco rate = 1056000000
[    1.935231] l12: Bringing 0uV into 1800000-1800000uV
[    1.938116] [drm:mdss_runtime_suspend] 
[    1.940468] l13: Bringing 0uV into 3075000-3075000uV
[    1.946465] l17: Bringing 0uV into 2850000-2850000uV
[    1.982108] mmc0: SDHCI controller on 7824900.mmc [7824900.mmc] using ADMA
[    2.060925] mmc0: Card appears overclocked; req 177770000 Hz, actual 177777777 Hz
[    2.061194] mmc0: Card appears overclocked; req 177770000 Hz, actual 177777777 Hz
[    2.068401] mmc0: new HS200 MMC card at address 0001
[    2.075865] mmcblk0: mmc0:0001 Q313MB 14.7 GiB
[    2.082847]  mmcblk0: p1 p2 p3 p4 p5 p6 p7 p8 p9 p10 p11 p12 p13 p14 p15 p16 p17 p18 p19 p20 p21 p22 p23 p24 p25 p26
[    2.088453] mmcblk0boot0: mmc0:0001 Q313MB 4.00 MiB
[    2.096174] mmcblk0boot1: mmc0:0001 Q313MB 4.00 MiB
[    2.100715] mmcblk0rpmb: mmc0:0001 Q313MB 4.00 MiB, chardev (249:0)
[    2.106264] input: tm2-touchkey as /devices/platform/i2c-tkey/i2c-1/1-0020/input/input5
[    2.112233] [drm:mdss_runtime_resume] 
[    2.112717] [drm:dsi_dev_probe] 
[    2.112742] [drm:dsi_dev_probe] dsi probed=(____ptrval____)
[    2.112813] [drm:msm_dsi_host_init] dsi_get_config: Version 3:10030001
[    2.113283] [drm:msm_dsi_host_init] Dsi Host 0 initialized
[    2.113449] /soc@0/display-subsystem@1a00000/dsi@1a98000: Fixed dependency cycle(s) with /soc@0/display-subsystem@1a00000/dsi@1a98000/panel@0
[    2.119039] /soc@0/display-subsystem@1a00000/dsi@1a98000/panel@0: Fixed dependency cycle(s) with /soc@0/display-subsystem@1a00000/dsi@1a98000
[    2.132644] sdhci_msm 7864900.mmc: Got CD GPIO
[    2.132745] msm_mdp 1a01000.display-controller: bound 1a98000.dsi (ops 0xffff8000806384a8)
[    2.149170] [drm:mdp5_runtime_resume] 
[    2.149191] [drm:mdp5_runtime_resume] 
[    2.149213] [drm:mdp5_runtime_suspend] 
[    2.149228] [drm:mdp5_runtime_suspend] 
[    2.149262] msm_mdp 1a01000.display-controller: [drm:mdp5_kms_init] MDP5 version v1.6
[    2.157068] [drm:mdp5_cfg_init] MDP5: msm8x16 hw config selected
[    2.157106] [drm:mdp5_ctlm_init] Pool of 5 CTLs created.
[    2.158675] [drm:mdp5_runtime_resume] 
[    2.158700] [drm:mdp5_runtime_resume] 
[    2.174755] [drm:mdp5_runtime_suspend] 
[    2.174777] [drm:mdp5_runtime_suspend] 
[    2.174812] msm_mdp 1a01000.display-controller: fall back to the other CTL category for INTF 1!
[    2.175241] [drm:mdp5_ctlm_request] CTL 0 allocated
[    2.175504] [drm:mdp5_runtime_resume] 
[    2.175524] [drm:mdp5_runtime_resume] 
[    2.175548] [drm:mdp5_runtime_suspend] 
[    2.175563] [drm:mdp5_runtime_suspend] 
[    2.175754] [drm:mdp5_runtime_resume] 
[    2.175772] [drm:mdp5_runtime_resume] 
[    2.175824] [drm:mdp5_runtime_suspend] 
[    2.175840] [drm:mdp5_runtime_suspend] 
[    2.176197] msm_mdp 1a01000.display-controller: [drm:drm_sysfs_connector_add] [CONNECTOR:36:DSI-1] adding connector to sysfs
[    2.176313] msm_mdp 1a01000.display-controller: [drm:drm_sysfs_connector_hotplug_event] [CONNECTOR:36:DSI-1] generating connector hotplug event
[    2.176353] [drm] Initialized msm-kms 1.13.0 for 1a01000.display-controller on minor 0
[    2.182743] [drm:dsi_host_attach] id=0
[    2.183231] gcc-msm8916 1800000.clock-controller: sync_state() pending due to chosen:framebuffer@8e000000
[    2.186133] [drm:mdss_runtime_suspend] 
[    2.190318] gcc-msm8916 1800000.clock-controller: sync_state() pending due to 7864900.mmc
[    2.190578] mmc1: SDHCI controller on 7864900.mmc [7864900.mmc] using ADMA
[    2.200734] input: GPIO Buttons as /devices/platform/gpio-keys/input/input6
[    2.216764] input: GPIO Hall Effect Sensor as /devices/platform/gpio-hall-sensor/input/input7
[    2.223064] clk: Disabling unused clocks
[    2.230634] [drm:mdss_runtime_resume] 
[    2.230908] PM: genpd: Disabling unused power domains
[    2.234152] [drm:mdss_runtime_suspend] 
[    2.237011] Freeing unused kernel memory: 2624K
[    2.237478] Run /init as init process
[    2.240769]   with arguments:
[    2.240777]     /init
[    2.240785]   with environment:
[    2.240792]     HOME=/
[    2.240799]     TERM=linux
[    2.243938]  INFO pocketboot: starting up
[    2.244565]  INFO pocketboot::reaper: PID 1 reaper thread spawned thread="pocketboot-reaper"
[    2.249255]  INFO pocketboot::getty: getty supervisor spawned pid=106 tty="tty0" baud="115200"
[    2.257339]  INFO pocketboot::getty: getty supervisor spawned pid=108 tty="ttyMSM0" baud="115200"
[    2.273227]  INFO pocketboot: detected boot state reboot_mode=None hard_reset=Some(true) power_key=Some(false) charger=Some(true) warm_reset=Some(false) source_backend="qcom-pon" source_detail="root=samsung,a5u-eur|qcom,msm8916 spmi=0-00 pmic=qcom,pm8916 pmic_node=qcom,pm8916|qcom,spmi-pmic pon=qcom,pm8916-pon pon_node=qcom,pm8916-pon gen=gen1 pon_base=0x800 pon_reason1=0x11 pon_reasons=hard-reset|usb-charger warm_reset_reason1=0x00 warm_reset_reason2=0x00 soft_rb_spare=0x00 reboot_mode=none"
[    2.296459]  INFO pocketboot: selected device serialno serialno=cd0ee037
[    2.318305]  INFO pocketboot::battery: battery watcher thread spawned thread="pocketboot-battery"
[    2.324983]  INFO pocketboot::ui: UI thread spawned thread="pocketboot-ui"
[    2.325198] msm_mdp 1a01000.display-controller: no GPU device was found
[    2.333445]  INFO pocketboot::gadget: USB gadget thread spawned thread="pocketboot-fastboot" mode="fastboot"
[    2.335275] file system registered
[    2.335572] read descriptors
[    2.335592] read strings
[    2.336204] read descriptors
[    2.336221] read strings
[    2.336841]  INFO pocketboot::gadget: USB gadget registered path=/sys/kernel/config/usb_gadget/gadgetry-most-foul0
[    2.336888] Mass Storage Function, version: 2009/09/11
[    2.336894] LUN: removable file: (no medium)
[    2.337144] LUN: removable file: (no medium)
[    2.337375] LUN: removable file: (no medium)
[    2.337614] LUN: removable file: (no medium)
[    2.337857] LUN: removable file: (no medium)
[    2.338104] LUN: removable file: (no medium)
[    2.338334] LUN: removable file: (no medium)
[    2.338562] LUN: removable file: (no medium)
[    2.338861]  INFO pocketboot::gadget: UMS function registered path=/sys/kernel/config/usb_gadget/gadgetry-most-foul0/functions/mass_storage.pocketboot-ums luns=8
[    2.339354] l13: voltage operation not allowed
[    2.339995] msm_mdp 1a01000.display-controller: [drm:drm_helper_probe_single_connector_modes] [CONNECTOR:36:DSI-1]
[    2.340094]  INFO pocketboot::battery: battery state updated percent=99 status=Charging
[    2.340167]  INFO pocketboot::gadget: USB gadget bound udc=ci_hdrc.0
[    2.346483]  INFO pocketboot: CDC-ACM disabled param="pocketboot.acm"
[    2.359736] msm_mdp 1a01000.display-controller: [drm:drm_helper_probe_single_connector_modes] [CONNECTOR:36:DSI-1] status updated from unknown to connected
[    2.365250]  INFO pocketboot: waiting for UI boot selection or fastboot exit
[    2.467659] msm_mdp 1a01000.display-controller: [drm:drm_helper_probe_single_connector_modes] [CONNECTOR:36:DSI-1] probed modes:
[    2.467731] msm_mdp 1a01000.display-controller: [drm:drm_sysfs_hotplug_event] generating hotplug event
[    2.467816] msm_mdp 1a01000.display-controller: [drm:drm_helper_probe_single_connector_modes] Probed mode: "720x1280": 60 80117 720 800 896 1024 1280 1294 1296 1304 0x48 0x0
[    2.468051] msm_mdp 1a01000.display-controller: [drm:drm_mode_addfb2] [FB:62]
[    2.468122] msm_mdp 1a01000.display-controller: [drm:drm_mode_addfb2] [FB:63]
[    2.468184] msm_mdp 1a01000.display-controller: [drm:drm_mode_addfb2] [FB:64]
[    2.485002]  INFO pocketboot::ui: POCKETBOOT_UI_SCALE scale_factor_milli=1000 physical_width=720 physical_height=1280 logical_width=720 logical_height=1280
[    2.508077] mmc1: new UHS-I speed SDR104 SDXC card at address aaaa
[    2.509092] mmcblk1: mmc1:aaaa SR128 119 GiB
[    2.519059] GPT:Primary header thinks Alt. header is not at the end of the disk.
[    2.519312] GPT:29337599 != 249737215
[    2.525916] GPT:Alternate GPT header not at the end of the disk.
[    2.529298] GPT:29337599 != 249737215
[    2.535364] GPT: Use GNU Parted to correct GPT errors.
[    2.539125]  mmcblk1: p1 p2 p3
[    2.810156] mms114 6-0048: TSP FW Rev: bootloader 0x6 / core 0x26 / config 0x26
[    2.810677]  INFO pocketboot::ui: opened touch input device path=/dev/input/event3
[    2.838258]  INFO pocketboot::fastboot: fastboot function enabled
[    2.838457]  INFO pocketboot::adb: adb function enabled
[    2.894186]  INFO pocketboot::ui: opened hardware button input device path=/dev/input/event5
[    2.926180]  INFO pocketboot::ui: opened hardware button input device path=/dev/input/event2
[    2.926673]  INFO pocketboot::ui: opened hardware button input device path=/dev/input/event1
[    2.950216]  INFO pocketboot::ui: starting frankenSlint UI path=/dev/dri/card0 connector=DSI-1 width=720 height=1280 format=DrmFourcc(XR24)
[    2.973082]  INFO pocketboot: local flash settled elapsed_ms=606 disks=4 partitions=29 events=4 snapshot_changes=1 snapshot=mmcblk0:179:0:30777344[mmcblk0p1|mmcblk0p10|mmcblk0p11|mmcblk0p12|mmcblk0p13|mmcblk0p14|mmcblk0p15|mmcblk0p16|mmcblk0p17|mmcblk0p18|mmcblk0p19|mmcblk0p2|mmcblk0p20|mmcblk0p21|mmcblk0p22|mmcblk0p23|mmcblk0p24|mmcblk0p25|mmcblk0p26|mmcblk0p3|mmcblk0p4|mmcblk0p5|mmcblk0p6|mmcblk0p7|mmcblk0p8|mmcblk0p9],mmcblk0boot0:179:8:8192[-],mmcblk0boot1:179:16:8192[-],mmcblk1:179:24:249737216[mmcblk1p1|mmcblk1p2|mmcblk1p3]
[    2.975182] msm_mdp 1a01000.display-controller: [drm:drm_mode_setcrtc] [CRTC:61:crtc-0]
[    2.997625] msm_mdp 1a01000.display-controller: [drm:drm_mode_setcrtc] [CONNECTOR:36:DSI-1]
[    2.997722] [drm:mdp5_plane_atomic_check] plane-0: check (0 -> 0)
[    2.997759] [drm:mdp5_pipe_assign] DMA0: alloc SMP blocks
[    2.997776] [drm:mdp5_smp_assign] DMA0[0]: request 1 SMP blocks
[    2.997796] [drm:mdp5_pipe_assign] DMA0: assign to plane plane-0 for caps 0
[    2.997814] [drm:mdp5_crtc_atomic_check] crtc-0: check
[    2.997830] [drm:mdp5_mixer_assign] assigning Layer Mixer 0 to crtc crtc-0
[    2.997847] [drm:mdp5_crtc_atomic_check] crtc-0: assign pipe plane-0 on stage=1
[    2.997949] [drm:mdss_runtime_resume] 
[    2.998014] [drm:mdp5_runtime_resume] 
[    2.998030] [drm:mdp5_runtime_resume] 
[    2.998056] [drm:mdp5_smp_prepare_commit] assign DMA0:0, 1 blks
[    2.998075] [drm:mdp5_smp_prepare_commit] assign DMA0:1, 1 blks
[    2.998112] [drm:mdp5_smp_prepare_commit] assign DMA0:2, 1 blks
[    2.998142] [drm:mdp5_crtc_mode_set_nofb] crtc-0: set mode: "720x1280": 60 80117 720 800 896 1024 1280 1294 1296 1304 0x48 0x0
[    2.998172] [drm:dsi_mgr_bridge_mode_set] set mode: "720x1280": 60 80117 720 800 896 1024 1280 1294 1296 1304 0x48 0x0
[    2.998198] [drm:mdp5_crtc_atomic_begin] crtc-0: begin
[    2.998213] [drm:mdp5_plane_atomic_update] plane-0: update
[    2.998230] [drm:mdp5_plane_mode_set] plane-0: FB[63] 0,0,720,1280 -> CRTC[61] 0,0,720,1280
[    2.998255] [drm:mdp5_plane_mode_set] scale config = 0
[    2.998276] [drm:mdp5_crtc_atomic_flush] crtc-0: event: (____ptrval____)
[    2.998302] [drm:mdp5_ctl_blend] lm0: blend config = 0x00040000. ext_cfg = 0x00000000
[    2.998319] [drm:mdp5_crtc_atomic_flush] crtc-0: flush=00000840
[    2.998338] [drm:mdp5_crtc_atomic_enable] crtc-0
[    2.998362] [drm:mdp5_crtc_mode_set_nofb] crtc-0: set mode: "720x1280": 60 80117 720 800 896 1024 1280 1294 1296 1304 0x48 0x0
[    2.998391] [drm:dsi_mgr_bridge_pre_enable] id=0
[    2.998404] [drm:dsi_mgr_bridge_pre_enable] id=0
[    2.998418] [drm:msm_dsi_host_reset_phy] 
[    2.999538] [drm:dsi_calc_pclk] pclk=80117000, bclk=60087750
[    2.999618] [drm:dsi_28nm_phy_enable] 
[    2.999637] [drm:msm_dsi_dphy_timing_calc] PHY timings: 28, 4, 0, 139, 30, 20, 68, 70, 24, 32, 25
[    2.999728] [drm:dsi_link_clk_set_rate_6g] Set clk rates: pclk=80117000, byteclk=60087750
[    2.999817] [drm:dsi_pll_28nm_clk_set_rate] refclk_cfg = 1
[    2.999835] [drm:dsi_pll_28nm_clk_set_rate] div_fb = 12518
[    2.999849] [drm:dsi_pll_28nm_clk_set_rate] frac_n_value = 33947
[    2.999863] [drm:dsi_pll_28nm_clk_set_rate] Generated VCO Clock: 480691200
[    2.999878] [drm:dsi_pll_28nm_clk_set_rate] sdm_cfg0=0
[    2.999892] [drm:dsi_pll_28nm_clk_set_rate] sdm_cfg1=75
[    2.999905] [drm:dsi_pll_28nm_clk_set_rate] sdm_cfg2=155
[    2.999920] [drm:dsi_pll_28nm_clk_set_rate] sdm_cfg3=132
[    2.999934] [drm:dsi_pll_28nm_clk_set_rate] cal_cfg10=224, cal_cfg11=1
[    3.000955] [drm:dsi_pll_28nm_clk_recalc_rate] sdm_dc_off = 11
[    3.000970] [drm:dsi_pll_28nm_clk_recalc_rate] sdm_freq_seed = 33947
[    3.000984] [drm:dsi_pll_28nm_clk_recalc_rate] vco rate = 480690820
[    3.000999] [drm:dsi_pll_28nm_clk_recalc_rate] returning vco rate = 480690820
[    3.001074] [drm:dsi_pll_28nm_vco_prepare_lp] id=0
[    3.001609] [drm:dsi_pll_28nm_vco_prepare_lp] DSI PLL is locked
[    3.001623] [drm:dsi_pll_28nm_vco_prepare_lp] DSI PLL lock success
[    3.001646] [drm:msm_dsi_host_power_on] 
[    3.008210]  INFO pocketboot: block devices found count=12
[    3.019339]  INFO pocketboot: block device device=loop0 description=loop0 dev=7:0 size=0 sectors/0 MiB rw
[    3.022104] [drm:dsi_intr_ctrl] intr=2220aa02 enable=1
[    3.024638]  INFO pocketboot: block device device=loop1 description=loop1 dev=7:1 size=0 sectors/0 MiB rw
[    3.024749] [drm:msm_dsi_host_power_on] lane number=4
[    3.034263]  INFO pocketboot: block device device=loop2 description=loop2 dev=7:2 size=0 sectors/0 MiB rw
[    3.038219]  INFO pocketboot::adb: adb connection opened version=16777217 max_payload=1048576
[    3.043808]  INFO pocketboot: block device device=loop3 description=loop3 dev=7:3 size=0 sectors/0 MiB rw
[    3.063081]  INFO pocketboot: block device device=loop4 description=loop4 dev=7:4 size=0 sectors/0 MiB rw
[    3.071676]  INFO pocketboot: block device device=loop5 description=loop5 dev=7:5 size=0 sectors/0 MiB rw
[    3.081189]  INFO pocketboot: block device device=loop6 description=loop6 dev=7:6 size=0 sectors/0 MiB rw
[    3.086100] [drm:dsi_link_clk_set_rate_6g] Set clk rates: pclk=80117000, byteclk=60087750
[    3.090501]  INFO pocketboot: block device device=loop7 description=loop7 dev=7:7 size=0 sectors/0 MiB rw
[    3.090715] [drm:dsi_pll_28nm_clk_set_rate] refclk_cfg = 1
[    3.100088]  INFO pocketboot: block device device=mmcblk0 description=mmcblk0 dev=179:0 size=30777344 sectors/15028 MiB rw
[    3.100199] [drm:dsi_pll_28nm_clk_set_rate] div_fb = 12518
[    3.109648]  INFO pocketboot: block partition partition=mmcblk0p1 description=mmcblk0p1 dev=179:1 size=30720 sectors/15 MiB rw partname=apnhlos
[    3.109750] [drm:dsi_pll_28nm_clk_set_rate] frac_n_value = 33947
[    3.120578]  INFO pocketboot: block partition partition=mmcblk0p10 description=mmcblk0p10 dev=259:2 size=32 sectors/0 MiB rw partname=sec
[    3.120686] [drm:dsi_pll_28nm_clk_set_rate] Generated VCO Clock: 480691200
[    3.133348]  INFO pocketboot: block partition partition=mmcblk0p11 description=mmcblk0p11 dev=259:3 size=21536 sectors/10 MiB rw partname=pad
[    3.133448] [drm:dsi_pll_28nm_clk_set_rate] sdm_cfg0=0
[    3.145844]  INFO pocketboot: block partition partition=mmcblk0p12 description=mmcblk0p12 dev=259:4 size=20480 sectors/10 MiB rw partname=param
[    3.145945] [drm:dsi_pll_28nm_clk_set_rate] sdm_cfg1=75
[    3.158512]  INFO pocketboot: block partition partition=mmcblk0p13 description=mmcblk0p13 dev=259:5 size=28672 sectors/14 MiB rw partname=efs
[    3.158805] [drm:dsi_pll_28nm_clk_set_rate] sdm_cfg2=155
[    3.171183]  INFO pocketboot: block partition partition=mmcblk0p14 description=mmcblk0p14 dev=259:6 size=6144 sectors/3 MiB rw partname=modemst1
[    3.171295] [drm:dsi_pll_28nm_clk_set_rate] sdm_cfg3=132
[    3.184067]  INFO pocketboot: block partition partition=mmcblk0p15 description=mmcblk0p15 dev=259:7 size=6144 sectors/3 MiB rw partname=modemst2
[    3.184146] [drm:dsi_pll_28nm_clk_set_rate] cal_cfg10=224, cal_cfg11=1
[    3.197054]  INFO pocketboot: block partition partition=mmcblk0p16 description=mmcblk0p16 dev=259:8 size=26624 sectors/13 MiB rw partname=boot
[    3.198172] [drm:dsi_pll_28nm_clk_recalc_rate] sdm_dc_off = 11
[    3.209990]  INFO pocketboot: block partition partition=mmcblk0p17 description=mmcblk0p17 dev=259:9 size=30720 sectors/15 MiB rw partname=recovery
[    3.210108] [drm:dsi_pll_28nm_clk_recalc_rate] sdm_freq_seed = 33947
[    3.222568]  INFO pocketboot: block partition partition=mmcblk0p18 description=mmcblk0p18 dev=259:10 size=10242 sectors/5 MiB rw partname=fota
[    3.222688] [drm:dsi_pll_28nm_clk_recalc_rate] vco rate = 480690820
[    3.235679]  INFO pocketboot: block partition partition=mmcblk0p19 description=mmcblk0p19 dev=259:11 size=14318 sectors/6 MiB rw partname=backup
[    3.235794] [drm:dsi_pll_28nm_clk_recalc_rate] returning vco rate = 480690820
[    3.248440]  INFO pocketboot: block partition partition=mmcblk0p2 description=mmcblk0p2 dev=179:2 size=117632 sectors/57 MiB rw partname=modem
[    3.248770] [drm:dsi_intr_ctrl] intr=2220aa02 enable=1
[    3.261543]  INFO pocketboot: block partition partition=mmcblk0p20 description=mmcblk0p20 dev=259:12 size=6144 sectors/3 MiB rw partname=fsc
[    3.261680] [drm:dsi_host_irq] isr=0x2220aa03, id=0
[    3.274149]  INFO pocketboot: block partition partition=mmcblk0p21 description=mmcblk0p21 dev=259:13 size=16 sectors/0 MiB rw partname=ssd
[    3.274257] [drm:dsi_cmds2buf_tx] ret=46
[    3.286928]  INFO pocketboot: block partition partition=mmcblk0p22 description=mmcblk0p22 dev=259:14 size=16384 sectors/8 MiB rw partname=persist
[    3.287009] [drm:dsi_intr_ctrl] intr=2220aa00 enable=0
[    3.299151]  INFO pocketboot: block partition partition=mmcblk0p23 description=mmcblk0p23 dev=259:15 size=18432 sectors/9 MiB rw partname=persdata
[    3.299259] [drm:dsi_link_clk_set_rate_6g] Set clk rates: pclk=80117000, byteclk=60087750
[    3.312240]  INFO pocketboot: block partition partition=mmcblk0p24 description=mmcblk0p24 dev=259:16 size=204800 sectors/100 MiB rw
[    3.312413] [drm:dsi_pll_28nm_clk_set_rate] refclk_cfg = 1
[    3.325257]  INFO pocketboot: block partition partition=mmcblk0p25 description=mmcblk0p25 dev=259:17 size=1024000 sectors/500 MiB rw
[    3.325373] [drm:dsi_pll_28nm_clk_set_rate] div_fb = 12518
[    3.336988]  INFO pocketboot: block partition partition=mmcblk0p26 description=mmcblk0p26 dev=259:18 size=29169664 sectors/14243 MiB rw
[    3.337102] [drm:dsi_pll_28nm_clk_set_rate] frac_n_value = 33947
[    3.349356]  INFO pocketboot: block partition partition=mmcblk0p3 description=mmcblk0p3 dev=179:3 size=1024 sectors/0 MiB rw partname=sbl1
[    3.349447] [drm:dsi_pll_28nm_clk_set_rate] Generated VCO Clock: 480691200
[    3.361047]  INFO pocketboot: block partition partition=mmcblk0p4 description=mmcblk0p4 dev=179:4 size=64 sectors/0 MiB rw partname=ddr
[    3.361154] [drm:dsi_pll_28nm_clk_set_rate] sdm_cfg0=0
[    3.373530]  INFO pocketboot: block partition partition=mmcblk0p5 description=mmcblk0p5 dev=179:5 size=4096 sectors/2 MiB rw partname=aboot
[    3.373653] [drm:dsi_pll_28nm_clk_set_rate] sdm_cfg1=75
[    3.385591]  INFO pocketboot: block partition partition=mmcblk0p6 description=mmcblk0p6 dev=179:6 size=1024 sectors/0 MiB rw partname=rpm
[    3.385714] [drm:dsi_pll_28nm_clk_set_rate] sdm_cfg2=155
[    3.398145]  INFO pocketboot: block partition partition=mmcblk0p7 description=mmcblk0p7 dev=179:7 size=1024 sectors/0 MiB rw partname=qsee
[    3.398216] [drm:dsi_pll_28nm_clk_set_rate] sdm_cfg3=132
[    3.410592]  INFO pocketboot: block partition partition=mmcblk0p8 description=mmcblk0p8 dev=259:0 size=1024 sectors/0 MiB rw partname=qhee
[    3.410702] [drm:dsi_pll_28nm_clk_set_rate] cal_cfg10=224, cal_cfg11=1
[    3.422916]  INFO pocketboot: block partition partition=mmcblk0p9 description=mmcblk0p9 dev=259:1 size=6144 sectors/3 MiB rw partname=fsg
[    3.424040] [drm:dsi_pll_28nm_clk_recalc_rate] sdm_dc_off = 11
[    3.435400]  INFO pocketboot: block device device=mmcblk0boot0 description=mmcblk0boot0 dev=179:8 size=8192 sectors/4 MiB ro
[    3.435445] [drm:dsi_pll_28nm_clk_recalc_rate] sdm_freq_seed = 33947
[    3.447751]  INFO pocketboot: block device device=mmcblk0boot1 description=mmcblk0boot1 dev=179:16 size=8192 sectors/4 MiB ro
[    3.447854] [drm:dsi_pll_28nm_clk_recalc_rate] vco rate = 480690820
[    3.459034]  INFO pocketboot: block device device=mmcblk1 description=mmcblk1 dev=179:24 size=249737216 sectors/121942 MiB rw
[    3.459149] [drm:dsi_pll_28nm_clk_recalc_rate] returning vco rate = 480690820
[    3.470242]  INFO pocketboot: block partition partition=mmcblk1p1 description=mmcblk1p1 dev=179:25 size=1026048 sectors/501 MiB rw
[    3.470394] [drm:dsi_intr_ctrl] intr=2220aa02 enable=1
[    3.481506]  INFO pocketboot: block partition partition=mmcblk1p2 description=mmcblk1p2 dev=179:26 size=2097152 sectors/1024 MiB rw
[    3.481648] [drm:dsi_host_irq] isr=0x2220aa03, id=0
[    3.493139]  INFO pocketboot: block partition partition=mmcblk1p3 description=mmcblk1p3 dev=179:27 size=26212319 sectors/12798 MiB rw
[    3.493266] [drm:dsi_cmds2buf_tx] ret=47
[    3.504985] [drm:dsi_intr_ctrl] intr=2220aa00 enable=0
[    3.505012] [drm:dsi_link_clk_set_rate_6g] Set clk rates: pclk=80117000, byteclk=60087750
[    3.505086] [drm:dsi_pll_28nm_clk_set_rate] refclk_cfg = 1
[    3.505102] [drm:dsi_pll_28nm_clk_set_rate] div_fb = 12518
[    3.505116] [drm:dsi_pll_28nm_clk_set_rate] frac_n_value = 33947
[    3.505130] [drm:dsi_pll_28nm_clk_set_rate] Generated VCO Clock: 480691200
[    3.505145] [drm:dsi_pll_28nm_clk_set_rate] sdm_cfg0=0
[    3.505159] [drm:dsi_pll_28nm_clk_set_rate] sdm_cfg1=75
[    3.505173] [drm:dsi_pll_28nm_clk_set_rate] sdm_cfg2=155
[    3.505187] [drm:dsi_pll_28nm_clk_set_rate] sdm_cfg3=132
[    3.505201] [drm:dsi_pll_28nm_clk_set_rate] cal_cfg10=224, cal_cfg11=1
[    3.506222] [drm:dsi_pll_28nm_clk_recalc_rate] sdm_dc_off = 11
[    3.506240] [drm:dsi_pll_28nm_clk_recalc_rate] sdm_freq_seed = 33947
[    3.506255] [drm:dsi_pll_28nm_clk_recalc_rate] vco rate = 480690820
[    3.506270] [drm:dsi_pll_28nm_clk_recalc_rate] returning vco rate = 480690820
[    3.506339] [drm:dsi_intr_ctrl] intr=2220aa02 enable=1
[    3.506388] [drm:dsi_host_irq] isr=0x2220aa03, id=0
[    3.506423] [drm:dsi_cmds2buf_tx] ret=50
[    3.506450] [drm:dsi_intr_ctrl] intr=2220aa00 enable=0
[    3.506477] [drm:dsi_link_clk_set_rate_6g] Set clk rates: pclk=80117000, byteclk=60087750
[    3.506547] [drm:dsi_pll_28nm_clk_set_rate] refclk_cfg = 1
[    3.506563] [drm:dsi_pll_28nm_clk_set_rate] div_fb = 12518
[    3.506578] [drm:dsi_pll_28nm_clk_set_rate] frac_n_value = 33947
[    3.506592] [drm:dsi_pll_28nm_clk_set_rate] Generated VCO Clock: 480691200
[    3.506607] [drm:dsi_pll_28nm_clk_set_rate] sdm_cfg0=0
[    3.506620] [drm:dsi_pll_28nm_clk_set_rate] sdm_cfg1=75
[    3.506634] [drm:dsi_pll_28nm_clk_set_rate] sdm_cfg2=155
[    3.506648] [drm:dsi_pll_28nm_clk_set_rate] sdm_cfg3=132
[    3.506662] [drm:dsi_pll_28nm_clk_set_rate] cal_cfg10=224, cal_cfg11=1
[    3.507684] [drm:dsi_pll_28nm_clk_recalc_rate] sdm_dc_off = 11
[    3.507701] [drm:dsi_pll_28nm_clk_recalc_rate] sdm_freq_seed = 33947
[    3.507716] [drm:dsi_pll_28nm_clk_recalc_rate] vco rate = 480690820
[    3.507731] [drm:dsi_pll_28nm_clk_recalc_rate] returning vco rate = 480690820
[    3.507771] [drm:dsi_intr_ctrl] intr=2220aa02 enable=1
[    3.507803] [drm:dsi_host_irq] isr=0x2220aa03, id=0
[    3.507885] [drm:dsi_cmds2buf_tx] ret=50
[    3.507905] [drm:dsi_intr_ctrl] intr=2220aa00 enable=0
[    3.507928] [drm:dsi_link_clk_set_rate_6g] Set clk rates: pclk=80117000, byteclk=60087750
[    3.507995] [drm:dsi_pll_28nm_clk_set_rate] refclk_cfg = 1
[    3.508011] [drm:dsi_pll_28nm_clk_set_rate] div_fb = 12518
[    3.508032] [drm:dsi_pll_28nm_clk_set_rate] frac_n_value = 33947
[    3.508047] [drm:dsi_pll_28nm_clk_set_rate] Generated VCO Clock: 480691200
[    3.508061] [drm:dsi_pll_28nm_clk_set_rate] sdm_cfg0=0
[    3.508075] [drm:dsi_pll_28nm_clk_set_rate] sdm_cfg1=75
[    3.508093] [drm:dsi_pll_28nm_clk_set_rate] sdm_cfg2=155
[    3.508108] [drm:dsi_pll_28nm_clk_set_rate] sdm_cfg3=132
[    3.508122] [drm:dsi_pll_28nm_clk_set_rate] cal_cfg10=224, cal_cfg11=1
[    3.509143] [drm:dsi_pll_28nm_clk_recalc_rate] sdm_dc_off = 11
[    3.509160] [drm:dsi_pll_28nm_clk_recalc_rate] sdm_freq_seed = 33947
[    3.509175] [drm:dsi_pll_28nm_clk_recalc_rate] vco rate = 480690820
[    3.509189] [drm:dsi_pll_28nm_clk_recalc_rate] returning vco rate = 480690820
[    3.509241] [drm:dsi_intr_ctrl] intr=2220aa02 enable=1
[    3.509274] [drm:dsi_host_irq] isr=0x2220aa03, id=0
[    3.509329] [drm:dsi_cmds2buf_tx] ret=50
[    3.509348] [drm:dsi_intr_ctrl] intr=2220aa00 enable=0
[    3.509370] [drm:dsi_link_clk_set_rate_6g] Set clk rates: pclk=80117000, byteclk=60087750
[    3.509435] [drm:dsi_pll_28nm_clk_set_rate] refclk_cfg = 1
[    3.509451] [drm:dsi_pll_28nm_clk_set_rate] div_fb = 12518
[    3.509465] [drm:dsi_pll_28nm_clk_set_rate] frac_n_value = 33947
[    3.509480] [drm:dsi_pll_28nm_clk_set_rate] Generated VCO Clock: 480691200
[    3.509494] [drm:dsi_pll_28nm_clk_set_rate] sdm_cfg0=0
[    3.509508] [drm:dsi_pll_28nm_clk_set_rate] sdm_cfg1=75
[    3.509521] [drm:dsi_pll_28nm_clk_set_rate] sdm_cfg2=155
[    3.509550] [drm:dsi_pll_28nm_clk_set_rate] sdm_cfg3=132
[    3.509565] [drm:dsi_pll_28nm_clk_set_rate] cal_cfg10=224, cal_cfg11=1
[    3.510586] [drm:dsi_pll_28nm_clk_recalc_rate] sdm_dc_off = 11
[    3.510605] [drm:dsi_pll_28nm_clk_recalc_rate] sdm_freq_seed = 33947
[    3.510619] [drm:dsi_pll_28nm_clk_recalc_rate] vco rate = 480690820
[    3.510634] [drm:dsi_pll_28nm_clk_recalc_rate] returning vco rate = 480690820
[    3.510677] [drm:dsi_intr_ctrl] intr=2220aa02 enable=1
[    3.510711] [drm:dsi_host_irq] isr=0x2220aa03, id=0
[    3.510736] [drm:dsi_cmds2buf_tx] ret=50
[    3.510754] [drm:dsi_intr_ctrl] intr=2220aa00 enable=0
[    3.510778] [drm:dsi_link_clk_set_rate_6g] Set clk rates: pclk=80117000, byteclk=60087750
[    3.510844] [drm:dsi_pll_28nm_clk_set_rate] refclk_cfg = 1
[    3.510860] [drm:dsi_pll_28nm_clk_set_rate] div_fb = 12518
[    3.510874] [drm:dsi_pll_28nm_clk_set_rate] frac_n_value = 33947
[    3.510888] [drm:dsi_pll_28nm_clk_set_rate] Generated VCO Clock: 480691200
[    3.510902] [drm:dsi_pll_28nm_clk_set_rate] sdm_cfg0=0
[    3.510915] [drm:dsi_pll_28nm_clk_set_rate] sdm_cfg1=75
[    3.510930] [drm:dsi_pll_28nm_clk_set_rate] sdm_cfg2=155
[    3.510949] [drm:dsi_pll_28nm_clk_set_rate] sdm_cfg3=132
[    3.510963] [drm:dsi_pll_28nm_clk_set_rate] cal_cfg10=224, cal_cfg11=1
[    3.511984] [drm:dsi_pll_28nm_clk_recalc_rate] sdm_dc_off = 11
[    3.512000] [drm:dsi_pll_28nm_clk_recalc_rate] sdm_freq_seed = 33947
[    3.512015] [drm:dsi_pll_28nm_clk_recalc_rate] vco rate = 480690820
[    3.512029] [drm:dsi_pll_28nm_clk_recalc_rate] returning vco rate = 480690820
[    3.512069] [drm:dsi_intr_ctrl] intr=2220aa02 enable=1
[    3.512101] [drm:dsi_host_irq] isr=0x2220aa03, id=0
[    3.512151] [drm:dsi_cmds2buf_tx] ret=50
[    3.512171] [drm:dsi_intr_ctrl] intr=2220aa00 enable=0
[    3.512193] [drm:dsi_link_clk_set_rate_6g] Set clk rates: pclk=80117000, byteclk=60087750
[    3.512258] [drm:dsi_pll_28nm_clk_set_rate] refclk_cfg = 1
[    3.512273] [drm:dsi_pll_28nm_clk_set_rate] div_fb = 12518
[    3.512288] [drm:dsi_pll_28nm_clk_set_rate] frac_n_value = 33947
[    3.512301] [drm:dsi_pll_28nm_clk_set_rate] Generated VCO Clock: 480691200
[    3.512317] [drm:dsi_pll_28nm_clk_set_rate] sdm_cfg0=0
[    3.512331] [drm:dsi_pll_28nm_clk_set_rate] sdm_cfg1=75
[    3.512345] [drm:dsi_pll_28nm_clk_set_rate] sdm_cfg2=155
[    3.512359] [drm:dsi_pll_28nm_clk_set_rate] sdm_cfg3=132
[    3.512372] [drm:dsi_pll_28nm_clk_set_rate] cal_cfg10=224, cal_cfg11=1
[    3.513393] [drm:dsi_pll_28nm_clk_recalc_rate] sdm_dc_off = 11
[    3.513410] [drm:dsi_pll_28nm_clk_recalc_rate] sdm_freq_seed = 33947
[    3.513424] [drm:dsi_pll_28nm_clk_recalc_rate] vco rate = 480690820
[    3.513439] [drm:dsi_pll_28nm_clk_recalc_rate] returning vco rate = 480690820
[    3.513480] [drm:dsi_intr_ctrl] intr=2220aa02 enable=1
[    3.513510] [drm:dsi_host_irq] isr=0x2220aa03, id=0
[    3.513561] [drm:dsi_cmds2buf_tx] ret=50
[    3.513580] [drm:dsi_intr_ctrl] intr=2220aa00 enable=0
[    3.513602] [drm:dsi_link_clk_set_rate_6g] Set clk rates: pclk=80117000, byteclk=60087750
[    3.513666] [drm:dsi_pll_28nm_clk_set_rate] refclk_cfg = 1
[    3.513683] [drm:dsi_pll_28nm_clk_set_rate] div_fb = 12518
[    3.513697] [drm:dsi_pll_28nm_clk_set_rate] frac_n_value = 33947
[    3.513711] [drm:dsi_pll_28nm_clk_set_rate] Generated VCO Clock: 480691200
[    3.513725] [drm:dsi_pll_28nm_clk_set_rate] sdm_cfg0=0
[    3.513739] [drm:dsi_pll_28nm_clk_set_rate] sdm_cfg1=75
[    3.513753] [drm:dsi_pll_28nm_clk_set_rate] sdm_cfg2=155
[    3.513767] [drm:dsi_pll_28nm_clk_set_rate] sdm_cfg3=132
[    3.513780] [drm:dsi_pll_28nm_clk_set_rate] cal_cfg10=224, cal_cfg11=1
[    3.514802] [drm:dsi_pll_28nm_clk_recalc_rate] sdm_dc_off = 11
[    3.514819] [drm:dsi_pll_28nm_clk_recalc_rate] sdm_freq_seed = 33947
[    3.514834] [drm:dsi_pll_28nm_clk_recalc_rate] vco rate = 480690820
[    3.514848] [drm:dsi_pll_28nm_clk_recalc_rate] returning vco rate = 480690820
[    3.514889] [drm:dsi_intr_ctrl] intr=2220aa02 enable=1
[    3.514919] [drm:dsi_host_irq] isr=0x2220aa03, id=0
[    3.514943] [drm:dsi_cmds2buf_tx] ret=50
[    3.514960] [drm:dsi_intr_ctrl] intr=2220aa00 enable=0
[    3.514982] [drm:dsi_link_clk_set_rate_6g] Set clk rates: pclk=80117000, byteclk=60087750
[    3.515046] [drm:dsi_pll_28nm_clk_set_rate] refclk_cfg = 1
[    3.515061] [drm:dsi_pll_28nm_clk_set_rate] div_fb = 12518
[    3.515075] [drm:dsi_pll_28nm_clk_set_rate] frac_n_value = 33947
[    3.515090] [drm:dsi_pll_28nm_clk_set_rate] Generated VCO Clock: 480691200
[    3.515104] [drm:dsi_pll_28nm_clk_set_rate] sdm_cfg0=0
[    3.515117] [drm:dsi_pll_28nm_clk_set_rate] sdm_cfg1=75
[    3.515131] [drm:dsi_pll_28nm_clk_set_rate] sdm_cfg2=155
[    3.515145] [drm:dsi_pll_28nm_clk_set_rate] sdm_cfg3=132
[    3.515160] [drm:dsi_pll_28nm_clk_set_rate] cal_cfg10=224, cal_cfg11=1
[    3.516180] [drm:dsi_pll_28nm_clk_recalc_rate] sdm_dc_off = 11
[    3.516195] [drm:dsi_pll_28nm_clk_recalc_rate] sdm_freq_seed = 33947
[    3.516210] [drm:dsi_pll_28nm_clk_recalc_rate] vco rate = 480690820
[    3.516224] [drm:dsi_pll_28nm_clk_recalc_rate] returning vco rate = 480690820
[    3.516263] [drm:dsi_intr_ctrl] intr=2220aa02 enable=1
[    3.516292] [drm:dsi_host_irq] isr=0x2220aa03, id=0
[    3.516316] [drm:dsi_cmds2buf_tx] ret=50
[    3.516333] [drm:dsi_intr_ctrl] intr=2220aa00 enable=0
[    3.516354] [drm:dsi_link_clk_set_rate_6g] Set clk rates: pclk=80117000, byteclk=60087750
[    3.516415] [drm:dsi_pll_28nm_clk_set_rate] refclk_cfg = 1
[    3.516430] [drm:dsi_pll_28nm_clk_set_rate] div_fb = 12518
[    3.516444] [drm:dsi_pll_28nm_clk_set_rate] frac_n_value = 33947
[    3.516459] [drm:dsi_pll_28nm_clk_set_rate] Generated VCO Clock: 480691200
[    3.516473] [drm:dsi_pll_28nm_clk_set_rate] sdm_cfg0=0
[    3.516487] [drm:dsi_pll_28nm_clk_set_rate] sdm_cfg1=75
[    3.516501] [drm:dsi_pll_28nm_clk_set_rate] sdm_cfg2=155
[    3.516515] [drm:dsi_pll_28nm_clk_set_rate] sdm_cfg3=132
[    3.516529] [drm:dsi_pll_28nm_clk_set_rate] cal_cfg10=224, cal_cfg11=1
[    3.517549] [drm:dsi_pll_28nm_clk_recalc_rate] sdm_dc_off = 11
[    3.517565] [drm:dsi_pll_28nm_clk_recalc_rate] sdm_freq_seed = 33947
[    3.517579] [drm:dsi_pll_28nm_clk_recalc_rate] vco rate = 480690820
[    3.517593] [drm:dsi_pll_28nm_clk_recalc_rate] returning vco rate = 480690820
[    3.517633] [drm:dsi_intr_ctrl] intr=2220aa02 enable=1
[    3.517664] [drm:dsi_host_irq] isr=0x2220aa03, id=0
[    3.517689] [drm:dsi_cmds2buf_tx] ret=50
[    3.517707] [drm:dsi_intr_ctrl] intr=2220aa00 enable=0
[    3.517729] [drm:dsi_link_clk_set_rate_6g] Set clk rates: pclk=80117000, byteclk=60087750
[    3.517801] [drm:dsi_pll_28nm_clk_set_rate] refclk_cfg = 1
[    3.517818] [drm:dsi_pll_28nm_clk_set_rate] div_fb = 12518
[    3.517832] [drm:dsi_pll_28nm_clk_set_rate] frac_n_value = 33947
[    3.517846] [drm:dsi_pll_28nm_clk_set_rate] Generated VCO Clock: 480691200
[    3.517861] [drm:dsi_pll_28nm_clk_set_rate] sdm_cfg0=0
[    3.517875] [drm:dsi_pll_28nm_clk_set_rate] sdm_cfg1=75
[    3.517888] [drm:dsi_pll_28nm_clk_set_rate] sdm_cfg2=155
[    3.517907] [drm:dsi_pll_28nm_clk_set_rate] sdm_cfg3=132
[    3.517922] [drm:dsi_pll_28nm_clk_set_rate] cal_cfg10=224, cal_cfg11=1
[    3.518945] [drm:dsi_pll_28nm_clk_recalc_rate] sdm_dc_off = 11
[    3.518967] [drm:dsi_pll_28nm_clk_recalc_rate] sdm_freq_seed = 33947
[    3.518981] [drm:dsi_pll_28nm_clk_recalc_rate] vco rate = 480690820
[    3.518996] [drm:dsi_pll_28nm_clk_recalc_rate] returning vco rate = 480690820
[    3.519040] [drm:dsi_intr_ctrl] intr=2220aa02 enable=1
[    3.519073] [drm:dsi_host_irq] isr=0x2220aa03, id=0
[    3.519120] [drm:dsi_cmds2buf_tx] ret=50
[    3.519140] [drm:dsi_intr_ctrl] intr=2220aa00 enable=0
[    3.519163] [drm:dsi_link_clk_set_rate_6g] Set clk rates: pclk=80117000, byteclk=60087750
[    3.519235] [drm:dsi_pll_28nm_clk_set_rate] refclk_cfg = 1
[    3.519264] [drm:dsi_pll_28nm_clk_set_rate] div_fb = 12518
[    3.519280] [drm:dsi_pll_28nm_clk_set_rate] frac_n_value = 33947
[    3.519294] [drm:dsi_pll_28nm_clk_set_rate] Generated VCO Clock: 480691200
[    3.519309] [drm:dsi_pll_28nm_clk_set_rate] sdm_cfg0=0
[    3.519323] [drm:dsi_pll_28nm_clk_set_rate] sdm_cfg1=75
[    3.519337] [drm:dsi_pll_28nm_clk_set_rate] sdm_cfg2=155
[    3.519351] [drm:dsi_pll_28nm_clk_set_rate] sdm_cfg3=132
[    3.519365] [drm:dsi_pll_28nm_clk_set_rate] cal_cfg10=224, cal_cfg11=1
[    3.520387] [drm:dsi_pll_28nm_clk_recalc_rate] sdm_dc_off = 11
[    3.520404] [drm:dsi_pll_28nm_clk_recalc_rate] sdm_freq_seed = 33947
[    3.520419] [drm:dsi_pll_28nm_clk_recalc_rate] vco rate = 480690820
[    3.520433] [drm:dsi_pll_28nm_clk_recalc_rate] returning vco rate = 480690820
[    3.520474] [drm:dsi_intr_ctrl] intr=2220aa02 enable=1
[    3.520504] [drm:dsi_host_irq] isr=0x2220aa03, id=0
[    3.520561] [drm:dsi_cmds2buf_tx] ret=50
[    3.520585] [drm:dsi_intr_ctrl] intr=2220aa00 enable=0
[    3.520608] [drm:dsi_link_clk_set_rate_6g] Set clk rates: pclk=80117000, byteclk=60087750
[    3.520672] [drm:dsi_pll_28nm_clk_set_rate] refclk_cfg = 1
[    3.520688] [drm:dsi_pll_28nm_clk_set_rate] div_fb = 12518
[    3.520702] [drm:dsi_pll_28nm_clk_set_rate] frac_n_value = 33947
[    3.520717] [drm:dsi_pll_28nm_clk_set_rate] Generated VCO Clock: 480691200
[    3.520731] [drm:dsi_pll_28nm_clk_set_rate] sdm_cfg0=0
[    3.520756] [drm:dsi_pll_28nm_clk_set_rate] sdm_cfg1=75
[    3.520771] [drm:dsi_pll_28nm_clk_set_rate] sdm_cfg2=155
[    3.520785] [drm:dsi_pll_28nm_clk_set_rate] sdm_cfg3=132
[    3.520800] [drm:dsi_pll_28nm_clk_set_rate] cal_cfg10=224, cal_cfg11=1
[    3.521820] [drm:dsi_pll_28nm_clk_recalc_rate] sdm_dc_off = 11
[    3.521837] [drm:dsi_pll_28nm_clk_recalc_rate] sdm_freq_seed = 33947
[    3.521851] [drm:dsi_pll_28nm_clk_recalc_rate] vco rate = 480690820
[    3.521865] [drm:dsi_pll_28nm_clk_recalc_rate] returning vco rate = 480690820
[    3.521906] [drm:dsi_intr_ctrl] intr=2220aa02 enable=1
[    3.521937] [drm:dsi_host_irq] isr=0x2220aa03, id=0
[    3.521981] [drm:dsi_cmds2buf_tx] ret=50
[    3.522000] [drm:dsi_intr_ctrl] intr=2220aa00 enable=0
[    3.525343]  INFO pocketboot::bootflow: mounted boot partition candidate disk=mmcblk0 partition=mmcblk0p24 role="esp" path=/dev/mmcblk0p24 mount=/run/pocketboot/boot/esp-mmcblk0p24 fstype="vfat"
[    3.558672]  INFO pocketboot::bootflow: mounted boot partition candidate disk=mmcblk1 partition=mmcblk1p1 role="esp" path=/dev/mmcblk1p1 mount=/run/pocketboot/boot/esp-mmcblk1p1 fstype="vfat"
[    3.584544] EXT4-fs (mmcblk1p2): orphan cleanup on readonly fs
[    3.585489] EXT4-fs (mmcblk1p2): mounted filesystem 5077d4c6-b4a5-4429-af95-ee9691dbb6ca ro without journal. Quota mode: disabled.
[    3.589826]  INFO pocketboot::bootflow: mounted boot partition candidate disk=mmcblk1 partition=mmcblk1p2 role="xbootldr" path=/dev/mmcblk1p2 mount=/run/pocketboot/boot/xbootldr-mmcblk1p2 fstype="ext4"
[    3.615278]  INFO pocketboot: boot entries discovered count=1
[    3.619290]  INFO pocketboot: boot entry index=0 id=ostree-1.conf title="Fedora Linux 44-a5u-test (phosh) (ostree:0)" version="7.2.0-0.rc1.15.msm8916.fc44.aarch64" architecture="" role=Xbootldr disk=mmcblk1 partition=mmcblk1p2 source=/run/pocketboot/boot/xbootldr-mmcblk1p2/loader/entries/ostree-1.conf preferred=false directly_bootable=true
[    3.633406]  INFO pocketboot: boot discovery complete; holding for fastboot or UI selection
[    3.642108] [drm:dsi_link_clk_set_rate_6g] Set clk rates: pclk=80117000, byteclk=60087750
[    3.655215] [drm:dsi_pll_28nm_clk_set_rate] refclk_cfg = 1
[    3.655235] [drm:dsi_pll_28nm_clk_set_rate] div_fb = 12518
[    3.655251] [drm:dsi_pll_28nm_clk_set_rate] frac_n_value = 33947
[    3.655266] [drm:dsi_pll_28nm_clk_set_rate] Generated VCO Clock: 480691200
[    3.655282] [drm:dsi_pll_28nm_clk_set_rate] sdm_cfg0=0
[    3.655297] [drm:dsi_pll_28nm_clk_set_rate] sdm_cfg1=75
[    3.655311] [drm:dsi_pll_28nm_clk_set_rate] sdm_cfg2=155
[    3.655326] [drm:dsi_pll_28nm_clk_set_rate] sdm_cfg3=132
[    3.655340] [drm:dsi_pll_28nm_clk_set_rate] cal_cfg10=224, cal_cfg11=1
[    3.656362] [drm:dsi_pll_28nm_clk_recalc_rate] sdm_dc_off = 11
[    3.656377] [drm:dsi_pll_28nm_clk_recalc_rate] sdm_freq_seed = 33947
[    3.656393] [drm:dsi_pll_28nm_clk_recalc_rate] vco rate = 480690820
[    3.656408] [drm:dsi_pll_28nm_clk_recalc_rate] returning vco rate = 480690820
[    3.656457] [drm:dsi_intr_ctrl] intr=2220aa02 enable=1
[    3.656498] [drm:dsi_host_irq] isr=0x2220aa03, id=0
[    3.656525] [drm:dsi_cmds2buf_tx] ret=50
[    3.656543] [drm:dsi_intr_ctrl] intr=2220aa00 enable=0
[    3.656568] [drm:dsi_link_clk_set_rate_6g] Set clk rates: pclk=80117000, byteclk=60087750
[    3.656636] [drm:dsi_pll_28nm_clk_set_rate] refclk_cfg = 1
[    3.656652] [drm:dsi_pll_28nm_clk_set_rate] div_fb = 12518
[    3.656667] [drm:dsi_pll_28nm_clk_set_rate] frac_n_value = 33947
[    3.656681] [drm:dsi_pll_28nm_clk_set_rate] Generated VCO Clock: 480691200
[    3.656696] [drm:dsi_pll_28nm_clk_set_rate] sdm_cfg0=0
[    3.656710] [drm:dsi_pll_28nm_clk_set_rate] sdm_cfg1=75
[    3.656724] [drm:dsi_pll_28nm_clk_set_rate] sdm_cfg2=155
[    3.656739] [drm:dsi_pll_28nm_clk_set_rate] sdm_cfg3=132
[    3.656753] [drm:dsi_pll_28nm_clk_set_rate] cal_cfg10=224, cal_cfg11=1
[    3.657774] [drm:dsi_pll_28nm_clk_recalc_rate] sdm_dc_off = 11
[    3.657789] [drm:dsi_pll_28nm_clk_recalc_rate] sdm_freq_seed = 33947
[    3.657803] [drm:dsi_pll_28nm_clk_recalc_rate] vco rate = 480690820
[    3.657818] [drm:dsi_pll_28nm_clk_recalc_rate] returning vco rate = 480690820
[    3.657860] [drm:dsi_intr_ctrl] intr=2220aa02 enable=1
[    3.657892] [drm:dsi_host_irq] isr=0x2220aa03, id=0
[    3.657915] [drm:dsi_cmds2buf_tx] ret=50
[    3.657934] [drm:dsi_intr_ctrl] intr=2220aa00 enable=0
[    3.657960] [drm:dsi_mgr_bridge_enable] id=0
[    3.657977] [drm:mdp5_encoder_enable] set mode: "720x1280": 60 80117 720 800 896 1024 1280 1294 1296 1304 0x48 0x0
[    3.658019] [drm:mdp5_crtc_vblank_irq] crtc-0: send event: (____ptrval____)
[    3.658045] [drm:mdp5_ctl_set_encoder_state] intf_1: on
[    3.658147] [drm:mdp5_crtc_err_irq] crtc-0: error: 04000000
[    3.658167] [drm:mdp5_irq_error_handler] *ERROR* errors: 04000000
[    3.674782]  INFO pocketboot::ui: POCKETBOOT_DRM_READY path=/dev/dri/card0 connector=DSI-1 width=720 height=1280
[    3.675254]  INFO pocketboot::ui: POCKETBOOT_DRM_PAGE_FLIP_TEST_START requested=16
[    3.711169] [drm:mdp5_plane_atomic_check] plane-0: check (1 -> 1)
[    3.711215] [drm:mdp5_crtc_atomic_check] crtc-0: check
[    3.711233] [drm:mdp5_crtc_atomic_check] crtc-0: assign pipe plane-0 on stage=1
[    3.714187] [drm:mdp5_crtc_atomic_begin] crtc-0: begin
[    3.714224] [drm:mdp5_plane_atomic_update] plane-0: update
[    3.714244] [drm:mdp5_plane_mode_set] plane-0: FB[62] 0,0,720,1280 -> CRTC[61] 0,0,720,1280
[    3.714276] [drm:mdp5_plane_mode_set] scale config = 0
[    3.714301] [drm:mdp5_crtc_atomic_flush] crtc-0: event: (____ptrval____)
[    3.714331] [drm:mdp5_ctl_blend] lm0: blend config = 0x00040000. ext_cfg = 0x00000000
[    3.714350] [drm:mdp5_crtc_atomic_flush] crtc-0: flush=00000840
[    3.724696] [drm:mdp5_crtc_vblank_irq] crtc-0: send event: (____ptrval____)
[    3.724768] [drm:mdp5_plane_cleanup_fb] plane-0: cleanup: FB[63]
[    3.724839]  INFO pocketboot::ui: POCKETBOOT_DRM_PAGE_FLIP sequence=1 remaining=15
[    3.725137] [drm:mdp5_plane_atomic_check] plane-0: check (1 -> 1)
[    3.725164] [drm:mdp5_crtc_atomic_check] crtc-0: check
[    3.725181] [drm:mdp5_crtc_atomic_check] crtc-0: assign pipe plane-0 on stage=1
[    3.726145] [drm:mdp5_crtc_atomic_begin] crtc-0: begin
[    3.726166] [drm:mdp5_plane_atomic_update] plane-0: update
[    3.726183] [drm:mdp5_plane_mode_set] plane-0: FB[64] 0,0,720,1280 -> CRTC[61] 0,0,720,1280
[    3.726209] [drm:mdp5_plane_mode_set] scale config = 0
[    3.726232] [drm:mdp5_crtc_atomic_flush] crtc-0: event: (____ptrval____)
[    3.726257] [drm:mdp5_ctl_blend] lm0: blend config = 0x00040000. ext_cfg = 0x00000000
[    3.726274] [drm:mdp5_crtc_atomic_flush] crtc-0: flush=00000840
[    3.741361] [drm:mdp5_crtc_vblank_irq] crtc-0: send event: (____ptrval____)
[    3.741425] [drm:mdp5_plane_cleanup_fb] plane-0: cleanup: FB[62]
[    3.741486]  INFO pocketboot::ui: POCKETBOOT_DRM_PAGE_FLIP sequence=2 remaining=14
[    3.741954] [drm:mdp5_plane_atomic_check] plane-0: check (1 -> 1)
[    3.741980] [drm:mdp5_crtc_atomic_check] crtc-0: check
[    3.741998] [drm:mdp5_crtc_atomic_check] crtc-0: assign pipe plane-0 on stage=1
[    3.742511] [drm:mdp5_crtc_atomic_begin] crtc-0: begin
[    3.742531] [drm:mdp5_plane_atomic_update] plane-0: update
[    3.742549] [drm:mdp5_plane_mode_set] plane-0: FB[63] 0,0,720,1280 -> CRTC[61] 0,0,720,1280
[    3.742575] [drm:mdp5_plane_mode_set] scale config = 0
[    3.742596] [drm:mdp5_crtc_atomic_flush] crtc-0: event: (____ptrval____)
[    3.742620] [drm:mdp5_ctl_blend] lm0: blend config = 0x00040000. ext_cfg = 0x00000000
[    3.742636] [drm:mdp5_crtc_atomic_flush] crtc-0: flush=00000840
[    3.758025] [drm:mdp5_crtc_vblank_irq] crtc-0: send event: (____ptrval____)
[    3.758075] [drm:mdp5_plane_cleanup_fb] plane-0: cleanup: FB[64]
[    3.758189]  INFO pocketboot::ui: POCKETBOOT_DRM_PAGE_FLIP sequence=3 remaining=13
[    3.758648] [drm:mdp5_plane_atomic_check] plane-0: check (1 -> 1)
[    3.758673] [drm:mdp5_crtc_atomic_check] crtc-0: check
[    3.758689] [drm:mdp5_crtc_atomic_check] crtc-0: assign pipe plane-0 on stage=1
[    3.758751] [drm:mdp5_crtc_atomic_begin] crtc-0: begin
[    3.758768] [drm:mdp5_plane_atomic_update] plane-0: update
[    3.758785] [drm:mdp5_plane_mode_set] plane-0: FB[62] 0,0,720,1280 -> CRTC[61] 0,0,720,1280
[    3.758810] [drm:mdp5_plane_mode_set] scale config = 0
[    3.758830] [drm:mdp5_crtc_atomic_flush] crtc-0: event: (____ptrval____)
[    3.758851] [drm:mdp5_ctl_blend] lm0: blend config = 0x00040000. ext_cfg = 0x00000000
[    3.758867] [drm:mdp5_crtc_atomic_flush] crtc-0: flush=00000840
[    3.774691] [drm:mdp5_crtc_vblank_irq] crtc-0: send event: (____ptrval____)
[    3.774741] [drm:mdp5_plane_cleanup_fb] plane-0: cleanup: FB[63]
[    3.774835]  INFO pocketboot::ui: POCKETBOOT_DRM_PAGE_FLIP sequence=4 remaining=12
[    3.775108] [drm:mdp5_plane_atomic_check] plane-0: check (1 -> 1)
[    3.775133] [drm:mdp5_crtc_atomic_check] crtc-0: check
[    3.775148] [drm:mdp5_crtc_atomic_check] crtc-0: assign pipe plane-0 on stage=1
[    3.775204] [drm:mdp5_crtc_atomic_begin] crtc-0: begin
[    3.775221] [drm:mdp5_plane_atomic_update] plane-0: update
[    3.775237] [drm:mdp5_plane_mode_set] plane-0: FB[64] 0,0,720,1280 -> CRTC[61] 0,0,720,1280
[    3.775262] [drm:mdp5_plane_mode_set] scale config = 0
[    3.775282] [drm:mdp5_crtc_atomic_flush] crtc-0: event: (____ptrval____)
[    3.775304] [drm:mdp5_ctl_blend] lm0: blend config = 0x00040000. ext_cfg = 0x00000000
[    3.775320] [drm:mdp5_crtc_atomic_flush] crtc-0: flush=00000840
[    3.791357] [drm:mdp5_crtc_vblank_irq] crtc-0: send event: (____ptrval____)
[    3.791405] [drm:mdp5_plane_cleanup_fb] plane-0: cleanup: FB[62]
[    3.791491]  INFO pocketboot::ui: POCKETBOOT_DRM_PAGE_FLIP sequence=5 remaining=11
[    3.791939] [drm:mdp5_plane_atomic_check] plane-0: check (1 -> 1)
[    3.791962] [drm:mdp5_crtc_atomic_check] crtc-0: check
[    3.791979] [drm:mdp5_crtc_atomic_check] crtc-0: assign pipe plane-0 on stage=1
[    3.792033] [drm:mdp5_crtc_atomic_begin] crtc-0: begin
[    3.792050] [drm:mdp5_plane_atomic_update] plane-0: update
[    3.792066] [drm:mdp5_plane_mode_set] plane-0: FB[63] 0,0,720,1280 -> CRTC[61] 0,0,720,1280
[    3.792091] [drm:mdp5_plane_mode_set] scale config = 0
[    3.792111] [drm:mdp5_crtc_atomic_flush] crtc-0: event: (____ptrval____)
[    3.792132] [drm:mdp5_ctl_blend] lm0: blend config = 0x00040000. ext_cfg = 0x00000000
[    3.792148] [drm:mdp5_crtc_atomic_flush] crtc-0: flush=00000840
[    3.808024] [drm:mdp5_crtc_vblank_irq] crtc-0: send event: (____ptrval____)
[    3.808072] [drm:mdp5_plane_cleanup_fb] plane-0: cleanup: FB[64]
[    3.808151]  INFO pocketboot::ui: POCKETBOOT_DRM_PAGE_FLIP sequence=6 remaining=10
[    3.808602] [drm:mdp5_plane_atomic_check] plane-0: check (1 -> 1)
[    3.808625] [drm:mdp5_crtc_atomic_check] crtc-0: check
[    3.808641] [drm:mdp5_crtc_atomic_check] crtc-0: assign pipe plane-0 on stage=1
[    3.808694] [drm:mdp5_crtc_atomic_begin] crtc-0: begin
[    3.808710] [drm:mdp5_plane_atomic_update] plane-0: update
[    3.808726] [drm:mdp5_plane_mode_set] plane-0: FB[62] 0,0,720,1280 -> CRTC[61] 0,0,720,1280
[    3.808752] [drm:mdp5_plane_mode_set] scale config = 0
[    3.808771] [drm:mdp5_crtc_atomic_flush] crtc-0: event: (____ptrval____)
[    3.808792] [drm:mdp5_ctl_blend] lm0: blend config = 0x00040000. ext_cfg = 0x00000000
[    3.808808] [drm:mdp5_crtc_atomic_flush] crtc-0: flush=00000840
[    3.824691] [drm:mdp5_crtc_vblank_irq] crtc-0: send event: (____ptrval____)
[    3.824740] [drm:mdp5_plane_cleanup_fb] plane-0: cleanup: FB[63]
[    3.824819]  INFO pocketboot::ui: POCKETBOOT_DRM_PAGE_FLIP sequence=7 remaining=9
[    3.825089] [drm:mdp5_plane_atomic_check] plane-0: check (1 -> 1)
[    3.825112] [drm:mdp5_crtc_atomic_check] crtc-0: check
[    3.825128] [drm:mdp5_crtc_atomic_check] crtc-0: assign pipe plane-0 on stage=1
[    3.825179] [drm:mdp5_crtc_atomic_begin] crtc-0: begin
[    3.825195] [drm:mdp5_plane_atomic_update] plane-0: update
[    3.825212] [drm:mdp5_plane_mode_set] plane-0: FB[64] 0,0,720,1280 -> CRTC[61] 0,0,720,1280
[    3.825236] [drm:mdp5_plane_mode_set] scale config = 0
[    3.825256] [drm:mdp5_crtc_atomic_flush] crtc-0: event: (____ptrval____)
[    3.825278] [drm:mdp5_ctl_blend] lm0: blend config = 0x00040000. ext_cfg = 0x00000000
[    3.825294] [drm:mdp5_crtc_atomic_flush] crtc-0: flush=00000840
[    3.841357] [drm:mdp5_crtc_vblank_irq] crtc-0: send event: (____ptrval____)
[    3.841405] [drm:mdp5_plane_cleanup_fb] plane-0: cleanup: FB[62]
[    3.841483]  INFO pocketboot::ui: POCKETBOOT_DRM_PAGE_FLIP sequence=8 remaining=8
[    3.841930] [drm:mdp5_plane_atomic_check] plane-0: check (1 -> 1)
[    3.841953] [drm:mdp5_crtc_atomic_check] crtc-0: check
[    3.841968] [drm:mdp5_crtc_atomic_check] crtc-0: assign pipe plane-0 on stage=1
[    3.842019] [drm:mdp5_crtc_atomic_begin] crtc-0: begin
[    3.842036] [drm:mdp5_plane_atomic_update] plane-0: update
[    3.842052] [drm:mdp5_plane_mode_set] plane-0: FB[63] 0,0,720,1280 -> CRTC[61] 0,0,720,1280
[    3.842076] [drm:mdp5_plane_mode_set] scale config = 0
[    3.842110] [drm:mdp5_crtc_atomic_flush] crtc-0: event: (____ptrval____)
[    3.842131] [drm:mdp5_ctl_blend] lm0: blend config = 0x00040000. ext_cfg = 0x00000000
[    3.842148] [drm:mdp5_crtc_atomic_flush] crtc-0: flush=00000840
[    3.858025] [drm:mdp5_crtc_vblank_irq] crtc-0: send event: (____ptrval____)
[    3.858073] [drm:mdp5_plane_cleanup_fb] plane-0: cleanup: FB[64]
[    3.858159]  INFO pocketboot::ui: POCKETBOOT_DRM_PAGE_FLIP sequence=9 remaining=7
[    3.858606] [drm:mdp5_plane_atomic_check] plane-0: check (1 -> 1)
[    3.858629] [drm:mdp5_crtc_atomic_check] crtc-0: check
[    3.858644] [drm:mdp5_crtc_atomic_check] crtc-0: assign pipe plane-0 on stage=1
[    3.858694] [drm:mdp5_crtc_atomic_begin] crtc-0: begin
[    3.858711] [drm:mdp5_plane_atomic_update] plane-0: update
[    3.858727] [drm:mdp5_plane_mode_set] plane-0: FB[62] 0,0,720,1280 -> CRTC[61] 0,0,720,1280
[    3.858752] [drm:mdp5_plane_mode_set] scale config = 0
[    3.858771] [drm:mdp5_crtc_atomic_flush] crtc-0: event: (____ptrval____)
[    3.858792] [drm:mdp5_ctl_blend] lm0: blend config = 0x00040000. ext_cfg = 0x00000000
[    3.858808] [drm:mdp5_crtc_atomic_flush] crtc-0: flush=00000840
[    3.874693] [drm:mdp5_crtc_vblank_irq] crtc-0: send event: (____ptrval____)
[    3.874742] [drm:mdp5_plane_cleanup_fb] plane-0: cleanup: FB[63]
[    3.874834]  INFO pocketboot::ui: POCKETBOOT_DRM_PAGE_FLIP sequence=10 remaining=6
[    3.875136] [drm:mdp5_plane_atomic_check] plane-0: check (1 -> 1)
[    3.875159] [drm:mdp5_crtc_atomic_check] crtc-0: check
[    3.875189] [drm:mdp5_crtc_atomic_check] crtc-0: assign pipe plane-0 on stage=1
[    3.875240] [drm:mdp5_crtc_atomic_begin] crtc-0: begin
[    3.875256] [drm:mdp5_plane_atomic_update] plane-0: update
[    3.875272] [drm:mdp5_plane_mode_set] plane-0: FB[64] 0,0,720,1280 -> CRTC[61] 0,0,720,1280
[    3.875297] [drm:mdp5_plane_mode_set] scale config = 0
[    3.875333] [drm:mdp5_crtc_atomic_flush] crtc-0: event: (____ptrval____)
[    3.875355] [drm:mdp5_ctl_blend] lm0: blend config = 0x00040000. ext_cfg = 0x00000000
[    3.875371] [drm:mdp5_crtc_atomic_flush] crtc-0: flush=00000840
[    3.891359] [drm:mdp5_crtc_vblank_irq] crtc-0: send event: (____ptrval____)
[    3.891406] [drm:mdp5_plane_cleanup_fb] plane-0: cleanup: FB[62]
[    3.891498]  INFO pocketboot::ui: POCKETBOOT_DRM_PAGE_FLIP sequence=11 remaining=5
[    3.891965] [drm:mdp5_plane_atomic_check] plane-0: check (1 -> 1)
[    3.891988] [drm:mdp5_crtc_atomic_check] crtc-0: check
[    3.892003] [drm:mdp5_crtc_atomic_check] crtc-0: assign pipe plane-0 on stage=1
[    3.892052] [drm:mdp5_crtc_atomic_begin] crtc-0: begin
[    3.892069] [drm:mdp5_plane_atomic_update] plane-0: update
[    3.892085] [drm:mdp5_plane_mode_set] plane-0: FB[63] 0,0,720,1280 -> CRTC[61] 0,0,720,1280
[    3.892110] [drm:mdp5_plane_mode_set] scale config = 0
[    3.892130] [drm:mdp5_crtc_atomic_flush] crtc-0: event: (____ptrval____)
[    3.892151] [drm:mdp5_ctl_blend] lm0: blend config = 0x00040000. ext_cfg = 0x00000000
[    3.892167] [drm:mdp5_crtc_atomic_flush] crtc-0: flush=00000840
[    3.908026] [drm:mdp5_crtc_vblank_irq] crtc-0: send event: (____ptrval____)
[    3.908106]  INFO pocketboot::ui: POCKETBOOT_DRM_PAGE_FLIP sequence=12 remaining=4
[    3.908551] [drm:mdp5_plane_atomic_check] plane-0: check (1 -> 1)
[    3.908574] [drm:mdp5_crtc_atomic_check] crtc-0: check
[    3.908589] [drm:mdp5_crtc_atomic_check] crtc-0: assign pipe plane-0 on stage=1
[    3.908632] [drm:mdp5_plane_cleanup_fb] plane-0: cleanup: FB[64]
[    3.908690] [drm:mdp5_crtc_atomic_begin] crtc-0: begin
[    3.908706] [drm:mdp5_plane_atomic_update] plane-0: update
[    3.908723] [drm:mdp5_plane_mode_set] plane-0: FB[62] 0,0,720,1280 -> CRTC[61] 0,0,720,1280
[    3.908748] [drm:mdp5_plane_mode_set] scale config = 0
[    3.908767] [drm:mdp5_crtc_atomic_flush] crtc-0: event: (____ptrval____)
[    3.908788] [drm:mdp5_ctl_blend] lm0: blend config = 0x00040000. ext_cfg = 0x00000000
[    3.908805] [drm:mdp5_crtc_atomic_flush] crtc-0: flush=00000840
[    3.924693] [drm:mdp5_crtc_vblank_irq] crtc-0: send event: (____ptrval____)
[    3.924740] [drm:mdp5_plane_cleanup_fb] plane-0: cleanup: FB[63]
[    3.924817]  INFO pocketboot::ui: POCKETBOOT_DRM_PAGE_FLIP sequence=13 remaining=3
[    3.925082] [drm:mdp5_plane_atomic_check] plane-0: check (1 -> 1)
[    3.925106] [drm:mdp5_crtc_atomic_check] crtc-0: check
[    3.925121] [drm:mdp5_crtc_atomic_check] crtc-0: assign pipe plane-0 on stage=1
[    3.925171] [drm:mdp5_crtc_atomic_begin] crtc-0: begin
[    3.925188] [drm:mdp5_plane_atomic_update] plane-0: update
[    3.925204] [drm:mdp5_plane_mode_set] plane-0: FB[64] 0,0,720,1280 -> CRTC[61] 0,0,720,1280
[    3.925229] [drm:mdp5_plane_mode_set] scale config = 0
[    3.925249] [drm:mdp5_crtc_atomic_flush] crtc-0: event: (____ptrval____)
[    3.925270] [drm:mdp5_ctl_blend] lm0: blend config = 0x00040000. ext_cfg = 0x00000000
[    3.925287] [drm:mdp5_crtc_atomic_flush] crtc-0: flush=00000840
[    3.941361] [drm:mdp5_crtc_vblank_irq] crtc-0: send event: (____ptrval____)
[    3.941408] [drm:mdp5_plane_cleanup_fb] plane-0: cleanup: FB[62]
[    3.941480]  INFO pocketboot::ui: POCKETBOOT_DRM_PAGE_FLIP sequence=14 remaining=2
[    3.941922] [drm:mdp5_plane_atomic_check] plane-0: check (1 -> 1)
[    3.941945] [drm:mdp5_crtc_atomic_check] crtc-0: check
[    3.941960] [drm:mdp5_crtc_atomic_check] crtc-0: assign pipe plane-0 on stage=1
[    3.942010] [drm:mdp5_crtc_atomic_begin] crtc-0: begin
[    3.942027] [drm:mdp5_plane_atomic_update] plane-0: update
[    3.942043] [drm:mdp5_plane_mode_set] plane-0: FB[63] 0,0,720,1280 -> CRTC[61] 0,0,720,1280
[    3.942068] [drm:mdp5_plane_mode_set] scale config = 0
[    3.942102] [drm:mdp5_crtc_atomic_flush] crtc-0: event: (____ptrval____)
[    3.942123] [drm:mdp5_ctl_blend] lm0: blend config = 0x00040000. ext_cfg = 0x00000000
[    3.942140] [drm:mdp5_crtc_atomic_flush] crtc-0: flush=00000840
[    3.958028] [drm:mdp5_crtc_vblank_irq] crtc-0: send event: (____ptrval____)
[    3.958114]  INFO pocketboot::ui: POCKETBOOT_DRM_PAGE_FLIP sequence=15 remaining=1
[    3.958556] [drm:mdp5_plane_atomic_check] plane-0: check (1 -> 1)
[    3.958580] [drm:mdp5_crtc_atomic_check] crtc-0: check
[    3.958595] [drm:mdp5_crtc_atomic_check] crtc-0: assign pipe plane-0 on stage=1
[    3.958636] [drm:mdp5_plane_cleanup_fb] plane-0: cleanup: FB[64]
[    3.958692] [drm:mdp5_crtc_atomic_begin] crtc-0: begin
[    3.958710] [drm:mdp5_plane_atomic_update] plane-0: update
[    3.958726] [drm:mdp5_plane_mode_set] plane-0: FB[62] 0,0,720,1280 -> CRTC[61] 0,0,720,1280
[    3.958750] [drm:mdp5_plane_mode_set] scale config = 0
[    3.958770] [drm:mdp5_crtc_atomic_flush] crtc-0: event: (____ptrval____)
[    3.958791] [drm:mdp5_ctl_blend] lm0: blend config = 0x00040000. ext_cfg = 0x00000000
[    3.958807] [drm:mdp5_crtc_atomic_flush] crtc-0: flush=00000840
[    3.974695] [drm:mdp5_crtc_vblank_irq] crtc-0: send event: (____ptrval____)
[    3.974739] [drm:mdp5_plane_cleanup_fb] plane-0: cleanup: FB[63]
[    3.974826]  INFO pocketboot::ui: POCKETBOOT_DRM_PAGE_FLIP sequence=16 remaining=0
[    3.975136]  INFO pocketboot::ui: POCKETBOOT_DRM_PAGE_FLIP_TEST_RESULT requested=16 completed=16
[    9.183400]  INFO pocketboot::fastboot: fastboot command received command="getvar:product"
[    9.185739]  INFO pocketboot::fastboot: fastboot command received command="getvar:serialno"
[    9.192988]  INFO pocketboot::fastboot: fastboot command received command="getvar:compatible"
[    9.235264]  INFO pocketboot::fastboot: fastboot command received command="getvar:product"
[    9.237705]  INFO pocketboot::fastboot: fastboot command received command="getvar:serialno"
[    9.245095]  INFO pocketboot::fastboot: fastboot command received command="getvar:compatible"
[    9.252847]  INFO pocketboot::fastboot: fastboot command received command="getvar:is-userspace"
[    9.262261]  INFO pocketboot::fastboot: fastboot command received command="download:0000a05e"
[    9.268105]  INFO pocketboot::fastboot: fastboot download requested command="download:0000a05e" bytes=41054
[    9.279765]  INFO pocketboot::fastboot: download staged bytes=41054
[    9.288926]  INFO pocketboot::fastboot: fastboot command received command="oem shell-staged"
[    9.324691]  INFO pocketboot::fastboot: fastboot command received command="download:0000a02e"
[    9.325213]  INFO pocketboot::fastboot: fastboot download requested command="download:0000a02e" bytes=41006
[    9.335462]  INFO pocketboot::fastboot: download staged bytes=41006
[    9.344432]  INFO pocketboot::fastboot: fastboot command received command="oem shell-staged"
[    9.380692]  INFO pocketboot::fastboot: fastboot command received command="download:0000a02e"
[    9.381213]  INFO pocketboot::fastboot: fastboot download requested command="download:0000a02e" bytes=41006
[    9.391439]  INFO pocketboot::fastboot: download staged bytes=41006
[    9.400088]  INFO pocketboot::fastboot: fastboot command received command="oem shell-staged"
[    9.436724]  INFO pocketboot::fastboot: fastboot command received command="download:0000a02e"
[    9.437244]  INFO pocketboot::fastboot: fastboot download requested command="download:0000a02e" bytes=41006
[    9.447520]  INFO pocketboot::fastboot: download staged bytes=41006
[    9.455998]  INFO pocketboot::fastboot: fastboot command received command="oem shell-staged"
[    9.492186]  INFO pocketboot::fastboot: fastboot command received command="download:0000a02e"
[    9.492703]  INFO pocketboot::fastboot: fastboot download requested command="download:0000a02e" bytes=41006
[    9.502960]  INFO pocketboot::fastboot: download staged bytes=41006
[    9.511807]  INFO pocketboot::fastboot: fastboot command received command="oem shell-staged"
[    9.548749]  INFO pocketboot::fastboot: fastboot command received command="download:0000a02e"
[    9.549278]  INFO pocketboot::fastboot: fastboot download requested command="download:0000a02e" bytes=41006
[    9.559516]  INFO pocketboot::fastboot: download staged bytes=41006
[    9.567976]  INFO pocketboot::fastboot: fastboot command received command="oem shell-staged"
[    9.604711]  INFO pocketboot::fastboot: fastboot command received command="download:0000a02e"
[    9.605229]  INFO pocketboot::fastboot: fastboot download requested command="download:0000a02e" bytes=41006
[    9.615437]  INFO pocketboot::fastboot: download staged bytes=41006
[    9.623882]  INFO pocketboot::fastboot: fastboot command received command="oem shell-staged"
[    9.660808]  INFO pocketboot::fastboot: fastboot command received command="download:0000a02e"
[    9.661335]  INFO pocketboot::fastboot: fastboot download requested command="download:0000a02e" bytes=41006
[    9.671516]  INFO pocketboot::fastboot: download staged bytes=41006
[    9.680073]  INFO pocketboot::fastboot: fastboot command received command="oem shell-staged"
[    9.716548]  INFO pocketboot::fastboot: fastboot command received command="download:00002d04"
[    9.717072]  INFO pocketboot::fastboot: fastboot download requested command="download:00002d04" bytes=11524
[    9.725521]  INFO pocketboot::fastboot: download staged bytes=11524
[    9.735804]  INFO pocketboot::fastboot: fastboot command received command="oem shell-staged"
[    9.772730]  INFO pocketboot::fastboot: fastboot command received command="download:0000a070"
[    9.773242]  INFO pocketboot::fastboot: fastboot download requested command="download:0000a070" bytes=41072
[    9.783289]  INFO pocketboot::fastboot: download staged bytes=41072
[    9.792238]  INFO pocketboot::fastboot: fastboot command received command="oem shell-staged"
[    9.828318]  INFO pocketboot::fastboot: fastboot command received command="download:0000a034"
[    9.828837]  INFO pocketboot::fastboot: fastboot download requested command="download:0000a034" bytes=41012
[    9.838944]  INFO pocketboot::fastboot: download staged bytes=41012
[    9.847793]  INFO pocketboot::fastboot: fastboot command received command="oem shell-staged"
[    9.884330]  INFO pocketboot::fastboot: fastboot command received command="download:0000a034"
[    9.884670]  INFO pocketboot::fastboot: fastboot download requested command="download:0000a034" bytes=41012
[    9.895069]  INFO pocketboot::fastboot: download staged bytes=41012
[    9.904099]  INFO pocketboot::fastboot: fastboot command received command="oem shell-staged"
[    9.940680]  INFO pocketboot::fastboot: fastboot command received command="download:0000a034"
[    9.941022]  INFO pocketboot::fastboot: fastboot download requested command="download:0000a034" bytes=41012
[    9.951443]  INFO pocketboot::fastboot: download staged bytes=41012
[    9.960194]  INFO pocketboot::fastboot: fastboot command received command="oem shell-staged"
[    9.996487]  INFO pocketboot::fastboot: fastboot command received command="download:0000a034"
[    9.996832]  INFO pocketboot::fastboot: fastboot download requested command="download:0000a034" bytes=41012
[   10.007259]  INFO pocketboot::fastboot: download staged bytes=41012
[   10.016002]  INFO pocketboot::fastboot: fastboot command received command="oem shell-staged"
[   10.053104]  INFO pocketboot::fastboot: fastboot command received command="download:0000a034"
[   10.053444]  INFO pocketboot::fastboot: fastboot download requested command="download:0000a034" bytes=41012
[   10.063882]  INFO pocketboot::fastboot: download staged bytes=41012
[   10.072789]  INFO pocketboot::fastboot: fastboot command received command="oem shell-staged"
[   10.108626]  INFO pocketboot::fastboot: fastboot command received command="download:0000a034"
[   10.109146]  INFO pocketboot::fastboot: fastboot download requested command="download:0000a034" bytes=41012
[   10.119385]  INFO pocketboot::fastboot: download staged bytes=41012
[   10.128116]  INFO pocketboot::fastboot: fastboot command received command="oem shell-staged"
[   10.164616]  INFO pocketboot::fastboot: fastboot command received command="download:0000a034"
[   10.165133]  INFO pocketboot::fastboot: fastboot download requested command="download:0000a034" bytes=41012
[   10.175384]  INFO pocketboot::fastboot: download staged bytes=41012
[   10.184040]  INFO pocketboot::fastboot: fastboot command received command="oem shell-staged"
[   10.220411]  INFO pocketboot::fastboot: fastboot command received command="download:000025e6"
[   10.220931]  INFO pocketboot::fastboot: fastboot download requested command="download:000025e6" bytes=9702
[   10.229275]  INFO pocketboot::fastboot: download staged bytes=9702
[   10.240171]  INFO pocketboot::fastboot: fastboot command received command="oem shell-staged"
[   10.272539]  INFO pocketboot::fastboot: fastboot command received command="download:0000036a"
[   10.273055]  INFO pocketboot::fastboot: fastboot download requested command="download:0000036a" bytes=874
[   10.280795]  INFO pocketboot::fastboot: download staged bytes=874
[   10.292379]  INFO pocketboot::fastboot: fastboot command received command="oem shell-staged"
[   10.828391]  INFO pocketboot::fastboot: fastboot command received command="upload"
[   10.828876]  INFO pocketboot::fastboot: uploading staged data name=shell-output bytes=2010
[   10.844314]  INFO pocketboot::fastboot: fastboot command received command="download:00000057"
[   10.844694]  INFO pocketboot::fastboot: fastboot download requested command="download:00000057" bytes=87
[   10.852636]  INFO pocketboot::fastboot: download staged bytes=87
[   10.864170]  INFO pocketboot::fastboot: fastboot command received command="oem shell-staged"
[   11.070124] random: crng init done
[   11.121100]  INFO pocketboot::fastboot: fastboot command received command="upload"
[   11.121405]  INFO pocketboot::fastboot: uploading staged data name=shell-output bytes=797
[   11.136144]  INFO pocketboot::fastboot: fastboot command received command="oem cat:/sys/firmware/fdt"
[   11.139486]  INFO pocketboot::fastboot: fastboot command received command="upload"
[   11.145475]  INFO pocketboot::fastboot: uploading staged data name=cat:/sys/firmware/fdt bytes=59818
[   11.162521]  INFO pocketboot::fastboot: fastboot command received command="oem dmesg"
[   11.190574]  INFO pocketboot::fastboot: fastboot command received command="upload"
[   11.191058]  INFO pocketboot::fastboot: uploading staged data name=dmesg bytes=79399
[   11.207844]  INFO pocketboot::fastboot: fastboot command received command="download:00000093"
[   11.208369]  INFO pocketboot::fastboot: fastboot download requested command="download:00000093" bytes=147
[   11.216009]  INFO pocketboot::fastboot: download staged bytes=147
[   11.227639]  INFO pocketboot::fastboot: fastboot command received command="oem shell-staged"
[   11.260624]  INFO pocketboot::fastboot: fastboot command received command="upload"
[   11.261112]  INFO pocketboot::fastboot: uploading staged data name=shell-output bytes=7249
[   11.275479]  INFO pocketboot::fastboot: fastboot command received command="oem dmesg"
