PB_SMP_SNAPSHOT_V2
Linux (none) 7.1.0-rc6+ #56 SMP PREEMPT Fri Sep 11 18:35:00 AEST 2026 aarch64
boot_id=unavailable
uptime=10.29 36.24
cmdline=msm.skip_gpu=1 msm.separate_gpu_kms=1 panic=5 oops=panic printk.time=1 pocketboot.log=info pocketboot.drm_page_flips=16 drm.debug=0x6 pocketboot.lab=display-final-1
online=0-3
cpu_node=/sys/firmware/devicetree/base/cpus/cpu@0 reg=00000000
method=spin-table 
release=00000000854ff400
cpu_node=/sys/firmware/devicetree/base/cpus/cpu@1 reg=00000001
method=spin-table 
release=00000000854ff480
cpu_node=/sys/firmware/devicetree/base/cpus/cpu@2 reg=00000002
method=spin-table 
release=00000000854ff500
cpu_node=/sys/firmware/devicetree/base/cpus/cpu@3 reg=00000003
method=spin-table 
release=00000000854ff580
stat_before
cpu  54 0 428 3626 9 0 0 0 0 0
cpu0 6 0 138 885 0 0 0 0 0 0
cpu1 1 0 55 970 2 0 0 0 0 0
cpu2 0 0 82 945 0 0 0 0 0 0
cpu3 45 0 153 825 6 0 0 0 0 0
intr 14149 0 157 2303 0 0 0 29 0 0 0 0 0 9938 0 0 2 1 0 0 0 0 0 0 0 0 0 0 0 0 0 0 3 0 0 0 0 0 68 3 77 0 0 0 0 21 68 179 447 0 0 2 833 16 2 0 0 0 0 0 0 0 0 0 0
ctxt 7884
btime 0
processes 171
procs_running 1
procs_blocked 0
softirq 7219 0 550 0 0 0 0 1 5320 0 1348
SMP_WORK_V2 expected=292d74d0d0222325 bytes_per_cpu=67108864
cpu=3 start_cpu=3 end_cpu=3 hash=292d74d0d0222325 cpu_seconds=0.503998 PASS
cpu=2 start_cpu=2 end_cpu=2 hash=292d74d0d0222325 cpu_seconds=0.504120 PASS
cpu=1 start_cpu=1 end_cpu=1 hash=292d74d0d0222325 cpu_seconds=0.504209 PASS
cpu=0 start_cpu=0 end_cpu=0 hash=292d74d0d0222325 cpu_seconds=0.504543 PASS
SMP_WORK_PASS all_four_cpus
stat_after
cpu  256 0 429 3627 9 0 0 0 0 0
cpu0 57 0 138 885 0 0 0 0 0 0
cpu1 52 0 55 970 2 0 0 0 0 0
cpu2 51 0 82 945 0 0 0 0 0 0
cpu3 95 0 153 825 6 0 0 0 0 0
intr 14696 0 164 2326 0 0 0 29 0 0 0 0 0 10446 0 0 2 1 0 0 0 0 0 0 0 0 0 0 0 0 0 0 3 0 0 0 0 0 74 3 80 0 0 0 0 21 68 179 447 0 0 2 833 16 2 0 0 0 0 0 0 0 0 0 0
ctxt 8079
btime 0
processes 177
procs_running 1
procs_blocked 0
softirq 7325 0 565 0 0 0 0 1 5342 0 1417
PB_SMP_SNAPSHOT_PASS
