['fastboot', '-s', 'cd0ee037', 'getvar', 'product']
product: pocketboot
Finished. Total time: 0.000s
['fastboot', '-s', 'cd0ee037', 'getvar', 'serialno']
serialno: cd0ee037
Finished. Total time: 0.000s
['fastboot', '-s', 'cd0ee037', 'getvar', 'compatible']
compatible: samsung,a5u-eur
Finished. Total time: 0.000s
['fastboot', '-s', 'cd0ee037', 'getvar', 'is-userspace']
is-userspace: yes
Finished. Total time: 0.000s
['fastboot', '-s', 'cd0ee037', 'oem', 'cat:/sys/devices/system/cpu/online']
(bootloader) /sys/devices/system/cpu/online staged (4 bytes)
(bootloader) run fastboot get_staged /dev/stdout to view
OKAY [  0.001s]
Finished. Total time: 0.001s
['fastboot', '-s', 'cd0ee037', 'get_staged', 'target/a5u-smp-lab/20260911/header-fix-trace/initial-live/online.txt']
Uploading 'target/a5u-smp-lab/20260911/header-fix-trace/initial-live/online.txt' OKAY [  0.006s]
Finished. Total time: 0.006s
['fastboot', '-s', 'cd0ee037', 'oem', 'cat:/proc/cmdline']
(bootloader) /proc/cmdline staged (71 bytes)
(bootloader) run fastboot get_staged /dev/stdout to view
OKAY [  0.001s]
Finished. Total time: 0.001s
['fastboot', '-s', 'cd0ee037', 'get_staged', 'target/a5u-smp-lab/20260911/header-fix-trace/initial-live/cmdline.txt']
Uploading 'target/a5u-smp-lab/20260911/header-fix-trace/initial-live/cmdline.txt' OKAY [  0.006s]
Finished. Total time: 0.006s
['fastboot', '-s', 'cd0ee037', 'oem', 'cat:/sys/firmware/fdt']
(bootloader) /sys/firmware/fdt staged (60428 bytes)
(bootloader) run fastboot get_staged /dev/stdout to view
OKAY [  0.001s]
Finished. Total time: 0.001s
['fastboot', '-s', 'cd0ee037', 'get_staged', 'target/a5u-smp-lab/20260911/header-fix-trace/initial-live/live.dtb']
Uploading 'target/a5u-smp-lab/20260911/header-fix-trace/initial-live/live.dtb' OKAY [  0.008s]
Finished. Total time: 0.008s
['fastboot', '-s', 'cd0ee037', 'oem', 'dmesg']
(bootloader) 229 dmesg records staged (17601 bytes)
(bootloader) run fastboot get_staged /dev/stdout to view
OKAY [  0.006s]
Finished. Total time: 0.006s
['fastboot', '-s', 'cd0ee037', 'get_staged', 'target/a5u-smp-lab/20260911/header-fix-trace/initial-live/dmesg.log']
Uploading 'target/a5u-smp-lab/20260911/header-fix-trace/initial-live/dmesg.log' OKAY [  0.001s]
Finished. Total time: 0.001s
