msm.skip_gpu=1 msm.separate_gpu_kms=1 panic=5 oops=panic printk.time=1 pocketboot.lab=a5-ramoops-cold
0-3
004ab000-004ab003 : 4ab000.restart restart@4ab000
01000000-012fffff : 1000000.pinctrl pinctrl@1000000
01800000-0187ffff : 1800000.clock-controller clock-controller@1800000
01905000-01924fff : 1905000.hwlock hwlock@1905000
01a00000-01a00fff : 1a00000.display-subsystem mdss_phys
01e23000-01e23fff : 1e23000.iommu-ctx iommu-ctx@3000
01e24000-01e24fff : 1e24000.iommu-ctx iommu-ctx@4000
01e25000-01e25fff : 1e25000.iommu-ctx iommu-ctx@5000
01ef0000-01ef2fff : 1ef0000.iommu iommu@1ef0000
0200a000-0200c0ff : 200f000.spmi cnfg
02400000-027fffff : 200f000.spmi chnls
02c00000-02ffffff : 200f000.spmi obsrvr
03800000-039fffff : 200f000.spmi intr
07824000-078247ff : 7824900.mmc core
07824900-07824a1b : 7824900.mmc hc
07864000-078647ff : 7864900.mmc core
07864900-07864a1b : 7864900.mmc hc
07884000-078a6fff : 7884000.dma-controller dma-controller@7884000
078b0000-078b01ff : msm_serial
078b5000-078b54ff : 78b5000.i2c i2c@78b5000
078b6000-078b64ff : 78b6000.i2c i2c@78b6000
078b8000-078b84ff : 78b8000.i2c i2c@78b8000
078b9000-078b94ff : 78b9000.i2c i2c@78b9000
078ba000-078ba4ff : 78ba000.i2c i2c@78ba000
078d9000-078d91ff : usb@78d9000
  078d9000-078d91ff : ci_hdrc.0 usb@78d9000
078d9200-078d93ff : usb@78d9000
  078d9200-078d93ff : 78d9000.usb usb@78d9000
0b011000-0b011fff : b011000.mailbox mailbox@b011000
0b021000-0b021fff : arch_mem_timer
80000000-854fefff : System RAM
  8000e000-8001dfff : reserved
  80200000-8096ffff : Kernel code
  80970000-80bfffff : reserved
  80c00000-80d2ffff : Kernel data
  82000000-82000fff : reserved
854ff000-867fffff : reserved
86800000-8dffffff : System RAM
8e000000-8e2a2fff : reserved
8e2a3000-8e5fffff : System RAM
8e600000-8e7fffff : reserved
  8e600000-8e7fffff : reserved
8e800000-ffffffff : System RAM
  9ff80000-9fffffff : reserved
  fd600000-ff9fffff : reserved
  ffa55000-ffa5afff : reserved
  ffa5b000-ffb5bfff : reserved
  ffb5c000-ffb93fff : reserved
  ffb96000-ffb97fff : reserved
  ffb98000-ffb98fff : reserved
  ffb99000-ffba9fff : reserved
  ffbaa000-ffc0afff : reserved
  ffc0b000-ffffffff : reserved
panic=cat: can't open '/proc/sys/kernel/panic': No such file or directory
