('getvar', 'product')
product: lk2nd-msm8916
Finished. Total time: 0.002s
('getvar', 'serialno')
serialno: cd0ee037
Finished. Total time: 0.002s
('getvar', 'lk2nd:compatible')
lk2nd:compatible: samsung,a5u-eur
Finished. Total time: 0.003s
('oem', 'debug', 'readl', '0xb098004')
(bootloader) 0x00000023

OKAY [  0.003s]
Finished. Total time: 0.003s
('oem', 'debug', 'readl', '0xb0a8004')
(bootloader) 0x00000023

OKAY [  0.003s]
Finished. Total time: 0.003s
('oem', 'debug', 'readl', '0xb0b8004')
(bootloader) 0x00000023

OKAY [  0.003s]
Finished. Total time: 0.003s
('oem', 'debug', 'readq', '0x854ff080')
(bootloader) 0x6261742d6e697073

OKAY [  0.003s]
Finished. Total time: 0.003s
('oem', 'debug', 'readq', '0x854ff090')
(bootloader) 0x31304e4950534250

OKAY [  0.003s]
Finished. Total time: 0.003s
('oem', 'debug', 'readq', '0x854ff098')
(bootloader) 0x0000100000000001

OKAY [  0.003s]
Finished. Total time: 0.003s
('oem', 'debug', 'writeq', '0x854ff080', '0')
OKAY [  0.003s]
Finished. Total time: 0.003s
('oem', 'debug', 'writeq', '0x854ff090', '0')
OKAY [  0.003s]
Finished. Total time: 0.003s
('oem', 'debug', 'readl', '0xb098004')
(bootloader) 0x00000023

OKAY [  0.003s]
Finished. Total time: 0.003s
('oem', 'debug', 'readl', '0xb0a8004')
(bootloader) 0x00000023

OKAY [  0.003s]
Finished. Total time: 0.003s
('oem', 'debug', 'readl', '0xb0b8004')
(bootloader) 0x00000023

OKAY [  0.003s]
Finished. Total time: 0.003s
('boot', 'target/a5u-smp-lab/20260911/ramoops/cold.img')
Sending 'boot.img' (13538 KB)                      OKAY [  0.429s]
Booting                                            OKAY [  0.035s]
Finished. Total time: 0.472s
