['getvar', 'product']
product: pocketboot
Finished. Total time: 0.001s
['oem', 'dmesg']
(bootloader) 952 dmesg records staged (71017 bytes)
(bootloader) run fastboot get_staged /dev/stdout to view
OKAY [  0.027s]
Finished. Total time: 0.027s
['get_staged', 'target/a5u-smp-lab/20260911/display-icc/dmesg.log']
Uploading 'target/a5u-smp-lab/20260911/display-icc/dmesg.log' OKAY [  0.009s]
Finished. Total time: 0.009s
['stage', 'target/a5u-smp-lab/20260911/display-icc/inventory.sh']
Sending 'target/a5u-smp-lab/20260911/display-icc/inventory.sh' (0 KB) OKAY [  0.022s]
Finished. Total time: 0.022s
['oem', 'shell-staged']
(bootloader) shell exited 0; 6672 bytes staged
(bootloader) run fastboot get_staged /dev/stdout to view
OKAY [  0.034s]
Finished. Total time: 0.034s
['get_staged', 'target/a5u-smp-lab/20260911/display-icc/inventory.log']
Uploading 'target/a5u-smp-lab/20260911/display-icc/inventory.log' OKAY [  0.013s]
Finished. Total time: 0.013s
