[    0.000000] Booting Linux on physical CPU 0x0000000000 [0x410fd030]
[    0.000000] Linux version 7.1.0-rc6+ (sam@sam-desktop) (aarch64-linux-gnu-gcc (GCC) 16.1.1 20260501 (Red Hat Cross 16.1.1-1), GNU ld version 2.46-1.fc44) #52 SMP PREEMPT Fri Sep 11 18:19:45 AEST 2026
[    0.000000] Machine model: Samsung Galaxy A5U (EUR)
[    0.000000] OF: reserved mem: 0x000000008e600000..0x000000008e7fffff (2048 KiB) nomap non-reusable gps
[    0.000000] OF: reserved mem: 0x000000009ff80000..0x000000009fffffff (512 KiB) map non-reusable ramoops@9ff80000
[    0.000000] OF: reserved mem: 0x0000000086000000..0x00000000862fffff (3072 KiB) nomap non-reusable tz-apps@86000000
[    0.000000] OF: reserved mem: 0x0000000086300000..0x00000000863fffff (1024 KiB) nomap non-reusable smem@86300000
[    0.000000] OF: reserved mem: 0x0000000086400000..0x00000000864fffff (1024 KiB) nomap non-reusable hypervisor@86400000
[    0.000000] OF: reserved mem: 0x0000000086500000..0x000000008667ffff (1536 KiB) nomap non-reusable tz@86500000
[    0.000000] OF: reserved mem: 0x0000000086680000..0x00000000866fffff (512 KiB) nomap non-reusable reserved@86680000
[    0.000000] OF: reserved mem: 0x0000000086700000..0x00000000867dffff (896 KiB) nomap non-reusable rmtfs@86700000
[    0.000000] OF: reserved mem: 0x00000000867e0000..0x00000000867fffff (128 KiB) nomap non-reusable rfsa@867e0000
[    0.000000] OF: reserved mem: 0x0000000085500000..0x0000000085ffffff (11264 KiB) nomap non-reusable tz-apps@85500000
[    0.000000] OF: reserved mem: 0x000000008e000000..0x000000008e2a2fff (2700 KiB) nomap non-reusable framebuffer@8e000000
[    0.000000] OF: reserved mem: 0x00000000854ff000..0x00000000854fffff (4 KiB) nomap non-reusable spin-table@854ff000
[    0.000000] Zone ranges:
[    0.000000]   Normal   [mem 0x0000000080000000-0x00000000ffffffff]
[    0.000000] Movable zone start for each node
[    0.000000] Early memory node ranges
[    0.000000]   node   0: [mem 0x0000000080000000-0x00000000854fefff]
[    0.000000]   node   0: [mem 0x00000000854ff000-0x00000000867fffff]
[    0.000000]   node   0: [mem 0x0000000086800000-0x000000008dffffff]
[    0.000000]   node   0: [mem 0x000000008e000000-0x000000008e2a2fff]
[    0.000000]   node   0: [mem 0x000000008e2a3000-0x000000008e5fffff]
[    0.000000]   node   0: [mem 0x000000008e600000-0x000000008e7fffff]
[    0.000000]   node   0: [mem 0x000000008e800000-0x00000000ffffffff]
[    0.000000] Initmem setup node 0 [mem 0x0000000080000000-0x00000000ffffffff]
[    0.000000] percpu: Embedded 14 pages/cpu s28544 r0 d28800 u57344
[    0.000000] pcpu-alloc: s28544 r0 d28800 u57344 alloc=14*4096
[    0.000000] pcpu-alloc: [0] 0 [0] 1 [0] 2 [0] 3 
[    0.000000] Detected VIPT I-cache on CPU0
[    0.000000] CPU features: kernel page table isolation disabled by kernel configuration
[    0.000000] alternatives: applying boot alternatives
[    0.000000] Kernel command line: msm.skip_gpu=1 msm.separate_gpu_kms=1 panic=5 oops=panic printk.time=1 pocketboot.log=info pocketboot.drm_page_flips=16 drm.debug=0x6 pocketboot.lab=a5-display-icc
[    0.000000] printk: log buffer data + meta data: 131072 + 458752 = 589824 bytes
[    0.000000] Dentry cache hash table entries: 262144 (order: 9, 2097152 bytes, linear)
[    0.000000] Inode-cache hash table entries: 131072 (order: 8, 1048576 bytes, linear)
[    0.000000] software IO TLB: SWIOTLB bounce buffer size adjusted to 2MB
[    0.000000] software IO TLB: area num 4.
[    0.000000] software IO TLB: mapped [mem 0x00000000fd600000-0x00000000fd800000] (2MB)
[    0.000000] Built 1 zonelists, mobility grouping on.  Total pages: 524288
[    0.000000] mem auto-init: stack:all(zero), heap alloc:off, heap free:off
[    0.000000] SLUB: HWalign=64, Order=0-3, MinObjects=0, CPUs=4, Nodes=1
[    0.000000] rcu: Hierarchical RCU implementation.
[    0.000000] rcu: RCU calculated value of scheduler-enlistment delay is 25 jiffies.
[    0.000000] NR_IRQS: 64, nr_irqs: 64, preallocated irqs: 0
[    0.000000] Root IRQ handler: gic_handle_irq
[    0.000000] rcu: srcu_init: Setting srcu_struct sizes based on contention.
[    0.000000] arch_timer: cp15 timer running at 19.20MHz (virt).
[    0.000000] clocksource: arch_sys_counter: mask: 0xffffffffffffff max_cycles: 0x46d987e47, max_idle_ns: 440795202767 ns
[    0.000000] sched_clock: 56 bits at 19MHz, resolution 52ns, wraps every 4398046511078ns
[    0.000093] Console: colour dummy device 80x25
[    0.000106] printk: legacy console [tty0] enabled
[    0.000741] Calibrating delay loop (skipped), value calculated using timer frequency.. 38.40 BogoMIPS (lpj=76800)
[    0.000774] pid_max: default: 32768 minimum: 301
[    0.000985] Mount-cache hash table entries: 4096 (order: 3, 32768 bytes, linear)
[    0.001025] Mountpoint-cache hash table entries: 4096 (order: 3, 32768 bytes, linear)
[    0.001385] VFS: Finished mounting rootfs on nullfs
[    0.001997] Pocketboot spin-table v1: persistent page at 0x00000000854ff000
[    0.002931] rcu: Hierarchical SRCU implementation.
[    0.002953] rcu: 	Max phase no-delay instances is 1000.
[    0.003438] smp: Bringing up secondary CPUs ...
[    0.003877] Detected VIPT I-cache on CPU1
[    0.004026] CPU1: Booted secondary processor 0x0000000001 [0x410fd030]
[    0.004523] Detected VIPT I-cache on CPU2
[    0.004657] CPU2: Booted secondary processor 0x0000000002 [0x410fd030]
[    0.005124] Detected VIPT I-cache on CPU3
[    0.005253] CPU3: Booted secondary processor 0x0000000003 [0x410fd030]
[    0.005341] smp: Brought up 1 node, 4 CPUs
[    0.005421] SMP: Total of 4 processors activated.
[    0.005437] CPU: All CPU(s) started at EL1
[    0.005451] CPU features: detected: 32-bit EL0 Support
[    0.005467] CPU features: detected: CRC32 instructions
[    0.005518] alternatives: applying system-wide alternatives
[    0.006396] Memory: 2014996K/2097152K available (5760K kernel code, 862K rwdata, 1716K rodata, 2624K init, 240K bss, 78892K reserved, 0K cma-reserved)
[    0.007074] devtmpfs: initialized
[    0.021047] clocksource: jiffies: mask: 0xffffffff max_cycles: 0xffffffff, max_idle_ns: 7645041785100000 ns
[    0.021118] posixtimers hash table entries: 2048 (order: 3, 32768 bytes, linear)
[    0.021218] futex hash table entries: 1024 (65536 bytes on 1 NUMA nodes, total 64 KiB, linear).
[    0.022269] NET: Registered PF_NETLINK/PF_ROUTE protocol family
[    0.022870] DMA: preallocated 256 KiB GFP_KERNEL pool for atomic allocations
[    0.024513] ASID allocator initialised with 65536 entries
[    0.025908] ramoops: error in header, 13
[    0.026281] ramoops: error in header, 12
[    0.026688] ramoops: error in header, 16
[    0.027104] ramoops: error in header, 17
[    0.027483] ramoops: error in header, 13
[    0.027920] ramoops: error in header, 18
[    0.028320] ramoops: error in header, 13
[    0.028801] ramoops: error in header, 22
[    0.029207] ramoops: error in header, 16
[    0.029571] ramoops: error in header, 12
[    0.029951] ramoops: error in header, 13
[    0.030317] ramoops: error in header, 12
[    0.030720] ramoops: error in header, 15
[    0.031091] ramoops: error in header, 13
[    0.031424] ramoops: error in header, 9
[    0.031786] ramoops: error in header, 12
[    0.032226] ramoops: error in header, 18
[    0.032644] ramoops: error in header, 17
[    0.033008] ramoops: error in header, 12
[    0.033324] ramoops: error in header, 7
[    0.033678] ramoops: error in header, 11
[    0.033952] ramoops: error in header, 3
[    0.034277] ramoops: error in header, 7
[    0.034650] ramoops: error in header, 13
[    0.035119] ramoops: error in header, 22
[    0.035424] ramoops: error in header, 6
[    0.035799] ramoops: error in header, 13
[    0.036179] ramoops: error in header, 12
[    0.036618] ramoops: error in header, 19
[    0.036962] ramoops: error in header, 10
[    0.449327] pstore: Using crash dump compression: deflate
[    0.449351] printk: legacy console [ramoops-1] enabled
[    0.482260] pstore: Registered ramoops as persistent store backend
[    0.482480] ramoops: using 0x80000@0x9ff80000, ecc: 64
[    0.491838] /soc@0/clock-controller@1800000: Fixed dependency cycle(s) with /soc@0/display-subsystem@1a00000/phy@1a98300
[    0.492127] /soc@0/display-subsystem@1a00000/display-controller@1a01000: Fixed dependency cycle(s) with /soc@0/display-subsystem@1a00000/dsi@1a98000
[    0.492750] /soc@0/display-subsystem@1a00000/dsi@1a98000: Fixed dependency cycle(s) with /soc@0/display-subsystem@1a00000/dsi@1a98000/panel@0
[    0.493180] /soc@0/display-subsystem@1a00000/dsi@1a98000: Fixed dependency cycle(s) with /soc@0/display-subsystem@1a00000/display-controller@1a01000
[    0.493661] /soc@0/display-subsystem@1a00000/dsi@1a98000/panel@0: Fixed dependency cycle(s) with /soc@0/display-subsystem@1a00000/dsi@1a98000
[    0.494110] /soc@0/display-subsystem@1a00000/phy@1a98300: Fixed dependency cycle(s) with /soc@0/clock-controller@1800000
[    0.494790] /soc@0/usb@78d9000: Fixed dependency cycle(s) with /soc@0/usb@78d9000/ulpi/phy
[    0.495226] /soc@0/usb@78d9000/ulpi/phy: Fixed dependency cycle(s) with /soc@0/usb@78d9000
[    0.495653] /soc@0/interrupt-controller@b000000: Fixed dependency cycle(s) with /soc@0/interrupt-controller@b000000
[    0.499825] /soc@0/clock-controller@1800000: Fixed dependency cycle(s) with /soc@0/display-subsystem@1a00000/phy@1a98300
[    0.503968] /soc@0/display-subsystem@1a00000/display-controller@1a01000: Fixed dependency cycle(s) with /soc@0/display-subsystem@1a00000/dsi@1a98000
[    0.504777] /soc@0/display-subsystem@1a00000/dsi@1a98000: Fixed dependency cycle(s) with /soc@0/display-subsystem@1a00000/dsi@1a98000/panel@0
[    0.505208] /soc@0/display-subsystem@1a00000/dsi@1a98000: Fixed dependency cycle(s) with /soc@0/display-subsystem@1a00000/display-controller@1a01000
[    0.505661] /soc@0/display-subsystem@1a00000/dsi@1a98000/panel@0: Fixed dependency cycle(s) with /soc@0/display-subsystem@1a00000/dsi@1a98000
[    0.509400] /soc@0/usb@78d9000: Fixed dependency cycle(s) with /soc@0/usb@78d9000/ulpi/phy
[    0.509904] /soc@0/usb@78d9000/ulpi/phy: Fixed dependency cycle(s) with /soc@0/usb@78d9000
[    0.516545] iommu: Default domain type: Translated
[    0.516790] iommu: DMA domain TLB invalidation policy: strict mode
[    0.518223] SCSI subsystem initialized
[    0.518620] usbcore: registered new interface driver usbfs
[    0.518877] usbcore: registered new interface driver hub
[    0.519310] usbcore: registered new device driver usb
[    0.520235] i2c-gpio i2c-muic: using lines 617 (SDA) and 618 (SCL)
[    0.521124] i2c-gpio i2c-tkey: using lines 528 (SDA) and 529 (SCL)
[    0.521836] i2c-gpio i2c-nfc: using lines 512 (SDA) and 513 (SCL)
[    0.522813] qcom_scm: convention: smc arm 32
[    0.548178] sm5502 0-0025: Device type: version: 0x0, vendor: 0x1
[    0.551729] clocksource: Switched to clocksource arch_sys_counter
[    0.559658] NET: Registered PF_UNIX/PF_LOCAL protocol family
[    0.575880] workingset: timestamp_bits=62 (anon: 58) max_order=19 bucket_order=0 (anon: 0)
[    0.585179] msm_serial 78b0000.serial: msm_serial: detected port #0
[    0.585488] msm_serial 78b0000.serial: uartclk = 3686400
[    0.586238] 78b0000.serial: ttyMSM0 at MMIO 0x78b0000 (irq = 31, base_baud = 230400) is a MSM
[    0.586497] msm_serial: console setup on port #0
[    0.586926] printk: legacy console [ttyMSM0] enabled
[    1.569093] msm_serial: driver initialized
[    1.575789] [drm:msm_drm_register] init
[    1.575825] [drm:msm_mdp_register] 
[    1.575985] [drm:msm_dsi_register] 
[    1.600236] platform 1a01000.display-controller: Adding to iommu group 0
[    1.600661] /soc@0/display-subsystem@1a00000/display-controller@1a01000: Fixed dependency cycle(s) with /soc@0/display-subsystem@1a00000/dsi@1a98000
[    1.606694] [drm:mdss_runtime_resume] 
[    1.607157] /soc@0/display-subsystem@1a00000/display-controller@1a01000: Fixed dependency cycle(s) with /soc@0/display-subsystem@1a00000/dsi@1a98000
[    1.611765] [drm:mdss_runtime_suspend] 
[    1.619443] /soc@0/display-subsystem@1a00000/dsi@1a98000: Fixed dependency cycle(s) with /soc@0/display-subsystem@1a00000/dsi@1a98000/panel@0
[    1.632992] /soc@0/display-subsystem@1a00000/dsi@1a98000: Fixed dependency cycle(s) with /soc@0/display-subsystem@1a00000/display-controller@1a01000
[    1.645807] /soc@0/display-subsystem@1a00000/dsi@1a98000/panel@0: Fixed dependency cycle(s) with /soc@0/display-subsystem@1a00000/dsi@1a98000
[    1.659090] [drm:mdss_runtime_resume] 
[    1.660751] [drm:mdss_runtime_suspend] 
[    1.666044] loop: module loaded
[    1.671783] spmi_pmic_arb 200f000.spmi: PMIC arbiter version v2 (0x20010000)
[    1.707613] input: pwm-vibrator as /devices/platform/vibrator/input/input0
[    1.708647] i2c_qup 78b5000.i2c: using default clock-frequency 100000
[    1.714353] i2c_qup 78b6000.i2c: using default clock-frequency 100000
[    1.721191] i2c_qup 78b8000.i2c: using default clock-frequency 100000
[    1.727328] i2c_qup 78b9000.i2c: using default clock-frequency 100000
[    1.734040] i2c_qup 78ba000.i2c: using default clock-frequency 100000
[    1.743761] rt5033 7-0034: Device found (rev. 6)
[    1.748115] platform rt5033-charger: DMA mask not set
[    1.750730] rt5033-led: Failed to locate of_node [id: -1]
[    1.757426] input: pm8941_pwrkey as /devices/platform/soc@0/200f000.spmi/spmi-0/0-00/200f000.spmi:pmic@0:pon@800/200f000.spmi:pmic@0:pon@800:pwrkey/input/input1
[    1.762231] input: pm8941_resin as /devices/platform/soc@0/200f000.spmi/spmi-0/0-00/200f000.spmi:pmic@0:pon@800/200f000.spmi:pmic@0:pon@800:resin/input/input2
[    1.812537] clocksource: arch_mmio_counter: mask: 0xffffffffffffff max_cycles: 0x46d987e47, max_idle_ns: 440795202767 ns
[    1.812993] arch-timer-mmio b020000.timer: mmio timer running at 19.20MHz (virt)
[    1.846801] [drm:mdss_runtime_resume] 
[    1.848374] [drm:mdss_runtime_suspend] 
[    1.864298] [drm:mdss_runtime_resume] 
[    1.868143] [drm:mdss_runtime_suspend] 
[    1.880941] [drm:mdss_runtime_resume] 
[    1.883785] [drm:mdss_runtime_suspend] 
[    1.897598] msm_hsusb 78d9000.usb: Failed to create device link (0x180) with supplier remoteproc for /soc@0/usb@78d9000/ulpi/phy
[    1.898885] [drm:mdss_runtime_resume] 
[    1.899763] [drm:mdss_runtime_suspend] 
[    1.904800] sdhci_msm 7864900.mmc: Got CD GPIO
[    1.916952] s3: Bringing 0uV into 1250000-1250000uV
[    1.917750] s4: Bringing 0uV into 1850000-1850000uV
[    1.919781] tm2-touchkey 1-0020: failed to get regulators: -517
[    1.921169] l2: Bringing 0uV into 1200000-1200000uV
[    1.925917] mms114 6-0048: Unable to get the IO regulator (-517)
[    1.931937] l5: Bringing 0uV into 1800000-1800000uV
[    1.942341] [drm:mdss_runtime_resume] 
[    1.942820] l6: Bringing 0uV into 1800000-1800000uV
[    1.943363] [drm:mdp5_dev_probe] 
[    1.947370] l7: Bringing 0uV into 1800000-1800000uV
[    1.948025] [drm:mdp5_dev_probe] skipping lut
[    1.952244] l8: Bringing 0uV into 2900000-2900000uV
[    1.952423] [drm:mdp5_dev_probe] skipping tbu
[    1.957112] l9: Bringing 0uV into 3300000-3300000uV
[    1.957260] [drm:mdp5_dev_probe] skipping tbu_rt
[    1.962144] l11: Bringing 0uV into 2950000-2950000uV
[    1.963033] [drm:pll_28nm_register] 0
[    1.966807] l12: Bringing 0uV into 1800000-1800000uV
[    1.966866] [drm:dsi_pll_28nm_clk_recalc_rate] returning vco rate = 1056000000
[    1.971999] l13: Bringing 0uV into 3075000-3075000uV
[    1.975750] [drm:mdss_runtime_suspend] 
[    1.977819] l17: Bringing 0uV into 2850000-2850000uV
[    1.978565] sdhci_msm 7864900.mmc: Got CD GPIO
[    2.019744] mmc0: SDHCI controller on 7824900.mmc [7824900.mmc] using ADMA
[    2.023945] mmc1: SDHCI controller on 7864900.mmc [7864900.mmc] using ADMA
[    2.098560] mmc0: Card appears overclocked; req 177770000 Hz, actual 177777777 Hz
[    2.099003] mmc0: Card appears overclocked; req 177770000 Hz, actual 177777777 Hz
[    2.105857] mmc0: new HS200 MMC card at address 0001
[    2.113495] mmcblk0: mmc0:0001 Q313MB 14.7 GiB
[    2.120518]  mmcblk0: p1 p2 p3 p4 p5 p6 p7 p8 p9 p10 p11 p12 p13 p14 p15 p16 p17 p18 p19 p20 p21 p22 p23 p24 p25 p26
[    2.126106] mmcblk0boot0: mmc0:0001 Q313MB 4.00 MiB
[    2.133997] mmcblk0boot1: mmc0:0001 Q313MB 4.00 MiB
[    2.138203] mmcblk0rpmb: mmc0:0001 Q313MB 4.00 MiB, chardev (249:0)
[    2.147889] input: tm2-touchkey as /devices/platform/i2c-tkey/i2c-1/1-0020/input/input4
[    2.150133] input: MELFAS MMS345 Touchscreen as /devices/platform/soc@0/78b9000.i2c/i2c-6/6-0048/input/input5
[    2.156760] [drm:mdss_runtime_resume] 
[    2.157260] [drm:dsi_dev_probe] 
[    2.157284] [drm:dsi_dev_probe] dsi probed=(____ptrval____)
[    2.157352] [drm:msm_dsi_host_init] dsi_get_config: Version 3:10030001
[    2.157855] [drm:msm_dsi_host_init] Dsi Host 0 initialized
[    2.158022] /soc@0/display-subsystem@1a00000/dsi@1a98000: Fixed dependency cycle(s) with /soc@0/display-subsystem@1a00000/dsi@1a98000/panel@0
[    2.166720] /soc@0/display-subsystem@1a00000/dsi@1a98000/panel@0: Fixed dependency cycle(s) with /soc@0/display-subsystem@1a00000/dsi@1a98000
[    2.180263] msm_mdp 1a01000.display-controller: bound 1a98000.dsi (ops 0xffff8000806384a8)
[    2.191972] [drm:mdp5_runtime_resume] 
[    2.191994] [drm:mdp5_runtime_resume] 
[    2.192016] [drm:mdp5_runtime_suspend] 
[    2.192032] [drm:mdp5_runtime_suspend] 
[    2.192067] msm_mdp 1a01000.display-controller: [drm:mdp5_kms_init] MDP5 version v1.6
[    2.200142] [drm:mdp5_cfg_init] MDP5: msm8x16 hw config selected
[    2.200187] [drm:mdp5_ctlm_init] Pool of 5 CTLs created.
[    2.200827] [drm:mdp5_runtime_resume] 
[    2.200847] [drm:mdp5_runtime_resume] 
[    2.216894] [drm:mdp5_runtime_suspend] 
[    2.216912] [drm:mdp5_runtime_suspend] 
[    2.216948] msm_mdp 1a01000.display-controller: fall back to the other CTL category for INTF 1!
[    2.217372] [drm:mdp5_ctlm_request] CTL 0 allocated
[    2.217652] [drm:mdp5_runtime_resume] 
[    2.217670] [drm:mdp5_runtime_resume] 
[    2.217694] [drm:mdp5_runtime_suspend] 
[    2.217710] [drm:mdp5_runtime_suspend] 
[    2.217905] [drm:mdp5_runtime_resume] 
[    2.217923] [drm:mdp5_runtime_resume] 
[    2.217977] [drm:mdp5_runtime_suspend] 
[    2.217993] [drm:mdp5_runtime_suspend] 
[    2.218350] msm_mdp 1a01000.display-controller: [drm:drm_sysfs_connector_add] [CONNECTOR:36:DSI-1] adding connector to sysfs
[    2.218485] msm_mdp 1a01000.display-controller: [drm:drm_sysfs_connector_hotplug_event] [CONNECTOR:36:DSI-1] generating connector hotplug event
[    2.218526] [drm] Initialized msm-kms 1.13.0 for 1a01000.display-controller on minor 0
[    2.224690] [drm:dsi_host_attach] id=0
[    2.225177] gcc-msm8916 1800000.clock-controller: sync_state() pending due to chosen:framebuffer@8e000000
[    2.231766] [drm:mdss_runtime_suspend] 
[    2.233252] input: GPIO Buttons as /devices/platform/gpio-keys/input/input6
[    2.243170] input: GPIO Hall Effect Sensor as /devices/platform/gpio-hall-sensor/input/input7
[    2.250165] clk: Disabling unused clocks
[    2.257751] [drm:mdss_runtime_resume] 
[    2.258017] PM: genpd: Disabling unused power domains
[    2.261803] [drm:mdss_runtime_suspend] 
[    2.264222] Freeing unused kernel memory: 2624K
[    2.264867] Run /init as init process
[    2.267793]   with arguments:
[    2.267802]     /init
[    2.267809]   with environment:
[    2.267816]     HOME=/
[    2.267824]     TERM=linux
[    2.270936]  INFO pocketboot: starting up
[    2.271800]  INFO pocketboot::reaper: PID 1 reaper thread spawned thread="pocketboot-reaper"
[    2.276486]  INFO pocketboot::getty: getty supervisor spawned pid=110 tty="tty0" baud="115200"
[    2.284727]  INFO pocketboot::getty: getty supervisor spawned pid=112 tty="ttyMSM0" baud="115200"
[    2.300560]  INFO pocketboot: detected boot state reboot_mode=None hard_reset=Some(true) power_key=Some(false) charger=Some(true) warm_reset=Some(false) source_backend="qcom-pon" source_detail="root=samsung,a5u-eur|qcom,msm8916 spmi=0-00 pmic=qcom,pm8916 pmic_node=qcom,pm8916|qcom,spmi-pmic pon=qcom,pm8916-pon pon_node=qcom,pm8916-pon gen=gen1 pon_base=0x800 pon_reason1=0x11 pon_reasons=hard-reset|usb-charger warm_reset_reason1=0x00 warm_reset_reason2=0x00 soft_rb_spare=0x00 reboot_mode=none"
[    2.304385] mmc1: new UHS-I speed SDR104 SDXC card at address aaaa
[    2.322696]  INFO pocketboot: selected device serialno serialno=cd0ee037
[    2.345523] mmcblk1: mmc1:aaaa SR128 119 GiB
[    2.351176]  INFO pocketboot::battery: battery watcher thread spawned thread="pocketboot-battery"
[    2.363902]  INFO pocketboot::battery: battery state updated percent=100 status=NotCharging
[    2.364427]  INFO pocketboot::ui: UI thread spawned thread="pocketboot-ui"
[    2.364646] msm_mdp 1a01000.display-controller: no GPU device was found
[    2.364693] msm_mdp 1a01000.display-controller: [drm:drm_helper_probe_single_connector_modes] [CONNECTOR:36:DSI-1]
[    2.364724] msm_mdp 1a01000.display-controller: [drm:drm_helper_probe_single_connector_modes] [CONNECTOR:36:DSI-1] status updated from unknown to connected
[    2.364816] msm_mdp 1a01000.display-controller: [drm:drm_helper_probe_single_connector_modes] [CONNECTOR:36:DSI-1] probed modes:
[    2.364839] msm_mdp 1a01000.display-controller: [drm:drm_helper_probe_single_connector_modes] Probed mode: "720x1280": 60 80117 720 800 896 1024 1280 1294 1296 1304 0x48 0x0
[    2.365055] msm_mdp 1a01000.display-controller: [drm:drm_mode_addfb2] [FB:62]
[    2.365116] msm_mdp 1a01000.display-controller: [drm:drm_mode_addfb2] [FB:63]
[    2.365189] msm_mdp 1a01000.display-controller: [drm:drm_mode_addfb2] [FB:64]
[    2.367761] msm_mdp 1a01000.display-controller: [drm:drm_sysfs_hotplug_event] generating hotplug event
[    2.374374] GPT:Primary header thinks Alt. header is not at the end of the disk.
[    2.379466]  INFO pocketboot::gadget: USB gadget thread spawned thread="pocketboot-fastboot" mode="fastboot"
[    2.381778] file system registered
[    2.382129]  INFO pocketboot::ui: POCKETBOOT_UI_SCALE scale_factor_milli=1000 physical_width=720 physical_height=1280 logical_width=720 logical_height=1280
[    2.382178] read descriptors
[    2.382227] read strings
[    2.385892] GPT:29337599 != 249737215
[    2.385902] GPT:Alternate GPT header not at the end of the disk.
[    2.385906] GPT:29337599 != 249737215
[    2.385911] GPT: Use GNU Parted to correct GPT errors.
[    2.385980]  INFO pocketboot: CDC-ACM disabled param="pocketboot.acm"
[    2.386359]  mmcblk1: p1 p2 p3
[    2.386614] read descriptors
[    2.386630]  INFO pocketboot: waiting for UI boot selection or fastboot exit
[    2.471355] read strings
[    2.477951]  INFO pocketboot::gadget: USB gadget registered path=/sys/kernel/config/usb_gadget/gadgetry-most-foul0
[    2.479988] Mass Storage Function, version: 2009/09/11
[    2.489845] LUN: removable file: (no medium)
[    2.495409] LUN: removable file: (no medium)
[    2.499621] LUN: removable file: (no medium)
[    2.504058] LUN: removable file: (no medium)
[    2.508115] LUN: removable file: (no medium)
[    2.512374] LUN: removable file: (no medium)
[    2.516797] LUN: removable file: (no medium)
[    2.520884] LUN: removable file: (no medium)
[    2.525184]  INFO pocketboot::gadget: UMS function registered path=/sys/kernel/config/usb_gadget/gadgetry-most-foul0/functions/mass_storage.pocketboot-ums luns=8
[    2.530044] l13: voltage operation not allowed
[    2.544217]  INFO pocketboot::gadget: USB gadget bound udc=ci_hdrc.0
[    2.775792] mms114 6-0048: TSP FW Rev: bootloader 0x6 / core 0x26 / config 0x26
[    2.776130]  INFO pocketboot::ui: opened touch input device path=/dev/input/event4
[    2.800337]  INFO pocketboot: local flash settled elapsed_ms=412 disks=4 partitions=29 events=4 snapshot_changes=0 snapshot=mmcblk0:179:0:30777344[mmcblk0p1|mmcblk0p10|mmcblk0p11|mmcblk0p12|mmcblk0p13|mmcblk0p14|mmcblk0p15|mmcblk0p16|mmcblk0p17|mmcblk0p18|mmcblk0p19|mmcblk0p2|mmcblk0p20|mmcblk0p21|mmcblk0p22|mmcblk0p23|mmcblk0p24|mmcblk0p25|mmcblk0p26|mmcblk0p3|mmcblk0p4|mmcblk0p5|mmcblk0p6|mmcblk0p7|mmcblk0p8|mmcblk0p9],mmcblk0boot0:179:8:8192[-],mmcblk0boot1:179:16:8192[-],mmcblk1:179:24:249737216[mmcblk1p1|mmcblk1p2|mmcblk1p3]
[    2.810762]  INFO pocketboot::adb: adb function enabled
[    2.810762]  INFO pocketboot::fastboot: fastboot function enabled
[    2.835209]  INFO pocketboot: block devices found count=12
[    2.858845]  INFO pocketboot: block device device=loop0 description=loop0 dev=7:0 size=0 sectors/0 MiB rw
[    2.863588]  INFO pocketboot: block device device=loop1 description=loop1 dev=7:1 size=0 sectors/0 MiB rw
[    2.873031]  INFO pocketboot: block device device=loop2 description=loop2 dev=7:2 size=0 sectors/0 MiB rw
[    2.882748]  INFO pocketboot: block device device=loop3 description=loop3 dev=7:3 size=0 sectors/0 MiB rw
[    2.892348]  INFO pocketboot: block device device=loop4 description=loop4 dev=7:4 size=0 sectors/0 MiB rw
[    2.901852]  INFO pocketboot: block device device=loop5 description=loop5 dev=7:5 size=0 sectors/0 MiB rw
[    2.911397]  INFO pocketboot: block device device=loop6 description=loop6 dev=7:6 size=0 sectors/0 MiB rw
[    2.920944]  INFO pocketboot: block device device=loop7 description=loop7 dev=7:7 size=0 sectors/0 MiB rw
[    2.930348]  INFO pocketboot: block device device=mmcblk0 description=mmcblk0 dev=179:0 size=30777344 sectors/15028 MiB rw
[    2.940093]  INFO pocketboot: block partition partition=mmcblk0p1 description=mmcblk0p1 dev=179:1 size=30720 sectors/15 MiB rw partname=apnhlos
[    2.951202]  INFO pocketboot: block partition partition=mmcblk0p10 description=mmcblk0p10 dev=259:2 size=32 sectors/0 MiB rw partname=sec
[    2.963802]  INFO pocketboot: block partition partition=mmcblk0p11 description=mmcblk0p11 dev=259:3 size=21536 sectors/10 MiB rw partname=pad
[    2.976293]  INFO pocketboot: block partition partition=mmcblk0p12 description=mmcblk0p12 dev=259:4 size=20480 sectors/10 MiB rw partname=param
[    2.988953]  INFO pocketboot: block partition partition=mmcblk0p13 description=mmcblk0p13 dev=259:5 size=28672 sectors/14 MiB rw partname=efs
[    3.001661]  INFO pocketboot: block partition partition=mmcblk0p14 description=mmcblk0p14 dev=259:6 size=6144 sectors/3 MiB rw partname=modemst1
[    3.014617]  INFO pocketboot::adb: adb connection opened version=16777217 max_payload=1048576
[    3.014632]  INFO pocketboot: block partition partition=mmcblk0p15 description=mmcblk0p15 dev=259:7 size=6144 sectors/3 MiB rw partname=modemst2
[    3.036374]  INFO pocketboot: block partition partition=mmcblk0p16 description=mmcblk0p16 dev=259:8 size=26624 sectors/13 MiB rw partname=boot
[    3.048955]  INFO pocketboot: block partition partition=mmcblk0p17 description=mmcblk0p17 dev=259:9 size=30720 sectors/15 MiB rw partname=recovery
[    3.061713]  INFO pocketboot: block partition partition=mmcblk0p18 description=mmcblk0p18 dev=259:10 size=10242 sectors/5 MiB rw partname=fota
[    3.074638]  INFO pocketboot: block partition partition=mmcblk0p19 description=mmcblk0p19 dev=259:11 size=14318 sectors/6 MiB rw partname=backup
[    3.087396]  INFO pocketboot: block partition partition=mmcblk0p2 description=mmcblk0p2 dev=179:2 size=117632 sectors/57 MiB rw partname=modem
[    3.100514]  INFO pocketboot: block partition partition=mmcblk0p20 description=mmcblk0p20 dev=259:12 size=6144 sectors/3 MiB rw partname=fsc
[    3.113121]  INFO pocketboot: block partition partition=mmcblk0p21 description=mmcblk0p21 dev=259:13 size=16 sectors/0 MiB rw partname=ssd
[    3.125854]  INFO pocketboot: block partition partition=mmcblk0p22 description=mmcblk0p22 dev=259:14 size=16384 sectors/8 MiB rw partname=persist
[    3.138090]  INFO pocketboot: block partition partition=mmcblk0p23 description=mmcblk0p23 dev=259:15 size=18432 sectors/9 MiB rw partname=persdata
[    3.151371]  INFO pocketboot: block partition partition=mmcblk0p24 description=mmcblk0p24 dev=259:16 size=204800 sectors/100 MiB rw
[    3.164223]  INFO pocketboot: block partition partition=mmcblk0p25 description=mmcblk0p25 dev=259:17 size=1024000 sectors/500 MiB rw
[    3.175938]  INFO pocketboot: block partition partition=mmcblk0p26 description=mmcblk0p26 dev=259:18 size=29169664 sectors/14243 MiB rw
[    3.188092]  INFO pocketboot: block partition partition=mmcblk0p3 description=mmcblk0p3 dev=179:3 size=1024 sectors/0 MiB rw partname=sbl1
[    3.199996]  INFO pocketboot: block partition partition=mmcblk0p4 description=mmcblk0p4 dev=179:4 size=64 sectors/0 MiB rw partname=ddr
[    3.212481]  INFO pocketboot: block partition partition=mmcblk0p5 description=mmcblk0p5 dev=179:5 size=4096 sectors/2 MiB rw partname=aboot
[    3.224583]  INFO pocketboot: block partition partition=mmcblk0p6 description=mmcblk0p6 dev=179:6 size=1024 sectors/0 MiB rw partname=rpm
[    3.237049]  INFO pocketboot: block partition partition=mmcblk0p7 description=mmcblk0p7 dev=179:7 size=1024 sectors/0 MiB rw partname=qsee
[    3.249550]  INFO pocketboot: block partition partition=mmcblk0p8 description=mmcblk0p8 dev=259:0 size=1024 sectors/0 MiB rw partname=qhee
[    3.261872]  INFO pocketboot: block partition partition=mmcblk0p9 description=mmcblk0p9 dev=259:1 size=6144 sectors/3 MiB rw partname=fsg
[    3.274292]  INFO pocketboot: block device device=mmcblk0boot0 description=mmcblk0boot0 dev=179:8 size=8192 sectors/4 MiB ro
[    3.286700]  INFO pocketboot: block device device=mmcblk0boot1 description=mmcblk0boot1 dev=179:16 size=8192 sectors/4 MiB ro
[    3.297978]  INFO pocketboot: block device device=mmcblk1 description=mmcblk1 dev=179:24 size=249737216 sectors/121942 MiB rw
[    3.309168]  INFO pocketboot: block partition partition=mmcblk1p1 description=mmcblk1p1 dev=179:25 size=1026048 sectors/501 MiB rw
[    3.320641]  INFO pocketboot: block partition partition=mmcblk1p2 description=mmcblk1p2 dev=179:26 size=2097152 sectors/1024 MiB rw
[    3.332103]  INFO pocketboot: block partition partition=mmcblk1p3 description=mmcblk1p3 dev=179:27 size=26212319 sectors/12798 MiB rw
[    3.355889]  INFO pocketboot::ui: opened hardware button input device path=/dev/input/event5
[    3.358339]  INFO pocketboot::bootflow: mounted boot partition candidate disk=mmcblk0 partition=mmcblk0p24 role="esp" path=/dev/mmcblk0p24 mount=/run/pocketboot/boot/esp-mmcblk0p24 fstype="vfat"
[    3.391836]  INFO pocketboot::ui: opened hardware button input device path=/dev/input/event2
[    3.392344]  INFO pocketboot::ui: opened hardware button input device path=/dev/input/event1
[    3.394803]  INFO pocketboot::bootflow: mounted boot partition candidate disk=mmcblk1 partition=mmcblk1p1 role="esp" path=/dev/mmcblk1p1 mount=/run/pocketboot/boot/esp-mmcblk1p1 fstype="vfat"
[    3.412633] EXT4-fs (mmcblk1p2): orphan cleanup on readonly fs
[    3.424937]  INFO pocketboot::ui: starting frankenSlint UI path=/dev/dri/card0 connector=DSI-1 width=720 height=1280 format=DrmFourcc(XR24)
[    3.425435] EXT4-fs (mmcblk1p2): mounted filesystem 5077d4c6-b4a5-4429-af95-ee9691dbb6ca ro without journal. Quota mode: disabled.
[    3.444150]  INFO pocketboot::bootflow: mounted boot partition candidate disk=mmcblk1 partition=mmcblk1p2 role="xbootldr" path=/dev/mmcblk1p2 mount=/run/pocketboot/boot/xbootldr-mmcblk1p2 fstype="ext4"
[    3.454802] msm_mdp 1a01000.display-controller: [drm:drm_mode_setcrtc] [CRTC:61:crtc-0]
[    3.455117] msm_mdp 1a01000.display-controller: [drm:drm_mode_setcrtc] [CONNECTOR:36:DSI-1]
[    3.455205] [drm:mdp5_plane_atomic_check] plane-0: check (0 -> 0)
[    3.455244] [drm:mdp5_pipe_assign] DMA0: alloc SMP blocks
[    3.455262] [drm:mdp5_smp_assign] DMA0[0]: request 1 SMP blocks
[    3.455281] [drm:mdp5_pipe_assign] DMA0: assign to plane plane-0 for caps 0
[    3.455300] [drm:mdp5_crtc_atomic_check] crtc-0: check
[    3.455317] [drm:mdp5_mixer_assign] assigning Layer Mixer 0 to crtc crtc-0
[    3.455335] [drm:mdp5_crtc_atomic_check] crtc-0: assign pipe plane-0 on stage=1
[    3.455444] [drm:mdss_runtime_resume] 
[    3.455505] [drm:mdp5_runtime_resume] 
[    3.455522] [drm:mdp5_runtime_resume] 
[    3.455547] [drm:mdp5_smp_prepare_commit] assign DMA0:0, 1 blks
[    3.455567] [drm:mdp5_smp_prepare_commit] assign DMA0:1, 1 blks
[    3.455585] [drm:mdp5_smp_prepare_commit] assign DMA0:2, 1 blks
[    3.455613] [drm:mdp5_crtc_mode_set_nofb] crtc-0: set mode: "720x1280": 60 80117 720 800 896 1024 1280 1294 1296 1304 0x48 0x0
[    3.455642] [drm:dsi_mgr_bridge_mode_set] set mode: "720x1280": 60 80117 720 800 896 1024 1280 1294 1296 1304 0x48 0x0
[    3.455669] [drm:mdp5_crtc_atomic_begin] crtc-0: begin
[    3.455685] [drm:mdp5_plane_atomic_update] plane-0: update
[    3.455702] [drm:mdp5_plane_mode_set] plane-0: FB[63] 0,0,720,1280 -> CRTC[61] 0,0,720,1280
[    3.455754] [drm:mdp5_plane_mode_set] scale config = 0
[    3.455779] [drm:mdp5_crtc_atomic_flush] crtc-0: event: (____ptrval____)
[    3.455803] [drm:mdp5_ctl_blend] lm0: blend config = 0x00040000. ext_cfg = 0x00000000
[    3.455821] [drm:mdp5_crtc_atomic_flush] crtc-0: flush=00000840
[    3.455841] [drm:mdp5_crtc_atomic_enable] crtc-0
[    3.455865] [drm:mdp5_crtc_mode_set_nofb] crtc-0: set mode: "720x1280": 60 80117 720 800 896 1024 1280 1294 1296 1304 0x48 0x0
[    3.455894] [drm:dsi_mgr_bridge_pre_enable] id=0
[    3.455909] [drm:dsi_mgr_bridge_pre_enable] id=0
[    3.455923] [drm:msm_dsi_host_reset_phy] 
[    3.457043] [drm:dsi_calc_pclk] pclk=80117000, bclk=60087750
[    3.457116] [drm:dsi_28nm_phy_enable] 
[    3.457134] [drm:msm_dsi_dphy_timing_calc] PHY timings: 28, 4, 0, 139, 30, 20, 68, 70, 24, 32, 25
[    3.457227] [drm:dsi_link_clk_set_rate_6g] Set clk rates: pclk=80117000, byteclk=60087750
[    3.457313] [drm:dsi_pll_28nm_clk_set_rate] refclk_cfg = 1
[    3.457331] [drm:dsi_pll_28nm_clk_set_rate] div_fb = 12518
[    3.457345] [drm:dsi_pll_28nm_clk_set_rate] frac_n_value = 33947
[    3.457360] [drm:dsi_pll_28nm_clk_set_rate] Generated VCO Clock: 480691200
[    3.457374] [drm:dsi_pll_28nm_clk_set_rate] sdm_cfg0=0
[    3.457388] [drm:dsi_pll_28nm_clk_set_rate] sdm_cfg1=75
[    3.457402] [drm:dsi_pll_28nm_clk_set_rate] sdm_cfg2=155
[    3.457416] [drm:dsi_pll_28nm_clk_set_rate] sdm_cfg3=132
[    3.457431] [drm:dsi_pll_28nm_clk_set_rate] cal_cfg10=224, cal_cfg11=1
[    3.458451] [drm:dsi_pll_28nm_clk_recalc_rate] sdm_dc_off = 11
[    3.458466] [drm:dsi_pll_28nm_clk_recalc_rate] sdm_freq_seed = 33947
[    3.458481] [drm:dsi_pll_28nm_clk_recalc_rate] vco rate = 480690820
[    3.458495] [drm:dsi_pll_28nm_clk_recalc_rate] returning vco rate = 480690820
[    3.458569] [drm:dsi_pll_28nm_vco_prepare_lp] id=0
[    3.459103] [drm:dsi_pll_28nm_vco_prepare_lp] DSI PLL is locked
[    3.459118] [drm:dsi_pll_28nm_vco_prepare_lp] DSI PLL lock success
[    3.459141] [drm:msm_dsi_host_power_on] 
[    3.468704]  INFO pocketboot: boot entries discovered count=1
[    3.473119]  INFO pocketboot: boot entry index=0 id=ostree-1.conf title="Fedora Linux 44-a5u-test (phosh) (ostree:0)" version="7.2.0-0.rc1.15.msm8916.fc44.aarch64" architecture="" role=Xbootldr disk=mmcblk1 partition=mmcblk1p2 source=/run/pocketboot/boot/xbootldr-mmcblk1p2/loader/entries/ostree-1.conf preferred=false directly_bootable=true
[    3.479738] [drm:dsi_intr_ctrl] intr=2220aa02 enable=1
[    3.486276]  INFO pocketboot: boot discovery complete; holding for fastboot or UI selection
[    3.486746] [drm:msm_dsi_host_power_on] lane number=4
[    3.559735] [drm:dsi_link_clk_set_rate_6g] Set clk rates: pclk=80117000, byteclk=60087750
[    3.559823] [drm:dsi_pll_28nm_clk_set_rate] refclk_cfg = 1
[    3.559840] [drm:dsi_pll_28nm_clk_set_rate] div_fb = 12518
[    3.559855] [drm:dsi_pll_28nm_clk_set_rate] frac_n_value = 33947
[    3.559871] [drm:dsi_pll_28nm_clk_set_rate] Generated VCO Clock: 480691200
[    3.559886] [drm:dsi_pll_28nm_clk_set_rate] sdm_cfg0=0
[    3.559900] [drm:dsi_pll_28nm_clk_set_rate] sdm_cfg1=75
[    3.559914] [drm:dsi_pll_28nm_clk_set_rate] sdm_cfg2=155
[    3.559929] [drm:dsi_pll_28nm_clk_set_rate] sdm_cfg3=132
[    3.559944] [drm:dsi_pll_28nm_clk_set_rate] cal_cfg10=224, cal_cfg11=1
[    3.560966] [drm:dsi_pll_28nm_clk_recalc_rate] sdm_dc_off = 11
[    3.560982] [drm:dsi_pll_28nm_clk_recalc_rate] sdm_freq_seed = 33947
[    3.560997] [drm:dsi_pll_28nm_clk_recalc_rate] vco rate = 480690820
[    3.561012] [drm:dsi_pll_28nm_clk_recalc_rate] returning vco rate = 480690820
[    3.561056] [drm:dsi_intr_ctrl] intr=2220aa02 enable=1
[    3.561097] [drm:dsi_host_irq] isr=0x2220aa03, id=0
[    3.561134] [drm:dsi_cmds2buf_tx] ret=50
[    3.561155] [drm:dsi_intr_ctrl] intr=2220aa00 enable=0
[    3.561180] [drm:dsi_link_clk_set_rate_6g] Set clk rates: pclk=80117000, byteclk=60087750
[    3.561246] [drm:dsi_pll_28nm_clk_set_rate] refclk_cfg = 1
[    3.561263] [drm:dsi_pll_28nm_clk_set_rate] div_fb = 12518
[    3.561278] [drm:dsi_pll_28nm_clk_set_rate] frac_n_value = 33947
[    3.561293] [drm:dsi_pll_28nm_clk_set_rate] Generated VCO Clock: 480691200
[    3.561308] [drm:dsi_pll_28nm_clk_set_rate] sdm_cfg0=0
[    3.561322] [drm:dsi_pll_28nm_clk_set_rate] sdm_cfg1=75
[    3.561337] [drm:dsi_pll_28nm_clk_set_rate] sdm_cfg2=155
[    3.561351] [drm:dsi_pll_28nm_clk_set_rate] sdm_cfg3=132
[    3.561366] [drm:dsi_pll_28nm_clk_set_rate] cal_cfg10=224, cal_cfg11=1
[    3.562387] [drm:dsi_pll_28nm_clk_recalc_rate] sdm_dc_off = 11
[    3.562403] [drm:dsi_pll_28nm_clk_recalc_rate] sdm_freq_seed = 33947
[    3.562418] [drm:dsi_pll_28nm_clk_recalc_rate] vco rate = 480690820
[    3.562433] [drm:dsi_pll_28nm_clk_recalc_rate] returning vco rate = 480690820
[    3.562473] [drm:dsi_intr_ctrl] intr=2220aa02 enable=1
[    3.562502] [drm:dsi_host_irq] isr=0x2220aa03, id=0
[    3.562532] [drm:dsi_cmds2buf_tx] ret=50
[    3.562551] [drm:dsi_intr_ctrl] intr=2220aa00 enable=0
[    3.562573] [drm:dsi_link_clk_set_rate_6g] Set clk rates: pclk=80117000, byteclk=60087750
[    3.562636] [drm:dsi_pll_28nm_clk_set_rate] refclk_cfg = 1
[    3.562653] [drm:dsi_pll_28nm_clk_set_rate] div_fb = 12518
[    3.562667] [drm:dsi_pll_28nm_clk_set_rate] frac_n_value = 33947
[    3.562682] [drm:dsi_pll_28nm_clk_set_rate] Generated VCO Clock: 480691200
[    3.562697] [drm:dsi_pll_28nm_clk_set_rate] sdm_cfg0=0
[    3.562711] [drm:dsi_pll_28nm_clk_set_rate] sdm_cfg1=75
[    3.562726] [drm:dsi_pll_28nm_clk_set_rate] sdm_cfg2=155
[    3.562740] [drm:dsi_pll_28nm_clk_set_rate] sdm_cfg3=132
[    3.562755] [drm:dsi_pll_28nm_clk_set_rate] cal_cfg10=224, cal_cfg11=1
[    3.563777] [drm:dsi_pll_28nm_clk_recalc_rate] sdm_dc_off = 11
[    3.563793] [drm:dsi_pll_28nm_clk_recalc_rate] sdm_freq_seed = 33947
[    3.563808] [drm:dsi_pll_28nm_clk_recalc_rate] vco rate = 480690820
[    3.563823] [drm:dsi_pll_28nm_clk_recalc_rate] returning vco rate = 480690820
[    3.563863] [drm:dsi_intr_ctrl] intr=2220aa02 enable=1
[    3.563892] [drm:dsi_host_irq] isr=0x2220aa03, id=0
[    3.563923] [drm:dsi_cmds2buf_tx] ret=50
[    3.563942] [drm:dsi_intr_ctrl] intr=2220aa00 enable=0
[    3.563964] [drm:dsi_link_clk_set_rate_6g] Set clk rates: pclk=80117000, byteclk=60087750
[    3.564026] [drm:dsi_pll_28nm_clk_set_rate] refclk_cfg = 1
[    3.564042] [drm:dsi_pll_28nm_clk_set_rate] div_fb = 12518
[    3.564057] [drm:dsi_pll_28nm_clk_set_rate] frac_n_value = 33947
[    3.564071] [drm:dsi_pll_28nm_clk_set_rate] Generated VCO Clock: 480691200
[    3.564086] [drm:dsi_pll_28nm_clk_set_rate] sdm_cfg0=0
[    3.564100] [drm:dsi_pll_28nm_clk_set_rate] sdm_cfg1=75
[    3.564115] [drm:dsi_pll_28nm_clk_set_rate] sdm_cfg2=155
[    3.564129] [drm:dsi_pll_28nm_clk_set_rate] sdm_cfg3=132
[    3.564144] [drm:dsi_pll_28nm_clk_set_rate] cal_cfg10=224, cal_cfg11=1
[    3.565165] [drm:dsi_pll_28nm_clk_recalc_rate] sdm_dc_off = 11
[    3.565181] [drm:dsi_pll_28nm_clk_recalc_rate] sdm_freq_seed = 33947
[    3.565196] [drm:dsi_pll_28nm_clk_recalc_rate] vco rate = 480690820
[    3.565211] [drm:dsi_pll_28nm_clk_recalc_rate] returning vco rate = 480690820
[    3.565248] [drm:dsi_intr_ctrl] intr=2220aa02 enable=1
[    3.565276] [drm:dsi_host_irq] isr=0x2220aa03, id=0
[    3.565305] [drm:dsi_cmds2buf_tx] ret=50
[    3.565324] [drm:dsi_intr_ctrl] intr=2220aa00 enable=0
[    3.565346] [drm:dsi_link_clk_set_rate_6g] Set clk rates: pclk=80117000, byteclk=60087750
[    3.565406] [drm:dsi_pll_28nm_clk_set_rate] refclk_cfg = 1
[    3.565422] [drm:dsi_pll_28nm_clk_set_rate] div_fb = 12518
[    3.565437] [drm:dsi_pll_28nm_clk_set_rate] frac_n_value = 33947
[    3.565451] [drm:dsi_pll_28nm_clk_set_rate] Generated VCO Clock: 480691200
[    3.565466] [drm:dsi_pll_28nm_clk_set_rate] sdm_cfg0=0
[    3.565481] [drm:dsi_pll_28nm_clk_set_rate] sdm_cfg1=75
[    3.565495] [drm:dsi_pll_28nm_clk_set_rate] sdm_cfg2=155
[    3.565509] [drm:dsi_pll_28nm_clk_set_rate] sdm_cfg3=132
[    3.565524] [drm:dsi_pll_28nm_clk_set_rate] cal_cfg10=224, cal_cfg11=1
[    3.566545] [drm:dsi_pll_28nm_clk_recalc_rate] sdm_dc_off = 11
[    3.566560] [drm:dsi_pll_28nm_clk_recalc_rate] sdm_freq_seed = 33947
[    3.566575] [drm:dsi_pll_28nm_clk_recalc_rate] vco rate = 480690820
[    3.566590] [drm:dsi_pll_28nm_clk_recalc_rate] returning vco rate = 480690820
[    3.566627] [drm:dsi_intr_ctrl] intr=2220aa02 enable=1
[    3.566655] [drm:dsi_host_irq] isr=0x2220aa03, id=0
[    3.566682] [drm:dsi_cmds2buf_tx] ret=50
[    3.566702] [drm:dsi_intr_ctrl] intr=2220aa00 enable=0
[    3.566724] [drm:dsi_link_clk_set_rate_6g] Set clk rates: pclk=80117000, byteclk=60087750
[    3.566784] [drm:dsi_pll_28nm_clk_set_rate] refclk_cfg = 1
[    3.566799] [drm:dsi_pll_28nm_clk_set_rate] div_fb = 12518
[    3.566814] [drm:dsi_pll_28nm_clk_set_rate] frac_n_value = 33947
[    3.566828] [drm:dsi_pll_28nm_clk_set_rate] Generated VCO Clock: 480691200
[    3.566843] [drm:dsi_pll_28nm_clk_set_rate] sdm_cfg0=0
[    3.566858] [drm:dsi_pll_28nm_clk_set_rate] sdm_cfg1=75
[    3.566872] [drm:dsi_pll_28nm_clk_set_rate] sdm_cfg2=155
[    3.566886] [drm:dsi_pll_28nm_clk_set_rate] sdm_cfg3=132
[    3.566901] [drm:dsi_pll_28nm_clk_set_rate] cal_cfg10=224, cal_cfg11=1
[    3.567922] [drm:dsi_pll_28nm_clk_recalc_rate] sdm_dc_off = 11
[    3.567939] [drm:dsi_pll_28nm_clk_recalc_rate] sdm_freq_seed = 33947
[    3.567954] [drm:dsi_pll_28nm_clk_recalc_rate] vco rate = 480690820
[    3.567969] [drm:dsi_pll_28nm_clk_recalc_rate] returning vco rate = 480690820
[    3.568007] [drm:dsi_intr_ctrl] intr=2220aa02 enable=1
[    3.568036] [drm:dsi_host_irq] isr=0x2220aa03, id=0
[    3.568065] [drm:dsi_cmds2buf_tx] ret=50
[    3.568084] [drm:dsi_intr_ctrl] intr=2220aa00 enable=0
[    3.568105] [drm:dsi_link_clk_set_rate_6g] Set clk rates: pclk=80117000, byteclk=60087750
[    3.568166] [drm:dsi_pll_28nm_clk_set_rate] refclk_cfg = 1
[    3.568181] [drm:dsi_pll_28nm_clk_set_rate] div_fb = 12518
[    3.568196] [drm:dsi_pll_28nm_clk_set_rate] frac_n_value = 33947
[    3.568211] [drm:dsi_pll_28nm_clk_set_rate] Generated VCO Clock: 480691200
[    3.568226] [drm:dsi_pll_28nm_clk_set_rate] sdm_cfg0=0
[    3.568240] [drm:dsi_pll_28nm_clk_set_rate] sdm_cfg1=75
[    3.568255] [drm:dsi_pll_28nm_clk_set_rate] sdm_cfg2=155
[    3.568269] [drm:dsi_pll_28nm_clk_set_rate] sdm_cfg3=132
[    3.568283] [drm:dsi_pll_28nm_clk_set_rate] cal_cfg10=224, cal_cfg11=1
[    3.569304] [drm:dsi_pll_28nm_clk_recalc_rate] sdm_dc_off = 11
[    3.569320] [drm:dsi_pll_28nm_clk_recalc_rate] sdm_freq_seed = 33947
[    3.569335] [drm:dsi_pll_28nm_clk_recalc_rate] vco rate = 480690820
[    3.569350] [drm:dsi_pll_28nm_clk_recalc_rate] returning vco rate = 480690820
[    3.569387] [drm:dsi_intr_ctrl] intr=2220aa02 enable=1
[    3.569415] [drm:dsi_host_irq] isr=0x2220aa03, id=0
[    3.569443] [drm:dsi_cmds2buf_tx] ret=50
[    3.569463] [drm:dsi_intr_ctrl] intr=2220aa00 enable=0
[    3.569484] [drm:dsi_link_clk_set_rate_6g] Set clk rates: pclk=80117000, byteclk=60087750
[    3.569545] [drm:dsi_pll_28nm_clk_set_rate] refclk_cfg = 1
[    3.569561] [drm:dsi_pll_28nm_clk_set_rate] div_fb = 12518
[    3.569575] [drm:dsi_pll_28nm_clk_set_rate] frac_n_value = 33947
[    3.569590] [drm:dsi_pll_28nm_clk_set_rate] Generated VCO Clock: 480691200
[    3.569605] [drm:dsi_pll_28nm_clk_set_rate] sdm_cfg0=0
[    3.569619] [drm:dsi_pll_28nm_clk_set_rate] sdm_cfg1=75
[    3.569634] [drm:dsi_pll_28nm_clk_set_rate] sdm_cfg2=155
[    3.569648] [drm:dsi_pll_28nm_clk_set_rate] sdm_cfg3=132
[    3.569662] [drm:dsi_pll_28nm_clk_set_rate] cal_cfg10=224, cal_cfg11=1
[    3.570683] [drm:dsi_pll_28nm_clk_recalc_rate] sdm_dc_off = 11
[    3.570698] [drm:dsi_pll_28nm_clk_recalc_rate] sdm_freq_seed = 33947
[    3.570713] [drm:dsi_pll_28nm_clk_recalc_rate] vco rate = 480690820
[    3.570728] [drm:dsi_pll_28nm_clk_recalc_rate] returning vco rate = 480690820
[    3.570766] [drm:dsi_intr_ctrl] intr=2220aa02 enable=1
[    3.570793] [drm:dsi_host_irq] isr=0x2220aa03, id=0
[    3.570822] [drm:dsi_cmds2buf_tx] ret=50
[    3.570842] [drm:dsi_intr_ctrl] intr=2220aa00 enable=0
[    3.570863] [drm:dsi_link_clk_set_rate_6g] Set clk rates: pclk=80117000, byteclk=60087750
[    3.570923] [drm:dsi_pll_28nm_clk_set_rate] refclk_cfg = 1
[    3.570939] [drm:dsi_pll_28nm_clk_set_rate] div_fb = 12518
[    3.570954] [drm:dsi_pll_28nm_clk_set_rate] frac_n_value = 33947
[    3.570969] [drm:dsi_pll_28nm_clk_set_rate] Generated VCO Clock: 480691200
[    3.570984] [drm:dsi_pll_28nm_clk_set_rate] sdm_cfg0=0
[    3.570998] [drm:dsi_pll_28nm_clk_set_rate] sdm_cfg1=75
[    3.571012] [drm:dsi_pll_28nm_clk_set_rate] sdm_cfg2=155
[    3.571027] [drm:dsi_pll_28nm_clk_set_rate] sdm_cfg3=132
[    3.571041] [drm:dsi_pll_28nm_clk_set_rate] cal_cfg10=224, cal_cfg11=1
[    3.572063] [drm:dsi_pll_28nm_clk_recalc_rate] sdm_dc_off = 11
[    3.572079] [drm:dsi_pll_28nm_clk_recalc_rate] sdm_freq_seed = 33947
[    3.572094] [drm:dsi_pll_28nm_clk_recalc_rate] vco rate = 480690820
[    3.572109] [drm:dsi_pll_28nm_clk_recalc_rate] returning vco rate = 480690820
[    3.572147] [drm:dsi_intr_ctrl] intr=2220aa02 enable=1
[    3.572174] [drm:dsi_host_irq] isr=0x2220aa03, id=0
[    3.572203] [drm:dsi_cmds2buf_tx] ret=50
[    3.572223] [drm:dsi_intr_ctrl] intr=2220aa00 enable=0
[    3.572245] [drm:dsi_link_clk_set_rate_6g] Set clk rates: pclk=80117000, byteclk=60087750
[    3.572306] [drm:dsi_pll_28nm_clk_set_rate] refclk_cfg = 1
[    3.572322] [drm:dsi_pll_28nm_clk_set_rate] div_fb = 12518
[    3.572336] [drm:dsi_pll_28nm_clk_set_rate] frac_n_value = 33947
[    3.572351] [drm:dsi_pll_28nm_clk_set_rate] Generated VCO Clock: 480691200
[    3.572366] [drm:dsi_pll_28nm_clk_set_rate] sdm_cfg0=0
[    3.572380] [drm:dsi_pll_28nm_clk_set_rate] sdm_cfg1=75
[    3.572395] [drm:dsi_pll_28nm_clk_set_rate] sdm_cfg2=155
[    3.572410] [drm:dsi_pll_28nm_clk_set_rate] sdm_cfg3=132
[    3.572424] [drm:dsi_pll_28nm_clk_set_rate] cal_cfg10=224, cal_cfg11=1
[    3.573444] [drm:dsi_pll_28nm_clk_recalc_rate] sdm_dc_off = 11
[    3.573460] [drm:dsi_pll_28nm_clk_recalc_rate] sdm_freq_seed = 33947
[    3.573475] [drm:dsi_pll_28nm_clk_recalc_rate] vco rate = 480690820
[    3.573490] [drm:dsi_pll_28nm_clk_recalc_rate] returning vco rate = 480690820
[    3.573527] [drm:dsi_intr_ctrl] intr=2220aa02 enable=1
[    3.573554] [drm:dsi_host_irq] isr=0x2220aa03, id=0
[    3.573583] [drm:dsi_cmds2buf_tx] ret=50
[    3.573602] [drm:dsi_intr_ctrl] intr=2220aa00 enable=0
[    3.573624] [drm:dsi_link_clk_set_rate_6g] Set clk rates: pclk=80117000, byteclk=60087750
[    3.573683] [drm:dsi_pll_28nm_clk_set_rate] refclk_cfg = 1
[    3.573699] [drm:dsi_pll_28nm_clk_set_rate] div_fb = 12518
[    3.573714] [drm:dsi_pll_28nm_clk_set_rate] frac_n_value = 33947
[    3.573729] [drm:dsi_pll_28nm_clk_set_rate] Generated VCO Clock: 480691200
[    3.573744] [drm:dsi_pll_28nm_clk_set_rate] sdm_cfg0=0
[    3.573758] [drm:dsi_pll_28nm_clk_set_rate] sdm_cfg1=75
[    3.573772] [drm:dsi_pll_28nm_clk_set_rate] sdm_cfg2=155
[    3.573787] [drm:dsi_pll_28nm_clk_set_rate] sdm_cfg3=132
[    3.573801] [drm:dsi_pll_28nm_clk_set_rate] cal_cfg10=224, cal_cfg11=1
[    3.574821] [drm:dsi_pll_28nm_clk_recalc_rate] sdm_dc_off = 11
[    3.574837] [drm:dsi_pll_28nm_clk_recalc_rate] sdm_freq_seed = 33947
[    3.574852] [drm:dsi_pll_28nm_clk_recalc_rate] vco rate = 480690820
[    3.574866] [drm:dsi_pll_28nm_clk_recalc_rate] returning vco rate = 480690820
[    3.574904] [drm:dsi_intr_ctrl] intr=2220aa02 enable=1
[    3.574931] [drm:dsi_host_irq] isr=0x2220aa03, id=0
[    3.574960] [drm:dsi_cmds2buf_tx] ret=50
[    3.574979] [drm:dsi_intr_ctrl] intr=2220aa00 enable=0
[    3.575000] [drm:dsi_link_clk_set_rate_6g] Set clk rates: pclk=80117000, byteclk=60087750
[    3.575060] [drm:dsi_pll_28nm_clk_set_rate] refclk_cfg = 1
[    3.575076] [drm:dsi_pll_28nm_clk_set_rate] div_fb = 12518
[    3.575090] [drm:dsi_pll_28nm_clk_set_rate] frac_n_value = 33947
[    3.575105] [drm:dsi_pll_28nm_clk_set_rate] Generated VCO Clock: 480691200
[    3.575120] [drm:dsi_pll_28nm_clk_set_rate] sdm_cfg0=0
[    3.575134] [drm:dsi_pll_28nm_clk_set_rate] sdm_cfg1=75
[    3.575148] [drm:dsi_pll_28nm_clk_set_rate] sdm_cfg2=155
[    3.575163] [drm:dsi_pll_28nm_clk_set_rate] sdm_cfg3=132
[    3.575177] [drm:dsi_pll_28nm_clk_set_rate] cal_cfg10=224, cal_cfg11=1
[    3.576198] [drm:dsi_pll_28nm_clk_recalc_rate] sdm_dc_off = 11
[    3.576215] [drm:dsi_pll_28nm_clk_recalc_rate] sdm_freq_seed = 33947
[    3.576230] [drm:dsi_pll_28nm_clk_recalc_rate] vco rate = 480690820
[    3.576245] [drm:dsi_pll_28nm_clk_recalc_rate] returning vco rate = 480690820
[    3.576282] [drm:dsi_intr_ctrl] intr=2220aa02 enable=1
[    3.576311] [drm:dsi_host_irq] isr=0x2220aa03, id=0
[    3.576339] [drm:dsi_cmds2buf_tx] ret=50
[    3.576359] [drm:dsi_intr_ctrl] intr=2220aa00 enable=0
[    3.576380] [drm:dsi_link_clk_set_rate_6g] Set clk rates: pclk=80117000, byteclk=60087750
[    3.576440] [drm:dsi_pll_28nm_clk_set_rate] refclk_cfg = 1
[    3.576456] [drm:dsi_pll_28nm_clk_set_rate] div_fb = 12518
[    3.576471] [drm:dsi_pll_28nm_clk_set_rate] frac_n_value = 33947
[    3.576485] [drm:dsi_pll_28nm_clk_set_rate] Generated VCO Clock: 480691200
[    3.576500] [drm:dsi_pll_28nm_clk_set_rate] sdm_cfg0=0
[    3.576514] [drm:dsi_pll_28nm_clk_set_rate] sdm_cfg1=75
[    3.576528] [drm:dsi_pll_28nm_clk_set_rate] sdm_cfg2=155
[    3.576543] [drm:dsi_pll_28nm_clk_set_rate] sdm_cfg3=132
[    3.576557] [drm:dsi_pll_28nm_clk_set_rate] cal_cfg10=224, cal_cfg11=1
[    3.577577] [drm:dsi_pll_28nm_clk_recalc_rate] sdm_dc_off = 11
[    3.577593] [drm:dsi_pll_28nm_clk_recalc_rate] sdm_freq_seed = 33947
[    3.577607] [drm:dsi_pll_28nm_clk_recalc_rate] vco rate = 480690820
[    3.577622] [drm:dsi_pll_28nm_clk_recalc_rate] returning vco rate = 480690820
[    3.577659] [drm:dsi_intr_ctrl] intr=2220aa02 enable=1
[    3.577686] [drm:dsi_host_irq] isr=0x2220aa03, id=0
[    3.577715] [drm:dsi_cmds2buf_tx] ret=50
[    3.577735] [drm:dsi_intr_ctrl] intr=2220aa00 enable=0
[    3.577757] [drm:dsi_link_clk_set_rate_6g] Set clk rates: pclk=80117000, byteclk=60087750
[    3.577817] [drm:dsi_pll_28nm_clk_set_rate] refclk_cfg = 1
[    3.577833] [drm:dsi_pll_28nm_clk_set_rate] div_fb = 12518
[    3.577848] [drm:dsi_pll_28nm_clk_set_rate] frac_n_value = 33947
[    3.577862] [drm:dsi_pll_28nm_clk_set_rate] Generated VCO Clock: 480691200
[    3.577877] [drm:dsi_pll_28nm_clk_set_rate] sdm_cfg0=0
[    3.577892] [drm:dsi_pll_28nm_clk_set_rate] sdm_cfg1=75
[    3.577906] [drm:dsi_pll_28nm_clk_set_rate] sdm_cfg2=155
[    3.577920] [drm:dsi_pll_28nm_clk_set_rate] sdm_cfg3=132
[    3.577935] [drm:dsi_pll_28nm_clk_set_rate] cal_cfg10=224, cal_cfg11=1
[    3.578955] [drm:dsi_pll_28nm_clk_recalc_rate] sdm_dc_off = 11
[    3.578970] [drm:dsi_pll_28nm_clk_recalc_rate] sdm_freq_seed = 33947
[    3.578985] [drm:dsi_pll_28nm_clk_recalc_rate] vco rate = 480690820
[    3.579000] [drm:dsi_pll_28nm_clk_recalc_rate] returning vco rate = 480690820
[    3.579037] [drm:dsi_intr_ctrl] intr=2220aa02 enable=1
[    3.579065] [drm:dsi_host_irq] isr=0x2220aa03, id=0
[    3.579093] [drm:dsi_cmds2buf_tx] ret=50
[    3.579113] [drm:dsi_intr_ctrl] intr=2220aa00 enable=0
[    3.699737] [drm:dsi_link_clk_set_rate_6g] Set clk rates: pclk=80117000, byteclk=60087750
[    3.699802] [drm:dsi_pll_28nm_clk_set_rate] refclk_cfg = 1
[    3.699818] [drm:dsi_pll_28nm_clk_set_rate] div_fb = 12518
[    3.699833] [drm:dsi_pll_28nm_clk_set_rate] frac_n_value = 33947
[    3.699847] [drm:dsi_pll_28nm_clk_set_rate] Generated VCO Clock: 480691200
[    3.699862] [drm:dsi_pll_28nm_clk_set_rate] sdm_cfg0=0
[    3.699877] [drm:dsi_pll_28nm_clk_set_rate] sdm_cfg1=75
[    3.699891] [drm:dsi_pll_28nm_clk_set_rate] sdm_cfg2=155
[    3.699905] [drm:dsi_pll_28nm_clk_set_rate] sdm_cfg3=132
[    3.699919] [drm:dsi_pll_28nm_clk_set_rate] cal_cfg10=224, cal_cfg11=1
[    3.700940] [drm:dsi_pll_28nm_clk_recalc_rate] sdm_dc_off = 11
[    3.700955] [drm:dsi_pll_28nm_clk_recalc_rate] sdm_freq_seed = 33947
[    3.700969] [drm:dsi_pll_28nm_clk_recalc_rate] vco rate = 480690820
[    3.700985] [drm:dsi_pll_28nm_clk_recalc_rate] returning vco rate = 480690820
[    3.701022] [drm:dsi_intr_ctrl] intr=2220aa02 enable=1
[    3.701051] [drm:dsi_host_irq] isr=0x2220aa03, id=0
[    3.701080] [drm:dsi_cmds2buf_tx] ret=50
[    3.701099] [drm:dsi_intr_ctrl] intr=2220aa00 enable=0
[    3.701122] [drm:dsi_link_clk_set_rate_6g] Set clk rates: pclk=80117000, byteclk=60087750
[    3.701182] [drm:dsi_pll_28nm_clk_set_rate] refclk_cfg = 1
[    3.701198] [drm:dsi_pll_28nm_clk_set_rate] div_fb = 12518
[    3.701212] [drm:dsi_pll_28nm_clk_set_rate] frac_n_value = 33947
[    3.701227] [drm:dsi_pll_28nm_clk_set_rate] Generated VCO Clock: 480691200
[    3.701242] [drm:dsi_pll_28nm_clk_set_rate] sdm_cfg0=0
[    3.701256] [drm:dsi_pll_28nm_clk_set_rate] sdm_cfg1=75
[    3.701271] [drm:dsi_pll_28nm_clk_set_rate] sdm_cfg2=155
[    3.701285] [drm:dsi_pll_28nm_clk_set_rate] sdm_cfg3=132
[    3.701299] [drm:dsi_pll_28nm_clk_set_rate] cal_cfg10=224, cal_cfg11=1
[    3.702320] [drm:dsi_pll_28nm_clk_recalc_rate] sdm_dc_off = 11
[    3.702335] [drm:dsi_pll_28nm_clk_recalc_rate] sdm_freq_seed = 33947
[    3.702350] [drm:dsi_pll_28nm_clk_recalc_rate] vco rate = 480690820
[    3.702365] [drm:dsi_pll_28nm_clk_recalc_rate] returning vco rate = 480690820
[    3.702402] [drm:dsi_intr_ctrl] intr=2220aa02 enable=1
[    3.702429] [drm:dsi_host_irq] isr=0x2220aa03, id=0
[    3.702457] [drm:dsi_cmds2buf_tx] ret=50
[    3.702477] [drm:dsi_intr_ctrl] intr=2220aa00 enable=0
[    3.702502] [drm:dsi_mgr_bridge_enable] id=0
[    3.702519] [drm:mdp5_encoder_enable] set mode: "720x1280": 60 80117 720 800 896 1024 1280 1294 1296 1304 0x48 0x0
[    3.702556] [drm:mdp5_ctl_set_encoder_state] intf_1: on
[    3.702560] [drm:mdp5_crtc_vblank_irq] crtc-0: send event: (____ptrval____)
[    3.702689] [drm:mdp5_crtc_err_irq] crtc-0: error: 04000000
[    3.702707] [drm:mdp5_irq_error_handler] *ERROR* errors: 04000000
[    3.719322]  INFO pocketboot::ui: POCKETBOOT_DRM_READY path=/dev/dri/card0 connector=DSI-1 width=720 height=1280
[    3.719808]  INFO pocketboot::ui: POCKETBOOT_DRM_PAGE_FLIP_TEST_START requested=16
[    3.756435] [drm:mdp5_plane_atomic_check] plane-0: check (1 -> 1)
[    3.756481] [drm:mdp5_crtc_atomic_check] crtc-0: check
[    3.756500] [drm:mdp5_crtc_atomic_check] crtc-0: assign pipe plane-0 on stage=1
[    3.756660] [drm:mdp5_crtc_atomic_begin] crtc-0: begin
[    3.756683] [drm:mdp5_plane_atomic_update] plane-0: update
[    3.756701] [drm:mdp5_plane_mode_set] plane-0: FB[62] 0,0,720,1280 -> CRTC[61] 0,0,720,1280
[    3.756729] [drm:mdp5_plane_mode_set] scale config = 0
[    3.756750] [drm:mdp5_crtc_atomic_flush] crtc-0: event: (____ptrval____)
[    3.756774] [drm:mdp5_ctl_blend] lm0: blend config = 0x00040000. ext_cfg = 0x00000000
[    3.756791] [drm:mdp5_crtc_atomic_flush] crtc-0: flush=00000840
[    3.769231] [drm:mdp5_crtc_vblank_irq] crtc-0: send event: (____ptrval____)
[    3.769366]  INFO pocketboot::ui: POCKETBOOT_DRM_PAGE_FLIP sequence=1 remaining=15
[    3.769848] [drm:mdp5_plane_atomic_check] plane-0: check (1 -> 1)
[    3.769878] [drm:mdp5_crtc_atomic_check] crtc-0: check
[    3.769896] [drm:mdp5_crtc_atomic_check] crtc-0: assign pipe plane-0 on stage=1
[    3.770004] [drm:mdp5_plane_cleanup_fb] plane-0: cleanup: FB[63]
[    3.770085] [drm:mdp5_crtc_atomic_begin] crtc-0: begin
[    3.770104] [drm:mdp5_plane_atomic_update] plane-0: update
[    3.770121] [drm:mdp5_plane_mode_set] plane-0: FB[64] 0,0,720,1280 -> CRTC[61] 0,0,720,1280
[    3.770146] [drm:mdp5_plane_mode_set] scale config = 0
[    3.770168] [drm:mdp5_crtc_atomic_flush] crtc-0: event: (____ptrval____)
[    3.770192] [drm:mdp5_ctl_blend] lm0: blend config = 0x00040000. ext_cfg = 0x00000000
[    3.770209] [drm:mdp5_crtc_atomic_flush] crtc-0: flush=00000840
[    3.785896] [drm:mdp5_crtc_vblank_irq] crtc-0: send event: (____ptrval____)
[    3.785960] [drm:mdp5_plane_cleanup_fb] plane-0: cleanup: FB[62]
[    3.786067] [drm:mdp5_crtc_err_irq] crtc-0: error: 04000000
[    3.786082]  INFO pocketboot::ui: POCKETBOOT_DRM_PAGE_FLIP sequence=2 remaining=14
[    3.786086] [drm:mdp5_irq_error_handler] *ERROR* errors: 04000000
[    3.786147] [drm:mdp5_plane_atomic_check] plane-0: check (1 -> 1)
[    3.793170] [drm:mdp5_crtc_atomic_check] crtc-0: check
[    3.793189] [drm:mdp5_crtc_atomic_check] crtc-0: assign pipe plane-0 on stage=1
[    3.793261] [drm:mdp5_crtc_atomic_begin] crtc-0: begin
[    3.793278] [drm:mdp5_plane_atomic_update] plane-0: update
[    3.793296] [drm:mdp5_plane_mode_set] plane-0: FB[63] 0,0,720,1280 -> CRTC[61] 0,0,720,1280
[    3.793321] [drm:mdp5_plane_mode_set] scale config = 0
[    3.793343] [drm:mdp5_crtc_atomic_flush] crtc-0: event: (____ptrval____)
[    3.793367] [drm:mdp5_ctl_blend] lm0: blend config = 0x00040000. ext_cfg = 0x00000000
[    3.793385] [drm:mdp5_crtc_atomic_flush] crtc-0: flush=00000840
[    3.802564] [drm:mdp5_crtc_vblank_irq] crtc-0: send event: (____ptrval____)
[    3.802624] [drm:mdp5_plane_cleanup_fb] plane-0: cleanup: FB[64]
[    3.802725]  INFO pocketboot::ui: POCKETBOOT_DRM_PAGE_FLIP sequence=3 remaining=13
[    3.803178] [drm:mdp5_plane_atomic_check] plane-0: check (1 -> 1)
[    3.803204] [drm:mdp5_crtc_atomic_check] crtc-0: check
[    3.803221] [drm:mdp5_crtc_atomic_check] crtc-0: assign pipe plane-0 on stage=1
[    3.803284] [drm:mdp5_crtc_atomic_begin] crtc-0: begin
[    3.803301] [drm:mdp5_plane_atomic_update] plane-0: update
[    3.803318] [drm:mdp5_plane_mode_set] plane-0: FB[62] 0,0,720,1280 -> CRTC[61] 0,0,720,1280
[    3.803343] [drm:mdp5_plane_mode_set] scale config = 0
[    3.803364] [drm:mdp5_crtc_atomic_flush] crtc-0: event: (____ptrval____)
[    3.803386] [drm:mdp5_ctl_blend] lm0: blend config = 0x00040000. ext_cfg = 0x00000000
[    3.803403] [drm:mdp5_crtc_atomic_flush] crtc-0: flush=00000840
[    3.819230] [drm:mdp5_crtc_vblank_irq] crtc-0: send event: (____ptrval____)
[    3.819281] [drm:mdp5_plane_cleanup_fb] plane-0: cleanup: FB[63]
[    3.819372]  INFO pocketboot::ui: POCKETBOOT_DRM_PAGE_FLIP sequence=4 remaining=12
[    3.819835] [drm:mdp5_plane_atomic_check] plane-0: check (1 -> 1)
[    3.819859] [drm:mdp5_crtc_atomic_check] crtc-0: check
[    3.819876] [drm:mdp5_crtc_atomic_check] crtc-0: assign pipe plane-0 on stage=1
[    3.819932] [drm:mdp5_crtc_atomic_begin] crtc-0: begin
[    3.819949] [drm:mdp5_plane_atomic_update] plane-0: update
[    3.819965] [drm:mdp5_plane_mode_set] plane-0: FB[64] 0,0,720,1280 -> CRTC[61] 0,0,720,1280
[    3.819990] [drm:mdp5_plane_mode_set] scale config = 0
[    3.820011] [drm:mdp5_crtc_atomic_flush] crtc-0: event: (____ptrval____)
[    3.820033] [drm:mdp5_ctl_blend] lm0: blend config = 0x00040000. ext_cfg = 0x00000000
[    3.820050] [drm:mdp5_crtc_atomic_flush] crtc-0: flush=00000840
[    3.835896] [drm:mdp5_crtc_vblank_irq] crtc-0: send event: (____ptrval____)
[    3.835977]  INFO pocketboot::ui: POCKETBOOT_DRM_PAGE_FLIP sequence=5 remaining=11
[    3.836073] [drm:mdp5_crtc_err_irq] crtc-0: error: 04000000
[    3.836224] [drm:mdp5_irq_error_handler] *ERROR* errors: 04000000
[    3.836248] [drm:mdp5_plane_atomic_check] plane-0: check (1 -> 1)
[    3.842522] [drm:mdp5_plane_cleanup_fb] plane-0: cleanup: FB[62]
[    3.842836] [drm:mdp5_crtc_atomic_check] crtc-0: check
[    3.842850] [drm:mdp5_crtc_atomic_check] crtc-0: assign pipe plane-0 on stage=1
[    3.842918] [drm:mdp5_crtc_atomic_begin] crtc-0: begin
[    3.842936] [drm:mdp5_plane_atomic_update] plane-0: update
[    3.842953] [drm:mdp5_plane_mode_set] plane-0: FB[63] 0,0,720,1280 -> CRTC[61] 0,0,720,1280
[    3.842992] [drm:mdp5_plane_mode_set] scale config = 0
[    3.843013] [drm:mdp5_crtc_atomic_flush] crtc-0: event: (____ptrval____)
[    3.843036] [drm:mdp5_ctl_blend] lm0: blend config = 0x00040000. ext_cfg = 0x00000000
[    3.843052] [drm:mdp5_crtc_atomic_flush] crtc-0: flush=00000840
[    3.852566] [drm:mdp5_crtc_vblank_irq] crtc-0: send event: (____ptrval____)
[    3.852655]  INFO pocketboot::ui: POCKETBOOT_DRM_PAGE_FLIP sequence=6 remaining=10
[    3.852931] [drm:mdp5_plane_atomic_check] plane-0: check (1 -> 1)
[    3.852955] [drm:mdp5_crtc_atomic_check] crtc-0: check
[    3.852971] [drm:mdp5_crtc_atomic_check] crtc-0: assign pipe plane-0 on stage=1
[    3.853017] [drm:mdp5_plane_cleanup_fb] plane-0: cleanup: FB[64]
[    3.853077] [drm:mdp5_crtc_atomic_begin] crtc-0: begin
[    3.853094] [drm:mdp5_plane_atomic_update] plane-0: update
[    3.853110] [drm:mdp5_plane_mode_set] plane-0: FB[62] 0,0,720,1280 -> CRTC[61] 0,0,720,1280
[    3.853136] [drm:mdp5_plane_mode_set] scale config = 0
[    3.853156] [drm:mdp5_crtc_atomic_flush] crtc-0: event: (____ptrval____)
[    3.853177] [drm:mdp5_ctl_blend] lm0: blend config = 0x00040000. ext_cfg = 0x00000000
[    3.853193] [drm:mdp5_crtc_atomic_flush] crtc-0: flush=00000840
[    3.869233] [drm:mdp5_crtc_vblank_irq] crtc-0: send event: (____ptrval____)
[    3.869283] [drm:mdp5_plane_cleanup_fb] plane-0: cleanup: FB[63]
[    3.869370]  INFO pocketboot::ui: POCKETBOOT_DRM_PAGE_FLIP sequence=7 remaining=9
[    3.869825] [drm:mdp5_plane_atomic_check] plane-0: check (1 -> 1)
[    3.869848] [drm:mdp5_crtc_atomic_check] crtc-0: check
[    3.869864] [drm:mdp5_crtc_atomic_check] crtc-0: assign pipe plane-0 on stage=1
[    3.869919] [drm:mdp5_crtc_atomic_begin] crtc-0: begin
[    3.869936] [drm:mdp5_plane_atomic_update] plane-0: update
[    3.869953] [drm:mdp5_plane_mode_set] plane-0: FB[64] 0,0,720,1280 -> CRTC[61] 0,0,720,1280
[    3.869978] [drm:mdp5_plane_mode_set] scale config = 0
[    3.869999] [drm:mdp5_crtc_atomic_flush] crtc-0: event: (____ptrval____)
[    3.870021] [drm:mdp5_ctl_blend] lm0: blend config = 0x00040000. ext_cfg = 0x00000000
[    3.870037] [drm:mdp5_crtc_atomic_flush] crtc-0: flush=00000840
[    3.885898] [drm:mdp5_crtc_vblank_irq] crtc-0: send event: (____ptrval____)
[    3.885948] [drm:mdp5_plane_cleanup_fb] plane-0: cleanup: FB[62]
[    3.886030]  INFO pocketboot::ui: POCKETBOOT_DRM_PAGE_FLIP sequence=8 remaining=8
[    3.886072] [drm:mdp5_crtc_err_irq] crtc-0: error: 04000000
[    3.886458] [drm:mdp5_irq_error_handler] *ERROR* errors: 04000000
[    3.886481] [drm:mdp5_plane_atomic_check] plane-0: check (1 -> 1)
[    3.892717] [drm:mdp5_crtc_atomic_check] crtc-0: check
[    3.892734] [drm:mdp5_crtc_atomic_check] crtc-0: assign pipe plane-0 on stage=1
[    3.893152] [drm:mdp5_crtc_atomic_begin] crtc-0: begin
[    3.893171] [drm:mdp5_plane_atomic_update] plane-0: update
[    3.893188] [drm:mdp5_plane_mode_set] plane-0: FB[63] 0,0,720,1280 -> CRTC[61] 0,0,720,1280
[    3.893214] [drm:mdp5_plane_mode_set] scale config = 0
[    3.893235] [drm:mdp5_crtc_atomic_flush] crtc-0: event: (____ptrval____)
[    3.893257] [drm:mdp5_ctl_blend] lm0: blend config = 0x00040000. ext_cfg = 0x00000000
[    3.893275] [drm:mdp5_crtc_atomic_flush] crtc-0: flush=00000840
[    3.902565] [drm:mdp5_crtc_vblank_irq] crtc-0: send event: (____ptrval____)
[    3.902616] [drm:mdp5_plane_cleanup_fb] plane-0: cleanup: FB[64]
[    3.902693]  INFO pocketboot::ui: POCKETBOOT_DRM_PAGE_FLIP sequence=9 remaining=7
[    3.903135] [drm:mdp5_plane_atomic_check] plane-0: check (1 -> 1)
[    3.903158] [drm:mdp5_crtc_atomic_check] crtc-0: check
[    3.903174] [drm:mdp5_crtc_atomic_check] crtc-0: assign pipe plane-0 on stage=1
[    3.903226] [drm:mdp5_crtc_atomic_begin] crtc-0: begin
[    3.903242] [drm:mdp5_plane_atomic_update] plane-0: update
[    3.903259] [drm:mdp5_plane_mode_set] plane-0: FB[62] 0,0,720,1280 -> CRTC[61] 0,0,720,1280
[    3.903284] [drm:mdp5_plane_mode_set] scale config = 0
[    3.903303] [drm:mdp5_crtc_atomic_flush] crtc-0: event: (____ptrval____)
[    3.903324] [drm:mdp5_ctl_blend] lm0: blend config = 0x00040000. ext_cfg = 0x00000000
[    3.903341] [drm:mdp5_crtc_atomic_flush] crtc-0: flush=00000840
[    3.919232] [drm:mdp5_crtc_vblank_irq] crtc-0: send event: (____ptrval____)
[    3.919280] [drm:mdp5_plane_cleanup_fb] plane-0: cleanup: FB[63]
[    3.919357]  INFO pocketboot::ui: POCKETBOOT_DRM_PAGE_FLIP sequence=10 remaining=6
[    3.919810] [drm:mdp5_plane_atomic_check] plane-0: check (1 -> 1)
[    3.919834] [drm:mdp5_crtc_atomic_check] crtc-0: check
[    3.919850] [drm:mdp5_crtc_atomic_check] crtc-0: assign pipe plane-0 on stage=1
[    3.919900] [drm:mdp5_crtc_atomic_begin] crtc-0: begin
[    3.919917] [drm:mdp5_plane_atomic_update] plane-0: update
[    3.919934] [drm:mdp5_plane_mode_set] plane-0: FB[64] 0,0,720,1280 -> CRTC[61] 0,0,720,1280
[    3.919959] [drm:mdp5_plane_mode_set] scale config = 0
[    3.919979] [drm:mdp5_crtc_atomic_flush] crtc-0: event: (____ptrval____)
[    3.920000] [drm:mdp5_ctl_blend] lm0: blend config = 0x00040000. ext_cfg = 0x00000000
[    3.920017] [drm:mdp5_crtc_atomic_flush] crtc-0: flush=00000840
[    3.935899] [drm:mdp5_crtc_vblank_irq] crtc-0: send event: (____ptrval____)
[    3.935974]  INFO pocketboot::ui: POCKETBOOT_DRM_PAGE_FLIP sequence=11 remaining=5
[    3.936076] [drm:mdp5_crtc_err_irq] crtc-0: error: 04000000
[    3.936223] [drm:mdp5_irq_error_handler] *ERROR* errors: 04000000
[    3.936243] [drm:mdp5_plane_atomic_check] plane-0: check (1 -> 1)
[    3.942478] [drm:mdp5_plane_cleanup_fb] plane-0: cleanup: FB[62]
[    3.942836] [drm:mdp5_crtc_atomic_check] crtc-0: check
[    3.942849] [drm:mdp5_crtc_atomic_check] crtc-0: assign pipe plane-0 on stage=1
[    3.942906] [drm:mdp5_crtc_atomic_begin] crtc-0: begin
[    3.942923] [drm:mdp5_plane_atomic_update] plane-0: update
[    3.942940] [drm:mdp5_plane_mode_set] plane-0: FB[63] 0,0,720,1280 -> CRTC[61] 0,0,720,1280
[    3.942966] [drm:mdp5_plane_mode_set] scale config = 0
[    3.942987] [drm:mdp5_crtc_atomic_flush] crtc-0: event: (____ptrval____)
[    3.943009] [drm:mdp5_ctl_blend] lm0: blend config = 0x00040000. ext_cfg = 0x00000000
[    3.943026] [drm:mdp5_crtc_atomic_flush] crtc-0: flush=00000840
[    3.952568] [drm:mdp5_crtc_vblank_irq] crtc-0: send event: (____ptrval____)
[    3.952654]  INFO pocketboot::ui: POCKETBOOT_DRM_PAGE_FLIP sequence=12 remaining=4
[    3.952903] [drm:mdp5_plane_cleanup_fb] plane-0: cleanup: FB[64]
[    3.953101] [drm:mdp5_plane_atomic_check] plane-0: check (1 -> 1)
[    3.953125] [drm:mdp5_crtc_atomic_check] crtc-0: check
[    3.953141] [drm:mdp5_crtc_atomic_check] crtc-0: assign pipe plane-0 on stage=1
[    3.953401] [drm:mdp5_crtc_atomic_begin] crtc-0: begin
[    3.953419] [drm:mdp5_plane_atomic_update] plane-0: update
[    3.953436] [drm:mdp5_plane_mode_set] plane-0: FB[62] 0,0,720,1280 -> CRTC[61] 0,0,720,1280
[    3.953462] [drm:mdp5_plane_mode_set] scale config = 0
[    3.953482] [drm:mdp5_crtc_atomic_flush] crtc-0: event: (____ptrval____)
[    3.953510] [drm:mdp5_ctl_blend] lm0: blend config = 0x00040000. ext_cfg = 0x00000000
[    3.953528] [drm:mdp5_crtc_atomic_flush] crtc-0: flush=00000840
[    3.969241] [drm:mdp5_crtc_vblank_irq] crtc-0: send event: (____ptrval____)
[    3.969282] [drm:mdp5_plane_cleanup_fb] plane-0: cleanup: FB[63]
[    3.969317]  INFO pocketboot::ui: POCKETBOOT_DRM_PAGE_FLIP sequence=13 remaining=3
[    3.969599] [drm:mdp5_plane_atomic_check] plane-0: check (1 -> 1)
[    3.969624] [drm:mdp5_crtc_atomic_check] crtc-0: check
[    3.969640] [drm:mdp5_crtc_atomic_check] crtc-0: assign pipe plane-0 on stage=1
[    3.970047] [drm:mdp5_crtc_atomic_begin] crtc-0: begin
[    3.970066] [drm:mdp5_plane_atomic_update] plane-0: update
[    3.970082] [drm:mdp5_plane_mode_set] plane-0: FB[64] 0,0,720,1280 -> CRTC[61] 0,0,720,1280
[    3.970108] [drm:mdp5_plane_mode_set] scale config = 0
[    3.970128] [drm:mdp5_crtc_atomic_flush] crtc-0: event: (____ptrval____)
[    3.970149] [drm:mdp5_ctl_blend] lm0: blend config = 0x00040000. ext_cfg = 0x00000000
[    3.970167] [drm:mdp5_crtc_atomic_flush] crtc-0: flush=00000840
[    3.985923] [drm:mdp5_crtc_vblank_irq] crtc-0: send event: (____ptrval____)
[    3.985971] [drm:mdp5_plane_cleanup_fb] plane-0: cleanup: FB[62]
[    3.986055]  INFO pocketboot::ui: POCKETBOOT_DRM_PAGE_FLIP sequence=14 remaining=2
[    3.986076] [drm:mdp5_crtc_err_irq] crtc-0: error: 04000000
[    3.986122] [drm:mdp5_plane_atomic_check] plane-0: check (1 -> 1)
[    3.986478] [drm:mdp5_irq_error_handler] *ERROR* errors: 04000000
[    3.986485] [drm:mdp5_crtc_atomic_check] crtc-0: check
[    3.992742] [drm:mdp5_crtc_atomic_check] crtc-0: assign pipe plane-0 on stage=1
[    3.992799] [drm:mdp5_crtc_atomic_begin] crtc-0: begin
[    3.992816] [drm:mdp5_plane_atomic_update] plane-0: update
[    3.992833] [drm:mdp5_plane_mode_set] plane-0: FB[63] 0,0,720,1280 -> CRTC[61] 0,0,720,1280
[    3.992858] [drm:mdp5_plane_mode_set] scale config = 0
[    3.992878] [drm:mdp5_crtc_atomic_flush] crtc-0: event: (____ptrval____)
[    3.992899] [drm:mdp5_ctl_blend] lm0: blend config = 0x00040000. ext_cfg = 0x00000000
[    3.992917] [drm:mdp5_crtc_atomic_flush] crtc-0: flush=00000840
[    4.002569] [drm:mdp5_crtc_vblank_irq] crtc-0: send event: (____ptrval____)
[    4.002654]  INFO pocketboot::ui: POCKETBOOT_DRM_PAGE_FLIP sequence=15 remaining=1
[    4.002947] [drm:mdp5_plane_cleanup_fb] plane-0: cleanup: FB[64]
[    4.003100] [drm:mdp5_plane_atomic_check] plane-0: check (1 -> 1)
[    4.003124] [drm:mdp5_crtc_atomic_check] crtc-0: check
[    4.003141] [drm:mdp5_crtc_atomic_check] crtc-0: assign pipe plane-0 on stage=1
[    4.003200] [drm:mdp5_crtc_atomic_begin] crtc-0: begin
[    4.003218] [drm:mdp5_plane_atomic_update] plane-0: update
[    4.003235] [drm:mdp5_plane_mode_set] plane-0: FB[62] 0,0,720,1280 -> CRTC[61] 0,0,720,1280
[    4.003260] [drm:mdp5_plane_mode_set] scale config = 0
[    4.003280] [drm:mdp5_crtc_atomic_flush] crtc-0: event: (____ptrval____)
[    4.003301] [drm:mdp5_ctl_blend] lm0: blend config = 0x00040000. ext_cfg = 0x00000000
[    4.003318] [drm:mdp5_crtc_atomic_flush] crtc-0: flush=00000840
[    4.019237] [drm:mdp5_crtc_vblank_irq] crtc-0: send event: (____ptrval____)
[    4.019309]  INFO pocketboot::ui: POCKETBOOT_DRM_PAGE_FLIP sequence=16 remaining=0
[    4.019746] [drm:mdp5_plane_cleanup_fb] plane-0: cleanup: FB[63]
[    4.019780]  INFO pocketboot::ui: POCKETBOOT_DRM_PAGE_FLIP_TEST_RESULT requested=16 completed=16
[   15.143749] random: crng init done
[   19.539740] rt5033-charger rt5033-charger: USB mode. connector type: 5
[   28.443116]  INFO pocketboot::fastboot: fastboot command received command="getvar:product"
[   28.446502]  INFO pocketboot::fastboot: fastboot command received command="oem dmesg"
