msm.skip_gpu=1 msm.separate_gpu_kms=1 panic=5 oops=panic printk.time=1 pocketboot.log=info pocketboot.drm_page_flips=16 drm.debug=0x6 pocketboot.lab=a5-display-icc
0-3
/sys/class/drm/card0-DSI-1/status=connected
/sys/class/drm/card0-DSI-1/enabled=enabled
 node                                  tag          avg         peak
--------------------------------------------------------------------
bimc_snoc_mas                                         0            0
mas_apss                                              0            0
mas_gfx                                               0            0
mas_tcu0                                              0            0
mas_tcu1                                              0            0
slv_apps_l2                                           0            0
slv_ebi_ch0                                  2147483647   2147483647
  1a01000.display-controller             0            0      6400000
snoc_bimc_0_slv                                       0            0
snoc_bimc_1_slv                              2147483647   2147483647
  1a01000.display-controller             0            0      6400000
mas_blsp_1                                            0            0
mas_dehr                                              0            0
mas_audio                                             0            0
mas_pcnoc_crypto_0                                    0            0
mas_pcnoc_sdcc_1                                      0            0
mas_pcnoc_sdcc_2                                      0            0
mas_spdm                                              0            0
mas_usb_hs                                            0            0
pcnoc_int_0                                           0            0
pcnoc_int_1                                           0            0
pcnoc_m_0                                             0            0
pcnoc_m_1                                             0            0
pcnoc_s_0                                             0            0
pcnoc_s_1                                             0            0
pcnoc_s_2                                             0            0
pcnoc_s_3                                             0            0
pcnoc_s_4                                             0            0
pcnoc_s_8                                             0            0
pcnoc_s_9                                             0            0
pcnoc_snoc_mas                                        0            0
slv_bimc_cfg                                          0            0
slv_blsp_1                                            0            0
slv_boot_rom                                          0            0
slv_camera_cfg                                        0            0
slv_clk_ctl                                           0            0
slv_crypto_0_cfg                                      0            0
slv_dehr_cfg                                          0            0
slv_display_cfg                                       0            0
slv_gfx_cfg                                           0            0
slv_imem_cfg                                          0            0
slv_audio                                             0            0
slv_mpm                                               0            0
slv_msg_ram                                           0            0
slv_mss                                               0            0
slv_pdm                                               0            0
slv_pmic_arb                                          0            0
slv_pcnoc_cfg                                         0            0
slv_prng                                              0            0
slv_qdss_cfg                                          0            0
slv_rbcpr_cfg                                         0            0
slv_sdcc_1                                            0            0
slv_sdcc_2                                            0            0
slv_security                                          0            0
slv_snoc_cfg                                          0            0
slv_spdm                                              0            0
slv_tcsr                                              0            0
slv_tlmm                                              0            0
slv_usb_hs                                            0            0
slv_venus_cfg                                         0            0
snoc_pcnoc_slv                                        0            0
bimc_snoc_slv                                         0            0
mas_jpeg                                              0            0
mas_mdp                                      2147483647   2147483647
  1a01000.display-controller             0            0      6400000
mas_qdss_bam                                          0            0
mas_qdss_etr                                          0            0
mas_snoc_cfg                                          0            0
mas_vfe                                               0            0
mas_video                                             0            0
mm_int_0                                     2147483647   2147483647
  1a01000.display-controller             0            0      6400000
mm_int_1                                              0            0
mm_int_2                                              0            0
mm_int_bimc                                  2147483647   2147483647
  1a01000.display-controller             0            0      6400000
pcnoc_snoc_slv                                        0            0
slv_apss                                              0            0
slv_cats_0                                            0            0
slv_cats_1                                            0            0
slv_imem                                              0            0
slv_qdss_stm                                          0            0
slv_srvc_snoc                                         0            0
snoc_bimc_0_mas                                       0            0
snoc_bimc_1_mas                              2147483647   2147483647
  1a01000.display-controller             0            0      6400000
snoc_int_0                                            0            0
snoc_int_1                                            0            0
snoc_int_bimc                                         0            0
snoc_pcnoc_mas                                        0            0
qdss_int                                              0            0
