['fastboot', '-s', 'cd0ee037', 'getvar', 'product']
product: pocketboot
Finished. Total time: 0.000s
exit=0
['fastboot', '-s', 'cd0ee037', 'getvar', 'serialno']
serialno: cd0ee037
Finished. Total time: 0.000s
exit=0
['fastboot', '-s', 'cd0ee037', 'getvar', 'compatible']
compatible: samsung,a5u-eur
Finished. Total time: 0.000s
exit=0
['fastboot', '-s', 'cd0ee037', 'getvar', 'is-userspace']
is-userspace: yes
Finished. Total time: 0.000s
exit=0
['fastboot', '-s', 'cd0ee037', 'stage', '/var/home/sam/src/pocketboot/target/a5u-smp-lab/20260911/ramoops-iommu/kexec/workload-v2-install/000.sh']
Sending '/var/home/sam/src/pocketboot/target/a5u-smp-lab/20260911/ramoops-iommu/kexec/workload-v2-install/000.sh' (40 KB) OKAY [  0.003s]
Finished. Total time: 0.003s
exit=0
['fastboot', '-s', 'cd0ee037', 'oem', 'shell-staged']
(bootloader) shell exited 0; 0 bytes staged
(bootloader) run fastboot get_staged /dev/stdout to view
OKAY [  0.055s]
Finished. Total time: 0.055s
exit=0
['fastboot', '-s', 'cd0ee037', 'stage', '/var/home/sam/src/pocketboot/target/a5u-smp-lab/20260911/ramoops-iommu/kexec/workload-v2-install/001.sh']
Sending '/var/home/sam/src/pocketboot/target/a5u-smp-lab/20260911/ramoops-iommu/kexec/workload-v2-install/001.sh' (40 KB) OKAY [  0.003s]
Finished. Total time: 0.003s
exit=0
['fastboot', '-s', 'cd0ee037', 'oem', 'shell-staged']
(bootloader) shell exited 0; 0 bytes staged
(bootloader) run fastboot get_staged /dev/stdout to view
OKAY [  0.029s]
Finished. Total time: 0.029s
exit=0
['fastboot', '-s', 'cd0ee037', 'stage', '/var/home/sam/src/pocketboot/target/a5u-smp-lab/20260911/ramoops-iommu/kexec/workload-v2-install/002.sh']
Sending '/var/home/sam/src/pocketboot/target/a5u-smp-lab/20260911/ramoops-iommu/kexec/workload-v2-install/002.sh' (40 KB) OKAY [  0.003s]
Finished. Total time: 0.003s
exit=0
['fastboot', '-s', 'cd0ee037', 'oem', 'shell-staged']
(bootloader) shell exited 0; 0 bytes staged
(bootloader) run fastboot get_staged /dev/stdout to view
OKAY [  0.029s]
Finished. Total time: 0.029s
exit=0
['fastboot', '-s', 'cd0ee037', 'stage', '/var/home/sam/src/pocketboot/target/a5u-smp-lab/20260911/ramoops-iommu/kexec/workload-v2-install/003.sh']
Sending '/var/home/sam/src/pocketboot/target/a5u-smp-lab/20260911/ramoops-iommu/kexec/workload-v2-install/003.sh' (40 KB) OKAY [  0.003s]
Finished. Total time: 0.003s
exit=0
['fastboot', '-s', 'cd0ee037', 'oem', 'shell-staged']
(bootloader) shell exited 0; 0 bytes staged
(bootloader) run fastboot get_staged /dev/stdout to view
OKAY [  0.029s]
Finished. Total time: 0.029s
exit=0
['fastboot', '-s', 'cd0ee037', 'stage', '/var/home/sam/src/pocketboot/target/a5u-smp-lab/20260911/ramoops-iommu/kexec/workload-v2-install/004.sh']
Sending '/var/home/sam/src/pocketboot/target/a5u-smp-lab/20260911/ramoops-iommu/kexec/workload-v2-install/004.sh' (40 KB) OKAY [  0.003s]
Finished. Total time: 0.003s
exit=0
['fastboot', '-s', 'cd0ee037', 'oem', 'shell-staged']
(bootloader) shell exited 0; 0 bytes staged
(bootloader) run fastboot get_staged /dev/stdout to view
OKAY [  0.028s]
Finished. Total time: 0.028s
exit=0
['fastboot', '-s', 'cd0ee037', 'stage', '/var/home/sam/src/pocketboot/target/a5u-smp-lab/20260911/ramoops-iommu/kexec/workload-v2-install/005.sh']
Sending '/var/home/sam/src/pocketboot/target/a5u-smp-lab/20260911/ramoops-iommu/kexec/workload-v2-install/005.sh' (40 KB) OKAY [  0.003s]
Finished. Total time: 0.003s
exit=0
['fastboot', '-s', 'cd0ee037', 'oem', 'shell-staged']
(bootloader) shell exited 0; 0 bytes staged
(bootloader) run fastboot get_staged /dev/stdout to view
OKAY [  0.028s]
Finished. Total time: 0.028s
exit=0
['fastboot', '-s', 'cd0ee037', 'stage', '/var/home/sam/src/pocketboot/target/a5u-smp-lab/20260911/ramoops-iommu/kexec/workload-v2-install/006.sh']
Sending '/var/home/sam/src/pocketboot/target/a5u-smp-lab/20260911/ramoops-iommu/kexec/workload-v2-install/006.sh' (40 KB) OKAY [  0.003s]
Finished. Total time: 0.003s
exit=0
['fastboot', '-s', 'cd0ee037', 'oem', 'shell-staged']
(bootloader) shell exited 0; 0 bytes staged
(bootloader) run fastboot get_staged /dev/stdout to view
OKAY [  0.028s]
Finished. Total time: 0.028s
exit=0
['fastboot', '-s', 'cd0ee037', 'stage', '/var/home/sam/src/pocketboot/target/a5u-smp-lab/20260911/ramoops-iommu/kexec/workload-v2-install/007.sh']
Sending '/var/home/sam/src/pocketboot/target/a5u-smp-lab/20260911/ramoops-iommu/kexec/workload-v2-install/007.sh' (40 KB) OKAY [  0.003s]
Finished. Total time: 0.003s
exit=0
['fastboot', '-s', 'cd0ee037', 'oem', 'shell-staged']
(bootloader) shell exited 0; 0 bytes staged
(bootloader) run fastboot get_staged /dev/stdout to view
OKAY [  0.029s]
Finished. Total time: 0.029s
exit=0
['fastboot', '-s', 'cd0ee037', 'stage', '/var/home/sam/src/pocketboot/target/a5u-smp-lab/20260911/ramoops-iommu/kexec/workload-v2-install/008.sh']
Sending '/var/home/sam/src/pocketboot/target/a5u-smp-lab/20260911/ramoops-iommu/kexec/workload-v2-install/008.sh' (11 KB) OKAY [  0.001s]
Finished. Total time: 0.001s
exit=0
['fastboot', '-s', 'cd0ee037', 'oem', 'shell-staged']
(bootloader) shell exited 0; 0 bytes staged
(bootloader) run fastboot get_staged /dev/stdout to view
OKAY [  0.026s]
Finished. Total time: 0.026s
exit=0
['fastboot', '-s', 'cd0ee037', 'stage', '/var/home/sam/src/pocketboot/target/a5u-smp-lab/20260911/ramoops-iommu/kexec/coherency-install/000.sh']
Sending '/var/home/sam/src/pocketboot/target/a5u-smp-lab/20260911/ramoops-iommu/kexec/coherency-install/000.sh' (40 KB) OKAY [  0.003s]
Finished. Total time: 0.003s
exit=0
['fastboot', '-s', 'cd0ee037', 'oem', 'shell-staged']
(bootloader) shell exited 0; 0 bytes staged
(bootloader) run fastboot get_staged /dev/stdout to view
OKAY [  0.029s]
Finished. Total time: 0.029s
exit=0
['fastboot', '-s', 'cd0ee037', 'stage', '/var/home/sam/src/pocketboot/target/a5u-smp-lab/20260911/ramoops-iommu/kexec/coherency-install/001.sh']
Sending '/var/home/sam/src/pocketboot/target/a5u-smp-lab/20260911/ramoops-iommu/kexec/coherency-install/001.sh' (40 KB) OKAY [  0.003s]
Finished. Total time: 0.003s
exit=0
['fastboot', '-s', 'cd0ee037', 'oem', 'shell-staged']
(bootloader) shell exited 0; 0 bytes staged
(bootloader) run fastboot get_staged /dev/stdout to view
OKAY [  0.029s]
Finished. Total time: 0.029s
exit=0
['fastboot', '-s', 'cd0ee037', 'stage', '/var/home/sam/src/pocketboot/target/a5u-smp-lab/20260911/ramoops-iommu/kexec/coherency-install/002.sh']
Sending '/var/home/sam/src/pocketboot/target/a5u-smp-lab/20260911/ramoops-iommu/kexec/coherency-install/002.sh' (40 KB) OKAY [  0.003s]
Finished. Total time: 0.003s
exit=0
['fastboot', '-s', 'cd0ee037', 'oem', 'shell-staged']
(bootloader) shell exited 0; 0 bytes staged
(bootloader) run fastboot get_staged /dev/stdout to view
OKAY [  0.030s]
Finished. Total time: 0.030s
exit=0
['fastboot', '-s', 'cd0ee037', 'stage', '/var/home/sam/src/pocketboot/target/a5u-smp-lab/20260911/ramoops-iommu/kexec/coherency-install/003.sh']
Sending '/var/home/sam/src/pocketboot/target/a5u-smp-lab/20260911/ramoops-iommu/kexec/coherency-install/003.sh' (40 KB) OKAY [  0.003s]
Finished. Total time: 0.003s
exit=0
['fastboot', '-s', 'cd0ee037', 'oem', 'shell-staged']
(bootloader) shell exited 0; 0 bytes staged
(bootloader) run fastboot get_staged /dev/stdout to view
OKAY [  0.028s]
Finished. Total time: 0.028s
exit=0
['fastboot', '-s', 'cd0ee037', 'stage', '/var/home/sam/src/pocketboot/target/a5u-smp-lab/20260911/ramoops-iommu/kexec/coherency-install/004.sh']
Sending '/var/home/sam/src/pocketboot/target/a5u-smp-lab/20260911/ramoops-iommu/kexec/coherency-install/004.sh' (40 KB) OKAY [  0.003s]
Finished. Total time: 0.003s
exit=0
['fastboot', '-s', 'cd0ee037', 'oem', 'shell-staged']
(bootloader) shell exited 0; 0 bytes staged
(bootloader) run fastboot get_staged /dev/stdout to view
OKAY [  0.029s]
Finished. Total time: 0.029s
exit=0
['fastboot', '-s', 'cd0ee037', 'stage', '/var/home/sam/src/pocketboot/target/a5u-smp-lab/20260911/ramoops-iommu/kexec/coherency-install/005.sh']
Sending '/var/home/sam/src/pocketboot/target/a5u-smp-lab/20260911/ramoops-iommu/kexec/coherency-install/005.sh' (40 KB) OKAY [  0.003s]
Finished. Total time: 0.003s
exit=0
['fastboot', '-s', 'cd0ee037', 'oem', 'shell-staged']
(bootloader) shell exited 0; 0 bytes staged
(bootloader) run fastboot get_staged /dev/stdout to view
OKAY [  0.029s]
Finished. Total time: 0.029s
exit=0
['fastboot', '-s', 'cd0ee037', 'stage', '/var/home/sam/src/pocketboot/target/a5u-smp-lab/20260911/ramoops-iommu/kexec/coherency-install/006.sh']
Sending '/var/home/sam/src/pocketboot/target/a5u-smp-lab/20260911/ramoops-iommu/kexec/coherency-install/006.sh' (40 KB) OKAY [  0.003s]
Finished. Total time: 0.003s
exit=0
['fastboot', '-s', 'cd0ee037', 'oem', 'shell-staged']
(bootloader) shell exited 0; 0 bytes staged
(bootloader) run fastboot get_staged /dev/stdout to view
OKAY [  0.029s]
Finished. Total time: 0.029s
exit=0
['fastboot', '-s', 'cd0ee037', 'stage', '/var/home/sam/src/pocketboot/target/a5u-smp-lab/20260911/ramoops-iommu/kexec/coherency-install/007.sh']
Sending '/var/home/sam/src/pocketboot/target/a5u-smp-lab/20260911/ramoops-iommu/kexec/coherency-install/007.sh' (40 KB) OKAY [  0.003s]
Finished. Total time: 0.003s
exit=0
['fastboot', '-s', 'cd0ee037', 'oem', 'shell-staged']
(bootloader) shell exited 0; 0 bytes staged
(bootloader) run fastboot get_staged /dev/stdout to view
OKAY [  0.029s]
Finished. Total time: 0.029s
exit=0
['fastboot', '-s', 'cd0ee037', 'stage', '/var/home/sam/src/pocketboot/target/a5u-smp-lab/20260911/ramoops-iommu/kexec/coherency-install/008.sh']
Sending '/var/home/sam/src/pocketboot/target/a5u-smp-lab/20260911/ramoops-iommu/kexec/coherency-install/008.sh' (9 KB) OKAY [  0.001s]
Finished. Total time: 0.001s
exit=0
['fastboot', '-s', 'cd0ee037', 'oem', 'shell-staged']
(bootloader) shell exited 0; 0 bytes staged
(bootloader) run fastboot get_staged /dev/stdout to view
OKAY [  0.027s]
Finished. Total time: 0.027s
exit=0
['fastboot', '-s', 'cd0ee037', 'stage', '/var/home/sam/src/pocketboot/target/a5u-smp-lab/20260911/ramoops-iommu/kexec/snapshot-v2.sh']
Sending '/var/home/sam/src/pocketboot/target/a5u-smp-lab/20260911/ramoops-iommu/kexec/snapshot-v2.sh' (0 KB) OKAY [  0.000s]
Finished. Total time: 0.000s
exit=0
['fastboot', '-s', 'cd0ee037', 'oem', 'shell-staged']
(bootloader) shell exited 0; 1944 bytes staged
(bootloader) run fastboot get_staged /dev/stdout to view
OKAY [  0.532s]
Finished. Total time: 0.532s
exit=0
['fastboot', '-s', 'cd0ee037', 'get_staged', '/var/home/sam/src/pocketboot/target/a5u-smp-lab/20260911/ramoops-iommu/proof/generation-2/snapshot.log']
Uploading '/var/home/sam/src/pocketboot/target/a5u-smp-lab/20260911/ramoops-iommu/proof/generation-2/snapshot.log' OKAY [  0.006s]
Finished. Total time: 0.006s
exit=0
['fastboot', '-s', 'cd0ee037', 'stage', '/var/home/sam/src/pocketboot/target/a5u-smp-lab/20260911/ramoops-iommu/kexec/coherency-run.sh']
Sending '/var/home/sam/src/pocketboot/target/a5u-smp-lab/20260911/ramoops-iommu/kexec/coherency-run.sh' (0 KB) OKAY [  0.000s]
Finished. Total time: 0.000s
exit=0
['fastboot', '-s', 'cd0ee037', 'oem', 'shell-staged']
(bootloader) shell exited 0; 737 bytes staged
(bootloader) run fastboot get_staged /dev/stdout to view
OKAY [  0.222s]
Finished. Total time: 0.222s
exit=0
['fastboot', '-s', 'cd0ee037', 'get_staged', '/var/home/sam/src/pocketboot/target/a5u-smp-lab/20260911/ramoops-iommu/proof/generation-2/coherency.log']
Uploading '/var/home/sam/src/pocketboot/target/a5u-smp-lab/20260911/ramoops-iommu/proof/generation-2/coherency.log' OKAY [  0.006s]
Finished. Total time: 0.006s
exit=0
['fastboot', '-s', 'cd0ee037', 'oem', 'cat:/sys/firmware/fdt']
(bootloader) /sys/firmware/fdt staged (60104 bytes)
(bootloader) run fastboot get_staged /dev/stdout to view
OKAY [  0.001s]
Finished. Total time: 0.001s
exit=0
['fastboot', '-s', 'cd0ee037', 'get_staged', '/var/home/sam/src/pocketboot/target/a5u-smp-lab/20260911/ramoops-iommu/proof/generation-2/live.dtb']
Uploading '/var/home/sam/src/pocketboot/target/a5u-smp-lab/20260911/ramoops-iommu/proof/generation-2/live.dtb' OKAY [  0.008s]
Finished. Total time: 0.008s
exit=0
['fastboot', '-s', 'cd0ee037', 'oem', 'dmesg']
(bootloader) 263 dmesg records staged (18932 bytes)
(bootloader) run fastboot get_staged /dev/stdout to view
OKAY [  0.007s]
Finished. Total time: 0.007s
exit=0
['fastboot', '-s', 'cd0ee037', 'get_staged', '/var/home/sam/src/pocketboot/target/a5u-smp-lab/20260911/ramoops-iommu/proof/generation-2/dmesg.log']
Uploading '/var/home/sam/src/pocketboot/target/a5u-smp-lab/20260911/ramoops-iommu/proof/generation-2/dmesg.log' OKAY [  0.001s]
Finished. Total time: 0.001s
exit=0
