('getvar', 'product')
product: pocketboot
Finished. Total time: 0.001s
('getvar', 'serialno')
serialno: cd0ee037
Finished. Total time: 0.005s
('getvar', 'compatible')
compatible: samsung,a5u-eur
Finished. Total time: 0.006s
('boot', PosixPath('target/a5u-smp-lab/20260911/display-tlb/boot.img'))
Sending 'boot.img' (11168 KB)                      OKAY [  0.663s]
Booting                                            OKAY [  0.960s]
Finished. Total time: 1.629s
('getvar', 'product')
product: pocketboot
Finished. Total time: 0.001s
('getvar', 'serialno')
serialno: cd0ee037
Finished. Total time: 0.005s
('getvar', 'compatible')
compatible: samsung,a5u-eur
Finished. Total time: 0.007s
('oem', 'dmesg')
(bootloader) 946 dmesg records staged (70600 bytes)
(bootloader) run fastboot get_staged /dev/stdout to view
OKAY [  0.029s]
Finished. Total time: 0.029s
('get_staged', PosixPath('target/a5u-smp-lab/20260911/display-tlb/dmesg.log'))
Uploading 'target/a5u-smp-lab/20260911/display-tlb/dmesg.log' OKAY [  0.009s]
Finished. Total time: 0.009s
