('getvar', 'product')
product: pocketboot
Finished. Total time: 0.001s
('getvar', 'serialno')
serialno: cd0ee037
Finished. Total time: 0.005s
('getvar', 'compatible')
compatible: samsung,a5u-eur
Finished. Total time: 0.007s
('stage', PosixPath('target/a5u-smp-lab/20260911/display-tlb/deep-inventory.sh'))
Sending 'target/a5u-smp-lab/20260911/display-tlb/deep-inventory.sh' (0 KB) OKAY [  0.025s]
Finished. Total time: 0.025s
('oem', 'shell-staged')
(bootloader) shell exited 0; 7314 bytes staged
(bootloader) run fastboot get_staged /dev/stdout to view
OKAY [  0.032s]
Finished. Total time: 0.032s
('get_staged', PosixPath('target/a5u-smp-lab/20260911/display-tlb/deep-inventory.log'))
Uploading 'target/a5u-smp-lab/20260911/display-tlb/deep-inventory.log' OKAY [  0.013s]
Finished. Total time: 0.013s
('oem', 'dmesg')
(bootloader) 960 dmesg records staged (71812 bytes)
(bootloader) run fastboot get_staged /dev/stdout to view
OKAY [  0.024s]
Finished. Total time: 0.024s
('get_staged', PosixPath('target/a5u-smp-lab/20260911/display-tlb/later-dmesg.log'))
Uploading 'target/a5u-smp-lab/20260911/display-tlb/later-dmesg.log' OKAY [  0.009s]
Finished. Total time: 0.009s
