[    0.000000] Booting Linux on physical CPU 0x0000000000 [0x410fd030]
[    0.000000] Linux version 7.1.0-rc6+ (sam@sam-desktop) (aarch64-linux-gnu-gcc (GCC) 16.1.1 20260501 (Red Hat Cross 16.1.1-1), GNU ld version 2.46-1.fc44) #51 SMP PREEMPT Fri Sep 11 18:06:09 AEST 2026
[    0.000000] Machine model: Samsung Galaxy A5U (EUR)
[    0.000000] OF: reserved mem: 0x000000008e600000..0x000000008e7fffff (2048 KiB) nomap non-reusable gps
[    0.000000] OF: reserved mem: 0x000000009ff80000..0x000000009fffffff (512 KiB) map non-reusable ramoops@9ff80000
[    0.000000] OF: reserved mem: 0x0000000086000000..0x00000000862fffff (3072 KiB) nomap non-reusable tz-apps@86000000
[    0.000000] OF: reserved mem: 0x0000000086300000..0x00000000863fffff (1024 KiB) nomap non-reusable smem@86300000
[    0.000000] OF: reserved mem: 0x0000000086400000..0x00000000864fffff (1024 KiB) nomap non-reusable hypervisor@86400000
[    0.000000] OF: reserved mem: 0x0000000086500000..0x000000008667ffff (1536 KiB) nomap non-reusable tz@86500000
[    0.000000] OF: reserved mem: 0x0000000086680000..0x00000000866fffff (512 KiB) nomap non-reusable reserved@86680000
[    0.000000] OF: reserved mem: 0x0000000086700000..0x00000000867dffff (896 KiB) nomap non-reusable rmtfs@86700000
[    0.000000] OF: reserved mem: 0x00000000867e0000..0x00000000867fffff (128 KiB) nomap non-reusable rfsa@867e0000
[    0.000000] OF: reserved mem: 0x0000000085500000..0x0000000085ffffff (11264 KiB) nomap non-reusable tz-apps@85500000
[    0.000000] OF: reserved mem: 0x000000008e000000..0x000000008e2a2fff (2700 KiB) nomap non-reusable framebuffer@8e000000
[    0.000000] OF: reserved mem: 0x00000000854ff000..0x00000000854fffff (4 KiB) nomap non-reusable spin-table@854ff000
[    0.000000] Zone ranges:
[    0.000000]   Normal   [mem 0x0000000080000000-0x00000000ffffffff]
[    0.000000] Movable zone start for each node
[    0.000000] Early memory node ranges
[    0.000000]   node   0: [mem 0x0000000080000000-0x00000000854fefff]
[    0.000000]   node   0: [mem 0x00000000854ff000-0x00000000867fffff]
[    0.000000]   node   0: [mem 0x0000000086800000-0x000000008dffffff]
[    0.000000]   node   0: [mem 0x000000008e000000-0x000000008e2a2fff]
[    0.000000]   node   0: [mem 0x000000008e2a3000-0x000000008e5fffff]
[    0.000000]   node   0: [mem 0x000000008e600000-0x000000008e7fffff]
[    0.000000]   node   0: [mem 0x000000008e800000-0x00000000ffffffff]
[    0.000000] Initmem setup node 0 [mem 0x0000000080000000-0x00000000ffffffff]
[    0.000000] percpu: Embedded 14 pages/cpu s28544 r0 d28800 u57344
[    0.000000] pcpu-alloc: s28544 r0 d28800 u57344 alloc=14*4096
[    0.000000] pcpu-alloc: [0] 0 [0] 1 [0] 2 [0] 3 
[    0.000000] Detected VIPT I-cache on CPU0
[    0.000000] CPU features: kernel page table isolation disabled by kernel configuration
[    0.000000] alternatives: applying boot alternatives
[    0.000000] Kernel command line: msm.skip_gpu=1 msm.separate_gpu_kms=1 panic=5 oops=panic printk.time=1 pocketboot.lab=kexec-generation-3-preboot-configured
[    0.000000] printk: log buffer data + meta data: 131072 + 458752 = 589824 bytes
[    0.000000] Dentry cache hash table entries: 262144 (order: 9, 2097152 bytes, linear)
[    0.000000] Inode-cache hash table entries: 131072 (order: 8, 1048576 bytes, linear)
[    0.000000] software IO TLB: SWIOTLB bounce buffer size adjusted to 2MB
[    0.000000] software IO TLB: area num 4.
[    0.000000] software IO TLB: mapped [mem 0x00000000fd600000-0x00000000fd800000] (2MB)
[    0.000000] Built 1 zonelists, mobility grouping on.  Total pages: 524288
[    0.000000] mem auto-init: stack:all(zero), heap alloc:off, heap free:off
[    0.000000] SLUB: HWalign=64, Order=0-3, MinObjects=0, CPUs=4, Nodes=1
[    0.000000] rcu: Hierarchical RCU implementation.
[    0.000000] rcu: RCU calculated value of scheduler-enlistment delay is 25 jiffies.
[    0.000000] NR_IRQS: 64, nr_irqs: 64, preallocated irqs: 0
[    0.000000] Root IRQ handler: gic_handle_irq
[    0.000000] rcu: srcu_init: Setting srcu_struct sizes based on contention.
[    0.000000] arch_timer: cp15 timer running at 19.20MHz (virt).
[    0.000000] clocksource: arch_sys_counter: mask: 0xffffffffffffff max_cycles: 0x46d987e47, max_idle_ns: 440795202767 ns
[    0.000000] sched_clock: 56 bits at 19MHz, resolution 52ns, wraps every 4398046511078ns
[    0.000086] Console: colour dummy device 80x25
[    0.000097] printk: legacy console [tty0] enabled
[    0.000724] Calibrating delay loop (skipped), value calculated using timer frequency.. 38.40 BogoMIPS (lpj=76800)
[    0.000756] pid_max: default: 32768 minimum: 301
[    0.000977] Mount-cache hash table entries: 4096 (order: 3, 32768 bytes, linear)
[    0.001018] Mountpoint-cache hash table entries: 4096 (order: 3, 32768 bytes, linear)
[    0.001386] VFS: Finished mounting rootfs on nullfs
[    0.002010] Pocketboot spin-table v1: persistent page at 0x00000000854ff000
[    0.002941] rcu: Hierarchical SRCU implementation.
[    0.002963] rcu: 	Max phase no-delay instances is 1000.
[    0.003454] smp: Bringing up secondary CPUs ...
[    0.003896] Detected VIPT I-cache on CPU1
[    0.004046] CPU1: Booted secondary processor 0x0000000001 [0x410fd030]
[    0.004541] Detected VIPT I-cache on CPU2
[    0.004677] CPU2: Booted secondary processor 0x0000000002 [0x410fd030]
[    0.005146] Detected VIPT I-cache on CPU3
[    0.005275] CPU3: Booted secondary processor 0x0000000003 [0x410fd030]
[    0.005365] smp: Brought up 1 node, 4 CPUs
[    0.005444] SMP: Total of 4 processors activated.
[    0.005459] CPU: All CPU(s) started at EL1
[    0.005474] CPU features: detected: 32-bit EL0 Support
[    0.005489] CPU features: detected: CRC32 instructions
[    0.005540] alternatives: applying system-wide alternatives
[    0.006417] Memory: 2014988K/2097152K available (5760K kernel code, 852K rwdata, 1712K rodata, 2624K init, 242K bss, 78900K reserved, 0K cma-reserved)
[    0.007070] devtmpfs: initialized
[    0.020874] clocksource: jiffies: mask: 0xffffffff max_cycles: 0xffffffff, max_idle_ns: 7645041785100000 ns
[    0.020945] posixtimers hash table entries: 2048 (order: 3, 32768 bytes, linear)
[    0.021047] futex hash table entries: 1024 (65536 bytes on 1 NUMA nodes, total 64 KiB, linear).
[    0.022078] NET: Registered PF_NETLINK/PF_ROUTE protocol family
[    0.022660] DMA: preallocated 256 KiB GFP_KERNEL pool for atomic allocations
[    0.024296] ASID allocator initialised with 65536 entries
[    0.025264] ramoops: error in header, 12
[    0.051135] ramoops: error in header, 13
[    0.077927] ramoops: error in header, 13
[    0.078294] ramoops: error in header, 12
[    0.078705] ramoops: error in header, 16
[    0.079122] ramoops: error in header, 17
[    0.079494] ramoops: error in header, 13
[    0.079930] ramoops: error in header, 18
[    0.080326] ramoops: error in header, 13
[    0.080799] ramoops: error in header, 22
[    0.081203] ramoops: error in header, 16
[    0.081567] ramoops: error in header, 12
[    0.081945] ramoops: error in header, 13
[    0.082311] ramoops: error in header, 12
[    0.082714] ramoops: error in header, 15
[    0.083084] ramoops: error in header, 13
[    0.083417] ramoops: error in header, 9
[    0.083779] ramoops: error in header, 12
[    0.084213] ramoops: error in header, 18
[    0.084629] ramoops: error in header, 17
[    0.084993] ramoops: error in header, 12
[    0.085307] ramoops: error in header, 7
[    0.085660] ramoops: error in header, 11
[    0.085934] ramoops: error in header, 3
[    0.086250] ramoops: error in header, 7
[    0.086630] ramoops: error in header, 13
[    0.087100] ramoops: error in header, 22
[    0.087406] ramoops: error in header, 6
[    0.087780] ramoops: error in header, 13
[    0.088155] ramoops: error in header, 12
[    0.088592] ramoops: error in header, 19
[    0.088936] ramoops: error in header, 10
[    0.246572] pstore: Using crash dump compression: deflate
[    0.246595] printk: legacy console [ramoops-1] enabled
[    0.280255] pstore: Registered ramoops as persistent store backend
[    0.280474] ramoops: using 0x80000@0x9ff80000, ecc: 64
[    0.289867] /soc@0/clock-controller@1800000: Fixed dependency cycle(s) with /soc@0/display-subsystem@1a00000/phy@1a98300
[    0.290336] /soc@0/display-subsystem@1a00000/display-controller@1a01000: Fixed dependency cycle(s) with /soc@0/display-subsystem@1a00000/dsi@1a98000
[    0.290774] /soc@0/display-subsystem@1a00000/dsi@1a98000: Fixed dependency cycle(s) with /soc@0/display-subsystem@1a00000/dsi@1a98000/panel@0
[    0.291206] /soc@0/display-subsystem@1a00000/dsi@1a98000: Fixed dependency cycle(s) with /soc@0/display-subsystem@1a00000/display-controller@1a01000
[    0.291683] /soc@0/display-subsystem@1a00000/dsi@1a98000/panel@0: Fixed dependency cycle(s) with /soc@0/display-subsystem@1a00000/dsi@1a98000
[    0.292296] /soc@0/display-subsystem@1a00000/phy@1a98300: Fixed dependency cycle(s) with /soc@0/clock-controller@1800000
[    0.292804] /soc@0/usb@78d9000: Fixed dependency cycle(s) with /soc@0/usb@78d9000/ulpi/phy
[    0.293242] /soc@0/usb@78d9000/ulpi/phy: Fixed dependency cycle(s) with /soc@0/usb@78d9000
[    0.293675] /soc@0/interrupt-controller@b000000: Fixed dependency cycle(s) with /soc@0/interrupt-controller@b000000
[    0.298048] /soc@0/clock-controller@1800000: Fixed dependency cycle(s) with /soc@0/display-subsystem@1a00000/phy@1a98300
[    0.302369] /soc@0/display-subsystem@1a00000/display-controller@1a01000: Fixed dependency cycle(s) with /soc@0/display-subsystem@1a00000/dsi@1a98000
[    0.302882] /soc@0/display-subsystem@1a00000/dsi@1a98000: Fixed dependency cycle(s) with /soc@0/display-subsystem@1a00000/dsi@1a98000/panel@0
[    0.303310] /soc@0/display-subsystem@1a00000/dsi@1a98000: Fixed dependency cycle(s) with /soc@0/display-subsystem@1a00000/display-controller@1a01000
[    0.303768] /soc@0/display-subsystem@1a00000/dsi@1a98000/panel@0: Fixed dependency cycle(s) with /soc@0/display-subsystem@1a00000/dsi@1a98000
[    0.307532] /soc@0/usb@78d9000: Fixed dependency cycle(s) with /soc@0/usb@78d9000/ulpi/phy
[    0.308024] /soc@0/usb@78d9000/ulpi/phy: Fixed dependency cycle(s) with /soc@0/usb@78d9000
[    0.314788] iommu: Default domain type: Translated
[    0.315029] iommu: DMA domain TLB invalidation policy: strict mode
[    0.317293] SCSI subsystem initialized
[    0.317652] usbcore: registered new interface driver usbfs
[    0.318113] usbcore: registered new interface driver hub
[    0.318371] usbcore: registered new device driver usb
[    0.319449] i2c-gpio i2c-muic: using lines 617 (SDA) and 618 (SCL)
[    0.320160] i2c-gpio i2c-tkey: using lines 528 (SDA) and 529 (SCL)
[    0.321044] i2c-gpio i2c-nfc: using lines 512 (SDA) and 513 (SCL)
[    0.321671] qcom_scm: convention: smc arm 32
[    0.347387] sm5502 0-0025: Device type: version: 0x0, vendor: 0x1
[    0.350616] clocksource: Switched to clocksource arch_sys_counter
[    0.358714] NET: Registered PF_UNIX/PF_LOCAL protocol family
[    0.367614] workingset: timestamp_bits=62 (anon: 58) max_order=19 bucket_order=0 (anon: 0)
[    0.376191] msm_serial 78b0000.serial: msm_serial: detected port #0
[    0.376674] msm_serial 78b0000.serial: uartclk = 3686400
[    0.377244] 78b0000.serial: ttyMSM0 at MMIO 0x78b0000 (irq = 31, base_baud = 230400) is a MSM
[    0.377686] msm_serial: console setup on port #0
[    0.377941] printk: legacy console [ttyMSM0] enabled
[    1.368200] msm_serial: driver initialized
[    1.395127] platform 1a01000.display-controller: Adding to iommu group 0
[    1.395741] /soc@0/display-subsystem@1a00000/display-controller@1a01000: Fixed dependency cycle(s) with /soc@0/display-subsystem@1a00000/dsi@1a98000
[    1.401901] /soc@0/display-subsystem@1a00000/display-controller@1a01000: Fixed dependency cycle(s) with /soc@0/display-subsystem@1a00000/dsi@1a98000
[    1.414771] /soc@0/display-subsystem@1a00000/dsi@1a98000: Fixed dependency cycle(s) with /soc@0/display-subsystem@1a00000/dsi@1a98000/panel@0
[    1.427882] /soc@0/display-subsystem@1a00000/dsi@1a98000: Fixed dependency cycle(s) with /soc@0/display-subsystem@1a00000/display-controller@1a01000
[    1.440703] /soc@0/display-subsystem@1a00000/dsi@1a98000/panel@0: Fixed dependency cycle(s) with /soc@0/display-subsystem@1a00000/dsi@1a98000
[    1.460604] loop: module loaded
[    1.466887] spmi_pmic_arb 200f000.spmi: PMIC arbiter version v2 (0x20010000)
[    1.502463] input: pwm-vibrator as /devices/platform/vibrator/input/input0
[    1.503460] i2c_qup 78b5000.i2c: using default clock-frequency 100000
[    1.509187] i2c_qup 78b6000.i2c: using default clock-frequency 100000
[    1.516047] i2c_qup 78b8000.i2c: using default clock-frequency 100000
[    1.522321] i2c_qup 78b9000.i2c: using default clock-frequency 100000
[    1.528759] i2c_qup 78ba000.i2c: using default clock-frequency 100000
[    1.538632] rt5033 7-0034: Device found (rev. 6)
[    1.542977] platform rt5033-charger: DMA mask not set
[    1.545766] rt5033-led: Failed to locate of_node [id: -1]
[    1.552121] input: pm8941_pwrkey as /devices/platform/soc@0/200f000.spmi/spmi-0/0-00/200f000.spmi:pmic@0:pon@800/200f000.spmi:pmic@0:pon@800:pwrkey/input/input1
[    1.557085] input: pm8941_resin as /devices/platform/soc@0/200f000.spmi/spmi-0/0-00/200f000.spmi:pmic@0:pon@800/200f000.spmi:pmic@0:pon@800:resin/input/input2
[    1.603464] clocksource: arch_mmio_counter: mask: 0xffffffffffffff max_cycles: 0x46d987e47, max_idle_ns: 440795202767 ns
[    1.603915] arch-timer-mmio b020000.timer: mmio timer running at 19.20MHz (virt)
[    1.636727] msm_mdp 1a01000.display-controller: No interconnect support may cause display underflows!
[    1.687215] msm_hsusb 78d9000.usb: Failed to create device link (0x180) with supplier remoteproc for /soc@0/usb@78d9000/ulpi/phy
[    1.692458] sdhci_msm 7864900.mmc: Got CD GPIO
[    1.705827] tm2-touchkey 1-0020: failed to get regulators: -517
[    1.706731] mms114 6-0048: Unable to get the IO regulator (-517)
[    1.715612] sdhci_msm 7864900.mmc: Got CD GPIO
[    1.726938] gcc-msm8916 1800000.clock-controller: sync_state() pending due to chosen:framebuffer@8e000000
[    1.727403] gcc-msm8916 1800000.clock-controller: sync_state() pending due to 7824900.mmc
[    1.735740] gcc-msm8916 1800000.clock-controller: sync_state() pending due to 7864900.mmc
[    1.743912] gcc-msm8916 1800000.clock-controller: sync_state() pending due to 1a98000.dsi
[    1.752250] gcc-msm8916 1800000.clock-controller: sync_state() pending due to 1a98300.phy
[    1.761231] input: GPIO Buttons as /devices/platform/gpio-keys/input/input4
[    1.769081] input: GPIO Hall Effect Sensor as /devices/platform/gpio-hall-sensor/input/input5
[    1.769167] tm2-touchkey 1-0020: failed to get regulators: -517
[    1.775820] clk: Disabling unused clocks
[    1.783959] mms114 6-0048: Unable to get the IO regulator (-517)
[    1.789558] PM: genpd: Disabling unused power domains
[    1.795610] sdhci_msm 7864900.mmc: Got CD GPIO
[    1.810766] tm2-touchkey 1-0020: failed to get regulators: -517
[    1.811608] mms114 6-0048: Unable to get the IO regulator (-517)
[    1.811634] s3: Bringing 0uV into 1250000-1250000uV
[    1.823051] s4: Bringing 0uV into 1850000-1850000uV
[    1.827111] l2: Bringing 0uV into 1200000-1200000uV
[    1.831626] tm2-touchkey 1-0020: failed to get regulators: -517
[    1.832379] l5: Bringing 0uV into 1800000-1800000uV
[    1.836496] mms114 6-0048: Unable to get the IO regulator (-517)
[    1.842427] l6: Bringing 0uV into 1800000-1800000uV
[    1.851639] sdhci_msm 7864900.mmc: Got CD GPIO
[    1.853396] l7: Bringing 0uV into 1800000-1800000uV
[    1.864838] l8: Bringing 0uV into 2900000-2900000uV
[    1.867667] l9: Bringing 0uV into 3300000-3300000uV
[    1.872536] l11: Bringing 0uV into 2950000-2950000uV
[    1.877331] l12: Bringing 0uV into 1800000-1800000uV
[    1.882343] l13: Bringing 0uV into 3075000-3075000uV
[    1.888105] l17: Bringing 0uV into 2850000-2850000uV
[    1.893794] Freeing unused kernel memory: 2624K
[    1.897200] Run /init as init process
[    1.901404]   with arguments:
[    1.901413]     /init
[    1.901420]   with environment:
[    1.901427]     HOME=/
[    1.901434]     TERM=linux
[    1.919843] file system registered
[    1.920413] read descriptors
[    1.922362] read strings
[    1.926053] read descriptors
[    1.928155] read strings
[    1.931363] Mass Storage Function, version: 2009/09/11
[    1.933289] LUN: removable file: (no medium)
[    1.938733] LUN: removable file: (no medium)
[    1.942907] LUN: removable file: (no medium)
[    1.947340] LUN: removable file: (no medium)
[    1.951412] LUN: removable file: (no medium)
[    1.955658] LUN: removable file: (no medium)
[    1.960101] LUN: removable file: (no medium)
[    1.964173] LUN: removable file: (no medium)
[    2.022835] input: tm2-touchkey as /devices/platform/i2c-tkey/i2c-1/1-0020/input/input9
[    2.025176] input: MELFAS MMS345 Touchscreen as /devices/platform/soc@0/78b9000.i2c/i2c-6/6-0048/input/input10
[    2.049020] sdhci_msm 7864900.mmc: Got CD GPIO
[    2.049361] /soc@0/display-subsystem@1a00000/dsi@1a98000: Fixed dependency cycle(s) with /soc@0/display-subsystem@1a00000/dsi@1a98000/panel@0
[    2.053123] /soc@0/display-subsystem@1a00000/dsi@1a98000/panel@0: Fixed dependency cycle(s) with /soc@0/display-subsystem@1a00000/dsi@1a98000
[    2.066778] msm_mdp 1a01000.display-controller: bound 1a98000.dsi (ops 0xffff8000806384a8)
[    2.078305] msm_mdp 1a01000.display-controller: [drm:mdp5_kms_init] MDP5 version v1.6
[    2.098630] mmc0: SDHCI controller on 7824900.mmc [7824900.mmc] using ADMA
[    2.103270] msm_mdp 1a01000.display-controller: fall back to the other CTL category for INTF 1!
[    2.105654] [drm] Initialized msm-kms 1.13.0 for 1a01000.display-controller on minor 0
[    2.122870] mmc1: SDHCI controller on 7864900.mmc [7864900.mmc] using ADMA
[    2.126889] msm_mdp 1a01000.display-controller: no GPU device was found
[    2.185468] mmc0: Card appears overclocked; req 177770000 Hz, actual 177777777 Hz
[    2.185931] mmc0: Card appears overclocked; req 177770000 Hz, actual 177777777 Hz
[    2.193011] mmc0: new HS200 MMC card at address 0001
[    2.200367] mmcblk0: mmc0:0001 Q313MB 14.7 GiB
[    2.207691]  mmcblk0: p1 p2 p3 p4 p5 p6 p7 p8 p9 p10 p11 p12 p13 p14 p15 p16 p17 p18 p19 p20 p21 p22 p23 p24 p25 p26
[    2.213021] mmcblk0boot0: mmc0:0001 Q313MB 4.00 MiB
[    2.220055] l13: voltage operation not allowed
[    2.221091] mmcblk0boot1: mmc0:0001 Q313MB 4.00 MiB
[    2.230108] mmcblk0rpmb: mmc0:0001 Q313MB 4.00 MiB, chardev (249:0)
[    2.354681] mms114 6-0048: TSP FW Rev: bootloader 0x6 / core 0x26 / config 0x26
[    2.407227] mmc1: new UHS-I speed SDR104 SDXC card at address aaaa
[    2.408159] mmcblk1: mmc1:aaaa SR128 119 GiB
[    2.417675] GPT:Primary header thinks Alt. header is not at the end of the disk.
[    2.417927] GPT:29337599 != 249737215
[    2.424582] GPT:Alternate GPT header not at the end of the disk.
[    2.427924] GPT:29337599 != 249737215
[    2.434166] GPT: Use GNU Parted to correct GPT errors.
[    2.437568]  mmcblk1: p1 p2 p3
[    2.688939] dsi_err_worker: status=4
[    2.689378] dsi_err_worker: status=0
[    2.694048] dsi_err_worker: status=4
[    2.695834] dsi_err_worker: status=4
[    2.700860] dsi_err_worker: status=4
[    2.703060] dsi_err_worker: status=4
[    2.706023] dsi_err_worker: status=0
[    2.831790] dsi_err_worker: status=4
[    2.833055] [drm:mdp5_irq_error_handler] *ERROR* errors: 04000000
[    2.975208] EXT4-fs (mmcblk1p2): orphan cleanup on readonly fs
[    2.976328] EXT4-fs (mmcblk1p2): mounted filesystem 5077d4c6-b4a5-4429-af95-ee9691dbb6ca ro without journal. Quota mode: disabled.
[    3.033114] [drm:mdp5_irq_error_handler] *ERROR* errors: 04000000
[    3.049785] [drm:mdp5_irq_error_handler] *ERROR* errors: 04000000
[    3.066456] [drm:mdp5_irq_error_handler] *ERROR* errors: 04000000
[    3.083122] [drm:mdp5_irq_error_handler] *ERROR* errors: 04000000
[    3.099789] [drm:mdp5_irq_error_handler] *ERROR* errors: 04000000
[    3.116456] [drm:mdp5_irq_error_handler] *ERROR* errors: 04000000
[    3.133124] [drm:mdp5_irq_error_handler] *ERROR* errors: 04000000
[    3.149791] [drm:mdp5_irq_error_handler] *ERROR* errors: 04000000
[    3.166458] [drm:mdp5_irq_error_handler] *ERROR* errors: 04000000
[    4.750637] random: crng init done
[    7.849947] mdp5_irq_error_handler: 280 callbacks suppressed
[    7.849963] [drm:mdp5_irq_error_handler] *ERROR* errors: 04000000
[    7.866621] [drm:mdp5_irq_error_handler] *ERROR* errors: 04000000
[    7.883279] [drm:mdp5_irq_error_handler] *ERROR* errors: 04000000
[    7.899946] [drm:mdp5_irq_error_handler] *ERROR* errors: 04000000
[    7.916613] [drm:mdp5_irq_error_handler] *ERROR* errors: 04000000
[    7.933280] [drm:mdp5_irq_error_handler] *ERROR* errors: 04000000
[    7.949947] [drm:mdp5_irq_error_handler] *ERROR* errors: 04000000
[    7.966624] [drm:mdp5_irq_error_handler] *ERROR* errors: 04000000
[    7.983280] [drm:mdp5_irq_error_handler] *ERROR* errors: 04000000
[    7.999949] [drm:mdp5_irq_error_handler] *ERROR* errors: 04000000
