PB_SMP_SNAPSHOT_V2
Linux (none) 7.1.0-rc6+ #51 SMP PREEMPT Fri Sep 11 18:06:09 AEST 2026 aarch64
boot_id=unavailable
uptime=7.68 27.64
cmdline=msm.skip_gpu=1 msm.separate_gpu_kms=1 panic=5 oops=panic printk.time=1 pocketboot.lab=kexec-generation-3-preboot-configured
online=0-3
cpu_node=/sys/firmware/devicetree/base/cpus/cpu@0 reg=00000000
method=spin-table 
release=00000000854ff400
cpu_node=/sys/firmware/devicetree/base/cpus/cpu@1 reg=00000001
method=spin-table 
release=00000000854ff480
cpu_node=/sys/firmware/devicetree/base/cpus/cpu@2 reg=00000002
method=spin-table 
release=00000000854ff500
cpu_node=/sys/firmware/devicetree/base/cpus/cpu@3 reg=00000003
method=spin-table 
release=00000000854ff580
stat_before
cpu  46 0 253 2767 7 0 0 0 0 0
cpu0 2 0 68 698 0 0 0 0 0 0
cpu1 0 0 28 740 0 0 0 0 0 0
cpu2 35 0 25 706 1 0 0 0 0 0
cpu3 8 0 131 623 6 0 0 0 0 0
intr 38170 0 154 2163 0 0 0 47 0 0 0 0 0 7557 0 0 2 1 0 0 0 0 0 0 0 0 0 0 0 0 0 0 8 26263 0 0 0 0 60 3 72 0 0 0 0 288 68 179 415 0 0 0 0 0 870 2 16 2 0 0 0 0 0 0 0
ctxt 7345
btime 0
processes 172
procs_running 1
procs_blocked 0
softirq 5781 0 485 0 0 0 0 1 4144 0 1151
SMP_WORK_V2 expected=292d74d0d0222325 bytes_per_cpu=67108864
cpu=3 start_cpu=3 end_cpu=3 hash=292d74d0d0222325 cpu_seconds=0.504166 PASS
cpu=2 start_cpu=2 end_cpu=2 hash=292d74d0d0222325 cpu_seconds=0.504113 PASS
cpu=1 start_cpu=1 end_cpu=1 hash=292d74d0d0222325 cpu_seconds=0.504331 PASS
cpu=0 start_cpu=0 end_cpu=0 hash=292d74d0d0222325 cpu_seconds=0.519190 PASS
SMP_WORK_PASS all_four_cpus
stat_after
cpu  250 0 254 2771 7 0 0 0 0 0
cpu0 54 0 68 698 0 0 0 0 0 0
cpu1 51 0 28 741 0 0 0 0 0 0
cpu2 86 0 25 707 1 0 0 0 0 0
cpu3 58 0 131 624 6 0 0 0 0 0
intr 41857 0 162 2207 0 0 0 47 0 0 0 0 0 8076 0 0 2 1 0 0 0 0 0 0 0 0 0 0 0 0 0 0 8 29312 0 0 0 0 66 3 75 0 0 0 0 320 68 179 415 0 0 0 0 0 896 2 16 2 0 0 0 0 0 0 0
ctxt 7607
btime 0
processes 178
procs_running 1
procs_blocked 0
softirq 5914 0 508 0 0 0 0 1 4168 0 1237
PB_SMP_SNAPSHOT_PASS
