[    0.000000] Booting Linux on physical CPU 0x0000000000 [0x410fd030]
[    0.000000] Linux version 7.1.0-rc6+ (root@67c924057250) (aarch64-linux-gnu-gcc (Debian 14.2.0-19) 14.2.0, GNU ld (GNU Binutils for Debian) 2.44) #1 SMP PREEMPT Thu Jul 23 01:16:30 UTC 2026
[    0.000000] Machine model: Samsung Galaxy A5U (EUR)
[    0.000000] [Firmware Bug]: Kernel image misaligned at boot, please fix your bootloader!
[    0.000000] OF: reserved mem: 0x000000008e600000..0x000000008e7fffff (2048 KiB) nomap non-reusable gps
[    0.000000] OF: reserved mem: 0x0000000086000000..0x00000000862fffff (3072 KiB) nomap non-reusable tz-apps@86000000
[    0.000000] OF: reserved mem: 0x0000000086300000..0x00000000863fffff (1024 KiB) nomap non-reusable smem@86300000
[    0.000000] OF: reserved mem: 0x0000000086400000..0x00000000864fffff (1024 KiB) nomap non-reusable hypervisor@86400000
[    0.000000] OF: reserved mem: 0x0000000086500000..0x000000008667ffff (1536 KiB) nomap non-reusable tz@86500000
[    0.000000] OF: reserved mem: 0x0000000086680000..0x00000000866fffff (512 KiB) nomap non-reusable reserved@86680000
[    0.000000] OF: reserved mem: 0x0000000086700000..0x00000000867dffff (896 KiB) nomap non-reusable rmtfs@86700000
[    0.000000] OF: reserved mem: 0x00000000867e0000..0x00000000867fffff (128 KiB) nomap non-reusable rfsa@867e0000
[    0.000000] OF: reserved mem: 0x0000000085500000..0x0000000085ffffff (11264 KiB) nomap non-reusable tz-apps@85500000
[    0.000000] OF: reserved mem: 0x000000008e000000..0x000000008e2a2fff (2700 KiB) nomap non-reusable framebuffer@8e000000
[    0.000000] psci: probing for conduit method from DT.
[    0.000000] psci: PSCIv65535.65535 detected in firmware.
[    0.000000] psci: Using standard PSCI v0.2 function IDs
[    0.000000] psci: MIGRATE_INFO_TYPE not supported.
[    0.000000] psci: SMC Calling Convention v1.0
[    0.000000] Zone ranges:
[    0.000000]   Normal   [mem 0x0000000080000000-0x00000000ffffffff]
[    0.000000] Movable zone start for each node
[    0.000000] Early memory node ranges
[    0.000000]   node   0: [mem 0x0000000080000000-0x00000000854fffff]
[    0.000000]   node   0: [mem 0x0000000085500000-0x00000000867fffff]
[    0.000000]   node   0: [mem 0x0000000086800000-0x000000008dffffff]
[    0.000000]   node   0: [mem 0x000000008e000000-0x000000008e2a2fff]
[    0.000000]   node   0: [mem 0x000000008e2a3000-0x000000008e5fffff]
[    0.000000]   node   0: [mem 0x000000008e600000-0x000000008e7fffff]
[    0.000000]   node   0: [mem 0x000000008e800000-0x00000000ffffffff]
[    0.000000] Initmem setup node 0 [mem 0x0000000080000000-0x00000000ffffffff]
[    0.000000] percpu: Embedded 14 pages/cpu s28544 r0 d28800 u57344
[    0.000000] pcpu-alloc: s28544 r0 d28800 u57344 alloc=14*4096
[    0.000000] pcpu-alloc: [0] 0 [0] 1 [0] 2 [0] 3 
[    0.000000] Detected VIPT I-cache on CPU0
[    0.000000] CPU features: kernel page table isolation disabled by kernel configuration
[    0.000000] alternatives: applying boot alternatives
[    0.000000] Kernel command line: msm.skip_gpu=1 msm.separate_gpu_kms=1 androidboot.sec_atd.tty=/dev/ttyHSL0 loglevel=4 sec_log=0x100000@0xafe00008 sec_dbg=0x80000@0xaff00008 androidboot.revision=2 androidboot.warranty_bit=1 androidboot.bootloader=A500FUXXU1CSB1 lpm_levels.sleep_disabled=1 fg_reset=0 androidboot.boot_recovery=0 sec_debug.reset_reason=0x5 androidboot.debug_level=0x4f4c sec_debug.enable=0 sec_debug.enable_user=0 androidboot.cp_debug_level=0x55FF sec_debug.enable_cp_debug=0 vmalloc=340M cordon=2b2658ad5351729a8559b63d67b21152 connie=SM-A500FU_OPEN_EUR_f470bc14916c732454e6a96d654f3621 lcd_id=0x822003 androidboot.security_mode=1526595584 androidboot.emmc=true androidboot.serialno=cd0ee037 androidboot.baseband=msm lcd_id=0x822003 mdss_mdp.panel=1:dsi:0:ss_dsi_panel_EA8061V_AMS497EE01_HD:1:none
[    0.000000] Unknown kernel command line parameters "sec_log=0x100000@0xafe00008 sec_dbg=0x80000@0xaff00008 fg_reset=0 vmalloc=340M cordon=2b2658ad5351729a8559b63d67b21152 connie=SM-A500FU_OPEN_EUR_f470bc14916c732454e6a96d654f3621 lcd_id=0x822003", will be passed to user space.
[    0.000000] printk: log buffer data + meta data: 131072 + 458752 = 589824 bytes
[    0.000000] Dentry cache hash table entries: 262144 (order: 9, 2097152 bytes, linear)
[    0.000000] Inode-cache hash table entries: 131072 (order: 8, 1048576 bytes, linear)
[    0.000000] software IO TLB: SWIOTLB bounce buffer size adjusted to 2MB
[    0.000000] software IO TLB: area num 4.
[    0.000000] software IO TLB: mapped [mem 0x00000000fd600000-0x00000000fd800000] (2MB)
[    0.000000] Built 1 zonelists, mobility grouping on.  Total pages: 524288
[    0.000000] mem auto-init: stack:all(zero), heap alloc:off, heap free:off
[    0.000000] SLUB: HWalign=64, Order=0-3, MinObjects=0, CPUs=4, Nodes=1
[    0.000000] rcu: Hierarchical RCU implementation.
[    0.000000] rcu: RCU calculated value of scheduler-enlistment delay is 25 jiffies.
[    0.000000] NR_IRQS: 64, nr_irqs: 64, preallocated irqs: 0
[    0.000000] Root IRQ handler: gic_handle_irq
[    0.000000] rcu: srcu_init: Setting srcu_struct sizes based on contention.
[    0.000000] arch_timer: cp15 timer running at 19.20MHz (virt).
[    0.000000] clocksource: arch_sys_counter: mask: 0xffffffffffffff max_cycles: 0x46d987e47, max_idle_ns: 440795202767 ns
[    0.000001] sched_clock: 56 bits at 19MHz, resolution 52ns, wraps every 4398046511078ns
[    0.000096] Console: colour dummy device 80x25
[    0.000109] printk: legacy console [tty0] enabled
[    0.000218] Calibrating delay loop (skipped), value calculated using timer frequency.. 38.40 BogoMIPS (lpj=76800)
[    0.000236] pid_max: default: 32768 minimum: 301
[    0.000462] Mount-cache hash table entries: 4096 (order: 3, 32768 bytes, linear)
[    0.000489] Mountpoint-cache hash table entries: 4096 (order: 3, 32768 bytes, linear)
[    0.000868] VFS: Finished mounting rootfs on nullfs
[    0.002356] rcu: Hierarchical SRCU implementation.
[    0.002366] rcu: 	Max phase no-delay instances is 1000.
[    0.002847] smp: Bringing up secondary CPUs ...
[    0.003279] psci: failed to boot CPU1 (-95)
[    0.003303] CPU1: failed to boot: -95
[    0.003746] psci: failed to boot CPU2 (-95)
[    0.003765] CPU2: failed to boot: -95
[    0.004242] psci: failed to boot CPU3 (-95)
[    0.004261] CPU3: failed to boot: -95
[    0.004310] smp: Brought up 1 node, 1 CPU
[    0.004320] SMP: Total of 1 processors activated.
[    0.004327] CPU: All CPU(s) started at EL1
[    0.004335] CPU features: detected: 32-bit EL0 Support
[    0.004343] CPU features: detected: CRC32 instructions
[    0.004397] alternatives: applying system-wide alternatives
[    0.004890] Memory: 2015744K/2097152K available (5760K kernel code, 852K rwdata, 1724K rodata, 2624K init, 242K bss, 78384K reserved, 0K cma-reserved)
[    0.005489] devtmpfs: initialized
[    0.019408] clocksource: jiffies: mask: 0xffffffff max_cycles: 0xffffffff, max_idle_ns: 7645041785100000 ns
[    0.019462] posixtimers hash table entries: 2048 (order: 3, 32768 bytes, linear)
[    0.019569] futex hash table entries: 1024 (65536 bytes on 1 NUMA nodes, total 64 KiB, linear).
[    0.020663] NET: Registered PF_NETLINK/PF_ROUTE protocol family
[    0.021269] DMA: preallocated 256 KiB GFP_KERNEL pool for atomic allocations
[    0.022968] ASID allocator initialised with 65536 entries
[    0.032425] /soc@0/clock-controller@1800000: Fixed dependency cycle(s) with /soc@0/display-subsystem@1a00000/phy@1a98300
[    0.032492] /soc@0/display-subsystem@1a00000/display-controller@1a01000: Fixed dependency cycle(s) with /soc@0/display-subsystem@1a00000/dsi@1a98000
[    0.032534] /soc@0/display-subsystem@1a00000/dsi@1a98000: Fixed dependency cycle(s) with /soc@0/display-subsystem@1a00000/dsi@1a98000/panel@0
[    0.032568] /soc@0/display-subsystem@1a00000/dsi@1a98000: Fixed dependency cycle(s) with /soc@0/display-subsystem@1a00000/display-controller@1a01000
[    0.032650] /soc@0/display-subsystem@1a00000/dsi@1a98000/panel@0: Fixed dependency cycle(s) with /soc@0/display-subsystem@1a00000/dsi@1a98000
[    0.032685] /soc@0/display-subsystem@1a00000/phy@1a98300: Fixed dependency cycle(s) with /soc@0/clock-controller@1800000
[    0.032977] /soc@0/usb@78d9000: Fixed dependency cycle(s) with /soc@0/usb@78d9000/ulpi/phy
[    0.033018] /soc@0/usb@78d9000/ulpi/phy: Fixed dependency cycle(s) with /soc@0/usb@78d9000
[    0.033047] /soc@0/interrupt-controller@b000000: Fixed dependency cycle(s) with /soc@0/interrupt-controller@b000000
[    0.036975] /soc@0/clock-controller@1800000: Fixed dependency cycle(s) with /soc@0/display-subsystem@1a00000/phy@1a98300
[    0.040885] /soc@0/display-subsystem@1a00000/display-controller@1a01000: Fixed dependency cycle(s) with /soc@0/display-subsystem@1a00000/dsi@1a98000
[    0.040992] /soc@0/display-subsystem@1a00000/dsi@1a98000: Fixed dependency cycle(s) with /soc@0/display-subsystem@1a00000/dsi@1a98000/panel@0
[    0.041020] /soc@0/display-subsystem@1a00000/dsi@1a98000: Fixed dependency cycle(s) with /soc@0/display-subsystem@1a00000/display-controller@1a01000
[    0.041074] /soc@0/display-subsystem@1a00000/dsi@1a98000/panel@0: Fixed dependency cycle(s) with /soc@0/display-subsystem@1a00000/dsi@1a98000
[    0.044347] /soc@0/usb@78d9000: Fixed dependency cycle(s) with /soc@0/usb@78d9000/ulpi/phy
[    0.044445] /soc@0/usb@78d9000/ulpi/phy: Fixed dependency cycle(s) with /soc@0/usb@78d9000
[    0.050760] iommu: Default domain type: Translated
[    0.050778] iommu: DMA domain TLB invalidation policy: strict mode
[    0.052505] SCSI subsystem initialized
[    0.052645] usbcore: registered new interface driver usbfs
[    0.052684] usbcore: registered new interface driver hub
[    0.052727] usbcore: registered new device driver usb
[    0.053404] i2c-gpio i2c-muic: using lines 617 (SDA) and 618 (SCL)
[    0.053895] i2c-gpio i2c-tkey: using lines 528 (SDA) and 529 (SCL)
[    0.054377] i2c-gpio i2c-nfc: using lines 512 (SDA) and 513 (SCL)
[    0.054793] qcom_scm: convention: smc arm 32
[    0.081281] sm5502 0-0025: Device type: version: 0x0, vendor: 0x1
[    0.084718] clocksource: Switched to clocksource arch_sys_counter
[    0.092309] NET: Registered PF_UNIX/PF_LOCAL protocol family
[    0.097599] workingset: timestamp_bits=62 (anon: 58) max_order=19 bucket_order=0 (anon: 0)
[    0.109201] msm_serial 78b0000.serial: msm_serial: detected port #0
[    0.109289] msm_serial 78b0000.serial: uartclk = 7372800
[    0.109697] 78b0000.serial: ttyMSM0 at MMIO 0x78b0000 (irq = 31, base_baud = 460800) is a MSM
[    0.109739] msm_serial: console setup on port #0
[    0.109809] printk: legacy console [ttyMSM0] enabled
[    0.153209] msm_serial: driver initialized
[    0.153677] qcom-iommu 1ef0000.iommu: iommu sec: pgtable size: 94208
[    0.189389] platform 1a01000.display-controller: Adding to iommu group 0
[    0.189625] /soc@0/display-subsystem@1a00000/display-controller@1a01000: Fixed dependency cycle(s) with /soc@0/display-subsystem@1a00000/dsi@1a98000
[    0.190283] /soc@0/display-subsystem@1a00000/display-controller@1a01000: Fixed dependency cycle(s) with /soc@0/display-subsystem@1a00000/dsi@1a98000
[    0.190447] /soc@0/display-subsystem@1a00000/dsi@1a98000: Fixed dependency cycle(s) with /soc@0/display-subsystem@1a00000/dsi@1a98000/panel@0
[    0.190479] /soc@0/display-subsystem@1a00000/dsi@1a98000: Fixed dependency cycle(s) with /soc@0/display-subsystem@1a00000/display-controller@1a01000
[    0.190734] /soc@0/display-subsystem@1a00000/dsi@1a98000/panel@0: Fixed dependency cycle(s) with /soc@0/display-subsystem@1a00000/dsi@1a98000
[    0.202285] loop: module loaded
[    0.202767] spmi_pmic_arb 200f000.spmi: PMIC arbiter version v2 (0x20010000)
[    0.210490] Unpacking initramfs...
[    0.222638] input: pwm-vibrator as /devices/platform/vibrator/input/input0
[    0.223231] i2c_qup 78b5000.i2c: using default clock-frequency 100000
[    0.224034] i2c_qup 78b6000.i2c: using default clock-frequency 100000
[    0.224972] i2c_qup 78b8000.i2c: using default clock-frequency 100000
[    0.225752] i2c_qup 78b9000.i2c: using default clock-frequency 100000
[    0.226681] i2c_qup 78ba000.i2c: using default clock-frequency 100000
[    0.228422] rt5033 7-0034: Device found (rev. 6)
[    0.233108] platform rt5033-charger: DMA mask not set
[    0.233378] rt5033-led: Failed to locate of_node [id: -1]
[    0.235368] input: pm8941_pwrkey as /devices/platform/soc@0/200f000.spmi/spmi-0/0-00/200f000.spmi:pmic@0:pon@800/200f000.spmi:pmic@0:pon@800:pwrkey/input/input1
[    0.236951] input: pm8941_resin as /devices/platform/soc@0/200f000.spmi/spmi-0/0-00/200f000.spmi:pmic@0:pon@800/200f000.spmi:pmic@0:pon@800:resin/input/input2
[    0.293545] clocksource: arch_mmio_counter: mask: 0xffffffffffffff max_cycles: 0x46d987e47, max_idle_ns: 440795202767 ns
[    0.293572] arch-timer-mmio b020000.timer: mmio timer running at 19.20MHz (virt)
[    0.317874] msm_mdp 1a01000.display-controller: No interconnect support may cause display underflows!
[    0.326146] msm_hsusb 78d9000.usb: Failed to create device link (0x180) with supplier remoteproc for /soc@0/usb@78d9000/ulpi/phy
[    0.328335] tm2-touchkey 1-0020: failed to get regulators: -517
[    0.339164] sdhci_msm 7864900.mmc: Got CD GPIO
[    0.341171] mms114 6-0048: Unable to get the IO regulator (-517)
[    0.346523] sdhci_msm 7864900.mmc: Got CD GPIO
[    0.348377] tm2-touchkey 1-0020: failed to get regulators: -517
[    0.350015] mms114 6-0048: Unable to get the IO regulator (-517)
[    0.356062] sdhci_msm 7864900.mmc: Got CD GPIO
[    0.358765] tm2-touchkey 1-0020: failed to get regulators: -517
[    0.366609] s3: Bringing 0uV into 1250000-1250000uV
[    0.366898] mms114 6-0048: Unable to get the IO regulator (-517)
[    0.367358] s4: Bringing 0uV into 1850000-1850000uV
[    0.367887] l2: Bringing 0uV into 1200000-1200000uV
[    0.368437] l5: Bringing 0uV into 1800000-1800000uV
[    0.370850] tm2-touchkey 1-0020: failed to get regulators: -517
[    0.373576] l6: Bringing 0uV into 1800000-1800000uV
[    0.373858] l7: Bringing 0uV into 1800000-1800000uV
[    0.375132] sdhci_msm 7864900.mmc: Got CD GPIO
[    0.375510] l8: Bringing 0uV into 2900000-2900000uV
[    0.375764] l9: Bringing 0uV into 3300000-3300000uV
[    0.376249] l11: Bringing 0uV into 2950000-2950000uV
[    0.376491] l12: Bringing 0uV into 1800000-1800000uV
[    0.376982] l13: Bringing 0uV into 3075000-3075000uV
[    0.377879] l17: Bringing 0uV into 2850000-2850000uV
[    0.378606] input: MELFAS MMS345 Touchscreen as /devices/platform/soc@0/78b9000.i2c/i2c-6/6-0048/input/input6
[    0.412843] mmc0: SDHCI controller on 7824900.mmc [7824900.mmc] using ADMA
[    0.416049] mmc1: SDHCI controller on 7864900.mmc [7864900.mmc] using ADMA
[    0.491544] mmc0: Card appears overclocked; req 177770000 Hz, actual 177777777 Hz
[    0.491579] mmc0: Card appears overclocked; req 177770000 Hz, actual 177777777 Hz
[    0.492251] mmc0: new HS200 MMC card at address 0001
[    0.492977] mmcblk0: mmc0:0001 Q313MB 14.7 GiB
[    0.495782]  mmcblk0: p1 p2 p3 p4 p5 p6 p7 p8 p9 p10 p11 p12 p13 p14 p15 p16 p17 p18 p19 p20 p21 p22 p23 p24 p25 p26
[    0.498805] mmc1: new UHS-I speed SDR104 SDXC card at address aaaa
[    0.499387] mmcblk1: mmc1:aaaa SR128 119 GiB
[    0.502184] mmcblk0boot0: mmc0:0001 Q313MB 4.00 MiB
[    0.503376] mmcblk0boot1: mmc0:0001 Q313MB 4.00 MiB
[    0.504595] mmcblk0rpmb: mmc0:0001 Q313MB 4.00 MiB, chardev (249:0)
[    0.506533] GPT:Primary header thinks Alt. header is not at the end of the disk.
[    0.506544] GPT:29337599 != 249737215
[    0.506554] GPT:Alternate GPT header not at the end of the disk.
[    0.506561] GPT:29337599 != 249737215
[    0.506569] GPT: Use GNU Parted to correct GPT errors.
[    0.506599]  mmcblk1: p1 p2 p3
[    0.572870] input: tm2-touchkey as /devices/platform/i2c-tkey/i2c-1/1-0020/input/input7
[    0.575080] /soc@0/display-subsystem@1a00000/dsi@1a98000: Fixed dependency cycle(s) with /soc@0/display-subsystem@1a00000/dsi@1a98000/panel@0
[    0.575185] /soc@0/display-subsystem@1a00000/dsi@1a98000/panel@0: Fixed dependency cycle(s) with /soc@0/display-subsystem@1a00000/dsi@1a98000
[    0.576103] msm_mdp 1a01000.display-controller: bound 1a98000.dsi (ops 0xffff8000806b8920)
[    0.576383] msm_mdp 1a01000.display-controller: [drm:mdp5_kms_init] MDP5 version v1.6
[    0.593227] msm_mdp 1a01000.display-controller: fall back to the other CTL category for INTF 1!
[    0.594212] [drm] Initialized msm-kms 1.13.0 for 1a01000.display-controller on minor 0
[    0.594756] gcc-msm8916 1800000.clock-controller: sync_state() pending due to chosen:framebuffer@8e000000
[    0.595561] input: GPIO Buttons as /devices/platform/gpio-keys/input/input8
[    0.596369] input: GPIO Hall Effect Sensor as /devices/platform/gpio-hall-sensor/input/input9
[    0.597378] clk: Disabling unused clocks
[    0.597644] PM: genpd: Disabling unused power domains
[    0.600050] Freeing unused kernel memory: 2624K
[    0.600297] Run /init as init process
[    0.600306]   with arguments:
[    0.600313]     /init
[    0.600319]   with environment:
[    0.600326]     HOME=/
[    0.600333]     TERM=linux
[    0.600340]     sec_log=0x100000@0xafe00008
[    0.600347]     sec_dbg=0x80000@0xaff00008
[    0.600355]     fg_reset=0
[    0.600363]     vmalloc=340M
[    0.600371]     cordon=2b2658ad5351729a8559b63d67b21152
[    0.600378]     connie=SM-A500FU_OPEN_EUR_f470bc14916c732454e6a96d654f3621
[    0.600387]     lcd_id=0x822003
[    0.620527] msm_mdp 1a01000.display-controller: no GPU device was found
[    0.631022] file system registered
[    0.631326] read descriptors
[    0.631351] read strings
[    0.632041] read descriptors
[    0.632064] read strings
[    0.632688] Mass Storage Function, version: 2009/09/11
[    0.640813] LUN: removable file: (no medium)
[    0.641277] LUN: removable file: (no medium)
[    0.641544] LUN: removable file: (no medium)
[    0.641825] LUN: removable file: (no medium)
[    0.642066] LUN: removable file: (no medium)
[    0.642312] LUN: removable file: (no medium)
[    0.642554] LUN: removable file: (no medium)
[    0.642807] LUN: removable file: (no medium)
[    0.645126] l13: voltage operation not allowed
[    0.869401] mms114 6-0048: TSP FW Rev: bootloader 0x6 / core 0x26 / config 0x26
[    1.127273] [drm:mdp5_irq_error_handler] *ERROR* errors: 04000000
[    1.158619] EXT4-fs (mmcblk1p2): orphan cleanup on readonly fs
[    1.159441] EXT4-fs (mmcblk1p2): mounted filesystem 5077d4c6-b4a5-4429-af95-ee9691dbb6ca ro without journal. Quota mode: disabled.
[   17.488718] rt5033-charger rt5033-charger: USB mode. connector type: 5
[   57.464731] random: crng init done
