['fastboot', '-s', 'cd0ee037', 'oem', 'dmesg']
(bootloader) 237 dmesg records staged (18634 bytes)
(bootloader) run fastboot get_staged /dev/stdout to view
OKAY [  0.006s]
Finished. Total time: 0.006s
['fastboot', '-s', 'cd0ee037', 'get_staged', 'target/a5u-smp-lab/20260911/initial/dmesg.log']
Uploading 'target/a5u-smp-lab/20260911/initial/dmesg.log' OKAY [  0.001s]
Finished. Total time: 0.001s
['fastboot', '-s', 'cd0ee037', 'oem', 'cat:/sys/firmware/fdt']
(bootloader) /sys/firmware/fdt staged (60586 bytes)
(bootloader) run fastboot get_staged /dev/stdout to view
OKAY [  0.001s]
Finished. Total time: 0.001s
['fastboot', '-s', 'cd0ee037', 'get_staged', 'target/a5u-smp-lab/20260911/initial/live.dtb']
Uploading 'target/a5u-smp-lab/20260911/initial/live.dtb' OKAY [  0.009s]
Finished. Total time: 0.009s
['fastboot', '-s', 'cd0ee037', 'oem', 'cat:/proc/cmdline']
(bootloader) /proc/cmdline staged (782 bytes)
(bootloader) run fastboot get_staged /dev/stdout to view
OKAY [  0.001s]
Finished. Total time: 0.001s
['fastboot', '-s', 'cd0ee037', 'get_staged', 'target/a5u-smp-lab/20260911/initial/cmdline.txt']
Uploading 'target/a5u-smp-lab/20260911/initial/cmdline.txt' OKAY [  0.007s]
Finished. Total time: 0.007s
['fastboot', '-s', 'cd0ee037', 'oem', 'cat:/sys/devices/system/cpu/online']
(bootloader) /sys/devices/system/cpu/online staged (2 bytes)
(bootloader) run fastboot get_staged /dev/stdout to view
OKAY [  0.001s]
Finished. Total time: 0.001s
['fastboot', '-s', 'cd0ee037', 'get_staged', 'target/a5u-smp-lab/20260911/initial/online.txt']
Uploading 'target/a5u-smp-lab/20260911/initial/online.txt' OKAY [  0.007s]
Finished. Total time: 0.007s
['fastboot', '-s', 'cd0ee037', 'stage', 'target/a5u-smp-lab/20260911/initial/reboot-inspect.sh']
Sending 'target/a5u-smp-lab/20260911/initial/reboot-inspect.sh' (0 KB) OKAY [  0.000s]
Finished. Total time: 0.000s
['fastboot', '-s', 'cd0ee037', 'oem', 'shell-staged']
(bootloader) shell exited 0; 143 bytes staged
(bootloader) run fastboot get_staged /dev/stdout to view
OKAY [  0.027s]
Finished. Total time: 0.027s
['fastboot', '-s', 'cd0ee037', 'get_staged', 'target/a5u-smp-lab/20260911/initial/reboot-inspect.log']
Uploading 'target/a5u-smp-lab/20260911/initial/reboot-inspect.log' OKAY [  0.008s]
Finished. Total time: 0.008s
['fastboot', '-s', 'cd0ee037', 'stage', 'target/a5u-smp-lab/20260911/initial/boot-partition-inspect.sh']
Sending 'target/a5u-smp-lab/20260911/initial/boot-partition-inspect.sh' (0 KB) OKAY [  0.000s]
Finished. Total time: 0.000s
['fastboot', '-s', 'cd0ee037', 'oem', 'shell-staged']
(bootloader) shell exited 1; 73 bytes staged
(bootloader) run fastboot get_staged /dev/stdout to view
FAILED (remote: 'exited 1')
fastboot: error: Command failed
['fastboot', '-s', 'cd0ee037', 'stage', 'target/a5u-smp-lab/20260911/initial/partition-map.sh']
Sending 'target/a5u-smp-lab/20260911/initial/partition-map.sh' (0 KB) OKAY [  0.000s]
Finished. Total time: 0.000s
['fastboot', '-s', 'cd0ee037', 'oem', 'shell-staged']
(bootloader) shell exited 0; 4197 bytes staged
(bootloader) run fastboot get_staged /dev/stdout to view
OKAY [  0.026s]
Finished. Total time: 0.026s
['fastboot', '-s', 'cd0ee037', 'get_staged', 'target/a5u-smp-lab/20260911/initial/partition-map.log']
Uploading 'target/a5u-smp-lab/20260911/initial/partition-map.log' OKAY [  0.008s]
Finished. Total time: 0.008s
