
/sys/class/block/mmcblk0p1
MAJOR=179
MINOR=1
DEVNAME=mmcblk0p1
DEVTYPE=partition
DISKSEQ=9
PARTN=1
PARTNAME=apnhlos
PARTUUID=00000001-0000-0000-0000-000000000000

/sys/class/block/mmcblk0p10
MAJOR=259
MINOR=2
DEVNAME=mmcblk0p10
DEVTYPE=partition
DISKSEQ=9
PARTN=10
PARTNAME=sec
PARTUUID=0000000a-0000-0000-0000-000000000000

/sys/class/block/mmcblk0p11
MAJOR=259
MINOR=3
DEVNAME=mmcblk0p11
DEVTYPE=partition
DISKSEQ=9
PARTN=11
PARTNAME=pad
PARTUUID=0000000b-0000-0000-0000-000000000000

/sys/class/block/mmcblk0p12
MAJOR=259
MINOR=4
DEVNAME=mmcblk0p12
DEVTYPE=partition
DISKSEQ=9
PARTN=12
PARTNAME=param
PARTUUID=0000000c-0000-0000-0000-000000000000

/sys/class/block/mmcblk0p13
MAJOR=259
MINOR=5
DEVNAME=mmcblk0p13
DEVTYPE=partition
DISKSEQ=9
PARTN=13
PARTNAME=efs
PARTUUID=0000000d-0000-0000-0000-000000000000

/sys/class/block/mmcblk0p14
MAJOR=259
MINOR=6
DEVNAME=mmcblk0p14
DEVTYPE=partition
DISKSEQ=9
PARTN=14
PARTNAME=modemst1
PARTUUID=0000000e-0000-0000-0000-000000000000

/sys/class/block/mmcblk0p15
MAJOR=259
MINOR=7
DEVNAME=mmcblk0p15
DEVTYPE=partition
DISKSEQ=9
PARTN=15
PARTNAME=modemst2
PARTUUID=0000000f-0000-0000-0000-000000000000

/sys/class/block/mmcblk0p16
MAJOR=259
MINOR=8
DEVNAME=mmcblk0p16
DEVTYPE=partition
DISKSEQ=9
PARTN=16
PARTNAME=boot
PARTUUID=00000010-0000-0000-0000-000000000000

/sys/class/block/mmcblk0p17
MAJOR=259
MINOR=9
DEVNAME=mmcblk0p17
DEVTYPE=partition
DISKSEQ=9
PARTN=17
PARTNAME=recovery
PARTUUID=00000011-0000-0000-0000-000000000000

/sys/class/block/mmcblk0p18
MAJOR=259
MINOR=10
DEVNAME=mmcblk0p18
DEVTYPE=partition
DISKSEQ=9
PARTN=18
PARTNAME=fota
PARTUUID=00000012-0000-0000-0000-000000000000

/sys/class/block/mmcblk0p19
MAJOR=259
MINOR=11
DEVNAME=mmcblk0p19
DEVTYPE=partition
DISKSEQ=9
PARTN=19
PARTNAME=backup
PARTUUID=00000013-0000-0000-0000-000000000000

/sys/class/block/mmcblk0p2
MAJOR=179
MINOR=2
DEVNAME=mmcblk0p2
DEVTYPE=partition
DISKSEQ=9
PARTN=2
PARTNAME=modem
PARTUUID=00000002-0000-0000-0000-000000000000

/sys/class/block/mmcblk0p20
MAJOR=259
MINOR=12
DEVNAME=mmcblk0p20
DEVTYPE=partition
DISKSEQ=9
PARTN=20
PARTNAME=fsc
PARTUUID=00000014-0000-0000-0000-000000000000

/sys/class/block/mmcblk0p21
MAJOR=259
MINOR=13
DEVNAME=mmcblk0p21
DEVTYPE=partition
DISKSEQ=9
PARTN=21
PARTNAME=ssd
PARTUUID=00000015-0000-0000-0000-000000000000

/sys/class/block/mmcblk0p22
MAJOR=259
MINOR=14
DEVNAME=mmcblk0p22
DEVTYPE=partition
DISKSEQ=9
PARTN=22
PARTNAME=persist
PARTUUID=00000016-0000-0000-0000-000000000000

/sys/class/block/mmcblk0p23
MAJOR=259
MINOR=15
DEVNAME=mmcblk0p23
DEVTYPE=partition
DISKSEQ=9
PARTN=23
PARTNAME=persdata
PARTUUID=00000017-0000-0000-0000-000000000000

/sys/class/block/mmcblk0p24
MAJOR=259
MINOR=16
DEVNAME=mmcblk0p24
DEVTYPE=partition
DISKSEQ=9
PARTN=24
PARTUUID=842629d0-a0d0-4828-85aa-e853fc69af8d

/sys/class/block/mmcblk0p25
MAJOR=259
MINOR=17
DEVNAME=mmcblk0p25
DEVTYPE=partition
DISKSEQ=9
PARTN=25
PARTUUID=b8c51e8d-96a2-47b1-93b2-fa6f64dcd331

/sys/class/block/mmcblk0p26
MAJOR=259
MINOR=18
DEVNAME=mmcblk0p26
DEVTYPE=partition
DISKSEQ=9
PARTN=26
PARTUUID=1593080b-08c7-43fa-a9b8-64bfc63acf48

/sys/class/block/mmcblk0p3
MAJOR=179
MINOR=3
DEVNAME=mmcblk0p3
DEVTYPE=partition
DISKSEQ=9
PARTN=3
PARTNAME=sbl1
PARTUUID=00000003-0000-0000-0000-000000000000

/sys/class/block/mmcblk0p4
MAJOR=179
MINOR=4
DEVNAME=mmcblk0p4
DEVTYPE=partition
DISKSEQ=9
PARTN=4
PARTNAME=ddr
PARTUUID=00000004-0000-0000-0000-000000000000

/sys/class/block/mmcblk0p5
MAJOR=179
MINOR=5
DEVNAME=mmcblk0p5
DEVTYPE=partition
DISKSEQ=9
PARTN=5
PARTNAME=aboot
PARTUUID=00000005-0000-0000-0000-000000000000

/sys/class/block/mmcblk0p6
MAJOR=179
MINOR=6
DEVNAME=mmcblk0p6
DEVTYPE=partition
DISKSEQ=9
PARTN=6
PARTNAME=rpm
PARTUUID=00000006-0000-0000-0000-000000000000

/sys/class/block/mmcblk0p7
MAJOR=179
MINOR=7
DEVNAME=mmcblk0p7
DEVTYPE=partition
DISKSEQ=9
PARTN=7
PARTNAME=qsee
PARTUUID=00000007-0000-0000-0000-000000000000

/sys/class/block/mmcblk0p8
MAJOR=259
MINOR=0
DEVNAME=mmcblk0p8
DEVTYPE=partition
DISKSEQ=9
PARTN=8
PARTNAME=qhee
PARTUUID=00000008-0000-0000-0000-000000000000

/sys/class/block/mmcblk0p9
MAJOR=259
MINOR=1
DEVNAME=mmcblk0p9
DEVTYPE=partition
DISKSEQ=9
PARTN=9
PARTNAME=fsg
PARTUUID=00000009-0000-0000-0000-000000000000
