('getvar', 'product')
product: pocketboot
Finished. Total time: 0.001s
('getvar', 'serialno')
serialno: cd0ee037
Finished. Total time: 0.005s
('getvar', 'compatible')
compatible: samsung,a5u-eur
Finished. Total time: 0.007s
('boot', PosixPath('target/a5u-smp-lab/20260911/display-phys/boot.img'))
Sending 'boot.img' (11168 KB)                      OKAY [  0.661s]
Booting                                            OKAY [  0.970s]
Finished. Total time: 1.636s
('getvar', 'product')
product: pocketboot
Finished. Total time: 0.001s
('getvar', 'serialno')
serialno: cd0ee037
Finished. Total time: 0.005s
('getvar', 'compatible')
compatible: samsung,a5u-eur
Finished. Total time: 0.007s
('oem', 'dmesg')
(bootloader) 998 dmesg records staged (74949 bytes)
(bootloader) run fastboot get_staged /dev/stdout to view
OKAY [  0.031s]
Finished. Total time: 0.031s
('get_staged', PosixPath('target/a5u-smp-lab/20260911/display-phys/dmesg.log'))
Uploading 'target/a5u-smp-lab/20260911/display-phys/dmesg.log' OKAY [  0.009s]
Finished. Total time: 0.009s
