[    0.000000] Booting Linux on physical CPU 0x0000000000 [0x410fd030]
[    0.000000] Linux version 7.1.0-rc6+ (sam@sam-desktop) (aarch64-linux-gnu-gcc (GCC) 16.1.1 20260501 (Red Hat Cross 16.1.1-1), GNU ld version 2.46-1.fc44) #2 SMP PREEMPT Fri Sep 11 09:57:12 AEST 2026
[    0.000000] Machine model: Qualcomm Technologies, Inc. APQ 8016 SBC
[    0.000000] earlycon: msm_serial_dm0 at MMIO 0x00000000078b0000 (options '')
[    0.000000] printk: legacy bootconsole [msm_serial_dm0] enabled
[    0.000000] OF: reserved mem: 0x000000008e200000..0x000000008e7fffff (6144 KiB) nomap non-reusable wcnss
[    0.000000] OF: reserved mem: 0x000000008dd00000..0x000000008e1fffff (5120 KiB) nomap non-reusable venus
[    0.000000] OF: reserved mem: 0x000000008dc00000..0x000000008dcfffff (1024 KiB) nomap non-reusable mba
[    0.000000] OF: reserved mem: 0x00000000854ff000..0x00000000854fffff (4 KiB) nomap non-reusable spin-table@854ff000
[    0.000000] OF: reserved mem: 0x0000000086000000..0x00000000862fffff (3072 KiB) nomap non-reusable tz-apps@86000000
[    0.000000] OF: reserved mem: 0x0000000086300000..0x00000000863fffff (1024 KiB) nomap non-reusable smem@86300000
[    0.000000] OF: reserved mem: 0x0000000086400000..0x00000000864fffff (1024 KiB) nomap non-reusable hypervisor@86400000
[    0.000000] OF: reserved mem: 0x0000000086500000..0x000000008667ffff (1536 KiB) nomap non-reusable tz@86500000
[    0.000000] OF: reserved mem: 0x0000000086680000..0x00000000866fffff (512 KiB) nomap non-reusable reserved@86680000
[    0.000000] OF: reserved mem: 0x0000000086700000..0x00000000867dffff (896 KiB) nomap non-reusable rmtfs@86700000
[    0.000000] OF: reserved mem: 0x00000000867e0000..0x00000000867fffff (128 KiB) nomap non-reusable rfsa@867e0000
[    0.000000] OF: reserved mem: 0x0000000086800000..0x00000000892fffff (44032 KiB) nomap non-reusable mpss@86800000
[    0.000000] OF: reserved mem: 0x00000000bff00000..0x00000000bfffffff (1024 KiB) map non-reusable ramoops@bff00000
[    0.000000] Zone ranges:
[    0.000000]   Normal   [mem 0x0000000080000000-0x00000000bfffffff]
[    0.000000] Movable zone start for each node
[    0.000000] Early memory node ranges
[    0.000000]   node   0: [mem 0x0000000080000000-0x00000000854fefff]
[    0.000000]   node   0: [mem 0x00000000854ff000-0x00000000854fffff]
[    0.000000]   node   0: [mem 0x0000000085500000-0x0000000085ffffff]
[    0.000000]   node   0: [mem 0x0000000086000000-0x00000000892fffff]
[    0.000000]   node   0: [mem 0x0000000089300000-0x000000008dbfffff]
[    0.000000]   node   0: [mem 0x000000008dc00000-0x000000008e7fffff]
[    0.000000]   node   0: [mem 0x000000008e800000-0x00000000bfffffff]
[    0.000000] Initmem setup node 0 [mem 0x0000000080000000-0x00000000bfffffff]
[    0.000000] percpu: Embedded 14 pages/cpu s28544 r0 d28800 u57344
[    0.000000] pcpu-alloc: s28544 r0 d28800 u57344 alloc=14*4096
[    0.000000] pcpu-alloc: [0] 0 [0] 1 [0] 2 [0] 3 
[    0.000000] Detected VIPT I-cache on CPU0
[    0.000000] CPU features: kernel page table isolation disabled by kernel configuration
[    0.000000] alternatives: applying boot alternatives
[    0.000000] Kernel command line: console=ttyMSM0,115200n8 earlycon loglevel=7 panic=0 androidboot.serialno=bc72e60 pocketboot.lab=nonpsci-spin-v1-20260911
[    0.000000] printk: log buffer data + meta data: 131072 + 458752 = 589824 bytes
[    0.000000] Dentry cache hash table entries: 131072 (order: 8, 1048576 bytes, linear)
[    0.000000] Inode-cache hash table entries: 65536 (order: 7, 524288 bytes, linear)
[    0.000000] software IO TLB: SWIOTLB bounce buffer size adjusted to 1MB
[    0.000000] software IO TLB: area num 4.
[    0.000000] software IO TLB: mapped [mem 0x00000000be980000-0x00000000bea80000] (1MB)
[    0.000000] Built 1 zonelists, mobility grouping on.  Total pages: 262144
[    0.000000] mem auto-init: stack:all(zero), heap alloc:off, heap free:off
[    0.000000] SLUB: HWalign=64, Order=0-3, MinObjects=0, CPUs=4, Nodes=1
[    0.000000] rcu: Hierarchical RCU implementation.
[    0.000000] rcu: RCU calculated value of scheduler-enlistment delay is 25 jiffies.
[    0.000000] NR_IRQS: 64, nr_irqs: 64, preallocated irqs: 0
[    0.000000] Root IRQ handler: gic_handle_irq
[    0.000000] rcu: srcu_init: Setting srcu_struct sizes based on contention.
[    0.000000] arch_timer: cp15 timer running at 19.20MHz (virt).
[    0.000000] clocksource: arch_sys_counter: mask: 0xffffffffffffff max_cycles: 0x46d987e47, max_idle_ns: 440795202767 ns
[    0.000000] sched_clock: 56 bits at 19MHz, resolution 52ns, wraps every 4398046511078ns
[    0.010802] Console: colour dummy device 80x25
[    0.018688] Calibrating delay loop (skipped), value calculated using timer frequency.. 38.40 BogoMIPS (lpj=76800)
[    0.023183] pid_max: default: 32768 minimum: 301
[    0.033709] Mount-cache hash table entries: 2048 (order: 2, 16384 bytes, linear)
[    0.038205] Mountpoint-cache hash table entries: 2048 (order: 2, 16384 bytes, linear)
[    0.045930] VFS: Finished mounting rootfs on nullfs
[    0.053924] Pocketboot spin-table v1: persistent page at 0x00000000854ff000
[    0.058927] rcu: Hierarchical SRCU implementation.
[    0.064938] rcu: 	Max phase no-delay instances is 1000.
[    0.070261] smp: Bringing up secondary CPUs ...
[    0.075340] Detected VIPT I-cache on CPU1
[    0.075493] CPU1: Booted secondary processor 0x0000000001 [0x410fd030]
[    0.075990] Detected VIPT I-cache on CPU2
[    0.076124] CPU2: Booted secondary processor 0x0000000002 [0x410fd030]
[    0.076602] Detected VIPT I-cache on CPU3
[    0.076728] CPU3: Booted secondary processor 0x0000000003 [0x410fd030]
[    0.076822] smp: Brought up 1 node, 4 CPUs
[    0.111032] SMP: Total of 4 processors activated.
[    0.115098] CPU: All CPU(s) started at EL1
[    0.119879] CPU features: detected: 32-bit EL0 Support
[    0.123862] CPU features: detected: CRC32 instructions
[    0.129035] alternatives: applying system-wide alternatives
[    0.134964] Memory: 947488K/1048576K available (5312K kernel code, 834K rwdata, 1476K rodata, 2560K init, 239K bss, 97824K reserved, 0K cma-reserved)
[    0.140181] devtmpfs: initialized
[    0.167827] clocksource: jiffies: mask: 0xffffffff max_cycles: 0xffffffff, max_idle_ns: 7645041785100000 ns
[    0.167905] posixtimers hash table entries: 2048 (order: 3, 32768 bytes, linear)
[    0.176483] futex hash table entries: 1024 (65536 bytes on 1 NUMA nodes, total 64 KiB, linear).
[    0.185091] NET: Registered PF_NETLINK/PF_ROUTE protocol family
[    0.193023] DMA: preallocated 128 KiB GFP_KERNEL pool for atomic allocations
[    0.200163] ASID allocator initialised with 65536 entries
[    0.206826] pstore: Using crash dump compression: deflate
[    0.210939] pstore: Registered ramoops as persistent store backend
[    0.216315] ramoops: using 0x100000@0xbff00000, ecc: 0
[    0.233150] /soc@0/stm@802000: Fixed dependency cycle(s) with /soc@0/funnel@821000
[    0.233237] /soc@0/tpiu@820000: Fixed dependency cycle(s) with /soc@0/replicator@824000
[    0.239653] /soc@0/funnel@821000: Fixed dependency cycle(s) with /soc@0/etf@825000
[    0.247541] /soc@0/funnel@821000: Fixed dependency cycle(s) with /soc@0/stm@802000
[    0.255181] /soc@0/funnel@821000: Fixed dependency cycle(s) with /soc@0/funnel@841000
[    0.262751] /soc@0/replicator@824000: Fixed dependency cycle(s) with /soc@0/etf@825000
[    0.270623] /soc@0/replicator@824000: Fixed dependency cycle(s) with /soc@0/tpiu@820000
[    0.278433] /soc@0/replicator@824000: Fixed dependency cycle(s) with /soc@0/etr@826000
[    0.286350] /soc@0/etf@825000: Fixed dependency cycle(s) with /soc@0/replicator@824000
[    0.294334] /soc@0/etf@825000: Fixed dependency cycle(s) with /soc@0/funnel@821000
[    0.302249] /soc@0/etr@826000: Fixed dependency cycle(s) with /soc@0/replicator@824000
[    0.309790] /soc@0/funnel@841000: Fixed dependency cycle(s) with /soc@0/funnel@821000
[    0.317670] /soc@0/funnel@841000: Fixed dependency cycle(s) with /soc@0/etm@85f000
[    0.325569] /soc@0/funnel@841000: Fixed dependency cycle(s) with /soc@0/etm@85e000
[    0.333035] /soc@0/funnel@841000: Fixed dependency cycle(s) with /soc@0/etm@85d000
[    0.340586] /soc@0/funnel@841000: Fixed dependency cycle(s) with /soc@0/etm@85c000
[    0.348213] /soc@0/etm@85c000: Fixed dependency cycle(s) with /soc@0/funnel@841000
[    0.355721] /soc@0/etm@85d000: Fixed dependency cycle(s) with /soc@0/funnel@841000
[    0.363270] /soc@0/etm@85e000: Fixed dependency cycle(s) with /soc@0/funnel@841000
[    0.370822] /soc@0/etm@85f000: Fixed dependency cycle(s) with /soc@0/funnel@841000
[    0.378466] /soc@0/clock-controller@1800000: Fixed dependency cycle(s) with /soc@0/display-subsystem@1a00000/phy@1a98300
[    0.385945] /soc@0/display-subsystem@1a00000/display-controller@1a01000: Fixed dependency cycle(s) with /soc@0/display-subsystem@1a00000/dsi@1a98000
[    0.396956] /soc@0/display-subsystem@1a00000/dsi@1a98000: Fixed dependency cycle(s) with /soc@0/i2c@78b8000/bridge@39
[    0.410221] /soc@0/display-subsystem@1a00000/dsi@1a98000: Fixed dependency cycle(s) with /soc@0/display-subsystem@1a00000/display-controller@1a01000
[    0.420748] /soc@0/display-subsystem@1a00000/phy@1a98300: Fixed dependency cycle(s) with /soc@0/clock-controller@1800000
[    0.434509] /soc@0/i2c@78b8000/bridge@39: Fixed dependency cycle(s) with /soc@0/display-subsystem@1a00000/dsi@1a98000
[    0.445004] /soc@0/usb@78d9000: Fixed dependency cycle(s) with /soc@0/usb@78d9000/ulpi/phy
[    0.455453] /soc@0/usb@78d9000/ulpi/phy: Fixed dependency cycle(s) with /soc@0/usb@78d9000
[    0.463646] /soc@0/interrupt-controller@b000000: Fixed dependency cycle(s) with /soc@0/interrupt-controller@b000000
[    0.473409] /soc@0/stm@802000: Fixed dependency cycle(s) with /soc@0/funnel@821000
[    0.482469] /soc@0/tpiu@820000: Fixed dependency cycle(s) with /soc@0/replicator@824000
[    0.489933] /soc@0/stm@802000: Fixed dependency cycle(s) with /soc@0/funnel@821000
[    0.497789] /soc@0/funnel@821000: Fixed dependency cycle(s) with /soc@0/etf@825000
[    0.505346] /soc@0/funnel@821000: Fixed dependency cycle(s) with /soc@0/stm@802000
[    0.512973] /soc@0/funnel@821000: Fixed dependency cycle(s) with /soc@0/funnel@841000
[    0.520581] /soc@0/tpiu@820000: Fixed dependency cycle(s) with /soc@0/replicator@824000
[    0.528436] /soc@0/replicator@824000: Fixed dependency cycle(s) with /soc@0/etf@825000
[    0.536162] /soc@0/replicator@824000: Fixed dependency cycle(s) with /soc@0/tpiu@820000
[    0.544205] /soc@0/replicator@824000: Fixed dependency cycle(s) with /soc@0/etr@826000
[    0.552164] /soc@0/replicator@824000: Fixed dependency cycle(s) with /soc@0/etf@825000
[    0.560109] /soc@0/funnel@821000: Fixed dependency cycle(s) with /soc@0/etf@825000
[    0.568010] /soc@0/etf@825000: Fixed dependency cycle(s) with /soc@0/replicator@824000
[    0.575563] /soc@0/etf@825000: Fixed dependency cycle(s) with /soc@0/funnel@821000
[    0.583543] /soc@0/replicator@824000: Fixed dependency cycle(s) with /soc@0/etr@826000
[    0.591022] /soc@0/etr@826000: Fixed dependency cycle(s) with /soc@0/replicator@824000
[    0.599013] /soc@0/funnel@821000: Fixed dependency cycle(s) with /soc@0/funnel@841000
[    0.606810] /soc@0/funnel@841000: Fixed dependency cycle(s) with /soc@0/funnel@821000
[    0.614700] /soc@0/funnel@841000: Fixed dependency cycle(s) with /soc@0/etm@85f000
[    0.622447] /soc@0/funnel@841000: Fixed dependency cycle(s) with /soc@0/etm@85e000
[    0.629913] /soc@0/funnel@841000: Fixed dependency cycle(s) with /soc@0/etm@85d000
[    0.637461] /soc@0/funnel@841000: Fixed dependency cycle(s) with /soc@0/etm@85c000
[    0.645783] /soc@0/funnel@841000: Fixed dependency cycle(s) with /soc@0/etm@85c000
[    0.652655] /soc@0/etm@85c000: Fixed dependency cycle(s) with /soc@0/funnel@841000
[    0.660271] /soc@0/funnel@841000: Fixed dependency cycle(s) with /soc@0/etm@85d000
[    0.667763] /soc@0/etm@85d000: Fixed dependency cycle(s) with /soc@0/funnel@841000
[    0.675371] /soc@0/funnel@841000: Fixed dependency cycle(s) with /soc@0/etm@85e000
[    0.682867] /soc@0/etm@85e000: Fixed dependency cycle(s) with /soc@0/funnel@841000
[    0.690488] /soc@0/funnel@841000: Fixed dependency cycle(s) with /soc@0/etm@85f000
[    0.697967] /soc@0/etm@85f000: Fixed dependency cycle(s) with /soc@0/funnel@841000
[    0.708001] /soc@0/clock-controller@1800000: Fixed dependency cycle(s) with /soc@0/display-subsystem@1a00000/phy@1a98300
[    0.715761] /soc@0/display-subsystem@1a00000/display-controller@1a01000: Fixed dependency cycle(s) with /soc@0/display-subsystem@1a00000/dsi@1a98000
[    0.724047] /soc@0/display-subsystem@1a00000/dsi@1a98000: Fixed dependency cycle(s) with /soc@0/i2c@78b8000/bridge@39
[    0.737302] /soc@0/display-subsystem@1a00000/dsi@1a98000: Fixed dependency cycle(s) with /soc@0/display-subsystem@1a00000/display-controller@1a01000
[    0.752709] /soc@0/i2c@78b8000/bridge@39: Fixed dependency cycle(s) with /soc@0/display-subsystem@1a00000/dsi@1a98000
[    0.761922] /soc@0/usb@78d9000: Fixed dependency cycle(s) with /soc@0/usb@78d9000/ulpi/phy
[    0.771753] /soc@0/usb@78d9000/ulpi/phy: Fixed dependency cycle(s) with /soc@0/usb@78d9000
[    0.781889] /soc@0/i2c@78b8000/bridge@39: Fixed dependency cycle(s) with /hdmi-out
[    0.788167] /hdmi-out: Fixed dependency cycle(s) with /soc@0/i2c@78b8000/bridge@39
[    0.798361] SCSI subsystem initialized
[    0.803308] usbcore: registered new interface driver usbfs
[    0.806932] usbcore: registered new interface driver hub
[    0.812415] usbcore: registered new device driver usb
[    0.819068] qcom_scm: convention: smc arm 32
[    0.824107] clocksource: Switched to clocksource arch_sys_counter
[    0.834928] NET: Registered PF_UNIX/PF_LOCAL protocol family
[    0.841225] workingset: timestamp_bits=62 (anon: 58) max_order=18 bucket_order=0 (anon: 0)
[    0.850046] msm_serial 78af000.serial: msm_serial: detected port #1
[    0.850177] msm_serial 78af000.serial: uartclk = 19200000
[    0.855566] 78af000.serial: ttyMSM1 at MMIO 0x78af000 (irq = 16, base_baud = 1200000) is a MSM
[    0.861277] msm_serial 78b0000.serial: msm_serial: detected port #0
[    0.869300] msm_serial 78b0000.serial: uartclk = 7372800
[    0.875836] 78b0000.serial: ttyMSM0 at MMIO 0x78b0000 (irq = 17, base_baud = 460800) is a MSM
[    0.880957] msm_serial: console setup on port #0
[    0.881049] printk: legacy console [ttyMSM0] enabled
[    0.889681] printk: legacy bootconsole [msm_serial_dm0] disabled
[    0.904589] msm_serial: driver initialized
[    0.913455] loop: module loaded
[    0.914231] spi_qup 78b7000.spi: IN:block:16, fifo:64, OUT:block:16, fifo:64
[    0.916355] spi_qup 78b9000.spi: IN:block:16, fifo:64, OUT:block:16, fifo:64
[    0.923301] spmi_pmic_arb 200f000.spmi: PMIC arbiter version v2 (0x20010000)
[    0.931998] /soc@0/spmi@200f000/pmic@0/mpps@a000: Fixed dependency cycle(s) with /soc@0/spmi@200f000/pmic@0/mpps@a000/pm8916-mpp4-state
[    0.948131] usb3503 usb2513: switched to HUB mode
[    0.948653] usb3503 usb2513: usb3503_probe: probed in hub mode
[    0.954338] i2c_qup 78b6000.i2c: using default clock-frequency 100000
[    0.960041] i2c_qup 78b8000.i2c: using default clock-frequency 100000
[    0.966300] /hdmi-out: Fixed dependency cycle(s) with /soc@0/i2c@78b8000/bridge@39
[    0.972273] /soc@0/display-subsystem@1a00000/dsi@1a98000: Fixed dependency cycle(s) with /soc@0/i2c@78b8000/bridge@39
[    0.979726] /soc@0/i2c@78b8000/bridge@39: Fixed dependency cycle(s) with /hdmi-out
[    0.990412] /soc@0/i2c@78b8000/bridge@39: Fixed dependency cycle(s) with /soc@0/display-subsystem@1a00000/dsi@1a98000
[    0.998187] i2c_qup 78ba000.i2c: using default clock-frequency 100000
[    1.011234] clocksource: arch_mmio_counter: mask: 0xffffffffffffff max_cycles: 0x46d987e47, max_idle_ns: 440795202767 ns
[    1.014950] arch-timer-mmio b020000.timer: mmio timer running at 19.20MHz (virt)
[    1.068408] msm_hsusb 78d9000.usb: Failed to create device link (0x180) with supplier remoteproc for /soc@0/usb@78d9000/ulpi/phy
[    1.070986] sdhci_msm 7864900.mmc: Got CD GPIO
[    1.086691] sdhci_msm 7864900.mmc: Got CD GPIO
[    1.087562] gcc-msm8916 1800000.clock-controller: sync_state() pending due to 22000.rng
[    1.090104] gcc-msm8916 1800000.clock-controller: sync_state() pending due to 1a00000.display-subsystem
[    1.098008] gcc-msm8916 1800000.clock-controller: sync_state() pending due to 1b0ac00.camss
[    1.107363] gcc-msm8916 1800000.clock-controller: sync_state() pending due to 1c00000.gpu
[    1.115650] gcc-msm8916 1800000.clock-controller: sync_state() pending due to 1d00000.video-codec
[    1.123982] gcc-msm8916 1800000.clock-controller: sync_state() pending due to 1ef0000.iommu
[    1.132845] gcc-msm8916 1800000.clock-controller: sync_state() pending due to soc@0:iommu@1f08000
[    1.141003] gcc-msm8916 1800000.clock-controller: sync_state() pending due to 4080000.remoteproc
[    1.150024] gcc-msm8916 1800000.clock-controller: sync_state() pending due to 7708000.audio-controller
[    1.158878] gcc-msm8916 1800000.clock-controller: sync_state() pending due to 771c000.audio-codec
[    1.167992] gcc-msm8916 1800000.clock-controller: sync_state() pending due to 7824900.mmc
[    1.176933] gcc-msm8916 1800000.clock-controller: sync_state() pending due to 7864900.mmc
[    1.185345] s3: Bringing 0uV into 1250000-1250000uV
[    1.185749] input: gpio-keys as /devices/platform/gpio-keys/input/input0
[    1.191204] sdhci_msm 7864900.mmc: Got CD GPIO
[    1.193647] s4: Bringing 0uV into 1850000-1850000uV
[    1.198727] sdhci_msm 7864900.mmc: Got CD GPIO
[    1.205540] l2: Bringing 0uV into 1200000-1200000uV
[    1.210070] clk: Disabling unused clocks
[    1.214476] l5: Bringing 0uV into 1800000-1800000uV
[    1.218660] PM: genpd: Disabling unused power domains
[    1.223539] l6: Bringing 0uV into 1800000-1800000uV
[    1.226226] sdhci_msm 7864900.mmc: Got CD GPIO
[    1.233656] sdhci_msm 7864900.mmc: Got CD GPIO
[    1.237447] l7: Bringing 0uV into 1800000-1800000uV
[    1.251172] l8: Bringing 0uV into 2900000-2900000uV
[    1.251451] l9: Bringing 0uV into 3300000-3300000uV
[    1.255296] l11: Bringing 0uV into 2950000-2950000uV
[    1.259964] l12: Bringing 0uV into 1800000-1800000uV
[    1.265147] l13: Bringing 0uV into 3075000-3075000uV
[    1.270385] l15: Bringing 0uV into 1800000-1800000uV
[    1.275457] l16: Bringing 0uV into 1800000-1800000uV
[    1.280359] l17: Bringing 0uV into 3300000-3300000uV
[    1.286441] Freeing unused kernel memory: 2560K
[    1.288783] sdhci_msm 7864900.mmc: Got CD GPIO
[    1.289875] Run /init as init process
[    1.298428]   with arguments:
[    1.298435]     /init
[    1.298440]   with environment:
[    1.298445]     HOME=/
[    1.298451]     TERM=linux
[    1.310113] file system registered
[    1.310661] read descriptors
[    1.313897] read strings
[    1.317468] read descriptors
[    1.319432] read strings
[    1.322851] Mass Storage Function, version: 2009/09/11
[    1.324819] LUN: removable file: (no medium)
[    1.330016] LUN: removable file: (no medium)
[    1.334440] LUN: removable file: (no medium)
[    1.338692] LUN: removable file: (no medium)
[    1.342931] LUN: removable file: (no medium)
[    1.347181] LUN: removable file: (no medium)
[    1.351453] LUN: removable file: (no medium)
[    1.355687] LUN: removable file: (no medium)
[    1.360546] l13: voltage operation not allowed
[    1.420127] mmc0: SDHCI controller on 7824900.mmc [7824900.mmc] using ADMA
[    1.460430] mmc1: SDHCI controller on 7864900.mmc [7864900.mmc] using ADMA
[    1.543388] mmc0: Card appears overclocked; req 177770000 Hz, actual 177777777 Hz
[    1.543435] mmc0: Card appears overclocked; req 177770000 Hz, actual 177777777 Hz
[    1.552456] mmc0: new HS200 MMC card at address 0001
[    1.557995] mmcblk0: mmc0:0001 DS1008 7.28 GiB
[    1.566431]  mmcblk0: p1 p2 p3 p4 p5 p6 p7 p8 p9 p10 p11 p12 p13 p14 p15 p16 p17 p18 p19 p20 p21 p22 p23 p24 p25 p26 p27 p28 p29 p30
[    1.571242] mmcblk0boot0: mmc0:0001 DS1008 4.00 MiB
[    1.584857] mmcblk0boot1: mmc0:0001 DS1008 4.00 MiB
[    1.586096] mmcblk0rpmb: mmc0:0001 DS1008 4.00 MiB, chardev (251:0)
[    2.038527]  WARN pocketboot: no boot entries discovered
[    3.332212]  WARN pocketboot::ui: UI thread exited error=open /dev/dri: No such file or directory (os error 2)
[   16.560127] random: crng init done
