PB_SMP_SNAPSHOT_V2
Linux (none) 7.1.0-rc6+ #2 SMP PREEMPT Fri Sep 11 09:57:12 AEST 2026 aarch64
boot_id=unavailable
uptime=121.56 484.34
cmdline=console=ttyMSM0,115200n8 earlycon loglevel=7 panic=0 androidboot.serialno=bc72e60 pocketboot.lab=nonpsci-spin-v1-20260911
online=0-3
cpu_node=/sys/firmware/devicetree/base/cpus/cpu@0 reg=00000000
method=spin-table 
release=00000000854ff400
cpu_node=/sys/firmware/devicetree/base/cpus/cpu@1 reg=00000001
method=spin-table 
release=00000000854ff480
cpu_node=/sys/firmware/devicetree/base/cpus/cpu@2 reg=00000002
method=spin-table 
release=00000000854ff500
cpu_node=/sys/firmware/devicetree/base/cpus/cpu@3 reg=00000003
method=spin-table 
release=00000000854ff580
stat_before
cpu  43 0 135 48437 0 0 0 0 0 0
cpu0 2 0 56 12098 0 0 0 0 0 0
cpu1 18 0 19 12114 0 0 0 0 0 0
cpu2 20 0 31 12101 0 0 0 0 0 0
cpu3 1 0 28 12123 0 0 0 0 0 0
intr 127650 0 128 3527 0 0 0 39 0 0 0 0 0 121506 0 0 0 0 10 0 0 0 0 0 0 0 0 70 0 111 2255 2 2 0 0 0 0 0 0 0 0 0 0 0 0 0 0 0 0 0 0 0 0 0 0 0 0 0 0 0 0 0 0 0 0
ctxt 21858
btime 0
processes 146
procs_running 1
procs_blocked 0
softirq 68454 0 4239 0 0 0 0 3006 60028 0 1181
SMP_WORK_V2 expected=292d74d0d0222325 bytes_per_cpu=67108864
cpu=2 start_cpu=2 end_cpu=2 hash=292d74d0d0222325 cpu_seconds=0.504014 PASS
cpu=1 start_cpu=1 end_cpu=1 hash=292d74d0d0222325 cpu_seconds=0.504047 PASS
cpu=0 start_cpu=0 end_cpu=0 hash=292d74d0d0222325 cpu_seconds=0.504313 PASS
cpu=3 start_cpu=3 end_cpu=3 hash=292d74d0d0222325 cpu_seconds=0.504335 PASS
SMP_WORK_PASS all_four_cpus
stat_after
cpu  245 0 135 48438 0 0 0 0 0 0
cpu0 53 0 56 12098 0 0 0 0 0 0
cpu1 69 0 19 12114 0 0 0 0 0 0
cpu2 70 0 31 12102 0 0 0 0 0 0
cpu3 51 0 28 12123 0 0 0 0 0 0
intr 128183 0 136 3544 0 0 0 39 0 0 0 0 0 122014 0 0 0 0 10 0 0 0 0 0 0 0 0 70 0 111 2255 2 2 0 0 0 0 0 0 0 0 0 0 0 0 0 0 0 0 0 0 0 0 0 0 0 0 0 0 0 0 0 0 0 0
ctxt 22016
btime 0
processes 152
procs_running 1
procs_blocked 0
softirq 68582 0 4266 0 0 0 0 3019 60052 0 1245
PB_SMP_SNAPSHOT_PASS
