[    0.000000] Booting Linux on physical CPU 0x0000000000 [0x410fd030]
[    0.000000] Linux version 7.1.0-rc6+ (sam@sam-desktop) (aarch64-linux-gnu-gcc (GCC) 16.1.1 20260501 (Red Hat Cross 16.1.1-1), GNU ld version 2.46-1.fc44) #53 SMP PREEMPT Fri Sep 11 18:28:41 AEST 2026
[    0.000000] Machine model: Samsung Galaxy A5U (EUR)
[    0.000000] OF: reserved mem: 0x000000008e600000..0x000000008e7fffff (2048 KiB) nomap non-reusable gps
[    0.000000] OF: reserved mem: 0x000000009ff80000..0x000000009fffffff (512 KiB) map non-reusable ramoops@9ff80000
[    0.000000] OF: reserved mem: 0x0000000086000000..0x00000000862fffff (3072 KiB) nomap non-reusable tz-apps@86000000
[    0.000000] OF: reserved mem: 0x0000000086300000..0x00000000863fffff (1024 KiB) nomap non-reusable smem@86300000
[    0.000000] OF: reserved mem: 0x0000000086400000..0x00000000864fffff (1024 KiB) nomap non-reusable hypervisor@86400000
[    0.000000] OF: reserved mem: 0x0000000086500000..0x000000008667ffff (1536 KiB) nomap non-reusable tz@86500000
[    0.000000] OF: reserved mem: 0x0000000086680000..0x00000000866fffff (512 KiB) nomap non-reusable reserved@86680000
[    0.000000] OF: reserved mem: 0x0000000086700000..0x00000000867dffff (896 KiB) nomap non-reusable rmtfs@86700000
[    0.000000] OF: reserved mem: 0x00000000867e0000..0x00000000867fffff (128 KiB) nomap non-reusable rfsa@867e0000
[    0.000000] OF: reserved mem: 0x0000000085500000..0x0000000085ffffff (11264 KiB) nomap non-reusable tz-apps@85500000
[    0.000000] OF: reserved mem: 0x000000008e000000..0x000000008e2a2fff (2700 KiB) nomap non-reusable framebuffer@8e000000
[    0.000000] OF: reserved mem: 0x00000000854ff000..0x00000000854fffff (4 KiB) nomap non-reusable spin-table@854ff000
[    0.000000] Zone ranges:
[    0.000000]   Normal   [mem 0x0000000080000000-0x00000000ffffffff]
[    0.000000] Movable zone start for each node
[    0.000000] Early memory node ranges
[    0.000000]   node   0: [mem 0x0000000080000000-0x00000000854fefff]
[    0.000000]   node   0: [mem 0x00000000854ff000-0x00000000867fffff]
[    0.000000]   node   0: [mem 0x0000000086800000-0x000000008dffffff]
[    0.000000]   node   0: [mem 0x000000008e000000-0x000000008e2a2fff]
[    0.000000]   node   0: [mem 0x000000008e2a3000-0x000000008e5fffff]
[    0.000000]   node   0: [mem 0x000000008e600000-0x000000008e7fffff]
[    0.000000]   node   0: [mem 0x000000008e800000-0x00000000ffffffff]
[    0.000000] Initmem setup node 0 [mem 0x0000000080000000-0x00000000ffffffff]
[    0.000000] percpu: Embedded 14 pages/cpu s28544 r0 d28800 u57344
[    0.000000] pcpu-alloc: s28544 r0 d28800 u57344 alloc=14*4096
[    0.000000] pcpu-alloc: [0] 0 [0] 1 [0] 2 [0] 3 
[    0.000000] Detected VIPT I-cache on CPU0
[    0.000000] CPU features: kernel page table isolation disabled by kernel configuration
[    0.000000] alternatives: applying boot alternatives
[    0.000000] Kernel command line: msm.skip_gpu=1 msm.separate_gpu_kms=1 panic=5 oops=panic printk.time=1 pocketboot.log=info pocketboot.drm_page_flips=16 drm.debug=0x6 pocketboot.lab=display-fault
[    0.000000] printk: log buffer data + meta data: 131072 + 458752 = 589824 bytes
[    0.000000] Dentry cache hash table entries: 262144 (order: 9, 2097152 bytes, linear)
[    0.000000] Inode-cache hash table entries: 131072 (order: 8, 1048576 bytes, linear)
[    0.000000] software IO TLB: SWIOTLB bounce buffer size adjusted to 2MB
[    0.000000] software IO TLB: area num 4.
[    0.000000] software IO TLB: mapped [mem 0x00000000fd600000-0x00000000fd800000] (2MB)
[    0.000000] Built 1 zonelists, mobility grouping on.  Total pages: 524288
[    0.000000] mem auto-init: stack:all(zero), heap alloc:off, heap free:off
[    0.000000] SLUB: HWalign=64, Order=0-3, MinObjects=0, CPUs=4, Nodes=1
[    0.000000] rcu: Hierarchical RCU implementation.
[    0.000000] rcu: RCU calculated value of scheduler-enlistment delay is 25 jiffies.
[    0.000000] NR_IRQS: 64, nr_irqs: 64, preallocated irqs: 0
[    0.000000] Root IRQ handler: gic_handle_irq
[    0.000000] rcu: srcu_init: Setting srcu_struct sizes based on contention.
[    0.000000] arch_timer: cp15 timer running at 19.20MHz (virt).
[    0.000000] clocksource: arch_sys_counter: mask: 0xffffffffffffff max_cycles: 0x46d987e47, max_idle_ns: 440795202767 ns
[    0.000000] sched_clock: 56 bits at 19MHz, resolution 52ns, wraps every 4398046511078ns
[    0.000088] Console: colour dummy device 80x25
[    0.000100] printk: legacy console [tty0] enabled
[    0.000736] Calibrating delay loop (skipped), value calculated using timer frequency.. 38.40 BogoMIPS (lpj=76800)
[    0.000769] pid_max: default: 32768 minimum: 301
[    0.000985] Mount-cache hash table entries: 4096 (order: 3, 32768 bytes, linear)
[    0.001025] Mountpoint-cache hash table entries: 4096 (order: 3, 32768 bytes, linear)
[    0.001390] VFS: Finished mounting rootfs on nullfs
[    0.002002] Pocketboot spin-table v1: persistent page at 0x00000000854ff000
[    0.002930] rcu: Hierarchical SRCU implementation.
[    0.002952] rcu: 	Max phase no-delay instances is 1000.
[    0.003443] smp: Bringing up secondary CPUs ...
[    0.003882] Detected VIPT I-cache on CPU1
[    0.004030] CPU1: Booted secondary processor 0x0000000001 [0x410fd030]
[    0.004526] Detected VIPT I-cache on CPU2
[    0.004658] CPU2: Booted secondary processor 0x0000000002 [0x410fd030]
[    0.005123] Detected VIPT I-cache on CPU3
[    0.005249] CPU3: Booted secondary processor 0x0000000003 [0x410fd030]
[    0.005339] smp: Brought up 1 node, 4 CPUs
[    0.005418] SMP: Total of 4 processors activated.
[    0.005434] CPU: All CPU(s) started at EL1
[    0.005448] CPU features: detected: 32-bit EL0 Support
[    0.005464] CPU features: detected: CRC32 instructions
[    0.005515] alternatives: applying system-wide alternatives
[    0.006389] Memory: 2014996K/2097152K available (5760K kernel code, 862K rwdata, 1716K rodata, 2624K init, 240K bss, 78892K reserved, 0K cma-reserved)
[    0.007037] devtmpfs: initialized
[    0.020968] clocksource: jiffies: mask: 0xffffffff max_cycles: 0xffffffff, max_idle_ns: 7645041785100000 ns
[    0.021040] posixtimers hash table entries: 2048 (order: 3, 32768 bytes, linear)
[    0.021140] futex hash table entries: 1024 (65536 bytes on 1 NUMA nodes, total 64 KiB, linear).
[    0.022187] NET: Registered PF_NETLINK/PF_ROUTE protocol family
[    0.022785] DMA: preallocated 256 KiB GFP_KERNEL pool for atomic allocations
[    0.024413] ASID allocator initialised with 65536 entries
[    0.025810] ramoops: error in header, 13
[    0.026182] ramoops: error in header, 12
[    0.026589] ramoops: error in header, 16
[    0.027005] ramoops: error in header, 17
[    0.027384] ramoops: error in header, 13
[    0.027823] ramoops: error in header, 18
[    0.028219] ramoops: error in header, 13
[    0.028700] ramoops: error in header, 22
[    0.029106] ramoops: error in header, 16
[    0.029469] ramoops: error in header, 12
[    0.029849] ramoops: error in header, 13
[    0.030214] ramoops: error in header, 12
[    0.030618] ramoops: error in header, 15
[    0.030989] ramoops: error in header, 13
[    0.031322] ramoops: error in header, 9
[    0.031685] ramoops: error in header, 12
[    0.032126] ramoops: error in header, 18
[    0.032544] ramoops: error in header, 17
[    0.032908] ramoops: error in header, 12
[    0.033224] ramoops: error in header, 7
[    0.033578] ramoops: error in header, 11
[    0.033851] ramoops: error in header, 3
[    0.034179] ramoops: error in header, 7
[    0.034551] ramoops: error in header, 13
[    0.035019] ramoops: error in header, 22
[    0.035325] ramoops: error in header, 6
[    0.035699] ramoops: error in header, 13
[    0.036064] ramoops: error in header, 12
[    0.036517] ramoops: error in header, 19
[    0.036862] ramoops: error in header, 10
[    0.884571] pstore: Using crash dump compression: deflate
[    0.884596] printk: legacy console [ramoops-1] enabled
[    0.917683] pstore: Registered ramoops as persistent store backend
[    0.917899] ramoops: using 0x80000@0x9ff80000, ecc: 64
[    0.927287] /soc@0/clock-controller@1800000: Fixed dependency cycle(s) with /soc@0/display-subsystem@1a00000/phy@1a98300
[    0.927577] /soc@0/display-subsystem@1a00000/display-controller@1a01000: Fixed dependency cycle(s) with /soc@0/display-subsystem@1a00000/dsi@1a98000
[    0.928202] /soc@0/display-subsystem@1a00000/dsi@1a98000: Fixed dependency cycle(s) with /soc@0/display-subsystem@1a00000/dsi@1a98000/panel@0
[    0.928636] /soc@0/display-subsystem@1a00000/dsi@1a98000: Fixed dependency cycle(s) with /soc@0/display-subsystem@1a00000/display-controller@1a01000
[    0.929114] /soc@0/display-subsystem@1a00000/dsi@1a98000/panel@0: Fixed dependency cycle(s) with /soc@0/display-subsystem@1a00000/dsi@1a98000
[    0.929545] /soc@0/display-subsystem@1a00000/phy@1a98300: Fixed dependency cycle(s) with /soc@0/clock-controller@1800000
[    0.930224] /soc@0/usb@78d9000: Fixed dependency cycle(s) with /soc@0/usb@78d9000/ulpi/phy
[    0.930673] /soc@0/usb@78d9000/ulpi/phy: Fixed dependency cycle(s) with /soc@0/usb@78d9000
[    0.931098] /soc@0/interrupt-controller@b000000: Fixed dependency cycle(s) with /soc@0/interrupt-controller@b000000
[    0.935289] /soc@0/clock-controller@1800000: Fixed dependency cycle(s) with /soc@0/display-subsystem@1a00000/phy@1a98300
[    0.939586] /soc@0/display-subsystem@1a00000/display-controller@1a01000: Fixed dependency cycle(s) with /soc@0/display-subsystem@1a00000/dsi@1a98000
[    0.940396] /soc@0/display-subsystem@1a00000/dsi@1a98000: Fixed dependency cycle(s) with /soc@0/display-subsystem@1a00000/dsi@1a98000/panel@0
[    0.940829] /soc@0/display-subsystem@1a00000/dsi@1a98000: Fixed dependency cycle(s) with /soc@0/display-subsystem@1a00000/display-controller@1a01000
[    0.941283] /soc@0/display-subsystem@1a00000/dsi@1a98000/panel@0: Fixed dependency cycle(s) with /soc@0/display-subsystem@1a00000/dsi@1a98000
[    0.945026] /soc@0/usb@78d9000: Fixed dependency cycle(s) with /soc@0/usb@78d9000/ulpi/phy
[    0.945540] /soc@0/usb@78d9000/ulpi/phy: Fixed dependency cycle(s) with /soc@0/usb@78d9000
[    0.952174] iommu: Default domain type: Translated
[    0.952412] iommu: DMA domain TLB invalidation policy: strict mode
[    0.953284] SCSI subsystem initialized
[    0.953654] usbcore: registered new interface driver usbfs
[    0.953914] usbcore: registered new interface driver hub
[    0.954367] usbcore: registered new device driver usb
[    0.955338] i2c-gpio i2c-muic: using lines 617 (SDA) and 618 (SCL)
[    0.956233] i2c-gpio i2c-tkey: using lines 528 (SDA) and 529 (SCL)
[    0.956945] i2c-gpio i2c-nfc: using lines 512 (SDA) and 513 (SCL)
[    0.957752] qcom_scm: convention: smc arm 32
[    0.983121] sm5502 0-0025: Device type: version: 0x0, vendor: 0x1
[    0.986626] clocksource: Switched to clocksource arch_sys_counter
[    0.994532] NET: Registered PF_UNIX/PF_LOCAL protocol family
[    1.007653] workingset: timestamp_bits=62 (anon: 58) max_order=19 bucket_order=0 (anon: 0)
[    1.027234] msm_serial 78b0000.serial: msm_serial: detected port #0
[    1.027543] msm_serial 78b0000.serial: uartclk = 3686400
[    1.028328] 78b0000.serial: ttyMSM0 at MMIO 0x78b0000 (irq = 31, base_baud = 230400) is a MSM
[    1.028594] msm_serial: console setup on port #0
[    1.029034] printk: legacy console [ttyMSM0] enabled
[    2.011136] msm_serial: driver initialized
[    2.017733] [drm:msm_drm_register] init
[    2.017763] [drm:msm_mdp_register] 
[    2.017907] [drm:msm_dsi_register] 
[    2.039136] platform 1a01000.display-controller: Adding to iommu group 0
[    2.039561] /soc@0/display-subsystem@1a00000/display-controller@1a01000: Fixed dependency cycle(s) with /soc@0/display-subsystem@1a00000/dsi@1a98000
[    2.045621] [drm:mdss_runtime_resume] 
[    2.046079] /soc@0/display-subsystem@1a00000/display-controller@1a01000: Fixed dependency cycle(s) with /soc@0/display-subsystem@1a00000/dsi@1a98000
[    2.046660] [drm:mdss_runtime_suspend] 
[    2.058362] /soc@0/display-subsystem@1a00000/dsi@1a98000: Fixed dependency cycle(s) with /soc@0/display-subsystem@1a00000/dsi@1a98000/panel@0
[    2.071892] /soc@0/display-subsystem@1a00000/dsi@1a98000: Fixed dependency cycle(s) with /soc@0/display-subsystem@1a00000/display-controller@1a01000
[    2.084694] /soc@0/display-subsystem@1a00000/dsi@1a98000/panel@0: Fixed dependency cycle(s) with /soc@0/display-subsystem@1a00000/dsi@1a98000
[    2.097975] [drm:mdss_runtime_resume] 
[    2.099640] [drm:mdss_runtime_suspend] 
[    2.104786] loop: module loaded
[    2.110688] spmi_pmic_arb 200f000.spmi: PMIC arbiter version v2 (0x20010000)
[    2.146485] input: pwm-vibrator as /devices/platform/vibrator/input/input0
[    2.147313] i2c_qup 78b5000.i2c: using default clock-frequency 100000
[    2.153215] i2c_qup 78b6000.i2c: using default clock-frequency 100000
[    2.160022] i2c_qup 78b8000.i2c: using default clock-frequency 100000
[    2.166162] i2c_qup 78b9000.i2c: using default clock-frequency 100000
[    2.172921] i2c_qup 78ba000.i2c: using default clock-frequency 100000
[    2.182640] rt5033 7-0034: Device found (rev. 6)
[    2.187009] platform rt5033-charger: DMA mask not set
[    2.189605] rt5033-led: Failed to locate of_node [id: -1]
[    2.196272] input: pm8941_pwrkey as /devices/platform/soc@0/200f000.spmi/spmi-0/0-00/200f000.spmi:pmic@0:pon@800/200f000.spmi:pmic@0:pon@800:pwrkey/input/input1
[    2.201129] input: pm8941_resin as /devices/platform/soc@0/200f000.spmi/spmi-0/0-00/200f000.spmi:pmic@0:pon@800/200f000.spmi:pmic@0:pon@800:resin/input/input2
[    2.251478] clocksource: arch_mmio_counter: mask: 0xffffffffffffff max_cycles: 0x46d987e47, max_idle_ns: 440795202767 ns
[    2.251931] arch-timer-mmio b020000.timer: mmio timer running at 19.20MHz (virt)
[    2.285119] [drm:mdss_runtime_resume] 
[    2.287129] [drm:mdss_runtime_suspend] 
[    2.303685] [drm:mdss_runtime_resume] 
[    2.306657] [drm:mdss_runtime_suspend] 
[    2.320832] [drm:mdss_runtime_resume] 
[    2.323019] [drm:mdss_runtime_suspend] 
[    2.337131] msm_hsusb 78d9000.usb: Failed to create device link (0x180) with supplier remoteproc for /soc@0/usb@78d9000/ulpi/phy
[    2.338405] [drm:mdss_runtime_resume] 
[    2.342662] [drm:mdss_runtime_suspend] 
[    2.343779] sdhci_msm 7864900.mmc: Got CD GPIO
[    2.355749] tm2-touchkey 1-0020: failed to get regulators: -517
[    2.356554] mms114 6-0048: Unable to get the IO regulator (-517)
[    2.361566] [drm:mdss_runtime_resume] 
[    2.362660] [drm:mdss_runtime_suspend] 
[    2.371262] s3: Bringing 0uV into 1250000-1250000uV
[    2.372396] s4: Bringing 0uV into 1850000-1850000uV
[    2.375695] l2: Bringing 0uV into 1200000-1200000uV
[    2.377735] tm2-touchkey 1-0020: failed to get regulators: -517
[    2.380364] l5: Bringing 0uV into 1800000-1800000uV
[    2.385047] mms114 6-0048: Unable to get the IO regulator (-517)
[    2.390870] l6: Bringing 0uV into 1800000-1800000uV
[    2.403677] l7: Bringing 0uV into 1800000-1800000uV
[    2.406839] l8: Bringing 0uV into 2900000-2900000uV
[    2.411659] l9: Bringing 0uV into 3300000-3300000uV
[    2.416940] l11: Bringing 0uV into 2950000-2950000uV
[    2.421383] l12: Bringing 0uV into 1800000-1800000uV
[    2.426777] l13: Bringing 0uV into 3075000-3075000uV
[    2.432251] l17: Bringing 0uV into 2850000-2850000uV
[    2.436810] [drm:mdss_runtime_resume] 
[    2.437092] [drm:mdp5_dev_probe] 
[    2.437388] [drm:mdp5_dev_probe] skipping lut
[    2.437414] [drm:mdp5_dev_probe] skipping tbu
[    2.437437] [drm:mdp5_dev_probe] skipping tbu_rt
[    2.438180] [drm:pll_28nm_register] 0
[    2.438230] [drm:dsi_pll_28nm_clk_recalc_rate] returning vco rate = 1056000000
[    2.442651] [drm:mdss_runtime_suspend] 
[    2.443620] sdhci_msm 7864900.mmc: Got CD GPIO
[    2.490642] mmc0: SDHCI controller on 7824900.mmc [7824900.mmc] using ADMA
[    2.490830] mmc1: SDHCI controller on 7864900.mmc [7864900.mmc] using ADMA
[    2.569462] mmc0: Card appears overclocked; req 177770000 Hz, actual 177777777 Hz
[    2.569910] mmc0: Card appears overclocked; req 177770000 Hz, actual 177777777 Hz
[    2.576940] mmc0: new HS200 MMC card at address 0001
[    2.584213] mmcblk0: mmc0:0001 Q313MB 14.7 GiB
[    2.591427]  mmcblk0: p1 p2 p3 p4 p5 p6 p7 p8 p9 p10 p11 p12 p13 p14 p15 p16 p17 p18 p19 p20 p21 p22 p23 p24 p25 p26
[    2.597000] mmcblk0boot0: mmc0:0001 Q313MB 4.00 MiB
[    2.604939] mmcblk0boot1: mmc0:0001 Q313MB 4.00 MiB
[    2.609103] mmcblk0rpmb: mmc0:0001 Q313MB 4.00 MiB, chardev (249:0)
[    2.614795] input: tm2-touchkey as /devices/platform/i2c-tkey/i2c-1/1-0020/input/input5
[    2.621075] input: MELFAS MMS345 Touchscreen as /devices/platform/soc@0/78b9000.i2c/i2c-6/6-0048/input/input6
[    2.627658] [drm:mdss_runtime_resume] 
[    2.628159] [drm:dsi_dev_probe] 
[    2.628183] [drm:dsi_dev_probe] dsi probed=(____ptrval____)
[    2.628252] [drm:msm_dsi_host_init] dsi_get_config: Version 3:10030001
[    2.628739] [drm:msm_dsi_host_init] Dsi Host 0 initialized
[    2.628905] /soc@0/display-subsystem@1a00000/dsi@1a98000: Fixed dependency cycle(s) with /soc@0/display-subsystem@1a00000/dsi@1a98000/panel@0
[    2.637623] /soc@0/display-subsystem@1a00000/dsi@1a98000/panel@0: Fixed dependency cycle(s) with /soc@0/display-subsystem@1a00000/dsi@1a98000
[    2.651297] msm_mdp 1a01000.display-controller: bound 1a98000.dsi (ops 0xffff8000806384a8)
[    2.662885] [drm:mdp5_runtime_resume] 
[    2.662906] [drm:mdp5_runtime_resume] 
[    2.662928] [drm:mdp5_runtime_suspend] 
[    2.662943] [drm:mdp5_runtime_suspend] 
[    2.662979] msm_mdp 1a01000.display-controller: [drm:mdp5_kms_init] MDP5 version v1.6
[    2.671045] [drm:mdp5_cfg_init] MDP5: msm8x16 hw config selected
[    2.671081] [drm:mdp5_ctlm_init] Pool of 5 CTLs created.
[    2.671837] [drm:mdp5_runtime_resume] 
[    2.671859] [drm:mdp5_runtime_resume] 
[    2.687919] [drm:mdp5_runtime_suspend] 
[    2.687937] [drm:mdp5_runtime_suspend] 
[    2.687973] msm_mdp 1a01000.display-controller: fall back to the other CTL category for INTF 1!
[    2.688401] [drm:mdp5_ctlm_request] CTL 0 allocated
[    2.688658] [drm:mdp5_runtime_resume] 
[    2.688678] [drm:mdp5_runtime_resume] 
[    2.688701] [drm:mdp5_runtime_suspend] 
[    2.688717] [drm:mdp5_runtime_suspend] 
[    2.688935] [drm:mdp5_runtime_resume] 
[    2.688954] [drm:mdp5_runtime_resume] 
[    2.689010] [drm:mdp5_runtime_suspend] 
[    2.689027] [drm:mdp5_runtime_suspend] 
[    2.689377] msm_mdp 1a01000.display-controller: [drm:drm_sysfs_connector_add] [CONNECTOR:36:DSI-1] adding connector to sysfs
[    2.689506] msm_mdp 1a01000.display-controller: [drm:drm_sysfs_connector_hotplug_event] [CONNECTOR:36:DSI-1] generating connector hotplug event
[    2.689546] [drm] Initialized msm-kms 1.13.0 for 1a01000.display-controller on minor 0
[    2.695714] [drm:dsi_host_attach] id=0
[    2.696202] [drm:mdss_runtime_suspend] 
[    2.696252] gcc-msm8916 1800000.clock-controller: sync_state() pending due to chosen:framebuffer@8e000000
[    2.704755] input: GPIO Buttons as /devices/platform/gpio-keys/input/input7
[    2.714272] input: GPIO Hall Effect Sensor as /devices/platform/gpio-hall-sensor/input/input8
[    2.721282] clk: Disabling unused clocks
[    2.728784] [drm:mdss_runtime_resume] 
[    2.729053] PM: genpd: Disabling unused power domains
[    2.732830] [drm:mdss_runtime_suspend] 
[    2.735119] Freeing unused kernel memory: 2624K
[    2.735747] Run /init as init process
[    2.738681]   with arguments:
[    2.738688]     /init
[    2.738696]   with environment:
[    2.738703]     HOME=/
[    2.738710]     TERM=linux
[    2.741465]  INFO pocketboot: starting up
[    2.742950]  INFO pocketboot::reaper: PID 1 reaper thread spawned thread="pocketboot-reaper"
[    2.747083]  INFO pocketboot::getty: getty supervisor spawned pid=111 tty="tty0" baud="115200"
[    2.755543]  INFO pocketboot::getty: getty supervisor spawned pid=113 tty="ttyMSM0" baud="115200"
[    2.771419]  INFO pocketboot: detected boot state reboot_mode=None hard_reset=Some(true) power_key=Some(false) charger=Some(true) warm_reset=Some(false) source_backend="qcom-pon" source_detail="root=samsung,a5u-eur|qcom,msm8916 spmi=0-00 pmic=qcom,pm8916 pmic_node=qcom,pm8916|qcom,spmi-pmic pon=qcom,pm8916-pon pon_node=qcom,pm8916-pon gen=gen1 pon_base=0x800 pon_reason1=0x11 pon_reasons=hard-reset|usb-charger warm_reset_reason1=0x00 warm_reset_reason2=0x00 soft_rb_spare=0x00 reboot_mode=none"
[    2.781456] mmc1: new UHS-I speed SDR104 SDXC card at address aaaa
[    2.793620]  INFO pocketboot: selected device serialno serialno=cd0ee037
[    2.816384] mmcblk1: mmc1:aaaa SR128 119 GiB
[    2.822066]  INFO pocketboot::battery: battery watcher thread spawned thread="pocketboot-battery"
[    2.835376]  INFO pocketboot::ui: UI thread spawned thread="pocketboot-ui"
[    2.835563] msm_mdp 1a01000.display-controller: no GPU device was found
[    2.836566] GPT:Primary header thinks Alt. header is not at the end of the disk.
[    2.836573] GPT:29337599 != 249737215
[    2.836580] GPT:Alternate GPT header not at the end of the disk.
[    2.836583] GPT:29337599 != 249737215
[    2.836589] GPT: Use GNU Parted to correct GPT errors.
[    2.836614]  mmcblk1: p1 p2 p3
[    2.841908]  INFO pocketboot::gadget: USB gadget thread spawned thread="pocketboot-fastboot" mode="fastboot"
[    2.843778] file system registered
[    2.844089] read descriptors
[    2.844109] read strings
[    2.844731] read descriptors
[    2.844749] read strings
[    2.848649]  INFO pocketboot::battery: battery state updated percent=99 status=Charging
[    2.848887]  INFO pocketboot::gadget: USB gadget registered path=/sys/kernel/config/usb_gadget/gadgetry-most-foul0
[    2.848937] Mass Storage Function, version: 2009/09/11
[    2.848943] LUN: removable file: (no medium)
[    2.849218] LUN: removable file: (no medium)
[    2.849475] LUN: removable file: (no medium)
[    2.849722] LUN: removable file: (no medium)
[    2.849956] LUN: removable file: (no medium)
[    2.850189] LUN: removable file: (no medium)
[    2.850426] LUN: removable file: (no medium)
[    2.850700] LUN: removable file: (no medium)
[    2.850986]  INFO pocketboot::gadget: UMS function registered path=/sys/kernel/config/usb_gadget/gadgetry-most-foul0/functions/mass_storage.pocketboot-ums luns=8
[    2.854993]  INFO pocketboot: CDC-ACM disabled param="pocketboot.acm"
[    2.855024] l13: voltage operation not allowed
[    2.855661]  INFO pocketboot::gadget: USB gadget bound udc=ci_hdrc.0
[    2.862724] msm_mdp 1a01000.display-controller: [drm:drm_helper_probe_single_connector_modes] [CONNECTOR:36:DSI-1]
[    2.866331]  INFO pocketboot: waiting for UI boot selection or fastboot exit
[    2.872276] msm_mdp 1a01000.display-controller: [drm:drm_helper_probe_single_connector_modes] [CONNECTOR:36:DSI-1] status updated from unknown to connected
[    3.006017] msm_mdp 1a01000.display-controller: [drm:drm_helper_probe_single_connector_modes] [CONNECTOR:36:DSI-1] probed modes:
[    3.006052] msm_mdp 1a01000.display-controller: [drm:drm_helper_probe_single_connector_modes] Probed mode: "720x1280": 60 80117 720 800 896 1024 1280 1294 1296 1304 0x48 0x0
[    3.006286] msm_mdp 1a01000.display-controller: [drm:drm_mode_addfb2] [FB:62]
[    3.006360] msm_mdp 1a01000.display-controller: [drm:drm_mode_addfb2] [FB:63]
[    3.006420] msm_mdp 1a01000.display-controller: [drm:drm_mode_addfb2] [FB:64]
[    3.006645] msm_mdp 1a01000.display-controller: [drm:drm_sysfs_hotplug_event] generating hotplug event
[    3.023701]  INFO pocketboot::ui: POCKETBOOT_UI_SCALE scale_factor_milli=1000 physical_width=720 physical_height=1280 logical_width=720 logical_height=1280
[    3.220780]  INFO pocketboot::fastboot: fastboot function enabled
[    3.221251]  INFO pocketboot::adb: adb function enabled
[    3.279258]  INFO pocketboot: local flash settled elapsed_ms=412 disks=4 partitions=29 events=0 snapshot_changes=0 snapshot=mmcblk0:179:0:30777344[mmcblk0p1|mmcblk0p10|mmcblk0p11|mmcblk0p12|mmcblk0p13|mmcblk0p14|mmcblk0p15|mmcblk0p16|mmcblk0p17|mmcblk0p18|mmcblk0p19|mmcblk0p2|mmcblk0p20|mmcblk0p21|mmcblk0p22|mmcblk0p23|mmcblk0p24|mmcblk0p25|mmcblk0p26|mmcblk0p3|mmcblk0p4|mmcblk0p5|mmcblk0p6|mmcblk0p7|mmcblk0p8|mmcblk0p9],mmcblk0boot0:179:8:8192[-],mmcblk0boot1:179:16:8192[-],mmcblk1:179:24:249737216[mmcblk1p1|mmcblk1p2|mmcblk1p3]
[    3.310692] mms114 6-0048: TSP FW Rev: bootloader 0x6 / core 0x26 / config 0x26
[    3.315128]  INFO pocketboot: block devices found count=12
[    3.325040]  INFO pocketboot::ui: opened touch input device path=/dev/input/event4
[    3.332581]  INFO pocketboot: block device device=loop0 description=loop0 dev=7:0 size=0 sectors/0 MiB rw
[    3.347087]  INFO pocketboot: block device device=loop1 description=loop1 dev=7:1 size=0 sectors/0 MiB rw
[    3.355503]  INFO pocketboot: block device device=loop2 description=loop2 dev=7:2 size=0 sectors/0 MiB rw
[    3.365222]  INFO pocketboot: block device device=loop3 description=loop3 dev=7:3 size=0 sectors/0 MiB rw
[    3.374783]  INFO pocketboot: block device device=loop4 description=loop4 dev=7:4 size=0 sectors/0 MiB rw
[    3.384329]  INFO pocketboot: block device device=loop5 description=loop5 dev=7:5 size=0 sectors/0 MiB rw
[    3.393868]  INFO pocketboot: block device device=loop6 description=loop6 dev=7:6 size=0 sectors/0 MiB rw
[    3.403419]  INFO pocketboot: block device device=loop7 description=loop7 dev=7:7 size=0 sectors/0 MiB rw
[    3.413010]  INFO pocketboot: block device device=mmcblk0 description=mmcblk0 dev=179:0 size=30777344 sectors/15028 MiB rw
[    3.422506]  INFO pocketboot::adb: adb connection opened version=16777217 max_payload=1048576
[    3.422556]  INFO pocketboot: block partition partition=mmcblk0p1 description=mmcblk0p1 dev=179:1 size=30720 sectors/15 MiB rw partname=apnhlos
[    3.442588]  INFO pocketboot: block partition partition=mmcblk0p10 description=mmcblk0p10 dev=259:2 size=32 sectors/0 MiB rw partname=sec
[    3.454797]  INFO pocketboot: block partition partition=mmcblk0p11 description=mmcblk0p11 dev=259:3 size=21536 sectors/10 MiB rw partname=pad
[    3.467275]  INFO pocketboot: block partition partition=mmcblk0p12 description=mmcblk0p12 dev=259:4 size=20480 sectors/10 MiB rw partname=param
[    3.479941]  INFO pocketboot: block partition partition=mmcblk0p13 description=mmcblk0p13 dev=259:5 size=28672 sectors/14 MiB rw partname=efs
[    3.492618]  INFO pocketboot: block partition partition=mmcblk0p14 description=mmcblk0p14 dev=259:6 size=6144 sectors/3 MiB rw partname=modemst1
[    3.505463]  INFO pocketboot: block partition partition=mmcblk0p15 description=mmcblk0p15 dev=259:7 size=6144 sectors/3 MiB rw partname=modemst2
[    3.518477]  INFO pocketboot: block partition partition=mmcblk0p16 description=mmcblk0p16 dev=259:8 size=26624 sectors/13 MiB rw partname=boot
[    3.531413]  INFO pocketboot: block partition partition=mmcblk0p17 description=mmcblk0p17 dev=259:9 size=30720 sectors/15 MiB rw partname=recovery
[    3.544182]  INFO pocketboot: block partition partition=mmcblk0p18 description=mmcblk0p18 dev=259:10 size=10242 sectors/5 MiB rw partname=fota
[    3.557116]  INFO pocketboot: block partition partition=mmcblk0p19 description=mmcblk0p19 dev=259:11 size=14318 sectors/6 MiB rw partname=backup
[    3.569878]  INFO pocketboot: block partition partition=mmcblk0p2 description=mmcblk0p2 dev=179:2 size=117632 sectors/57 MiB rw partname=modem
[    3.582997]  INFO pocketboot: block partition partition=mmcblk0p20 description=mmcblk0p20 dev=259:12 size=6144 sectors/3 MiB rw partname=fsc
[    3.595574]  INFO pocketboot: block partition partition=mmcblk0p21 description=mmcblk0p21 dev=259:13 size=16 sectors/0 MiB rw partname=ssd
[    3.608339]  INFO pocketboot: block partition partition=mmcblk0p22 description=mmcblk0p22 dev=259:14 size=16384 sectors/8 MiB rw partname=persist
[    3.620573]  INFO pocketboot: block partition partition=mmcblk0p23 description=mmcblk0p23 dev=259:15 size=18432 sectors/9 MiB rw partname=persdata
[    3.633854]  INFO pocketboot: block partition partition=mmcblk0p24 description=mmcblk0p24 dev=259:16 size=204800 sectors/100 MiB rw
[    3.646704]  INFO pocketboot: block partition partition=mmcblk0p25 description=mmcblk0p25 dev=259:17 size=1024000 sectors/500 MiB rw
[    3.658411]  INFO pocketboot: block partition partition=mmcblk0p26 description=mmcblk0p26 dev=259:18 size=29169664 sectors/14243 MiB rw
[    3.670564]  INFO pocketboot: block partition partition=mmcblk0p3 description=mmcblk0p3 dev=179:3 size=1024 sectors/0 MiB rw partname=sbl1
[    3.682455]  INFO pocketboot: block partition partition=mmcblk0p4 description=mmcblk0p4 dev=179:4 size=64 sectors/0 MiB rw partname=ddr
[    3.694975]  INFO pocketboot: block partition partition=mmcblk0p5 description=mmcblk0p5 dev=179:5 size=4096 sectors/2 MiB rw partname=aboot
[    3.707034]  INFO pocketboot: block partition partition=mmcblk0p6 description=mmcblk0p6 dev=179:6 size=1024 sectors/0 MiB rw partname=rpm
[    3.719516]  INFO pocketboot: block partition partition=mmcblk0p7 description=mmcblk0p7 dev=179:7 size=1024 sectors/0 MiB rw partname=qsee
[    3.732017]  INFO pocketboot: block partition partition=mmcblk0p8 description=mmcblk0p8 dev=259:0 size=1024 sectors/0 MiB rw partname=qhee
[    3.744346]  INFO pocketboot: block partition partition=mmcblk0p9 description=mmcblk0p9 dev=259:1 size=6144 sectors/3 MiB rw partname=fsg
[    3.756823]  INFO pocketboot: block device device=mmcblk0boot0 description=mmcblk0boot0 dev=179:8 size=8192 sectors/4 MiB ro
[    3.769183]  INFO pocketboot: block device device=mmcblk0boot1 description=mmcblk0boot1 dev=179:16 size=8192 sectors/4 MiB ro
[    3.780464]  INFO pocketboot: block device device=mmcblk1 description=mmcblk1 dev=179:24 size=249737216 sectors/121942 MiB rw
[    3.791654]  INFO pocketboot: block partition partition=mmcblk1p1 description=mmcblk1p1 dev=179:25 size=1026048 sectors/501 MiB rw
[    3.802948]  INFO pocketboot: block partition partition=mmcblk1p2 description=mmcblk1p2 dev=179:26 size=2097152 sectors/1024 MiB rw
[    3.814567]  INFO pocketboot: block partition partition=mmcblk1p3 description=mmcblk1p3 dev=179:27 size=26212319 sectors/12798 MiB rw
[    3.840675]  INFO pocketboot::bootflow: mounted boot partition candidate disk=mmcblk0 partition=mmcblk0p24 role="esp" path=/dev/mmcblk0p24 mount=/run/pocketboot/boot/esp-mmcblk0p24 fstype="vfat"
[    3.876081]  INFO pocketboot::bootflow: mounted boot partition candidate disk=mmcblk1 partition=mmcblk1p1 role="esp" path=/dev/mmcblk1p1 mount=/run/pocketboot/boot/esp-mmcblk1p1 fstype="vfat"
[    3.886769]  INFO pocketboot::ui: opened hardware button input device path=/dev/input/event5
[    3.911209] EXT4-fs (mmcblk1p2): orphan cleanup on readonly fs
[    3.912323] EXT4-fs (mmcblk1p2): mounted filesystem 5077d4c6-b4a5-4429-af95-ee9691dbb6ca ro without journal. Quota mode: disabled.
[    3.916078]  INFO pocketboot::ui: opened hardware button input device path=/dev/input/event2
[    3.916483]  INFO pocketboot::bootflow: mounted boot partition candidate disk=mmcblk1 partition=mmcblk1p2 role="xbootldr" path=/dev/mmcblk1p2 mount=/run/pocketboot/boot/xbootldr-mmcblk1p2 fstype="ext4"
[    3.927744]  INFO pocketboot::ui: opened hardware button input device path=/dev/input/event1
[    3.949474]  INFO pocketboot: boot entries discovered count=1
[    3.964259]  INFO pocketboot: boot entry index=0 id=ostree-1.conf title="Fedora Linux 44-a5u-test (phosh) (ostree:0)" version="7.2.0-0.rc1.15.msm8916.fc44.aarch64" architecture="" role=Xbootldr disk=mmcblk1 partition=mmcblk1p2 source=/run/pocketboot/boot/xbootldr-mmcblk1p2/loader/entries/ostree-1.conf preferred=false directly_bootable=true
[    3.976727]  INFO pocketboot: boot discovery complete; holding for fastboot or UI selection
[    4.006769]  INFO pocketboot::ui: starting frankenSlint UI path=/dev/dri/card0 connector=DSI-1 width=720 height=1280 format=DrmFourcc(XR24)
[    4.034498] msm_mdp 1a01000.display-controller: [drm:drm_mode_setcrtc] [CRTC:61:crtc-0]
[    4.034557] msm_mdp 1a01000.display-controller: [drm:drm_mode_setcrtc] [CONNECTOR:36:DSI-1]
[    4.034687] [drm:mdp5_plane_atomic_check] plane-0: check (0 -> 0)
[    4.034725] [drm:mdp5_pipe_assign] DMA0: alloc SMP blocks
[    4.034743] [drm:mdp5_smp_assign] DMA0[0]: request 1 SMP blocks
[    4.034762] [drm:mdp5_pipe_assign] DMA0: assign to plane plane-0 for caps 0
[    4.034781] [drm:mdp5_crtc_atomic_check] crtc-0: check
[    4.034797] [drm:mdp5_mixer_assign] assigning Layer Mixer 0 to crtc crtc-0
[    4.034815] [drm:mdp5_crtc_atomic_check] crtc-0: assign pipe plane-0 on stage=1
[    4.034925] [drm:mdss_runtime_resume] 
[    4.034988] [drm:mdp5_runtime_resume] 
[    4.035005] [drm:mdp5_runtime_resume] 
[    4.035032] [drm:mdp5_smp_prepare_commit] assign DMA0:0, 1 blks
[    4.035052] [drm:mdp5_smp_prepare_commit] assign DMA0:1, 1 blks
[    4.035070] [drm:mdp5_smp_prepare_commit] assign DMA0:2, 1 blks
[    4.035098] [drm:mdp5_crtc_mode_set_nofb] crtc-0: set mode: "720x1280": 60 80117 720 800 896 1024 1280 1294 1296 1304 0x48 0x0
[    4.035128] [drm:dsi_mgr_bridge_mode_set] set mode: "720x1280": 60 80117 720 800 896 1024 1280 1294 1296 1304 0x48 0x0
[    4.035156] [drm:mdp5_crtc_atomic_begin] crtc-0: begin
[    4.035171] [drm:mdp5_plane_atomic_update] plane-0: update
[    4.035189] [drm:mdp5_plane_mode_set] plane-0: FB[63] 0,0,720,1280 -> CRTC[61] 0,0,720,1280
[    4.035215] [drm:mdp5_plane_mode_set] scale config = 0
[    4.035236] [drm:mdp5_crtc_atomic_flush] crtc-0: event: (____ptrval____)
[    4.035261] [drm:mdp5_ctl_blend] lm0: blend config = 0x00040000. ext_cfg = 0x00000000
[    4.035279] [drm:mdp5_crtc_atomic_flush] crtc-0: flush=00000840
[    4.035299] [drm:mdp5_crtc_atomic_enable] crtc-0
[    4.035323] [drm:mdp5_crtc_mode_set_nofb] crtc-0: set mode: "720x1280": 60 80117 720 800 896 1024 1280 1294 1296 1304 0x48 0x0
[    4.035352] [drm:dsi_mgr_bridge_pre_enable] id=0
[    4.035367] [drm:dsi_mgr_bridge_pre_enable] id=0
[    4.035382] [drm:msm_dsi_host_reset_phy] 
[    4.036502] [drm:dsi_calc_pclk] pclk=80117000, bclk=60087750
[    4.036587] [drm:dsi_28nm_phy_enable] 
[    4.036606] [drm:msm_dsi_dphy_timing_calc] PHY timings: 28, 4, 0, 139, 30, 20, 68, 70, 24, 32, 25
[    4.036706] [drm:dsi_link_clk_set_rate_6g] Set clk rates: pclk=80117000, byteclk=60087750
[    4.036792] [drm:dsi_pll_28nm_clk_set_rate] refclk_cfg = 1
[    4.036810] [drm:dsi_pll_28nm_clk_set_rate] div_fb = 12518
[    4.036825] [drm:dsi_pll_28nm_clk_set_rate] frac_n_value = 33947
[    4.036840] [drm:dsi_pll_28nm_clk_set_rate] Generated VCO Clock: 480691200
[    4.036855] [drm:dsi_pll_28nm_clk_set_rate] sdm_cfg0=0
[    4.036870] [drm:dsi_pll_28nm_clk_set_rate] sdm_cfg1=75
[    4.036884] [drm:dsi_pll_28nm_clk_set_rate] sdm_cfg2=155
[    4.036898] [drm:dsi_pll_28nm_clk_set_rate] sdm_cfg3=132
[    4.036913] [drm:dsi_pll_28nm_clk_set_rate] cal_cfg10=224, cal_cfg11=1
[    4.037935] [drm:dsi_pll_28nm_clk_recalc_rate] sdm_dc_off = 11
[    4.037951] [drm:dsi_pll_28nm_clk_recalc_rate] sdm_freq_seed = 33947
[    4.037966] [drm:dsi_pll_28nm_clk_recalc_rate] vco rate = 480690820
[    4.037981] [drm:dsi_pll_28nm_clk_recalc_rate] returning vco rate = 480690820
[    4.038052] [drm:dsi_pll_28nm_vco_prepare_lp] id=0
[    4.038587] [drm:dsi_pll_28nm_vco_prepare_lp] DSI PLL is locked
[    4.038602] [drm:dsi_pll_28nm_vco_prepare_lp] DSI PLL lock success
[    4.038642] [drm:msm_dsi_host_power_on] 
[    4.062634] [drm:dsi_intr_ctrl] intr=2220aa02 enable=1
[    4.062656] [drm:msm_dsi_host_power_on] lane number=4
[    4.114629] [drm:dsi_link_clk_set_rate_6g] Set clk rates: pclk=80117000, byteclk=60087750
[    4.114704] [drm:dsi_pll_28nm_clk_set_rate] refclk_cfg = 1
[    4.114721] [drm:dsi_pll_28nm_clk_set_rate] div_fb = 12518
[    4.114736] [drm:dsi_pll_28nm_clk_set_rate] frac_n_value = 33947
[    4.114750] [drm:dsi_pll_28nm_clk_set_rate] Generated VCO Clock: 480691200
[    4.114766] [drm:dsi_pll_28nm_clk_set_rate] sdm_cfg0=0
[    4.114780] [drm:dsi_pll_28nm_clk_set_rate] sdm_cfg1=75
[    4.114794] [drm:dsi_pll_28nm_clk_set_rate] sdm_cfg2=155
[    4.114809] [drm:dsi_pll_28nm_clk_set_rate] sdm_cfg3=132
[    4.114824] [drm:dsi_pll_28nm_clk_set_rate] cal_cfg10=224, cal_cfg11=1
[    4.115845] [drm:dsi_pll_28nm_clk_recalc_rate] sdm_dc_off = 11
[    4.115860] [drm:dsi_pll_28nm_clk_recalc_rate] sdm_freq_seed = 33947
[    4.115875] [drm:dsi_pll_28nm_clk_recalc_rate] vco rate = 480690820
[    4.115890] [drm:dsi_pll_28nm_clk_recalc_rate] returning vco rate = 480690820
[    4.115932] [drm:dsi_intr_ctrl] intr=2220aa02 enable=1
[    4.115972] [drm:dsi_host_irq] isr=0x2220aa03, id=0
[    4.116009] [drm:dsi_cmds2buf_tx] ret=50
[    4.116030] [drm:dsi_intr_ctrl] intr=2220aa00 enable=0
[    4.116054] [drm:dsi_link_clk_set_rate_6g] Set clk rates: pclk=80117000, byteclk=60087750
[    4.116116] [drm:dsi_pll_28nm_clk_set_rate] refclk_cfg = 1
[    4.116133] [drm:dsi_pll_28nm_clk_set_rate] div_fb = 12518
[    4.116148] [drm:dsi_pll_28nm_clk_set_rate] frac_n_value = 33947
[    4.116163] [drm:dsi_pll_28nm_clk_set_rate] Generated VCO Clock: 480691200
[    4.116177] [drm:dsi_pll_28nm_clk_set_rate] sdm_cfg0=0
[    4.116191] [drm:dsi_pll_28nm_clk_set_rate] sdm_cfg1=75
[    4.116206] [drm:dsi_pll_28nm_clk_set_rate] sdm_cfg2=155
[    4.116220] [drm:dsi_pll_28nm_clk_set_rate] sdm_cfg3=132
[    4.116234] [drm:dsi_pll_28nm_clk_set_rate] cal_cfg10=224, cal_cfg11=1
[    4.117255] [drm:dsi_pll_28nm_clk_recalc_rate] sdm_dc_off = 11
[    4.117271] [drm:dsi_pll_28nm_clk_recalc_rate] sdm_freq_seed = 33947
[    4.117286] [drm:dsi_pll_28nm_clk_recalc_rate] vco rate = 480690820
[    4.117300] [drm:dsi_pll_28nm_clk_recalc_rate] returning vco rate = 480690820
[    4.117339] [drm:dsi_intr_ctrl] intr=2220aa02 enable=1
[    4.117370] [drm:dsi_host_irq] isr=0x2220aa03, id=0
[    4.117399] [drm:dsi_cmds2buf_tx] ret=50
[    4.117418] [drm:dsi_intr_ctrl] intr=2220aa00 enable=0
[    4.117441] [drm:dsi_link_clk_set_rate_6g] Set clk rates: pclk=80117000, byteclk=60087750
[    4.117503] [drm:dsi_pll_28nm_clk_set_rate] refclk_cfg = 1
[    4.117520] [drm:dsi_pll_28nm_clk_set_rate] div_fb = 12518
[    4.117535] [drm:dsi_pll_28nm_clk_set_rate] frac_n_value = 33947
[    4.117549] [drm:dsi_pll_28nm_clk_set_rate] Generated VCO Clock: 480691200
[    4.117564] [drm:dsi_pll_28nm_clk_set_rate] sdm_cfg0=0
[    4.117578] [drm:dsi_pll_28nm_clk_set_rate] sdm_cfg1=75
[    4.117593] [drm:dsi_pll_28nm_clk_set_rate] sdm_cfg2=155
[    4.117607] [drm:dsi_pll_28nm_clk_set_rate] sdm_cfg3=132
[    4.117622] [drm:dsi_pll_28nm_clk_set_rate] cal_cfg10=224, cal_cfg11=1
[    4.118643] [drm:dsi_pll_28nm_clk_recalc_rate] sdm_dc_off = 11
[    4.118659] [drm:dsi_pll_28nm_clk_recalc_rate] sdm_freq_seed = 33947
[    4.118674] [drm:dsi_pll_28nm_clk_recalc_rate] vco rate = 480690820
[    4.118689] [drm:dsi_pll_28nm_clk_recalc_rate] returning vco rate = 480690820
[    4.118729] [drm:dsi_intr_ctrl] intr=2220aa02 enable=1
[    4.118758] [drm:dsi_host_irq] isr=0x2220aa03, id=0
[    4.118788] [drm:dsi_cmds2buf_tx] ret=50
[    4.118809] [drm:dsi_intr_ctrl] intr=2220aa00 enable=0
[    4.118831] [drm:dsi_link_clk_set_rate_6g] Set clk rates: pclk=80117000, byteclk=60087750
[    4.118892] [drm:dsi_pll_28nm_clk_set_rate] refclk_cfg = 1
[    4.118908] [drm:dsi_pll_28nm_clk_set_rate] div_fb = 12518
[    4.118923] [drm:dsi_pll_28nm_clk_set_rate] frac_n_value = 33947
[    4.118937] [drm:dsi_pll_28nm_clk_set_rate] Generated VCO Clock: 480691200
[    4.118952] [drm:dsi_pll_28nm_clk_set_rate] sdm_cfg0=0
[    4.118966] [drm:dsi_pll_28nm_clk_set_rate] sdm_cfg1=75
[    4.118981] [drm:dsi_pll_28nm_clk_set_rate] sdm_cfg2=155
[    4.118995] [drm:dsi_pll_28nm_clk_set_rate] sdm_cfg3=132
[    4.119010] [drm:dsi_pll_28nm_clk_set_rate] cal_cfg10=224, cal_cfg11=1
[    4.120030] [drm:dsi_pll_28nm_clk_recalc_rate] sdm_dc_off = 11
[    4.120046] [drm:dsi_pll_28nm_clk_recalc_rate] sdm_freq_seed = 33947
[    4.120061] [drm:dsi_pll_28nm_clk_recalc_rate] vco rate = 480690820
[    4.120075] [drm:dsi_pll_28nm_clk_recalc_rate] returning vco rate = 480690820
[    4.120114] [drm:dsi_intr_ctrl] intr=2220aa02 enable=1
[    4.120142] [drm:dsi_host_irq] isr=0x2220aa03, id=0
[    4.120171] [drm:dsi_cmds2buf_tx] ret=50
[    4.120190] [drm:dsi_intr_ctrl] intr=2220aa00 enable=0
[    4.120212] [drm:dsi_link_clk_set_rate_6g] Set clk rates: pclk=80117000, byteclk=60087750
[    4.120272] [drm:dsi_pll_28nm_clk_set_rate] refclk_cfg = 1
[    4.120288] [drm:dsi_pll_28nm_clk_set_rate] div_fb = 12518
[    4.120303] [drm:dsi_pll_28nm_clk_set_rate] frac_n_value = 33947
[    4.120318] [drm:dsi_pll_28nm_clk_set_rate] Generated VCO Clock: 480691200
[    4.120333] [drm:dsi_pll_28nm_clk_set_rate] sdm_cfg0=0
[    4.120347] [drm:dsi_pll_28nm_clk_set_rate] sdm_cfg1=75
[    4.120361] [drm:dsi_pll_28nm_clk_set_rate] sdm_cfg2=155
[    4.120376] [drm:dsi_pll_28nm_clk_set_rate] sdm_cfg3=132
[    4.120390] [drm:dsi_pll_28nm_clk_set_rate] cal_cfg10=224, cal_cfg11=1
[    4.121411] [drm:dsi_pll_28nm_clk_recalc_rate] sdm_dc_off = 11
[    4.121426] [drm:dsi_pll_28nm_clk_recalc_rate] sdm_freq_seed = 33947
[    4.121441] [drm:dsi_pll_28nm_clk_recalc_rate] vco rate = 480690820
[    4.121456] [drm:dsi_pll_28nm_clk_recalc_rate] returning vco rate = 480690820
[    4.121494] [drm:dsi_intr_ctrl] intr=2220aa02 enable=1
[    4.121521] [drm:dsi_host_irq] isr=0x2220aa03, id=0
[    4.121549] [drm:dsi_cmds2buf_tx] ret=50
[    4.121569] [drm:dsi_intr_ctrl] intr=2220aa00 enable=0
[    4.121590] [drm:dsi_link_clk_set_rate_6g] Set clk rates: pclk=80117000, byteclk=60087750
[    4.121651] [drm:dsi_pll_28nm_clk_set_rate] refclk_cfg = 1
[    4.121667] [drm:dsi_pll_28nm_clk_set_rate] div_fb = 12518
[    4.121681] [drm:dsi_pll_28nm_clk_set_rate] frac_n_value = 33947
[    4.121696] [drm:dsi_pll_28nm_clk_set_rate] Generated VCO Clock: 480691200
[    4.121711] [drm:dsi_pll_28nm_clk_set_rate] sdm_cfg0=0
[    4.121725] [drm:dsi_pll_28nm_clk_set_rate] sdm_cfg1=75
[    4.121739] [drm:dsi_pll_28nm_clk_set_rate] sdm_cfg2=155
[    4.121754] [drm:dsi_pll_28nm_clk_set_rate] sdm_cfg3=132
[    4.121768] [drm:dsi_pll_28nm_clk_set_rate] cal_cfg10=224, cal_cfg11=1
[    4.122789] [drm:dsi_pll_28nm_clk_recalc_rate] sdm_dc_off = 11
[    4.122806] [drm:dsi_pll_28nm_clk_recalc_rate] sdm_freq_seed = 33947
[    4.122821] [drm:dsi_pll_28nm_clk_recalc_rate] vco rate = 480690820
[    4.122836] [drm:dsi_pll_28nm_clk_recalc_rate] returning vco rate = 480690820
[    4.122874] [drm:dsi_intr_ctrl] intr=2220aa02 enable=1
[    4.122902] [drm:dsi_host_irq] isr=0x2220aa03, id=0
[    4.122931] [drm:dsi_cmds2buf_tx] ret=50
[    4.122950] [drm:dsi_intr_ctrl] intr=2220aa00 enable=0
[    4.122972] [drm:dsi_link_clk_set_rate_6g] Set clk rates: pclk=80117000, byteclk=60087750
[    4.123032] [drm:dsi_pll_28nm_clk_set_rate] refclk_cfg = 1
[    4.123048] [drm:dsi_pll_28nm_clk_set_rate] div_fb = 12518
[    4.123062] [drm:dsi_pll_28nm_clk_set_rate] frac_n_value = 33947
[    4.123077] [drm:dsi_pll_28nm_clk_set_rate] Generated VCO Clock: 480691200
[    4.123092] [drm:dsi_pll_28nm_clk_set_rate] sdm_cfg0=0
[    4.123106] [drm:dsi_pll_28nm_clk_set_rate] sdm_cfg1=75
[    4.123121] [drm:dsi_pll_28nm_clk_set_rate] sdm_cfg2=155
[    4.123135] [drm:dsi_pll_28nm_clk_set_rate] sdm_cfg3=132
[    4.123149] [drm:dsi_pll_28nm_clk_set_rate] cal_cfg10=224, cal_cfg11=1
[    4.124170] [drm:dsi_pll_28nm_clk_recalc_rate] sdm_dc_off = 11
[    4.124186] [drm:dsi_pll_28nm_clk_recalc_rate] sdm_freq_seed = 33947
[    4.124201] [drm:dsi_pll_28nm_clk_recalc_rate] vco rate = 480690820
[    4.124215] [drm:dsi_pll_28nm_clk_recalc_rate] returning vco rate = 480690820
[    4.124253] [drm:dsi_intr_ctrl] intr=2220aa02 enable=1
[    4.124280] [drm:dsi_host_irq] isr=0x2220aa03, id=0
[    4.124309] [drm:dsi_cmds2buf_tx] ret=50
[    4.124329] [drm:dsi_intr_ctrl] intr=2220aa00 enable=0
[    4.124350] [drm:dsi_link_clk_set_rate_6g] Set clk rates: pclk=80117000, byteclk=60087750
[    4.124411] [drm:dsi_pll_28nm_clk_set_rate] refclk_cfg = 1
[    4.124427] [drm:dsi_pll_28nm_clk_set_rate] div_fb = 12518
[    4.124441] [drm:dsi_pll_28nm_clk_set_rate] frac_n_value = 33947
[    4.124456] [drm:dsi_pll_28nm_clk_set_rate] Generated VCO Clock: 480691200
[    4.124471] [drm:dsi_pll_28nm_clk_set_rate] sdm_cfg0=0
[    4.124485] [drm:dsi_pll_28nm_clk_set_rate] sdm_cfg1=75
[    4.124500] [drm:dsi_pll_28nm_clk_set_rate] sdm_cfg2=155
[    4.124515] [drm:dsi_pll_28nm_clk_set_rate] sdm_cfg3=132
[    4.124529] [drm:dsi_pll_28nm_clk_set_rate] cal_cfg10=224, cal_cfg11=1
[    4.125549] [drm:dsi_pll_28nm_clk_recalc_rate] sdm_dc_off = 11
[    4.125565] [drm:dsi_pll_28nm_clk_recalc_rate] sdm_freq_seed = 33947
[    4.125580] [drm:dsi_pll_28nm_clk_recalc_rate] vco rate = 480690820
[    4.125595] [drm:dsi_pll_28nm_clk_recalc_rate] returning vco rate = 480690820
[    4.125632] [drm:dsi_intr_ctrl] intr=2220aa02 enable=1
[    4.125660] [drm:dsi_host_irq] isr=0x2220aa03, id=0
[    4.125688] [drm:dsi_cmds2buf_tx] ret=50
[    4.125707] [drm:dsi_intr_ctrl] intr=2220aa00 enable=0
[    4.125729] [drm:dsi_link_clk_set_rate_6g] Set clk rates: pclk=80117000, byteclk=60087750
[    4.125788] [drm:dsi_pll_28nm_clk_set_rate] refclk_cfg = 1
[    4.125804] [drm:dsi_pll_28nm_clk_set_rate] div_fb = 12518
[    4.125819] [drm:dsi_pll_28nm_clk_set_rate] frac_n_value = 33947
[    4.125833] [drm:dsi_pll_28nm_clk_set_rate] Generated VCO Clock: 480691200
[    4.125848] [drm:dsi_pll_28nm_clk_set_rate] sdm_cfg0=0
[    4.125863] [drm:dsi_pll_28nm_clk_set_rate] sdm_cfg1=75
[    4.125877] [drm:dsi_pll_28nm_clk_set_rate] sdm_cfg2=155
[    4.125891] [drm:dsi_pll_28nm_clk_set_rate] sdm_cfg3=132
[    4.125905] [drm:dsi_pll_28nm_clk_set_rate] cal_cfg10=224, cal_cfg11=1
[    4.126926] [drm:dsi_pll_28nm_clk_recalc_rate] sdm_dc_off = 11
[    4.126943] [drm:dsi_pll_28nm_clk_recalc_rate] sdm_freq_seed = 33947
[    4.126958] [drm:dsi_pll_28nm_clk_recalc_rate] vco rate = 480690820
[    4.126973] [drm:dsi_pll_28nm_clk_recalc_rate] returning vco rate = 480690820
[    4.127010] [drm:dsi_intr_ctrl] intr=2220aa02 enable=1
[    4.127038] [drm:dsi_host_irq] isr=0x2220aa03, id=0
[    4.127067] [drm:dsi_cmds2buf_tx] ret=50
[    4.127087] [drm:dsi_intr_ctrl] intr=2220aa00 enable=0
[    4.127108] [drm:dsi_link_clk_set_rate_6g] Set clk rates: pclk=80117000, byteclk=60087750
[    4.127168] [drm:dsi_pll_28nm_clk_set_rate] refclk_cfg = 1
[    4.127185] [drm:dsi_pll_28nm_clk_set_rate] div_fb = 12518
[    4.127200] [drm:dsi_pll_28nm_clk_set_rate] frac_n_value = 33947
[    4.127214] [drm:dsi_pll_28nm_clk_set_rate] Generated VCO Clock: 480691200
[    4.127229] [drm:dsi_pll_28nm_clk_set_rate] sdm_cfg0=0
[    4.127243] [drm:dsi_pll_28nm_clk_set_rate] sdm_cfg1=75
[    4.127258] [drm:dsi_pll_28nm_clk_set_rate] sdm_cfg2=155
[    4.127272] [drm:dsi_pll_28nm_clk_set_rate] sdm_cfg3=132
[    4.127286] [drm:dsi_pll_28nm_clk_set_rate] cal_cfg10=224, cal_cfg11=1
[    4.128307] [drm:dsi_pll_28nm_clk_recalc_rate] sdm_dc_off = 11
[    4.128323] [drm:dsi_pll_28nm_clk_recalc_rate] sdm_freq_seed = 33947
[    4.128338] [drm:dsi_pll_28nm_clk_recalc_rate] vco rate = 480690820
[    4.128353] [drm:dsi_pll_28nm_clk_recalc_rate] returning vco rate = 480690820
[    4.128389] [drm:dsi_intr_ctrl] intr=2220aa02 enable=1
[    4.128417] [drm:dsi_host_irq] isr=0x2220aa03, id=0
[    4.128445] [drm:dsi_cmds2buf_tx] ret=50
[    4.128465] [drm:dsi_intr_ctrl] intr=2220aa00 enable=0
[    4.128486] [drm:dsi_link_clk_set_rate_6g] Set clk rates: pclk=80117000, byteclk=60087750
[    4.128546] [drm:dsi_pll_28nm_clk_set_rate] refclk_cfg = 1
[    4.128562] [drm:dsi_pll_28nm_clk_set_rate] div_fb = 12518
[    4.128577] [drm:dsi_pll_28nm_clk_set_rate] frac_n_value = 33947
[    4.128592] [drm:dsi_pll_28nm_clk_set_rate] Generated VCO Clock: 480691200
[    4.128607] [drm:dsi_pll_28nm_clk_set_rate] sdm_cfg0=0
[    4.128621] [drm:dsi_pll_28nm_clk_set_rate] sdm_cfg1=75
[    4.128635] [drm:dsi_pll_28nm_clk_set_rate] sdm_cfg2=155
[    4.128650] [drm:dsi_pll_28nm_clk_set_rate] sdm_cfg3=132
[    4.128664] [drm:dsi_pll_28nm_clk_set_rate] cal_cfg10=224, cal_cfg11=1
[    4.129685] [drm:dsi_pll_28nm_clk_recalc_rate] sdm_dc_off = 11
[    4.129700] [drm:dsi_pll_28nm_clk_recalc_rate] sdm_freq_seed = 33947
[    4.129715] [drm:dsi_pll_28nm_clk_recalc_rate] vco rate = 480690820
[    4.129730] [drm:dsi_pll_28nm_clk_recalc_rate] returning vco rate = 480690820
[    4.129767] [drm:dsi_intr_ctrl] intr=2220aa02 enable=1
[    4.129794] [drm:dsi_host_irq] isr=0x2220aa03, id=0
[    4.129822] [drm:dsi_cmds2buf_tx] ret=50
[    4.129842] [drm:dsi_intr_ctrl] intr=2220aa00 enable=0
[    4.129864] [drm:dsi_link_clk_set_rate_6g] Set clk rates: pclk=80117000, byteclk=60087750
[    4.129923] [drm:dsi_pll_28nm_clk_set_rate] refclk_cfg = 1
[    4.129939] [drm:dsi_pll_28nm_clk_set_rate] div_fb = 12518
[    4.129954] [drm:dsi_pll_28nm_clk_set_rate] frac_n_value = 33947
[    4.129968] [drm:dsi_pll_28nm_clk_set_rate] Generated VCO Clock: 480691200
[    4.129983] [drm:dsi_pll_28nm_clk_set_rate] sdm_cfg0=0
[    4.129997] [drm:dsi_pll_28nm_clk_set_rate] sdm_cfg1=75
[    4.130011] [drm:dsi_pll_28nm_clk_set_rate] sdm_cfg2=155
[    4.130026] [drm:dsi_pll_28nm_clk_set_rate] sdm_cfg3=132
[    4.130041] [drm:dsi_pll_28nm_clk_set_rate] cal_cfg10=224, cal_cfg11=1
[    4.131061] [drm:dsi_pll_28nm_clk_recalc_rate] sdm_dc_off = 11
[    4.131078] [drm:dsi_pll_28nm_clk_recalc_rate] sdm_freq_seed = 33947
[    4.131093] [drm:dsi_pll_28nm_clk_recalc_rate] vco rate = 480690820
[    4.131108] [drm:dsi_pll_28nm_clk_recalc_rate] returning vco rate = 480690820
[    4.131146] [drm:dsi_intr_ctrl] intr=2220aa02 enable=1
[    4.131174] [drm:dsi_host_irq] isr=0x2220aa03, id=0
[    4.131203] [drm:dsi_cmds2buf_tx] ret=50
[    4.131223] [drm:dsi_intr_ctrl] intr=2220aa00 enable=0
[    4.131244] [drm:dsi_link_clk_set_rate_6g] Set clk rates: pclk=80117000, byteclk=60087750
[    4.131304] [drm:dsi_pll_28nm_clk_set_rate] refclk_cfg = 1
[    4.131320] [drm:dsi_pll_28nm_clk_set_rate] div_fb = 12518
[    4.131335] [drm:dsi_pll_28nm_clk_set_rate] frac_n_value = 33947
[    4.131350] [drm:dsi_pll_28nm_clk_set_rate] Generated VCO Clock: 480691200
[    4.131365] [drm:dsi_pll_28nm_clk_set_rate] sdm_cfg0=0
[    4.131379] [drm:dsi_pll_28nm_clk_set_rate] sdm_cfg1=75
[    4.131393] [drm:dsi_pll_28nm_clk_set_rate] sdm_cfg2=155
[    4.131408] [drm:dsi_pll_28nm_clk_set_rate] sdm_cfg3=132
[    4.131422] [drm:dsi_pll_28nm_clk_set_rate] cal_cfg10=224, cal_cfg11=1
[    4.132442] [drm:dsi_pll_28nm_clk_recalc_rate] sdm_dc_off = 11
[    4.132458] [drm:dsi_pll_28nm_clk_recalc_rate] sdm_freq_seed = 33947
[    4.132472] [drm:dsi_pll_28nm_clk_recalc_rate] vco rate = 480690820
[    4.132487] [drm:dsi_pll_28nm_clk_recalc_rate] returning vco rate = 480690820
[    4.132525] [drm:dsi_intr_ctrl] intr=2220aa02 enable=1
[    4.132551] [drm:dsi_host_irq] isr=0x2220aa03, id=0
[    4.132580] [drm:dsi_cmds2buf_tx] ret=50
[    4.132599] [drm:dsi_intr_ctrl] intr=2220aa00 enable=0
[    4.132621] [drm:dsi_link_clk_set_rate_6g] Set clk rates: pclk=80117000, byteclk=60087750
[    4.132681] [drm:dsi_pll_28nm_clk_set_rate] refclk_cfg = 1
[    4.132696] [drm:dsi_pll_28nm_clk_set_rate] div_fb = 12518
[    4.132711] [drm:dsi_pll_28nm_clk_set_rate] frac_n_value = 33947
[    4.132726] [drm:dsi_pll_28nm_clk_set_rate] Generated VCO Clock: 480691200
[    4.132740] [drm:dsi_pll_28nm_clk_set_rate] sdm_cfg0=0
[    4.132755] [drm:dsi_pll_28nm_clk_set_rate] sdm_cfg1=75
[    4.132769] [drm:dsi_pll_28nm_clk_set_rate] sdm_cfg2=155
[    4.132783] [drm:dsi_pll_28nm_clk_set_rate] sdm_cfg3=132
[    4.132797] [drm:dsi_pll_28nm_clk_set_rate] cal_cfg10=224, cal_cfg11=1
[    4.133817] [drm:dsi_pll_28nm_clk_recalc_rate] sdm_dc_off = 11
[    4.133833] [drm:dsi_pll_28nm_clk_recalc_rate] sdm_freq_seed = 33947
[    4.133848] [drm:dsi_pll_28nm_clk_recalc_rate] vco rate = 480690820
[    4.133863] [drm:dsi_pll_28nm_clk_recalc_rate] returning vco rate = 480690820
[    4.133900] [drm:dsi_intr_ctrl] intr=2220aa02 enable=1
[    4.133927] [drm:dsi_host_irq] isr=0x2220aa03, id=0
[    4.133955] [drm:dsi_cmds2buf_tx] ret=50
[    4.133974] [drm:dsi_intr_ctrl] intr=2220aa00 enable=0
[    4.254634] [drm:dsi_link_clk_set_rate_6g] Set clk rates: pclk=80117000, byteclk=60087750
[    4.254699] [drm:dsi_pll_28nm_clk_set_rate] refclk_cfg = 1
[    4.254715] [drm:dsi_pll_28nm_clk_set_rate] div_fb = 12518
[    4.254730] [drm:dsi_pll_28nm_clk_set_rate] frac_n_value = 33947
[    4.254745] [drm:dsi_pll_28nm_clk_set_rate] Generated VCO Clock: 480691200
[    4.254760] [drm:dsi_pll_28nm_clk_set_rate] sdm_cfg0=0
[    4.254774] [drm:dsi_pll_28nm_clk_set_rate] sdm_cfg1=75
[    4.254788] [drm:dsi_pll_28nm_clk_set_rate] sdm_cfg2=155
[    4.254803] [drm:dsi_pll_28nm_clk_set_rate] sdm_cfg3=132
[    4.254817] [drm:dsi_pll_28nm_clk_set_rate] cal_cfg10=224, cal_cfg11=1
[    4.255837] [drm:dsi_pll_28nm_clk_recalc_rate] sdm_dc_off = 11
[    4.255853] [drm:dsi_pll_28nm_clk_recalc_rate] sdm_freq_seed = 33947
[    4.255867] [drm:dsi_pll_28nm_clk_recalc_rate] vco rate = 480690820
[    4.255882] [drm:dsi_pll_28nm_clk_recalc_rate] returning vco rate = 480690820
[    4.255921] [drm:dsi_intr_ctrl] intr=2220aa02 enable=1
[    4.255949] [drm:dsi_host_irq] isr=0x2220aa03, id=0
[    4.255981] [drm:dsi_cmds2buf_tx] ret=50
[    4.256001] [drm:dsi_intr_ctrl] intr=2220aa00 enable=0
[    4.256023] [drm:dsi_link_clk_set_rate_6g] Set clk rates: pclk=80117000, byteclk=60087750
[    4.256083] [drm:dsi_pll_28nm_clk_set_rate] refclk_cfg = 1
[    4.256099] [drm:dsi_pll_28nm_clk_set_rate] div_fb = 12518
[    4.256113] [drm:dsi_pll_28nm_clk_set_rate] frac_n_value = 33947
[    4.256128] [drm:dsi_pll_28nm_clk_set_rate] Generated VCO Clock: 480691200
[    4.256143] [drm:dsi_pll_28nm_clk_set_rate] sdm_cfg0=0
[    4.256157] [drm:dsi_pll_28nm_clk_set_rate] sdm_cfg1=75
[    4.256171] [drm:dsi_pll_28nm_clk_set_rate] sdm_cfg2=155
[    4.256186] [drm:dsi_pll_28nm_clk_set_rate] sdm_cfg3=132
[    4.256200] [drm:dsi_pll_28nm_clk_set_rate] cal_cfg10=224, cal_cfg11=1
[    4.257220] [drm:dsi_pll_28nm_clk_recalc_rate] sdm_dc_off = 11
[    4.257235] [drm:dsi_pll_28nm_clk_recalc_rate] sdm_freq_seed = 33947
[    4.257250] [drm:dsi_pll_28nm_clk_recalc_rate] vco rate = 480690820
[    4.257265] [drm:dsi_pll_28nm_clk_recalc_rate] returning vco rate = 480690820
[    4.257303] [drm:dsi_intr_ctrl] intr=2220aa02 enable=1
[    4.257331] [drm:dsi_host_irq] isr=0x2220aa03, id=0
[    4.257362] [drm:dsi_cmds2buf_tx] ret=50
[    4.257381] [drm:dsi_intr_ctrl] intr=2220aa00 enable=0
[    4.257406] [drm:dsi_mgr_bridge_enable] id=0
[    4.257423] [drm:mdp5_encoder_enable] set mode: "720x1280": 60 80117 720 800 896 1024 1280 1294 1296 1304 0x48 0x0
[    4.257458] [drm:mdp5_ctl_set_encoder_state] intf_1: on
[    4.257463] [drm:mdp5_crtc_vblank_irq] crtc-0: send event: (____ptrval____)
[    4.257591] [drm:mdp5_crtc_err_irq] crtc-0: error: 04000000
[    4.257610] [drm:mdp5_irq_error_handler] *ERROR* errors: 04000000
[    4.274250]  INFO pocketboot::ui: POCKETBOOT_DRM_READY path=/dev/dri/card0 connector=DSI-1 width=720 height=1280
[    4.274808]  INFO pocketboot::ui: POCKETBOOT_DRM_PAGE_FLIP_TEST_START requested=16
[    4.310783] [drm:mdp5_plane_atomic_check] plane-0: check (1 -> 1)
[    4.310828] [drm:mdp5_crtc_atomic_check] crtc-0: check
[    4.310846] [drm:mdp5_crtc_atomic_check] crtc-0: assign pipe plane-0 on stage=1
[    4.311000] [drm:mdp5_crtc_atomic_begin] crtc-0: begin
[    4.311025] [drm:mdp5_plane_atomic_update] plane-0: update
[    4.311043] [drm:mdp5_plane_mode_set] plane-0: FB[62] 0,0,720,1280 -> CRTC[61] 0,0,720,1280
[    4.311071] [drm:mdp5_plane_mode_set] scale config = 0
[    4.311093] [drm:mdp5_crtc_atomic_flush] crtc-0: event: (____ptrval____)
[    4.311119] [drm:mdp5_ctl_blend] lm0: blend config = 0x00040000. ext_cfg = 0x00000000
[    4.311136] [drm:mdp5_crtc_atomic_flush] crtc-0: flush=00000840
[    4.324136] [drm:mdp5_crtc_vblank_irq] crtc-0: send event: (____ptrval____)
[    4.324270]  INFO pocketboot::ui: POCKETBOOT_DRM_PAGE_FLIP sequence=1 remaining=15
[    4.324747] [drm:mdp5_plane_atomic_check] plane-0: check (1 -> 1)
[    4.324776] [drm:mdp5_crtc_atomic_check] crtc-0: check
[    4.324795] [drm:mdp5_crtc_atomic_check] crtc-0: assign pipe plane-0 on stage=1
[    4.324903] [drm:mdp5_plane_cleanup_fb] plane-0: cleanup: FB[63]
[    4.324985] [drm:mdp5_crtc_atomic_begin] crtc-0: begin
[    4.325003] [drm:mdp5_plane_atomic_update] plane-0: update
[    4.325020] [drm:mdp5_plane_mode_set] plane-0: FB[64] 0,0,720,1280 -> CRTC[61] 0,0,720,1280
[    4.325046] [drm:mdp5_plane_mode_set] scale config = 0
[    4.325068] [drm:mdp5_crtc_atomic_flush] crtc-0: event: (____ptrval____)
[    4.325091] [drm:mdp5_ctl_blend] lm0: blend config = 0x00040000. ext_cfg = 0x00000000
[    4.325108] [drm:mdp5_crtc_atomic_flush] crtc-0: flush=00000840
[    4.340809] qcom-iommu-ctx 1e24000.iommu-ctx: Unhandled context fault: fsr=0x40000280, iova=0x0000000000732000, fsynr=0x23, cb=4
[    4.341258] qcom-iommu-ctx 1e24000.iommu-ctx: Unhandled context fault: fsr=0x40000280, iova=0x0000000000732080, fsynr=0x23, cb=4
[    4.351859] qcom-iommu-ctx 1e24000.iommu-ctx: Unhandled context fault: fsr=0x40000280, iova=0x0000000000732100, fsynr=0x23, cb=4
[    4.363409] qcom-iommu-ctx 1e24000.iommu-ctx: Unhandled context fault: fsr=0x40000280, iova=0x0000000000732180, fsynr=0x23, cb=4
[    4.374946] qcom-iommu-ctx 1e24000.iommu-ctx: Unhandled context fault: fsr=0x40000280, iova=0x0000000000732200, fsynr=0x23, cb=4
[    4.386489] qcom-iommu-ctx 1e24000.iommu-ctx: Unhandled context fault: fsr=0x40000280, iova=0x0000000000732280, fsynr=0x23, cb=4
[    4.386646] [drm:mdp5_plane_cleanup_fb] plane-0: cleanup: FB[62]
[    4.397637] qcom-iommu-ctx 1e24000.iommu-ctx: Unhandled context fault: fsr=0x40000280, iova=0x0000000000732300, fsynr=0x23, cb=4
[    4.409974] qcom-iommu-ctx 1e24000.iommu-ctx: Unhandled context fault: fsr=0x40000280, iova=0x0000000000732380, fsynr=0x23, cb=4
[    4.421129] [drm:mdp5_crtc_vblank_irq] crtc-0: send event: (____ptrval____)
[    4.421154] [drm:mdp5_crtc_err_irq] crtc-0: error: 04000000
[    4.421171] [drm:mdp5_irq_error_handler] *ERROR* errors: 04000000
[    4.421237]  INFO pocketboot::ui: POCKETBOOT_DRM_PAGE_FLIP sequence=2 remaining=14
[    4.432290] qcom-iommu-ctx 1e24000.iommu-ctx: Unhandled context fault: fsr=0x40000280, iova=0x0000000000732000, fsynr=0x23, cb=4
[    4.438293] [drm:mdp5_plane_atomic_check] plane-0: check (1 -> 1)
[    4.445729] qcom-iommu-ctx 1e24000.iommu-ctx: Unhandled context fault: fsr=0x40000280, iova=0x0000000000732080, fsynr=0x23, cb=4
[    4.445756] [drm:mdp5_crtc_err_irq] crtc-0: error: 04000000
[    4.446122] [drm:mdp5_crtc_atomic_check] crtc-0: check
[    4.457433] [drm:mdp5_irq_error_handler] *ERROR* errors: 04000000
[    4.457654] [drm:mdp5_crtc_err_irq] crtc-0: error: 04000000
[    4.457680] [drm:mdp5_crtc_atomic_check] crtc-0: assign pipe plane-0 on stage=1
[    4.468970] [drm:mdp5_irq_error_handler] *ERROR* errors: 04000000
[    4.474316] [drm:mdp5_crtc_err_irq] crtc-0: error: 04000000
[    4.475457] [drm:mdp5_crtc_atomic_begin] crtc-0: begin
[    4.475556] [drm:mdp5_irq_error_handler] *ERROR* errors: 04000000
[    4.475573] [drm:mdp5_plane_atomic_update] plane-0: update
[    4.481658] [drm:mdp5_plane_mode_set] plane-0: FB[63] 0,0,720,1280 -> CRTC[61] 0,0,720,1280
[    4.481685] [drm:mdp5_plane_mode_set] scale config = 0
[    4.481707] [drm:mdp5_crtc_atomic_flush] crtc-0: event: (____ptrval____)
[    4.481732] [drm:mdp5_ctl_blend] lm0: blend config = 0x00040000. ext_cfg = 0x00000000
[    4.481750] [drm:mdp5_crtc_atomic_flush] crtc-0: flush=00000840
[    4.490806] [drm:mdp5_crtc_vblank_irq] crtc-0: send event: (____ptrval____)
[    4.490876] [drm:mdp5_plane_cleanup_fb] plane-0: cleanup: FB[64]
[    4.490910]  INFO pocketboot::ui: POCKETBOOT_DRM_PAGE_FLIP sequence=3 remaining=13
[    4.491367] [drm:mdp5_plane_atomic_check] plane-0: check (1 -> 1)
[    4.491393] [drm:mdp5_crtc_atomic_check] crtc-0: check
[    4.491409] [drm:mdp5_crtc_atomic_check] crtc-0: assign pipe plane-0 on stage=1
[    4.491580] [drm:mdp5_crtc_atomic_begin] crtc-0: begin
[    4.491598] [drm:mdp5_plane_atomic_update] plane-0: update
[    4.491615] [drm:mdp5_plane_mode_set] plane-0: FB[62] 0,0,720,1280 -> CRTC[61] 0,0,720,1280
[    4.491641] [drm:mdp5_plane_mode_set] scale config = 0
[    4.491661] [drm:mdp5_crtc_atomic_flush] crtc-0: event: (____ptrval____)
[    4.491685] [drm:mdp5_ctl_blend] lm0: blend config = 0x00040000. ext_cfg = 0x00000000
[    4.491702] [drm:mdp5_crtc_atomic_flush] crtc-0: flush=00000840
[    4.507471] [drm:mdp5_crtc_vblank_irq] crtc-0: send event: (____ptrval____)
[    4.507516] [drm:mdp5_plane_cleanup_fb] plane-0: cleanup: FB[63]
[    4.507556]  INFO pocketboot::ui: POCKETBOOT_DRM_PAGE_FLIP sequence=4 remaining=12
[    4.507834] [drm:mdp5_plane_atomic_check] plane-0: check (1 -> 1)
[    4.507858] [drm:mdp5_crtc_atomic_check] crtc-0: check
[    4.507875] [drm:mdp5_crtc_atomic_check] crtc-0: assign pipe plane-0 on stage=1
[    4.508094] [drm:mdp5_crtc_atomic_begin] crtc-0: begin
[    4.508112] [drm:mdp5_plane_atomic_update] plane-0: update
[    4.508128] [drm:mdp5_plane_mode_set] plane-0: FB[64] 0,0,720,1280 -> CRTC[61] 0,0,720,1280
[    4.508171] [drm:mdp5_plane_mode_set] scale config = 0
[    4.508193] [drm:mdp5_crtc_atomic_flush] crtc-0: event: (____ptrval____)
[    4.508215] [drm:mdp5_ctl_blend] lm0: blend config = 0x00040000. ext_cfg = 0x00000000
[    4.508232] [drm:mdp5_crtc_atomic_flush] crtc-0: flush=00000840
[    4.524137] [drm:mdp5_crtc_vblank_irq] crtc-0: send event: (____ptrval____)
[    4.524224]  INFO pocketboot::ui: POCKETBOOT_DRM_PAGE_FLIP sequence=5 remaining=11
[    4.524301] [drm:mdp5_crtc_err_irq] crtc-0: error: 04000000
[    4.524649] [drm:mdp5_irq_error_handler] *ERROR* errors: 04000000
[    4.524672] [drm:mdp5_plane_atomic_check] plane-0: check (1 -> 1)
[    4.530699] [drm:mdp5_plane_cleanup_fb] plane-0: cleanup: FB[62]
[    4.531204] [drm:mdp5_crtc_atomic_check] crtc-0: check
[    4.531223] [drm:mdp5_crtc_atomic_check] crtc-0: assign pipe plane-0 on stage=1
[    4.531326] [drm:mdp5_crtc_atomic_begin] crtc-0: begin
[    4.531344] [drm:mdp5_plane_atomic_update] plane-0: update
[    4.531362] [drm:mdp5_plane_mode_set] plane-0: FB[63] 0,0,720,1280 -> CRTC[61] 0,0,720,1280
[    4.531388] [drm:mdp5_plane_mode_set] scale config = 0
[    4.531409] [drm:mdp5_crtc_atomic_flush] crtc-0: event: (____ptrval____)
[    4.531431] [drm:mdp5_ctl_blend] lm0: blend config = 0x00040000. ext_cfg = 0x00000000
[    4.531449] [drm:mdp5_crtc_atomic_flush] crtc-0: flush=00000840
[    4.540804] [drm:mdp5_crtc_vblank_irq] crtc-0: send event: (____ptrval____)
[    4.540889]  INFO pocketboot::ui: POCKETBOOT_DRM_PAGE_FLIP sequence=6 remaining=10
[    4.541158] [drm:mdp5_plane_atomic_check] plane-0: check (1 -> 1)
[    4.541183] [drm:mdp5_crtc_atomic_check] crtc-0: check
[    4.541199] [drm:mdp5_crtc_atomic_check] crtc-0: assign pipe plane-0 on stage=1
[    4.541243] [drm:mdp5_plane_cleanup_fb] plane-0: cleanup: FB[64]
[    4.541303] [drm:mdp5_crtc_atomic_begin] crtc-0: begin
[    4.541320] [drm:mdp5_plane_atomic_update] plane-0: update
[    4.541337] [drm:mdp5_plane_mode_set] plane-0: FB[62] 0,0,720,1280 -> CRTC[61] 0,0,720,1280
[    4.541362] [drm:mdp5_plane_mode_set] scale config = 0
[    4.541382] [drm:mdp5_crtc_atomic_flush] crtc-0: event: (____ptrval____)
[    4.541403] [drm:mdp5_ctl_blend] lm0: blend config = 0x00040000. ext_cfg = 0x00000000
[    4.541419] [drm:mdp5_crtc_atomic_flush] crtc-0: flush=00000840
[    4.557470] [drm:mdp5_crtc_vblank_irq] crtc-0: send event: (____ptrval____)
[    4.557515] [drm:mdp5_plane_cleanup_fb] plane-0: cleanup: FB[63]
[    4.557596]  INFO pocketboot::ui: POCKETBOOT_DRM_PAGE_FLIP sequence=7 remaining=9
[    4.558040] [drm:mdp5_plane_atomic_check] plane-0: check (1 -> 1)
[    4.558063] [drm:mdp5_crtc_atomic_check] crtc-0: check
[    4.558079] [drm:mdp5_crtc_atomic_check] crtc-0: assign pipe plane-0 on stage=1
[    4.558131] [drm:mdp5_crtc_atomic_begin] crtc-0: begin
[    4.558148] [drm:mdp5_plane_atomic_update] plane-0: update
[    4.558165] [drm:mdp5_plane_mode_set] plane-0: FB[64] 0,0,720,1280 -> CRTC[61] 0,0,720,1280
[    4.558190] [drm:mdp5_plane_mode_set] scale config = 0
[    4.558210] [drm:mdp5_crtc_atomic_flush] crtc-0: event: (____ptrval____)
[    4.558231] [drm:mdp5_ctl_blend] lm0: blend config = 0x00040000. ext_cfg = 0x00000000
[    4.558248] [drm:mdp5_crtc_atomic_flush] crtc-0: flush=00000840
[    4.574138] [drm:mdp5_crtc_vblank_irq] crtc-0: send event: (____ptrval____)
[    4.574312] [drm:mdp5_crtc_err_irq] crtc-0: error: 04000000
[    4.574316] [drm:mdp5_plane_cleanup_fb] plane-0: cleanup: FB[62]
[    4.574330] [drm:mdp5_irq_error_handler] *ERROR* errors: 04000000
[    4.574397]  INFO pocketboot::ui: POCKETBOOT_DRM_PAGE_FLIP sequence=8 remaining=8
[    4.579650] [drm:mdp5_plane_atomic_check] plane-0: check (1 -> 1)
[    4.579674] [drm:mdp5_crtc_atomic_check] crtc-0: check
[    4.579691] [drm:mdp5_crtc_atomic_check] crtc-0: assign pipe plane-0 on stage=1
[    4.580088] [drm:mdp5_crtc_atomic_begin] crtc-0: begin
[    4.580107] [drm:mdp5_plane_atomic_update] plane-0: update
[    4.580124] [drm:mdp5_plane_mode_set] plane-0: FB[63] 0,0,720,1280 -> CRTC[61] 0,0,720,1280
[    4.580150] [drm:mdp5_plane_mode_set] scale config = 0
[    4.580171] [drm:mdp5_crtc_atomic_flush] crtc-0: event: (____ptrval____)
[    4.580193] [drm:mdp5_ctl_blend] lm0: blend config = 0x00040000. ext_cfg = 0x00000000
[    4.580210] [drm:mdp5_crtc_atomic_flush] crtc-0: flush=00000840
[    4.590805] [drm:mdp5_crtc_vblank_irq] crtc-0: send event: (____ptrval____)
[    4.590854] [drm:mdp5_plane_cleanup_fb] plane-0: cleanup: FB[64]
[    4.590929]  INFO pocketboot::ui: POCKETBOOT_DRM_PAGE_FLIP sequence=9 remaining=7
[    4.591365] [drm:mdp5_plane_atomic_check] plane-0: check (1 -> 1)
[    4.591388] [drm:mdp5_crtc_atomic_check] crtc-0: check
[    4.591404] [drm:mdp5_crtc_atomic_check] crtc-0: assign pipe plane-0 on stage=1
[    4.591454] [drm:mdp5_crtc_atomic_begin] crtc-0: begin
[    4.591471] [drm:mdp5_plane_atomic_update] plane-0: update
[    4.591487] [drm:mdp5_plane_mode_set] plane-0: FB[62] 0,0,720,1280 -> CRTC[61] 0,0,720,1280
[    4.591512] [drm:mdp5_plane_mode_set] scale config = 0
[    4.591532] [drm:mdp5_crtc_atomic_flush] crtc-0: event: (____ptrval____)
[    4.591552] [drm:mdp5_ctl_blend] lm0: blend config = 0x00040000. ext_cfg = 0x00000000
[    4.591569] [drm:mdp5_crtc_atomic_flush] crtc-0: flush=00000840
[    4.607473] [drm:mdp5_crtc_vblank_irq] crtc-0: send event: (____ptrval____)
[    4.607545]  INFO pocketboot::ui: POCKETBOOT_DRM_PAGE_FLIP sequence=10 remaining=6
[    4.607987] [drm:mdp5_plane_atomic_check] plane-0: check (1 -> 1)
[    4.608011] [drm:mdp5_crtc_atomic_check] crtc-0: check
[    4.608027] [drm:mdp5_crtc_atomic_check] crtc-0: assign pipe plane-0 on stage=1
[    4.608068] [drm:mdp5_plane_cleanup_fb] plane-0: cleanup: FB[63]
[    4.608125] [drm:mdp5_crtc_atomic_begin] crtc-0: begin
[    4.608141] [drm:mdp5_plane_atomic_update] plane-0: update
[    4.608158] [drm:mdp5_plane_mode_set] plane-0: FB[64] 0,0,720,1280 -> CRTC[61] 0,0,720,1280
[    4.608183] [drm:mdp5_plane_mode_set] scale config = 0
[    4.608203] [drm:mdp5_crtc_atomic_flush] crtc-0: event: (____ptrval____)
[    4.608223] [drm:mdp5_ctl_blend] lm0: blend config = 0x00040000. ext_cfg = 0x00000000
[    4.608239] [drm:mdp5_crtc_atomic_flush] crtc-0: flush=00000840
[    4.624139] [drm:mdp5_crtc_vblank_irq] crtc-0: send event: (____ptrval____)
[    4.624188] [drm:mdp5_plane_cleanup_fb] plane-0: cleanup: FB[62]
[    4.624313] [drm:mdp5_crtc_err_irq] crtc-0: error: 04000000
[    4.624330] [drm:mdp5_irq_error_handler] *ERROR* errors: 04000000
[    4.624384]  INFO pocketboot::ui: POCKETBOOT_DRM_PAGE_FLIP sequence=11 remaining=5
[    4.629831] [drm:mdp5_plane_atomic_check] plane-0: check (1 -> 1)
[    4.629855] [drm:mdp5_crtc_atomic_check] crtc-0: check
[    4.629871] [drm:mdp5_crtc_atomic_check] crtc-0: assign pipe plane-0 on stage=1
[    4.630268] [drm:mdp5_crtc_atomic_begin] crtc-0: begin
[    4.630287] [drm:mdp5_plane_atomic_update] plane-0: update
[    4.630304] [drm:mdp5_plane_mode_set] plane-0: FB[63] 0,0,720,1280 -> CRTC[61] 0,0,720,1280
[    4.630330] [drm:mdp5_plane_mode_set] scale config = 0
[    4.630351] [drm:mdp5_crtc_atomic_flush] crtc-0: event: (____ptrval____)
[    4.630372] [drm:mdp5_ctl_blend] lm0: blend config = 0x00040000. ext_cfg = 0x00000000
[    4.630390] [drm:mdp5_crtc_atomic_flush] crtc-0: flush=00000840
[    4.640806] [drm:mdp5_crtc_vblank_irq] crtc-0: send event: (____ptrval____)
[    4.640854] [drm:mdp5_plane_cleanup_fb] plane-0: cleanup: FB[64]
[    4.640925]  INFO pocketboot::ui: POCKETBOOT_DRM_PAGE_FLIP sequence=12 remaining=4
[    4.641189] [drm:mdp5_plane_atomic_check] plane-0: check (1 -> 1)
[    4.641213] [drm:mdp5_crtc_atomic_check] crtc-0: check
[    4.641228] [drm:mdp5_crtc_atomic_check] crtc-0: assign pipe plane-0 on stage=1
[    4.641278] [drm:mdp5_crtc_atomic_begin] crtc-0: begin
[    4.641295] [drm:mdp5_plane_atomic_update] plane-0: update
[    4.641311] [drm:mdp5_plane_mode_set] plane-0: FB[62] 0,0,720,1280 -> CRTC[61] 0,0,720,1280
[    4.641336] [drm:mdp5_plane_mode_set] scale config = 0
[    4.641355] [drm:mdp5_crtc_atomic_flush] crtc-0: event: (____ptrval____)
[    4.641376] [drm:mdp5_ctl_blend] lm0: blend config = 0x00040000. ext_cfg = 0x00000000
[    4.641392] [drm:mdp5_crtc_atomic_flush] crtc-0: flush=00000840
[    4.657474] [drm:mdp5_crtc_vblank_irq] crtc-0: send event: (____ptrval____)
[    4.657515] [drm:mdp5_plane_cleanup_fb] plane-0: cleanup: FB[63]
[    4.657587]  INFO pocketboot::ui: POCKETBOOT_DRM_PAGE_FLIP sequence=13 remaining=3
[    4.658028] [drm:mdp5_plane_atomic_check] plane-0: check (1 -> 1)
[    4.658050] [drm:mdp5_crtc_atomic_check] crtc-0: check
[    4.658066] [drm:mdp5_crtc_atomic_check] crtc-0: assign pipe plane-0 on stage=1
[    4.658114] [drm:mdp5_crtc_atomic_begin] crtc-0: begin
[    4.658131] [drm:mdp5_plane_atomic_update] plane-0: update
[    4.658148] [drm:mdp5_plane_mode_set] plane-0: FB[64] 0,0,720,1280 -> CRTC[61] 0,0,720,1280
[    4.658172] [drm:mdp5_plane_mode_set] scale config = 0
[    4.658192] [drm:mdp5_crtc_atomic_flush] crtc-0: event: (____ptrval____)
[    4.658213] [drm:mdp5_ctl_blend] lm0: blend config = 0x00040000. ext_cfg = 0x00000000
[    4.658229] [drm:mdp5_crtc_atomic_flush] crtc-0: flush=00000840
[    4.674141] [drm:mdp5_crtc_vblank_irq] crtc-0: send event: (____ptrval____)
[    4.674190] [drm:mdp5_plane_cleanup_fb] plane-0: cleanup: FB[62]
[    4.674314] [drm:mdp5_crtc_err_irq] crtc-0: error: 04000000
[    4.674331] [drm:mdp5_irq_error_handler] *ERROR* errors: 04000000
[    4.674385]  INFO pocketboot::ui: POCKETBOOT_DRM_PAGE_FLIP sequence=14 remaining=2
[    4.679647] [drm:mdp5_plane_atomic_check] plane-0: check (1 -> 1)
[    4.679671] [drm:mdp5_crtc_atomic_check] crtc-0: check
[    4.679688] [drm:mdp5_crtc_atomic_check] crtc-0: assign pipe plane-0 on stage=1
[    4.680082] [drm:mdp5_crtc_atomic_begin] crtc-0: begin
[    4.680101] [drm:mdp5_plane_atomic_update] plane-0: update
[    4.680119] [drm:mdp5_plane_mode_set] plane-0: FB[63] 0,0,720,1280 -> CRTC[61] 0,0,720,1280
[    4.680146] [drm:mdp5_plane_mode_set] scale config = 0
[    4.680166] [drm:mdp5_crtc_atomic_flush] crtc-0: event: (____ptrval____)
[    4.680188] [drm:mdp5_ctl_blend] lm0: blend config = 0x00040000. ext_cfg = 0x00000000
[    4.680206] [drm:mdp5_crtc_atomic_flush] crtc-0: flush=00000840
[    4.690808] [drm:mdp5_crtc_vblank_irq] crtc-0: send event: (____ptrval____)
[    4.690855] [drm:mdp5_plane_cleanup_fb] plane-0: cleanup: FB[64]
[    4.690924]  INFO pocketboot::ui: POCKETBOOT_DRM_PAGE_FLIP sequence=15 remaining=1
[    4.691367] [drm:mdp5_plane_atomic_check] plane-0: check (1 -> 1)
[    4.691390] [drm:mdp5_crtc_atomic_check] crtc-0: check
[    4.691406] [drm:mdp5_crtc_atomic_check] crtc-0: assign pipe plane-0 on stage=1
[    4.691455] [drm:mdp5_crtc_atomic_begin] crtc-0: begin
[    4.691472] [drm:mdp5_plane_atomic_update] plane-0: update
[    4.691488] [drm:mdp5_plane_mode_set] plane-0: FB[62] 0,0,720,1280 -> CRTC[61] 0,0,720,1280
[    4.691514] [drm:mdp5_plane_mode_set] scale config = 0
[    4.691534] [drm:mdp5_crtc_atomic_flush] crtc-0: event: (____ptrval____)
[    4.691554] [drm:mdp5_ctl_blend] lm0: blend config = 0x00040000. ext_cfg = 0x00000000
[    4.691571] [drm:mdp5_crtc_atomic_flush] crtc-0: flush=00000840
[    4.707475] [drm:mdp5_crtc_vblank_irq] crtc-0: send event: (____ptrval____)
[    4.707542]  INFO pocketboot::ui: POCKETBOOT_DRM_PAGE_FLIP sequence=16 remaining=0
[    4.708002]  INFO pocketboot::ui: POCKETBOOT_DRM_PAGE_FLIP_TEST_RESULT requested=16 completed=16
[    4.710644] [drm:mdp5_plane_cleanup_fb] plane-0: cleanup: FB[63]
[   11.166140]  INFO pocketboot::fastboot: fastboot command received command="getvar:product"
[   11.169347]  INFO pocketboot::fastboot: fastboot command received command="getvar:serialno"
[   11.175950]  INFO pocketboot::fastboot: fastboot command received command="getvar:compatible"
[   11.183888]  INFO pocketboot::fastboot: fastboot command received command="oem dmesg"
