('getvar', 'product')
product: pocketboot
Finished. Total time: 0.001s
('getvar', 'serialno')
serialno: cd0ee037
Finished. Total time: 0.005s
('getvar', 'compatible')
compatible: samsung,a5u-eur
Finished. Total time: 0.006s
('boot', PosixPath('target/a5u-smp-lab/20260911/display-final/boot.img'))
Sending 'boot.img' (11160 KB)                      OKAY [  0.659s]
Booting                                            OKAY [  0.958s]
Finished. Total time: 1.623s
('getvar', 'product')
product: pocketboot
Finished. Total time: 0.001s
('getvar', 'serialno')
serialno: cd0ee037
Finished. Total time: 0.006s
('getvar', 'compatible')
compatible: samsung,a5u-eur
Finished. Total time: 0.007s
('oem', 'dmesg')
(bootloader) 953 dmesg records staged (71231 bytes)
(bootloader) run fastboot get_staged /dev/stdout to view
OKAY [  0.030s]
Finished. Total time: 0.030s
('get_staged', PosixPath('target/a5u-smp-lab/20260911/display-final/dmesg.log'))
Uploading 'target/a5u-smp-lab/20260911/display-final/dmesg.log' OKAY [  0.009s]
Finished. Total time: 0.009s
