cmdline=msm.skip_gpu=1 msm.separate_gpu_kms=1 panic=5 oops=panic printk.time=1 pocketboot.log=info pocketboot.drm_page_flips=16 drm.debug=0x6 pocketboot.lab=display-final
online=0-3
SMP_WORK_V2 expected=292d74d0d0222325 bytes_per_cpu=67108864
cpu=1 start_cpu=1 end_cpu=1 hash=292d74d0d0222325 cpu_seconds=0.503985 PASS
cpu=3 start_cpu=3 end_cpu=3 hash=292d74d0d0222325 cpu_seconds=0.504120 PASS
cpu=2 start_cpu=2 end_cpu=2 hash=292d74d0d0222325 cpu_seconds=0.504333 PASS
cpu=0 start_cpu=0 end_cpu=0 hash=292d74d0d0222325 cpu_seconds=0.504403 PASS
SMP_WORK_PASS all_four_cpus
SMP_COHERENCY_V1 cpus=0,1,2,3 ring_rounds_per_cpu=10000 migration_rounds=1000 payload_bytes=2048 phase_timeout_seconds=12
phase=ring cpu=0 completed=10000 before=0 after=0 result=PASS
phase=ring cpu=1 completed=10000 before=1 after=1 result=PASS
phase=ring cpu=2 completed=10000 before=2 after=2 result=PASS
phase=ring cpu=3 completed=10000 before=3 after=3 result=PASS
phase=ring handoffs=40000 payload_bytes=2048 elapsed_ms=131 PASS
phase=migration cpu=3 completed=4000 before=2 after=3 result=PASS
phase=migration transitions=4000 payload_bytes=2048 elapsed_ms=86
SMP_COHERENCY_PASS all_four_cpus_shared_memory_and_migration
MSM8916_PHASE_PASS display-final; evidence: /var/home/sam/src/pocketboot/target/a5u-smp-lab/20260911/display-final/proof/generation-0
DISPLAY_SMP_HANDOFF_PASS generation=0
Sending 'boot.img' (11160 KB)                      OKAY [  0.658s]
Booting                                            OKAY [  0.955s]
Finished. Total time: 1.619s

cmdline=msm.skip_gpu=1 msm.separate_gpu_kms=1 panic=5 oops=panic printk.time=1 pocketboot.log=info pocketboot.drm_page_flips=16 drm.debug=0x6 pocketboot.lab=display-final-1
online=0-3
SMP_WORK_V2 expected=292d74d0d0222325 bytes_per_cpu=67108864
cpu=3 start_cpu=3 end_cpu=3 hash=292d74d0d0222325 cpu_seconds=0.503998 PASS
cpu=2 start_cpu=2 end_cpu=2 hash=292d74d0d0222325 cpu_seconds=0.504120 PASS
cpu=1 start_cpu=1 end_cpu=1 hash=292d74d0d0222325 cpu_seconds=0.504209 PASS
cpu=0 start_cpu=0 end_cpu=0 hash=292d74d0d0222325 cpu_seconds=0.504543 PASS
SMP_WORK_PASS all_four_cpus
SMP_COHERENCY_V1 cpus=0,1,2,3 ring_rounds_per_cpu=10000 migration_rounds=1000 payload_bytes=2048 phase_timeout_seconds=12
phase=ring cpu=0 completed=10000 before=0 after=0 result=PASS
phase=ring cpu=1 completed=10000 before=1 after=1 result=PASS
phase=ring cpu=2 completed=10000 before=2 after=2 result=PASS
phase=ring cpu=3 completed=10000 before=3 after=3 result=PASS
phase=ring handoffs=40000 payload_bytes=2048 elapsed_ms=136 PASS
phase=migration cpu=3 completed=4000 before=2 after=3 result=PASS
phase=migration transitions=4000 payload_bytes=2048 elapsed_ms=86
SMP_COHERENCY_PASS all_four_cpus_shared_memory_and_migration
MSM8916_PHASE_PASS display-final-1; evidence: /var/home/sam/src/pocketboot/target/a5u-smp-lab/20260911/display-final/proof/generation-1
DISPLAY_SMP_HANDOFF_PASS generation=1
Sending 'boot.img' (11160 KB)                      OKAY [  0.658s]
Booting                                            OKAY [  0.961s]
Finished. Total time: 1.625s

cmdline=msm.skip_gpu=1 msm.separate_gpu_kms=1 panic=5 oops=panic printk.time=1 pocketboot.log=info pocketboot.drm_page_flips=16 drm.debug=0x6 pocketboot.lab=display-final-2
online=0-3
SMP_WORK_V2 expected=292d74d0d0222325 bytes_per_cpu=67108864
cpu=1 start_cpu=1 end_cpu=1 hash=292d74d0d0222325 cpu_seconds=0.503996 PASS
cpu=2 start_cpu=2 end_cpu=2 hash=292d74d0d0222325 cpu_seconds=0.504096 PASS
cpu=3 start_cpu=3 end_cpu=3 hash=292d74d0d0222325 cpu_seconds=0.504250 PASS
cpu=0 start_cpu=0 end_cpu=0 hash=292d74d0d0222325 cpu_seconds=0.504494 PASS
SMP_WORK_PASS all_four_cpus
SMP_COHERENCY_V1 cpus=0,1,2,3 ring_rounds_per_cpu=10000 migration_rounds=1000 payload_bytes=2048 phase_timeout_seconds=12
phase=ring cpu=0 completed=10000 before=0 after=0 result=PASS
phase=ring cpu=1 completed=10000 before=1 after=1 result=PASS
phase=ring cpu=2 completed=10000 before=2 after=2 result=PASS
phase=ring cpu=3 completed=10000 before=3 after=3 result=PASS
phase=ring handoffs=40000 payload_bytes=2048 elapsed_ms=131 PASS
phase=migration cpu=3 completed=4000 before=2 after=3 result=PASS
phase=migration transitions=4000 payload_bytes=2048 elapsed_ms=87
SMP_COHERENCY_PASS all_four_cpus_shared_memory_and_migration
MSM8916_PHASE_PASS display-final-2; evidence: /var/home/sam/src/pocketboot/target/a5u-smp-lab/20260911/display-final/proof/generation-2
DISPLAY_SMP_HANDOFF_PASS generation=2
Sending 'boot.img' (13536 KB)                      OKAY [  0.794s]
Booting                                            OKAY [  0.992s]
Finished. Total time: 1.793s

cmdline=msm.skip_gpu=1 msm.separate_gpu_kms=1 panic=5 oops=panic printk.time=1 pocketboot.log=info pocketboot.drm_page_flips=16 drm.debug=0x6 pocketboot.lab=display-final-3
online=0-3
SMP_WORK_V2 expected=292d74d0d0222325 bytes_per_cpu=67108864
cpu=1 start_cpu=1 end_cpu=1 hash=292d74d0d0222325 cpu_seconds=0.504012 PASS
cpu=3 start_cpu=3 end_cpu=3 hash=292d74d0d0222325 cpu_seconds=0.504100 PASS
cpu=0 start_cpu=0 end_cpu=0 hash=292d74d0d0222325 cpu_seconds=0.504331 PASS
cpu=2 start_cpu=2 end_cpu=2 hash=292d74d0d0222325 cpu_seconds=0.504420 PASS
SMP_WORK_PASS all_four_cpus
SMP_COHERENCY_V1 cpus=0,1,2,3 ring_rounds_per_cpu=10000 migration_rounds=1000 payload_bytes=2048 phase_timeout_seconds=12
phase=ring cpu=0 completed=10000 before=0 after=0 result=PASS
phase=ring cpu=1 completed=10000 before=1 after=1 result=PASS
phase=ring cpu=2 completed=10000 before=2 after=2 result=PASS
phase=ring cpu=3 completed=10000 before=3 after=3 result=PASS
phase=ring handoffs=40000 payload_bytes=2048 elapsed_ms=136 PASS
phase=migration cpu=3 completed=4000 before=2 after=3 result=PASS
phase=migration transitions=4000 payload_bytes=2048 elapsed_ms=86
SMP_COHERENCY_PASS all_four_cpus_shared_memory_and_migration
MSM8916_PHASE_PASS display-final-3; evidence: /var/home/sam/src/pocketboot/target/a5u-smp-lab/20260911/display-final/proof/generation-3
DISPLAY_SMP_HANDOFF_PASS generation=3
