[    0.000000] Booting Linux on physical CPU 0x0000000000 [0x410fd030]
[    0.000000] Linux version 7.1.0-rc6+ (sam@sam-desktop) (aarch64-linux-gnu-gcc (GCC) 16.1.1 20260501 (Red Hat Cross 16.1.1-1), GNU ld version 2.46-1.fc44) #56 SMP PREEMPT Fri Sep 11 18:35:00 AEST 2026
[    0.000000] Machine model: Samsung Galaxy A5U (EUR)
[    0.000000] OF: reserved mem: 0x000000008e600000..0x000000008e7fffff (2048 KiB) nomap non-reusable gps
[    0.000000] OF: reserved mem: 0x000000009ff80000..0x000000009fffffff (512 KiB) map non-reusable ramoops@9ff80000
[    0.000000] OF: reserved mem: 0x0000000086000000..0x00000000862fffff (3072 KiB) nomap non-reusable tz-apps@86000000
[    0.000000] OF: reserved mem: 0x0000000086300000..0x00000000863fffff (1024 KiB) nomap non-reusable smem@86300000
[    0.000000] OF: reserved mem: 0x0000000086400000..0x00000000864fffff (1024 KiB) nomap non-reusable hypervisor@86400000
[    0.000000] OF: reserved mem: 0x0000000086500000..0x000000008667ffff (1536 KiB) nomap non-reusable tz@86500000
[    0.000000] OF: reserved mem: 0x0000000086680000..0x00000000866fffff (512 KiB) nomap non-reusable reserved@86680000
[    0.000000] OF: reserved mem: 0x0000000086700000..0x00000000867dffff (896 KiB) nomap non-reusable rmtfs@86700000
[    0.000000] OF: reserved mem: 0x00000000867e0000..0x00000000867fffff (128 KiB) nomap non-reusable rfsa@867e0000
[    0.000000] OF: reserved mem: 0x0000000085500000..0x0000000085ffffff (11264 KiB) nomap non-reusable tz-apps@85500000
[    0.000000] OF: reserved mem: 0x000000008e000000..0x000000008e2a2fff (2700 KiB) nomap non-reusable framebuffer@8e000000
[    0.000000] OF: reserved mem: 0x00000000854ff000..0x00000000854fffff (4 KiB) nomap non-reusable spin-table@854ff000
[    0.000000] Zone ranges:
[    0.000000]   Normal   [mem 0x0000000080000000-0x00000000ffffffff]
[    0.000000] Movable zone start for each node
[    0.000000] Early memory node ranges
[    0.000000]   node   0: [mem 0x0000000080000000-0x00000000854fefff]
[    0.000000]   node   0: [mem 0x00000000854ff000-0x00000000867fffff]
[    0.000000]   node   0: [mem 0x0000000086800000-0x000000008dffffff]
[    0.000000]   node   0: [mem 0x000000008e000000-0x000000008e2a2fff]
[    0.000000]   node   0: [mem 0x000000008e2a3000-0x000000008e5fffff]
[    0.000000]   node   0: [mem 0x000000008e600000-0x000000008e7fffff]
[    0.000000]   node   0: [mem 0x000000008e800000-0x00000000ffffffff]
[    0.000000] Initmem setup node 0 [mem 0x0000000080000000-0x00000000ffffffff]
[    0.000000] percpu: Embedded 14 pages/cpu s28544 r0 d28800 u57344
[    0.000000] Detected VIPT I-cache on CPU0
[    0.000000] CPU features: kernel page table isolation disabled by kernel configuration
[    0.000000] alternatives: applying boot alternatives
[    0.000000] Kernel command line: msm.skip_gpu=1 msm.separate_gpu_kms=1 panic=5 oops=panic printk.time=1 pocketboot.log=info pocketboot.drm_page_flips=16 drm.debug=0x6 pocketboot.lab=display-final-2
[    0.000000] printk: log buffer data + meta data: 131072 + 458752 = 589824 bytes
[    0.000000] Dentry cache hash table entries: 262144 (order: 9, 2097152 bytes, linear)
[    0.000000] Inode-cache hash table entries: 131072 (order: 8, 1048576 bytes, linear)
[    0.000000] software IO TLB: SWIOTLB bounce buffer size adjusted to 2MB
[    0.000000] software IO TLB: area num 4.
[    0.000000] software IO TLB: mapped [mem 0x00000000fd600000-0x00000000fd800000] (2MB)
[    0.000000] Built 1 zonelists, mobility grouping on.  Total pages: 524288
[    0.000000] mem auto-init: stack:all(zero), heap alloc:off, heap free:off
[    0.000000] SLUB: HWalign=64, Order=0-3, MinObjects=0, CPUs=4, Nodes=1
[    0.000000] rcu: Hierarchical RCU implementation.
[    0.000000] rcu: RCU calculated value of scheduler-enlistment delay is 25 jiffies.
[    0.000000] NR_IRQS: 64, nr_irqs: 64, preallocated irqs: 0
[    0.000000] Root IRQ handler: gic_handle_irq
[    0.000000] rcu: srcu_init: Setting srcu_struct sizes based on contention.
[    0.000000] arch_timer: cp15 timer running at 19.20MHz (virt).
[    0.000000] clocksource: arch_sys_counter: mask: 0xffffffffffffff max_cycles: 0x46d987e47, max_idle_ns: 440795202767 ns
[    0.000000] sched_clock: 56 bits at 19MHz, resolution 52ns, wraps every 4398046511078ns
[    0.000091] Console: colour dummy device 80x25
[    0.000103] printk: legacy console [tty0] enabled
[    0.000735] Calibrating delay loop (skipped), value calculated using timer frequency.. 38.40 BogoMIPS (lpj=76800)
[    0.000768] pid_max: default: 32768 minimum: 301
[    0.000988] Mount-cache hash table entries: 4096 (order: 3, 32768 bytes, linear)
[    0.001027] Mountpoint-cache hash table entries: 4096 (order: 3, 32768 bytes, linear)
[    0.001392] VFS: Finished mounting rootfs on nullfs
[    0.002006] Pocketboot spin-table v1: persistent page at 0x00000000854ff000
[    0.002937] rcu: Hierarchical SRCU implementation.
[    0.002958] rcu: 	Max phase no-delay instances is 1000.
[    0.003447] smp: Bringing up secondary CPUs ...
[    0.003894] Detected VIPT I-cache on CPU1
[    0.004043] CPU1: Booted secondary processor 0x0000000001 [0x410fd030]
[    0.004545] Detected VIPT I-cache on CPU2
[    0.004680] CPU2: Booted secondary processor 0x0000000002 [0x410fd030]
[    0.005153] Detected VIPT I-cache on CPU3
[    0.005281] CPU3: Booted secondary processor 0x0000000003 [0x410fd030]
[    0.005372] smp: Brought up 1 node, 4 CPUs
[    0.005451] SMP: Total of 4 processors activated.
[    0.005466] CPU: All CPU(s) started at EL1
[    0.005481] CPU features: detected: 32-bit EL0 Support
[    0.005496] CPU features: detected: CRC32 instructions
[    0.005548] alternatives: applying system-wide alternatives
[    0.006436] Memory: 2014992K/2097152K available (5760K kernel code, 852K rwdata, 1712K rodata, 2624K init, 242K bss, 78896K reserved, 0K cma-reserved)
[    0.007084] devtmpfs: initialized
[    0.020875] clocksource: jiffies: mask: 0xffffffff max_cycles: 0xffffffff, max_idle_ns: 7645041785100000 ns
[    0.020947] posixtimers hash table entries: 2048 (order: 3, 32768 bytes, linear)
[    0.021047] futex hash table entries: 1024 (65536 bytes on 1 NUMA nodes, total 64 KiB, linear).
[    0.022087] NET: Registered PF_NETLINK/PF_ROUTE protocol family
[    0.022676] DMA: preallocated 256 KiB GFP_KERNEL pool for atomic allocations
[    0.024315] ASID allocator initialised with 65536 entries
[    0.025700] ramoops: error in header, 13
[    0.026072] ramoops: error in header, 12
[    0.026478] ramoops: error in header, 16
[    0.026893] ramoops: error in header, 17
[    0.027265] ramoops: error in header, 13
[    0.027703] ramoops: error in header, 18
[    0.028103] ramoops: error in header, 13
[    0.028584] ramoops: error in header, 22
[    0.028990] ramoops: error in header, 16
[    0.029354] ramoops: error in header, 12
[    0.029732] ramoops: error in header, 13
[    0.030098] ramoops: error in header, 12
[    0.030500] ramoops: error in header, 15
[    0.030869] ramoops: error in header, 13
[    0.031202] ramoops: error in header, 9
[    0.031564] ramoops: error in header, 12
[    0.031989] ramoops: error in header, 18
[    0.032419] ramoops: error in header, 17
[    0.032786] ramoops: error in header, 12
[    0.033101] ramoops: error in header, 7
[    0.033455] ramoops: error in header, 11
[    0.033728] ramoops: error in header, 3
[    0.034053] ramoops: error in header, 7
[    0.034425] ramoops: error in header, 13
[    0.034894] ramoops: error in header, 22
[    0.035200] ramoops: error in header, 6
[    0.035573] ramoops: error in header, 13
[    0.035939] ramoops: error in header, 12
[    0.036384] ramoops: error in header, 19
[    0.036730] ramoops: error in header, 10
[    0.387268] pstore: Using crash dump compression: deflate
[    0.387292] printk: legacy console [ramoops-1] enabled
[    0.420526] pstore: Registered ramoops as persistent store backend
[    0.420746] ramoops: using 0x80000@0x9ff80000, ecc: 64
[    0.430070] /soc@0/clock-controller@1800000: Fixed dependency cycle(s) with /soc@0/display-subsystem@1a00000/phy@1a98300
[    0.430357] /soc@0/display-subsystem@1a00000/display-controller@1a01000: Fixed dependency cycle(s) with /soc@0/display-subsystem@1a00000/dsi@1a98000
[    0.430802] /soc@0/display-subsystem@1a00000/dsi@1a98000: Fixed dependency cycle(s) with /soc@0/display-subsystem@1a00000/dsi@1a98000/panel@0
[    0.431237] /soc@0/display-subsystem@1a00000/dsi@1a98000: Fixed dependency cycle(s) with /soc@0/display-subsystem@1a00000/display-controller@1a01000
[    0.431713] /soc@0/display-subsystem@1a00000/dsi@1a98000/panel@0: Fixed dependency cycle(s) with /soc@0/display-subsystem@1a00000/dsi@1a98000
[    0.432140] /soc@0/display-subsystem@1a00000/phy@1a98300: Fixed dependency cycle(s) with /soc@0/clock-controller@1800000
[    0.432817] /soc@0/usb@78d9000: Fixed dependency cycle(s) with /soc@0/usb@78d9000/ulpi/phy
[    0.433250] /soc@0/usb@78d9000/ulpi/phy: Fixed dependency cycle(s) with /soc@0/usb@78d9000
[    0.433695] /soc@0/interrupt-controller@b000000: Fixed dependency cycle(s) with /soc@0/interrupt-controller@b000000
[    0.438025] /soc@0/clock-controller@1800000: Fixed dependency cycle(s) with /soc@0/display-subsystem@1a00000/phy@1a98300
[    0.442146] /soc@0/display-subsystem@1a00000/display-controller@1a01000: Fixed dependency cycle(s) with /soc@0/display-subsystem@1a00000/dsi@1a98000
[    0.442834] /soc@0/display-subsystem@1a00000/dsi@1a98000: Fixed dependency cycle(s) with /soc@0/display-subsystem@1a00000/dsi@1a98000/panel@0
[    0.443270] /soc@0/display-subsystem@1a00000/dsi@1a98000: Fixed dependency cycle(s) with /soc@0/display-subsystem@1a00000/display-controller@1a01000
[    0.443718] /soc@0/display-subsystem@1a00000/dsi@1a98000/panel@0: Fixed dependency cycle(s) with /soc@0/display-subsystem@1a00000/dsi@1a98000
[    0.447431] /soc@0/usb@78d9000: Fixed dependency cycle(s) with /soc@0/usb@78d9000/ulpi/phy
[    0.447927] /soc@0/usb@78d9000/ulpi/phy: Fixed dependency cycle(s) with /soc@0/usb@78d9000
[    0.454553] iommu: Default domain type: Translated
[    0.454793] iommu: DMA domain TLB invalidation policy: strict mode
[    0.457013] SCSI subsystem initialized
[    0.457387] usbcore: registered new interface driver usbfs
[    0.457644] usbcore: registered new interface driver hub
[    0.458083] usbcore: registered new device driver usb
[    0.458977] i2c-gpio i2c-muic: using lines 617 (SDA) and 618 (SCL)
[    0.459877] i2c-gpio i2c-tkey: using lines 528 (SDA) and 529 (SCL)
[    0.460592] i2c-gpio i2c-nfc: using lines 512 (SDA) and 513 (SCL)
[    0.461489] qcom_scm: convention: smc arm 32
[    0.486922] sm5502 0-0025: Device type: version: 0x0, vendor: 0x1
[    0.490333] clocksource: Switched to clocksource arch_sys_counter
[    0.498189] NET: Registered PF_UNIX/PF_LOCAL protocol family
[    0.507395] workingset: timestamp_bits=62 (anon: 58) max_order=19 bucket_order=0 (anon: 0)
[    0.515674] msm_serial 78b0000.serial: msm_serial: detected port #0
[    0.515982] msm_serial 78b0000.serial: uartclk = 3686400
[    0.516739] 78b0000.serial: ttyMSM0 at MMIO 0x78b0000 (irq = 31, base_baud = 230400) is a MSM
[    0.517003] msm_serial: console setup on port #0
[    0.517441] printk: legacy console [ttyMSM0] enabled
[    1.502550] msm_serial: driver initialized
[    1.530854] platform 1a01000.display-controller: Adding to iommu group 0
[    1.531282] /soc@0/display-subsystem@1a00000/display-controller@1a01000: Fixed dependency cycle(s) with /soc@0/display-subsystem@1a00000/dsi@1a98000
[    1.537650] /soc@0/display-subsystem@1a00000/display-controller@1a01000: Fixed dependency cycle(s) with /soc@0/display-subsystem@1a00000/dsi@1a98000
[    1.550677] /soc@0/display-subsystem@1a00000/dsi@1a98000: Fixed dependency cycle(s) with /soc@0/display-subsystem@1a00000/dsi@1a98000/panel@0
[    1.563617] /soc@0/display-subsystem@1a00000/dsi@1a98000: Fixed dependency cycle(s) with /soc@0/display-subsystem@1a00000/display-controller@1a01000
[    1.576406] /soc@0/display-subsystem@1a00000/dsi@1a98000/panel@0: Fixed dependency cycle(s) with /soc@0/display-subsystem@1a00000/dsi@1a98000
[    1.596428] loop: module loaded
[    1.602411] spmi_pmic_arb 200f000.spmi: PMIC arbiter version v2 (0x20010000)
[    1.638198] input: pwm-vibrator as /devices/platform/vibrator/input/input0
[    1.639199] i2c_qup 78b5000.i2c: using default clock-frequency 100000
[    1.644966] i2c_qup 78b6000.i2c: using default clock-frequency 100000
[    1.651738] i2c_qup 78b8000.i2c: using default clock-frequency 100000
[    1.657929] i2c_qup 78b9000.i2c: using default clock-frequency 100000
[    1.664657] i2c_qup 78ba000.i2c: using default clock-frequency 100000
[    1.671221] rt5033 7-0034: Device found (rev. 6)
[    1.678698] platform rt5033-charger: DMA mask not set
[    1.681307] rt5033-led: Failed to locate of_node [id: -1]
[    1.687988] input: pm8941_pwrkey as /devices/platform/soc@0/200f000.spmi/spmi-0/0-00/200f000.spmi:pmic@0:pon@800/200f000.spmi:pmic@0:pon@800:pwrkey/input/input1
[    1.692821] input: pm8941_resin as /devices/platform/soc@0/200f000.spmi/spmi-0/0-00/200f000.spmi:pmic@0:pon@800/200f000.spmi:pmic@0:pon@800:resin/input/input2
[    1.739147] clocksource: arch_mmio_counter: mask: 0xffffffffffffff max_cycles: 0x46d987e47, max_idle_ns: 440795202767 ns
[    1.739595] arch-timer-mmio b020000.timer: mmio timer running at 19.20MHz (virt)
[    1.772686] msm_mdp 1a01000.display-controller: No interconnect support may cause display underflows!
[    1.823190] msm_hsusb 78d9000.usb: Failed to create device link (0x180) with supplier remoteproc for /soc@0/usb@78d9000/ulpi/phy
[    1.827644] sdhci_msm 7864900.mmc: Got CD GPIO
[    1.841345] tm2-touchkey 1-0020: failed to get regulators: -517
[    1.842145] mms114 6-0048: Unable to get the IO regulator (-517)
[    1.855131] s3: Bringing 0uV into 1250000-1250000uV
[    1.856133] s4: Bringing 0uV into 1850000-1850000uV
[    1.859691] l2: Bringing 0uV into 1200000-1200000uV
[    1.862548] tm2-touchkey 1-0020: failed to get regulators: -517
[    1.864202] l5: Bringing 0uV into 1800000-1800000uV
[    1.869191] mms114 6-0048: Unable to get the IO regulator (-517)
[    1.871045] sdhci_msm 7864900.mmc: Got CD GPIO
[    1.874729] l6: Bringing 0uV into 1800000-1800000uV
[    1.885847] l7: Bringing 0uV into 1800000-1800000uV
[    1.894867] l8: Bringing 0uV into 2900000-2900000uV
[    1.899699] l9: Bringing 0uV into 3300000-3300000uV
[    1.904792] l11: Bringing 0uV into 2950000-2950000uV
[    1.910467] l12: Bringing 0uV into 1800000-1800000uV
[    1.915056] l13: Bringing 0uV into 3075000-3075000uV
[    1.920477] l17: Bringing 0uV into 2850000-2850000uV
[    1.942347] mmc0: SDHCI controller on 7824900.mmc [7824900.mmc] using ADMA
[    2.021164] mmc0: Card appears overclocked; req 177770000 Hz, actual 177777777 Hz
[    2.021606] mmc0: Card appears overclocked; req 177770000 Hz, actual 177777777 Hz
[    2.028642] mmc0: new HS200 MMC card at address 0001
[    2.035952] mmcblk0: mmc0:0001 Q313MB 14.7 GiB
[    2.043262]  mmcblk0: p1 p2 p3 p4 p5 p6 p7 p8 p9 p10 p11 p12 p13 p14 p15 p16 p17 p18 p19 p20 p21 p22 p23 p24 p25 p26
[    2.048469] mmcblk0boot0: mmc0:0001 Q313MB 4.00 MiB
[    2.056383] mmcblk0boot1: mmc0:0001 Q313MB 4.00 MiB
[    2.060786] mmcblk0rpmb: mmc0:0001 Q313MB 4.00 MiB, chardev (249:0)
[    2.070496] input: tm2-touchkey as /devices/platform/i2c-tkey/i2c-1/1-0020/input/input5
[    2.073651] sdhci_msm 7864900.mmc: Got CD GPIO
[    2.074557] input: MELFAS MMS345 Touchscreen as /devices/platform/soc@0/78b9000.i2c/i2c-6/6-0048/input/input6
[    2.085301] /soc@0/display-subsystem@1a00000/dsi@1a98000: Fixed dependency cycle(s) with /soc@0/display-subsystem@1a00000/dsi@1a98000/panel@0
[    2.093901] /soc@0/display-subsystem@1a00000/dsi@1a98000/panel@0: Fixed dependency cycle(s) with /soc@0/display-subsystem@1a00000/dsi@1a98000
[    2.107279] msm_mdp 1a01000.display-controller: bound 1a98000.dsi (ops 0xffff8000806384a8)
[    2.119240] msm_mdp 1a01000.display-controller: [drm:mdp5_kms_init] MDP5 version v1.6
[    2.126540] mmc1: SDHCI controller on 7864900.mmc [7864900.mmc] using ADMA
[    2.152169] msm_mdp 1a01000.display-controller: fall back to the other CTL category for INTF 1!
[    2.153742] [drm] Initialized msm-kms 1.13.0 for 1a01000.display-controller on minor 0
[    2.176387] gcc-msm8916 1800000.clock-controller: sync_state() pending due to chosen:framebuffer@8e000000
[    2.177625] input: GPIO Buttons as /devices/platform/gpio-keys/input/input7
[    2.185830] input: GPIO Hall Effect Sensor as /devices/platform/gpio-hall-sensor/input/input8
[    2.193033] clk: Disabling unused clocks
[    2.200898] PM: genpd: Disabling unused power domains
[    2.206885] Freeing unused kernel memory: 2624K
[    2.207344] Run /init as init process
[    2.213564]  INFO pocketboot: starting up
[    2.214634]  INFO pocketboot::reaper: PID 1 reaper thread spawned thread="pocketboot-reaper"
[    2.219115]  INFO pocketboot::getty: getty supervisor spawned pid=105 tty="tty0" baud="115200"
[    2.227190]  INFO pocketboot::getty: getty supervisor spawned pid=107 tty="ttyMSM0" baud="115200"
[    2.243073]  INFO pocketboot: detected boot state reboot_mode=None hard_reset=Some(true) power_key=Some(false) charger=Some(true) warm_reset=Some(false) source_backend="qcom-pon" source_detail="root=samsung,a5u-eur|qcom,msm8916 spmi=0-00 pmic=qcom,pm8916 pmic_node=qcom,pm8916|qcom,spmi-pmic pon=qcom,pm8916-pon pon_node=qcom,pm8916-pon gen=gen1 pon_base=0x800 pon_reason1=0x11 pon_reasons=hard-reset|usb-charger warm_reset_reason1=0x00 warm_reset_reason2=0x00 soft_rb_spare=0x00 reboot_mode=none"
[    2.266359]  INFO pocketboot: selected device serialno serialno=cd0ee037
[    2.288146]  INFO pocketboot::battery: battery watcher thread spawned thread="pocketboot-battery"
[    2.294682]  INFO pocketboot::ui: UI thread spawned thread="pocketboot-ui"
[    2.294859] msm_mdp 1a01000.display-controller: no GPU device was found
[    2.303326]  INFO pocketboot::gadget: USB gadget thread spawned thread="pocketboot-fastboot" mode="fastboot"
[    2.305130] file system registered
[    2.305419] read descriptors
[    2.305439] read strings
[    2.306070] read descriptors
[    2.306086] read strings
[    2.306719]  INFO pocketboot::gadget: USB gadget registered path=/sys/kernel/config/usb_gadget/gadgetry-most-foul0
[    2.306772] Mass Storage Function, version: 2009/09/11
[    2.306779] LUN: removable file: (no medium)
[    2.307031] LUN: removable file: (no medium)
[    2.307260] LUN: removable file: (no medium)
[    2.307494] LUN: removable file: (no medium)
[    2.307750] LUN: removable file: (no medium)
[    2.307977] LUN: removable file: (no medium)
[    2.308201] LUN: removable file: (no medium)
[    2.308424] LUN: removable file: (no medium)
[    2.308729]  INFO pocketboot::gadget: UMS function registered path=/sys/kernel/config/usb_gadget/gadgetry-most-foul0/functions/mass_storage.pocketboot-ums luns=8
[    2.309945]  INFO pocketboot::battery: battery state updated percent=99 status=Charging
[    2.310578] l13: voltage operation not allowed
[    2.316355]  INFO pocketboot: CDC-ACM disabled param="pocketboot.acm"
[    2.316601]  INFO pocketboot::gadget: USB gadget bound udc=ci_hdrc.0
[    2.335176]  INFO pocketboot: waiting for UI boot selection or fastboot exit
[    2.455509]  INFO pocketboot::ui: POCKETBOOT_UI_SCALE scale_factor_milli=1000 physical_width=720 physical_height=1280 logical_width=720 logical_height=1280
[    2.476475] mmc1: new UHS-I speed SDR104 SDXC card at address aaaa
[    2.477744] mmcblk1: mmc1:aaaa SR128 119 GiB
[    2.487159] GPT:Primary header thinks Alt. header is not at the end of the disk.
[    2.487590] GPT:29337599 != 249737215
[    2.493840] GPT:Alternate GPT header not at the end of the disk.
[    2.497577] GPT:29337599 != 249737215
[    2.503468] GPT: Use GNU Parted to correct GPT errors.
[    2.507226]  mmcblk1: p1 p2 p3
[    2.602377]  INFO pocketboot::adb: adb function enabled
[    2.602712]  INFO pocketboot::fastboot: fastboot function enabled
[    2.730400] mms114 6-0048: TSP FW Rev: bootloader 0x6 / core 0x26 / config 0x26
[    2.730916]  INFO pocketboot::ui: opened touch input device path=/dev/input/event4
[    2.802255]  INFO pocketboot::adb: adb connection opened version=16777217 max_payload=1048576
[    2.834415]  INFO pocketboot::ui: opened hardware button input device path=/dev/input/event5
[    2.862426]  INFO pocketboot::ui: opened hardware button input device path=/dev/input/event2
[    2.862737]  INFO pocketboot::ui: opened hardware button input device path=/dev/input/event1
[    2.890450]  INFO pocketboot::ui: starting frankenSlint UI path=/dev/dri/card0 connector=DSI-1 width=720 height=1280 format=DrmFourcc(XR24)
[    2.935216]  INFO pocketboot: local flash settled elapsed_ms=599 disks=4 partitions=29 events=4 snapshot_changes=1 snapshot=mmcblk0:179:0:30777344[mmcblk0p1|mmcblk0p10|mmcblk0p11|mmcblk0p12|mmcblk0p13|mmcblk0p14|mmcblk0p15|mmcblk0p16|mmcblk0p17|mmcblk0p18|mmcblk0p19|mmcblk0p2|mmcblk0p20|mmcblk0p21|mmcblk0p22|mmcblk0p23|mmcblk0p24|mmcblk0p25|mmcblk0p26|mmcblk0p3|mmcblk0p4|mmcblk0p5|mmcblk0p6|mmcblk0p7|mmcblk0p8|mmcblk0p9],mmcblk0boot0:179:8:8192[-],mmcblk0boot1:179:16:8192[-],mmcblk1:179:24:249737216[mmcblk1p1|mmcblk1p2|mmcblk1p3]
[    2.969933]  INFO pocketboot: block devices found count=12
[    2.981504]  INFO pocketboot: block device device=loop0 description=loop0 dev=7:0 size=0 sectors/0 MiB rw
[    2.987180]  INFO pocketboot: block device device=loop1 description=loop1 dev=7:1 size=0 sectors/0 MiB rw
[    2.996800]  INFO pocketboot: block device device=loop2 description=loop2 dev=7:2 size=0 sectors/0 MiB rw
[    3.006351]  INFO pocketboot: block device device=loop3 description=loop3 dev=7:3 size=0 sectors/0 MiB rw
[    3.015477]  INFO pocketboot: block device device=loop4 description=loop4 dev=7:4 size=0 sectors/0 MiB rw
[    3.025024]  INFO pocketboot: block device device=loop5 description=loop5 dev=7:5 size=0 sectors/0 MiB rw
[    3.034591]  INFO pocketboot: block device device=loop6 description=loop6 dev=7:6 size=0 sectors/0 MiB rw
[    3.044122]  INFO pocketboot: block device device=loop7 description=loop7 dev=7:7 size=0 sectors/0 MiB rw
[    3.053707]  INFO pocketboot: block device device=mmcblk0 description=mmcblk0 dev=179:0 size=30777344 sectors/15028 MiB rw
[    3.063270]  INFO pocketboot: block partition partition=mmcblk0p1 description=mmcblk0p1 dev=179:1 size=30720 sectors/15 MiB rw partname=apnhlos
[    3.074196]  INFO pocketboot: block partition partition=mmcblk0p10 description=mmcblk0p10 dev=259:2 size=32 sectors/0 MiB rw partname=sec
[    3.086970]  INFO pocketboot: block partition partition=mmcblk0p11 description=mmcblk0p11 dev=259:3 size=21536 sectors/10 MiB rw partname=pad
[    3.099459]  INFO pocketboot: block partition partition=mmcblk0p12 description=mmcblk0p12 dev=259:4 size=20480 sectors/10 MiB rw partname=param
[    3.112139]  INFO pocketboot: block partition partition=mmcblk0p13 description=mmcblk0p13 dev=259:5 size=28672 sectors/14 MiB rw partname=efs
[    3.124808]  INFO pocketboot: block partition partition=mmcblk0p14 description=mmcblk0p14 dev=259:6 size=6144 sectors/3 MiB rw partname=modemst1
[    3.137655]  INFO pocketboot: block partition partition=mmcblk0p15 description=mmcblk0p15 dev=259:7 size=6144 sectors/3 MiB rw partname=modemst2
[    3.150673]  INFO pocketboot: block partition partition=mmcblk0p16 description=mmcblk0p16 dev=259:8 size=26624 sectors/13 MiB rw partname=boot
[    3.163604]  INFO pocketboot: block partition partition=mmcblk0p17 description=mmcblk0p17 dev=259:9 size=30720 sectors/15 MiB rw partname=recovery
[    3.176194]  INFO pocketboot: block partition partition=mmcblk0p18 description=mmcblk0p18 dev=259:10 size=10242 sectors/5 MiB rw partname=fota
[    3.189302]  INFO pocketboot: block partition partition=mmcblk0p19 description=mmcblk0p19 dev=259:11 size=14318 sectors/6 MiB rw partname=backup
[    3.202060]  INFO pocketboot: block partition partition=mmcblk0p2 description=mmcblk0p2 dev=179:2 size=117632 sectors/57 MiB rw partname=modem
[    3.215167]  INFO pocketboot: block partition partition=mmcblk0p20 description=mmcblk0p20 dev=259:12 size=6144 sectors/3 MiB rw partname=fsc
[    3.227765]  INFO pocketboot: block partition partition=mmcblk0p21 description=mmcblk0p21 dev=259:13 size=16 sectors/0 MiB rw partname=ssd
[    3.240532]  INFO pocketboot: block partition partition=mmcblk0p22 description=mmcblk0p22 dev=259:14 size=16384 sectors/8 MiB rw partname=persist
[    3.252763]  INFO pocketboot: block partition partition=mmcblk0p23 description=mmcblk0p23 dev=259:15 size=18432 sectors/9 MiB rw partname=persdata
[    3.265858]  INFO pocketboot: block partition partition=mmcblk0p24 description=mmcblk0p24 dev=259:16 size=204800 sectors/100 MiB rw
[    3.278880]  INFO pocketboot: block partition partition=mmcblk0p25 description=mmcblk0p25 dev=259:17 size=1024000 sectors/500 MiB rw
[    3.290620]  INFO pocketboot: block partition partition=mmcblk0p26 description=mmcblk0p26 dev=259:18 size=29169664 sectors/14243 MiB rw
[    3.304333]  INFO pocketboot: block partition partition=mmcblk0p3 description=mmcblk0p3 dev=179:3 size=1024 sectors/0 MiB rw partname=sbl1
[    3.315117]  INFO pocketboot: block partition partition=mmcblk0p4 description=mmcblk0p4 dev=179:4 size=64 sectors/0 MiB rw partname=ddr
[    3.315420]  INFO pocketboot: block partition partition=mmcblk0p5 description=mmcblk0p5 dev=179:5 size=4096 sectors/2 MiB rw partname=aboot
[    3.339216]  INFO pocketboot: block partition partition=mmcblk0p6 description=mmcblk0p6 dev=179:6 size=1024 sectors/0 MiB rw partname=rpm
[    3.351726]  INFO pocketboot: block partition partition=mmcblk0p7 description=mmcblk0p7 dev=179:7 size=1024 sectors/0 MiB rw partname=qsee
[    3.364231]  INFO pocketboot: block partition partition=mmcblk0p8 description=mmcblk0p8 dev=259:0 size=1024 sectors/0 MiB rw partname=qhee
[    3.376542]  INFO pocketboot: block partition partition=mmcblk0p9 description=mmcblk0p9 dev=259:1 size=6144 sectors/3 MiB rw partname=fsg
[    3.388959]  INFO pocketboot: block device device=mmcblk0boot0 description=mmcblk0boot0 dev=179:8 size=8192 sectors/4 MiB ro
[    3.401368]  INFO pocketboot: block device device=mmcblk0boot1 description=mmcblk0boot1 dev=179:16 size=8192 sectors/4 MiB ro
[    3.412658]  INFO pocketboot: block device device=mmcblk1 description=mmcblk1 dev=179:24 size=249737216 sectors/121942 MiB rw
[    3.423845]  INFO pocketboot: block partition partition=mmcblk1p1 description=mmcblk1p1 dev=179:25 size=1026048 sectors/501 MiB rw
[    3.435130]  INFO pocketboot: block partition partition=mmcblk1p2 description=mmcblk1p2 dev=179:26 size=2097152 sectors/1024 MiB rw
[    3.446768]  INFO pocketboot: block partition partition=mmcblk1p3 description=mmcblk1p3 dev=179:27 size=26212319 sectors/12798 MiB rw
[    3.477138]  INFO pocketboot::bootflow: mounted boot partition candidate disk=mmcblk0 partition=mmcblk0p24 role="esp" path=/dev/mmcblk0p24 mount=/run/pocketboot/boot/esp-mmcblk0p24 fstype="vfat"
[    3.510237]  INFO pocketboot::bootflow: mounted boot partition candidate disk=mmcblk1 partition=mmcblk1p1 role="esp" path=/dev/mmcblk1p1 mount=/run/pocketboot/boot/esp-mmcblk1p1 fstype="vfat"
[    3.535500] EXT4-fs (mmcblk1p2): orphan cleanup on readonly fs
[    3.536622] EXT4-fs (mmcblk1p2): mounted filesystem 5077d4c6-b4a5-4429-af95-ee9691dbb6ca ro without journal. Quota mode: disabled.
[    3.540776]  INFO pocketboot::bootflow: mounted boot partition candidate disk=mmcblk1 partition=mmcblk1p2 role="xbootldr" path=/dev/mmcblk1p2 mount=/run/pocketboot/boot/xbootldr-mmcblk1p2 fstype="ext4"
[    3.566814]  INFO pocketboot: boot entries discovered count=1
[    3.570228]  INFO pocketboot: boot entry index=0 id=ostree-1.conf title="Fedora Linux 44-a5u-test (phosh) (ostree:0)" version="7.2.0-0.rc1.15.msm8916.fc44.aarch64" architecture="" role=Xbootldr disk=mmcblk1 partition=mmcblk1p2 source=/run/pocketboot/boot/xbootldr-mmcblk1p2/loader/entries/ostree-1.conf preferred=false directly_bootable=true
[    3.584417]  INFO pocketboot: boot discovery complete; holding for fastboot or UI selection
[    3.608939] [drm:mdp5_irq_error_handler] *ERROR* errors: 04000000
[    3.625559]  INFO pocketboot::ui: POCKETBOOT_DRM_READY path=/dev/dri/card0 connector=DSI-1 width=720 height=1280
[    3.626033]  INFO pocketboot::ui: POCKETBOOT_DRM_PAGE_FLIP_TEST_START requested=16
[    3.678688]  INFO pocketboot::ui: POCKETBOOT_DRM_PAGE_FLIP sequence=1 remaining=15
[    3.692324]  INFO pocketboot::ui: POCKETBOOT_DRM_PAGE_FLIP sequence=2 remaining=14
[    3.708968]  INFO pocketboot::ui: POCKETBOOT_DRM_PAGE_FLIP sequence=3 remaining=13
[    3.725637]  INFO pocketboot::ui: POCKETBOOT_DRM_PAGE_FLIP sequence=4 remaining=12
[    3.742283]  INFO pocketboot::ui: POCKETBOOT_DRM_PAGE_FLIP sequence=5 remaining=11
[    3.758926]  INFO pocketboot::ui: POCKETBOOT_DRM_PAGE_FLIP sequence=6 remaining=10
[    3.775587]  INFO pocketboot::ui: POCKETBOOT_DRM_PAGE_FLIP sequence=7 remaining=9
[    3.792251]  INFO pocketboot::ui: POCKETBOOT_DRM_PAGE_FLIP sequence=8 remaining=8
[    3.808921]  INFO pocketboot::ui: POCKETBOOT_DRM_PAGE_FLIP sequence=9 remaining=7
[    3.825592]  INFO pocketboot::ui: POCKETBOOT_DRM_PAGE_FLIP sequence=10 remaining=6
[    3.842259]  INFO pocketboot::ui: POCKETBOOT_DRM_PAGE_FLIP sequence=11 remaining=5
[    3.858918]  INFO pocketboot::ui: POCKETBOOT_DRM_PAGE_FLIP sequence=12 remaining=4
[    3.875583]  INFO pocketboot::ui: POCKETBOOT_DRM_PAGE_FLIP sequence=13 remaining=3
[    3.892256]  INFO pocketboot::ui: POCKETBOOT_DRM_PAGE_FLIP sequence=14 remaining=2
[    3.908917]  INFO pocketboot::ui: POCKETBOOT_DRM_PAGE_FLIP sequence=15 remaining=1
[    3.925574]  INFO pocketboot::ui: POCKETBOOT_DRM_PAGE_FLIP sequence=16 remaining=0
[    3.925849]  INFO pocketboot::ui: POCKETBOOT_DRM_PAGE_FLIP_TEST_RESULT requested=16 completed=16
[    9.169782]  INFO pocketboot::fastboot: fastboot command received command="getvar:product"
[    9.172996]  INFO pocketboot::fastboot: fastboot command received command="getvar:serialno"
[    9.179293]  INFO pocketboot::fastboot: fastboot command received command="getvar:compatible"
[    9.224362]  INFO pocketboot::fastboot: fastboot command received command="getvar:product"
[    9.226565]  INFO pocketboot::fastboot: fastboot command received command="getvar:serialno"
[    9.233664]  INFO pocketboot::fastboot: fastboot command received command="getvar:compatible"
[    9.241931]  INFO pocketboot::fastboot: fastboot command received command="getvar:is-userspace"
[    9.250790]  INFO pocketboot::fastboot: fastboot command received command="download:0000a05e"
[    9.257381]  INFO pocketboot::fastboot: fastboot download requested command="download:0000a05e" bytes=41054
[    9.268878]  INFO pocketboot::fastboot: download staged bytes=41054
[    9.277789]  INFO pocketboot::fastboot: fastboot command received command="oem shell-staged"
[    9.312914]  INFO pocketboot::fastboot: fastboot command received command="download:0000a02e"
[    9.313440]  INFO pocketboot::fastboot: fastboot download requested command="download:0000a02e" bytes=41006
[    9.323658]  INFO pocketboot::fastboot: download staged bytes=41006
[    9.332785]  INFO pocketboot::fastboot: fastboot command received command="oem shell-staged"
[    9.368696]  INFO pocketboot::fastboot: fastboot command received command="download:0000a02e"
[    9.369217]  INFO pocketboot::fastboot: fastboot download requested command="download:0000a02e" bytes=41006
[    9.379479]  INFO pocketboot::fastboot: download staged bytes=41006
[    9.388267]  INFO pocketboot::fastboot: fastboot command received command="oem shell-staged"
[    9.424912]  INFO pocketboot::fastboot: fastboot command received command="download:0000a02e"
[    9.425433]  INFO pocketboot::fastboot: fastboot download requested command="download:0000a02e" bytes=41006
[    9.435702]  INFO pocketboot::fastboot: download staged bytes=41006
[    9.444566]  INFO pocketboot::fastboot: fastboot command received command="oem shell-staged"
[    9.480741]  INFO pocketboot::fastboot: fastboot command received command="download:0000a02e"
[    9.481265]  INFO pocketboot::fastboot: fastboot download requested command="download:0000a02e" bytes=41006
[    9.491466]  INFO pocketboot::fastboot: download staged bytes=41006
[    9.500465]  INFO pocketboot::fastboot: fastboot command received command="oem shell-staged"
[    9.536840]  INFO pocketboot::fastboot: fastboot command received command="download:0000a02e"
[    9.537357]  INFO pocketboot::fastboot: fastboot download requested command="download:0000a02e" bytes=41006
[    9.547606]  INFO pocketboot::fastboot: download staged bytes=41006
[    9.556282]  INFO pocketboot::fastboot: fastboot command received command="oem shell-staged"
[    9.592855]  INFO pocketboot::fastboot: fastboot command received command="download:0000a02e"
[    9.593370]  INFO pocketboot::fastboot: fastboot download requested command="download:0000a02e" bytes=41006
[    9.603579]  INFO pocketboot::fastboot: download staged bytes=41006
[    9.612286]  INFO pocketboot::fastboot: fastboot command received command="oem shell-staged"
[    9.648650]  INFO pocketboot::fastboot: fastboot command received command="download:0000a02e"
[    9.649166]  INFO pocketboot::fastboot: fastboot download requested command="download:0000a02e" bytes=41006
[    9.659257]  INFO pocketboot::fastboot: download staged bytes=41006
[    9.668459]  INFO pocketboot::fastboot: fastboot command received command="oem shell-staged"
[    9.704660]  INFO pocketboot::fastboot: fastboot command received command="download:00002d04"
[    9.705175]  INFO pocketboot::fastboot: fastboot download requested command="download:00002d04" bytes=11524
[    9.713446]  INFO pocketboot::fastboot: download staged bytes=11524
[    9.724253]  INFO pocketboot::fastboot: fastboot command received command="oem shell-staged"
[    9.756773]  INFO pocketboot::fastboot: fastboot command received command="download:0000a070"
[    9.757109]  INFO pocketboot::fastboot: fastboot download requested command="download:0000a070" bytes=41072
[    9.767493]  INFO pocketboot::fastboot: download staged bytes=41072
[    9.776239]  INFO pocketboot::fastboot: fastboot command received command="oem shell-staged"
[    9.812870]  INFO pocketboot::fastboot: fastboot command received command="download:0000a034"
[    9.813207]  INFO pocketboot::fastboot: fastboot download requested command="download:0000a034" bytes=41012
[    9.823651]  INFO pocketboot::fastboot: download staged bytes=41012
[    9.832671]  INFO pocketboot::fastboot: fastboot command received command="oem shell-staged"
[    9.868726]  INFO pocketboot::fastboot: fastboot command received command="download:0000a034"
[    9.869066]  INFO pocketboot::fastboot: fastboot download requested command="download:0000a034" bytes=41012
[    9.879440]  INFO pocketboot::fastboot: download staged bytes=41012
[    9.888185]  INFO pocketboot::fastboot: fastboot command received command="oem shell-staged"
[    9.924678]  INFO pocketboot::fastboot: fastboot command received command="download:0000a034"
[    9.925199]  INFO pocketboot::fastboot: fastboot download requested command="download:0000a034" bytes=41012
[    9.935496]  INFO pocketboot::fastboot: download staged bytes=41012
[    9.944212]  INFO pocketboot::fastboot: fastboot command received command="oem shell-staged"
[    9.980957]  INFO pocketboot::fastboot: fastboot command received command="download:0000a034"
[    9.981477]  INFO pocketboot::fastboot: fastboot download requested command="download:0000a034" bytes=41012
[    9.991730]  INFO pocketboot::fastboot: download staged bytes=41012
[   10.000612]  INFO pocketboot::fastboot: fastboot command received command="oem shell-staged"
[   10.036846]  INFO pocketboot::fastboot: fastboot command received command="download:0000a034"
[   10.037366]  INFO pocketboot::fastboot: fastboot download requested command="download:0000a034" bytes=41012
[   10.047609]  INFO pocketboot::fastboot: download staged bytes=41012
[   10.056536]  INFO pocketboot::fastboot: fastboot command received command="oem shell-staged"
[   10.092851]  INFO pocketboot::fastboot: fastboot command received command="download:0000a034"
[   10.093372]  INFO pocketboot::fastboot: fastboot download requested command="download:0000a034" bytes=41012
[   10.103563]  INFO pocketboot::fastboot: download staged bytes=41012
[   10.112477]  INFO pocketboot::fastboot: fastboot command received command="oem shell-staged"
[   10.149189]  INFO pocketboot::fastboot: fastboot command received command="download:0000a034"
[   10.149710]  INFO pocketboot::fastboot: fastboot download requested command="download:0000a034" bytes=41012
[   10.159999]  INFO pocketboot::fastboot: download staged bytes=41012
[   10.168563]  INFO pocketboot::fastboot: fastboot command received command="oem shell-staged"
[   10.204533]  INFO pocketboot::fastboot: fastboot command received command="download:000025e6"
[   10.205053]  INFO pocketboot::fastboot: fastboot download requested command="download:000025e6" bytes=9702
[   10.213413]  INFO pocketboot::fastboot: download staged bytes=9702
[   10.223760]  INFO pocketboot::fastboot: fastboot command received command="oem shell-staged"
[   10.256871]  INFO pocketboot::fastboot: fastboot command received command="download:0000036a"
[   10.257386]  INFO pocketboot::fastboot: fastboot download requested command="download:0000036a" bytes=874
[   10.265107]  INFO pocketboot::fastboot: download staged bytes=874
[   10.276339]  INFO pocketboot::fastboot: fastboot command received command="oem shell-staged"
[   10.813159]  INFO pocketboot::fastboot: fastboot command received command="upload"
[   10.813649]  INFO pocketboot::fastboot: uploading staged data name=shell-output bytes=2013
[   10.828294]  INFO pocketboot::fastboot: fastboot command received command="download:00000057"
[   10.828851]  INFO pocketboot::fastboot: fastboot download requested command="download:00000057" bytes=87
[   10.837190]  INFO pocketboot::fastboot: download staged bytes=87
[   10.848380]  INFO pocketboot::fastboot: fastboot command received command="oem shell-staged"
[   11.070361] random: crng init done
[   11.076749]  INFO pocketboot::fastboot: fastboot command received command="upload"
[   11.077047]  INFO pocketboot::fastboot: uploading staged data name=shell-output bytes=797
[   11.091651]  INFO pocketboot::fastboot: fastboot command received command="oem cat:/sys/firmware/fdt"
[   11.094990]  INFO pocketboot::fastboot: fastboot command received command="upload"
[   11.100941]  INFO pocketboot::fastboot: uploading staged data name=cat:/sys/firmware/fdt bytes=59818
[   11.118422]  INFO pocketboot::fastboot: fastboot command received command="oem dmesg"
[   11.146387]  INFO pocketboot::fastboot: fastboot command received command="upload"
[   11.146870]  INFO pocketboot::fastboot: uploading staged data name=dmesg bytes=79459
[   11.163799]  INFO pocketboot::fastboot: fastboot command received command="download:00000093"
[   11.164323]  INFO pocketboot::fastboot: fastboot download requested command="download:00000093" bytes=147
[   11.172081]  INFO pocketboot::fastboot: download staged bytes=147
[   11.183244]  INFO pocketboot::fastboot: fastboot command received command="oem shell-staged"
[   11.216686]  INFO pocketboot::fastboot: fastboot command received command="upload"
[   11.217165]  INFO pocketboot::fastboot: uploading staged data name=shell-output bytes=7249
[   11.231754]  INFO pocketboot::fastboot: fastboot command received command="oem dmesg"
[   11.259792]  INFO pocketboot::fastboot: fastboot command received command="upload"
[   11.260279]  INFO pocketboot::fastboot: uploading staged data name=dmesg bytes=80273
[   11.272011]  INFO pocketboot::fastboot: fastboot command received command="getvar:product"
[   11.276373]  INFO pocketboot::fastboot: fastboot command received command="getvar:serialno"
[   11.284494]  INFO pocketboot::fastboot: fastboot command received command="getvar:compatible"
[   11.310406]  INFO pocketboot::fastboot: fastboot command received command="download:00d38000"
[   11.310921]  INFO pocketboot::fastboot: fastboot download requested command="download:00d38000" bytes=13860864
[   12.103760]  INFO pocketboot::fastboot: download staged bytes=13860864
[   12.104668]  INFO pocketboot::fastboot: fastboot command received command="boot"
[   12.114344]  INFO pocketboot::fastboot::commands::boot: parsed Android boot image header_version=2 cmdline=msm.skip_gpu=1 msm.separate_gpu_kms=1 panic=5 oops=panic printk.time=1 pocketboot.log=info pocketboot.drm_page_flips=16 drm.debug=0x6 pocketboot.lab=display-final-3
[   12.193856]  INFO pocketboot::fastboot::commands::boot: extracting boot image DTB section position=13799424 bytes=60037
[   12.228838]  INFO pocketboot::kexec: using DTB from staged boot image
[   12.277396]  INFO pocketboot::kexec: grafted live memory and CPU handoff contract into supplied DTB bytes=59557
[   12.312001]  INFO pocketboot::kexec::arm64: patched kexec DTB /chosen node cmdline=msm.skip_gpu=1 msm.separate_gpu_kms=1 panic=5 oops=panic printk.time=1 pocketboot.log=info pocketboot.drm_page_flips=16 drm.debug=0x6 pocketboot.lab=display-final-3 bytes=59818
[   12.312739]  INFO pocketboot::kexec::arm64: prepared legacy kexec segment segment="kernel" phys=0x80008000 bufsz=13795328 memsz=13795328
[   12.334235]  INFO pocketboot::kexec::arm64: prepared legacy kexec segment segment="dtb" phys=0x80e00000 bufsz=59818 memsz=61440
[   12.346721]  INFO pocketboot::kexec::arm64: prepared legacy kexec segment segment="trampoline" phys=0x80d30000 bufsz=40 memsz=4096
[   13.103253]  INFO pocketboot::fastboot: fastboot command requested exit command="boot" has_action=true
[   13.103573]  INFO pocketboot::fastboot: fastboot server exit requested has_action=true
[   13.185358]  INFO pocketboot::gadget: fastboot server exited normally has_action=true
[   13.186021]  INFO pocketboot::fastboot: fastboot function disabled
[   13.186021]  INFO pocketboot::adb: adb function disabled
[   13.186152]  INFO pocketboot::adb: adb host disconnected errno=108 error=Os { code: 108, kind: Uncategorized, message: "Cannot send after socket shutdown" }
[   13.204563] ffs_data_put(): freeing
[   13.218511] ffs_data_put(): freeing
[   13.221451] unloading
[   13.231579]  INFO pocketboot::gadget: USB gadget unbound
[   13.458371]  INFO pocketboot::adb: adb server stopped
[   13.522757]  INFO pocketboot: fastboot thread exited
[   13.523109]  INFO pocketboot: running fastboot post-response action
[   13.719261] kexec_core: Starting new kernel
[   13.750849] IRQ15: set affinity failed(-22).
[   13.751104] IRQ48: set affinity failed(-22).
[   13.751494] IRQ49: set affinity failed(-22).
[   13.751705] IRQ53: set affinity failed(-22).
[   13.752096] IRQ55: set affinity failed(-22).
[   13.752306] IRQ56: set affinity failed(-22).
[   13.752515] IRQ58: set affinity failed(-22).
[   13.752904] IRQ62: set affinity failed(-22).
[   13.753150] CPU1: persistent spin-table park acknowledged (epoch 13)
[   13.810782] IRQ15: set affinity failed(-22).
[   13.811033] IRQ48: set affinity failed(-22).
[   13.811295] CPU2: persistent spin-table park acknowledged (epoch 13)
[   13.834942] CPU3: persistent spin-table park acknowledged (epoch 13)
[   13.836082] Bye!

ECC: No errors detected
