Sep 11 17:19:25 sam-desktop kernel: usb 11-1.1: USB disconnect, device number 27
Sep 11 17:19:33 sam-desktop kernel: usb 11-1.1: new high-speed USB device number 28 using xhci_hcd
Sep 11 17:19:33 sam-desktop kernel: usb 11-1.1: New USB device found, idVendor=1d6b, idProduct=0104, bcdDevice= 0.00
Sep 11 17:19:33 sam-desktop kernel: usb 11-1.1: New USB device strings: Mfr=1, Product=2, SerialNumber=3
Sep 11 17:19:33 sam-desktop kernel: usb 11-1.1: Product: pocketboot
Sep 11 17:19:33 sam-desktop kernel: usb 11-1.1: Manufacturer: pocketboot
Sep 11 17:19:33 sam-desktop kernel: usb 11-1.1: SerialNumber: cd0ee037
Sep 11 17:24:13 sam-desktop kernel: usb 11-1.1: USB disconnect, device number 28
Sep 11 17:24:16 sam-desktop kernel: usb 11-1.1: new high-speed USB device number 29 using xhci_hcd
Sep 11 17:24:16 sam-desktop kernel: usb 11-1.1: Device not responding to setup address.
Sep 11 17:24:17 sam-desktop kernel: usb 11-1.1: Device not responding to setup address.
Sep 11 17:24:17 sam-desktop kernel: usb 11-1.1: device not accepting address 29, error -71
Sep 11 17:24:17 sam-desktop kernel: usb 11-1.1: new high-speed USB device number 30 using xhci_hcd
Sep 11 17:24:22 sam-desktop kernel: usb 11-1.1: device descriptor read/64, error -110
Sep 11 17:24:22 sam-desktop kernel: usb 11-1.1: New USB device found, idVendor=1d6b, idProduct=0104, bcdDevice= 0.00
Sep 11 17:24:22 sam-desktop kernel: usb 11-1.1: New USB device strings: Mfr=1, Product=2, SerialNumber=3
Sep 11 17:24:22 sam-desktop kernel: usb 11-1.1: Product: pocketboot
Sep 11 17:24:22 sam-desktop kernel: usb 11-1.1: Manufacturer: pocketboot
Sep 11 17:24:22 sam-desktop kernel: usb 11-1.1: SerialNumber: cd0ee037
Sep 11 17:26:17 sam-desktop kernel: usb 11-1.1: USB disconnect, device number 30
