[0] welcome to lk

[10] platform_init()
[10] target_init()
[20] MMC card: Q313MB (0.0, 02 2007), manufacturer: 15, OEM: 100, capacity: 15758000128 bytes
[30] SDHC Running in HS200 mode
[40] Done initialization of the card
[40] lk2nd_init()
[40] Booted @ 0x80008000, r0=0x0, r1=0x0, r2=0x81e00000
[50] Found valid DTB with 19907 bytes total
[50] Command line from previous bootloader: lk2nd androidboot.sec_atd.tty=/dev/ttyHSL0 loglevel=4 sec_log=0x100000@0xafe00008 sec_dbg=0x80000@0xaff00008 androidboot.revision=2 androidboot.warranty_bit=1 androidboot.bootloader=A500FUXXU1CSB1 lpm_levels.sleep_disabled=1 fg_reset=0 androidboot.boot_recovery=0 sec_debug.reset_reason=0x0 androidboot.debug_level=0x4f4c sec_debug.enable=0 sec_debug.enable_user=0 androidboot.cp_debug_level=0x55FF sec_debug.enable_cp_debug=0 vmalloc=340M cordon=88195e2688e92bac3fb1d1ea7ab4ddba connie=SM-A500FU_OPEN_EUR_96cbaa77f636f75d6324a57c241233cd lcd_id=0x822003 androidboot.security_mode=1526595584 androidboot.emmc=true androidboot.serialno=cd0ee037 androidboot.mode=charger androidboot.baseband=lpm lcd_id=0x822003 mdss_mdp.panel=1:dsi:0:ss_dsi_panel_EA8061V_AMS497EE01_HD:1:none
[130] Detected device: Samsung Galaxy A5U (SM-A500FU) (compatible: samsung,a5u-eur)
[130] Unexpected DTB selected by bootloader, need to override
[150] MDP continuous splash detected: pipe RGB_0, base: 0x8e000000, stride: 2160, src: 720x1280 (0,0), img: 720x1280, out: 720x1280 (0,0), format: 0x2243f (bpp: 3)
[160] Display refresh: cmd mode: 0, auto refresh: 0 (sel: 0x1f20)
[170] Fastboot mode was forced with compile-time flag.
[170] fastboot_init()
[280] USB init ept @ 0x8f68c000
[300] udc_start()
[640] -- reset --
[640] -- portchange --
[720] -- reset --
[720] -- portchange --
[810] fastboot: processing commands
[8800] fastboot: getvar:product
[8800] fastboot: getvar:lk2nd:version
[8810] fastboot: getvar:lk2nd:compatible
[8810] fastboot: getvar:lk2nd:model
[37740] fastboot: getvar:product
[37740] fastboot: getvar:serialno
[37750] fastboot: getvar:lk2nd:compatible
[37750] fastboot: getvar:lk2nd:version
[37760] fastboot: oem log
