['fastboot', '-s', 'cd0ee037', 'getvar', 'product']
product: lk2nd-msm8916
Finished. Total time: 0.002s
['fastboot', '-s', 'cd0ee037', 'getvar', 'lk2nd:compatible']
lk2nd:compatible: samsung,a5u-eur
Finished. Total time: 0.003s
['fastboot', '-s', 'cd0ee037', 'oem', 'debug', 'readq', '0x854ffd00']
(bootloader) 0x0000000000000000

OKAY [  0.003s]
Finished. Total time: 0.003s
['fastboot', '-s', 'cd0ee037', 'oem', 'debug', 'writeq', '0x854ffd00', '0x1122334455667788']
OKAY [  0.005s]
Finished. Total time: 0.005s
['fastboot', '-s', 'cd0ee037', 'oem', 'debug', 'readq', '0x854ffd00']
(bootloader) 0x1122334455667788

OKAY [  0.003s]
Finished. Total time: 0.003s
['fastboot', '-s', 'cd0ee037', 'oem', 'debug', 'readq', '0x854ffd40']
(bootloader) 0x0000000000000000

OKAY [  0.003s]
Finished. Total time: 0.003s
['fastboot', '-s', 'cd0ee037', 'oem', 'debug', 'writeq', '0x854ffd40', '0xa5a55a5adeadbeef']
OKAY [  0.005s]
Finished. Total time: 0.005s
['fastboot', '-s', 'cd0ee037', 'oem', 'debug', 'readq', '0x854ffd40']
(bootloader) 0xa5a55a5adeadbeef

OKAY [  0.003s]
Finished. Total time: 0.003s
['fastboot', '-s', 'cd0ee037', 'oem', 'debug', 'readq', '0x854ffd80']
(bootloader) 0x0000000000000000

OKAY [  0.003s]
Finished. Total time: 0.003s
['fastboot', '-s', 'cd0ee037', 'oem', 'debug', 'writeq', '0x854ffd80', '0x504243414e415259']
OKAY [  0.005s]
Finished. Total time: 0.005s
['fastboot', '-s', 'cd0ee037', 'oem', 'debug', 'readq', '0x854ffd80']
(bootloader) 0x504243414e415259

OKAY [  0.003s]
Finished. Total time: 0.003s
['fastboot', '-s', 'cd0ee037', 'reboot', 'bootloader']
Rebooting into bootloader                          OKAY [  0.005s]
Finished. Total time: 0.105s
['fastboot', '-s', 'cd0ee037', 'getvar', 'product']
< waiting for cd0ee037>
product: lk2nd-msm8916
Finished. Total time: 0.002s
['fastboot', '-s', 'cd0ee037', 'oem', 'debug', 'readq', '0x854ffd00']
(bootloader) 0x1122330455667788

OKAY [  0.003s]
Finished. Total time: 0.003s
['fastboot', '-s', 'cd0ee037', 'oem', 'debug', 'writeq', '0x854ffd00', '0']
OKAY [  0.003s]
Finished. Total time: 0.003s
['fastboot', '-s', 'cd0ee037', 'oem', 'debug', 'readq', '0x854ffd00']
(bootloader) 0x0000000000000000

OKAY [  0.003s]
Finished. Total time: 0.003s
['fastboot', '-s', 'cd0ee037', 'oem', 'debug', 'readq', '0x854ffd40']
(bootloader) 0xa5a51a5adead3e63

OKAY [  0.003s]
Finished. Total time: 0.003s
['fastboot', '-s', 'cd0ee037', 'oem', 'debug', 'writeq', '0x854ffd40', '0']
OKAY [  0.003s]
Finished. Total time: 0.003s
['fastboot', '-s', 'cd0ee037', 'oem', 'debug', 'readq', '0x854ffd40']
(bootloader) 0x0000000000000000

OKAY [  0.003s]
Finished. Total time: 0.003s
['fastboot', '-s', 'cd0ee037', 'oem', 'debug', 'readq', '0x854ffd80']
(bootloader) 0x504243410e415259

OKAY [  0.003s]
Finished. Total time: 0.003s
['fastboot', '-s', 'cd0ee037', 'oem', 'debug', 'writeq', '0x854ffd80', '0']
OKAY [  0.003s]
Finished. Total time: 0.003s
['fastboot', '-s', 'cd0ee037', 'oem', 'debug', 'readq', '0x854ffd80']
(bootloader) 0x0000000000000000

OKAY [  0.003s]
Finished. Total time: 0.003s
['fastboot', '-s', 'cd0ee037', 'oem', 'debug', 'writeq', '0x854fff80', '0']
OKAY [  0.003s]
Finished. Total time: 0.003s
['fastboot', '-s', 'cd0ee037', 'oem', 'debug', 'readq', '0x854fff80']
(bootloader) 0x0000000000000000

OKAY [  0.003s]
Finished. Total time: 0.003s
