['fastboot', '-s', 'cd0ee037', 'getvar', 'product']
product: lk2nd-msm8916
Finished. Total time: 0.002s
['fastboot', '-s', 'cd0ee037', 'getvar', 'lk2nd:compatible']
lk2nd:compatible: samsung,a5u-eur
Finished. Total time: 0.003s
['fastboot', '-s', 'cd0ee037', 'oem', 'debug', 'readq', '0x854fff80']
(bootloader) 0x0000000000000000

OKAY [  0.003s]
Finished. Total time: 0.003s
['fastboot', '-s', 'cd0ee037', 'oem', 'debug', 'writeq', '0x854fff80', '0x504243414e415259']
OKAY [  0.005s]
Finished. Total time: 0.005s
['fastboot', '-s', 'cd0ee037', 'oem', 'debug', 'readq', '0x854fff80']
(bootloader) 0x504243414e415259

OKAY [  0.003s]
Finished. Total time: 0.003s
['fastboot', '-s', 'cd0ee037', 'reboot', 'bootloader']
Rebooting into bootloader                          OKAY [  0.005s]
Finished. Total time: 0.055s
['fastboot', '-s', 'cd0ee037', 'getvar', 'product']
product: lk2nd-msm8916
Finished. Total time: 0.002s
['fastboot', '-s', 'cd0ee037', 'oem', 'debug', 'readq', '0x854fff80']
(bootloader) 0x5042434146415259

OKAY [  0.003s]
Finished. Total time: 0.003s
