[    0.000000] Booting Linux on physical CPU 0x0000000000 [0x410fd030]
[    0.000000] Linux version 7.1.0-rc6+ (sam@sam-desktop) (aarch64-linux-gnu-gcc (GCC) 16.1.1 20260501 (Red Hat Cross 16.1.1-1), GNU ld version 2.46-1.fc44) #48 SMP PREEMPT Fri Sep 11 10:07:47 AEST 2026
[    0.000000] random: crng init done
[    0.000000] Machine model: Samsung Galaxy A5U (EUR)
[    0.000000] OF: reserved mem: 0x000000008e600000..0x000000008e7fffff (2048 KiB) nomap non-reusable gps
[    0.000000] OF: reserved mem: 0x00000000854ff000..0x00000000854fffff (4 KiB) nomap non-reusable spin-table@854ff000
[    0.000000] OF: reserved mem: 0x0000000086000000..0x00000000862fffff (3072 KiB) nomap non-reusable tz-apps@86000000
[    0.000000] OF: reserved mem: 0x0000000086300000..0x00000000863fffff (1024 KiB) nomap non-reusable smem@86300000
[    0.000000] OF: reserved mem: 0x0000000086400000..0x00000000864fffff (1024 KiB) nomap non-reusable hypervisor@86400000
[    0.000000] OF: reserved mem: 0x0000000086500000..0x000000008667ffff (1536 KiB) nomap non-reusable tz@86500000
[    0.000000] OF: reserved mem: 0x0000000086680000..0x00000000866fffff (512 KiB) nomap non-reusable reserved@86680000
[    0.000000] OF: reserved mem: 0x0000000086700000..0x00000000867dffff (896 KiB) nomap non-reusable rmtfs@86700000
[    0.000000] OF: reserved mem: 0x00000000867e0000..0x00000000867fffff (128 KiB) nomap non-reusable rfsa@867e0000
[    0.000000] OF: reserved mem: 0x0000000085500000..0x0000000085ffffff (11264 KiB) nomap non-reusable tz-apps@85500000
[    0.000000] OF: reserved mem: 0x000000008e000000..0x000000008e2a2fff (2700 KiB) nomap non-reusable framebuffer@8e000000
[    0.000000] Zone ranges:
[    0.000000]   Normal   [mem 0x0000000080000000-0x00000000ffffffff]
[    0.000000] Movable zone start for each node
[    0.000000] Early memory node ranges
[    0.000000]   node   0: [mem 0x0000000080000000-0x00000000854fefff]
[    0.000000]   node   0: [mem 0x00000000854ff000-0x00000000867fffff]
[    0.000000]   node   0: [mem 0x0000000086800000-0x000000008dffffff]
[    0.000000]   node   0: [mem 0x000000008e000000-0x000000008e2a2fff]
[    0.000000]   node   0: [mem 0x000000008e2a3000-0x000000008e5fffff]
[    0.000000]   node   0: [mem 0x000000008e600000-0x000000008e7fffff]
[    0.000000]   node   0: [mem 0x000000008e800000-0x00000000ffffffff]
[    0.000000] Initmem setup node 0 [mem 0x0000000080000000-0x00000000ffffffff]
[    0.000000] percpu: Embedded 14 pages/cpu s28544 r0 d28800 u57344
[    0.000000] pcpu-alloc: s28544 r0 d28800 u57344 alloc=14*4096
[    0.000000] pcpu-alloc: [0] 0 [0] 1 [0] 2 [0] 3 
[    0.000000] Detected VIPT I-cache on CPU0
[    0.000000] CPU features: kernel page table isolation disabled by kernel configuration
[    0.000000] alternatives: applying boot alternatives
[    0.000000] Kernel command line: msm.skip_gpu=1 msm.separate_gpu_kms=1 pocketboot.lab=a5-header-fix-ram
[    0.000000] printk: log buffer data + meta data: 131072 + 458752 = 589824 bytes
[    0.000000] Dentry cache hash table entries: 262144 (order: 9, 2097152 bytes, linear)
[    0.000000] Inode-cache hash table entries: 131072 (order: 8, 1048576 bytes, linear)
[    0.000000] software IO TLB: SWIOTLB bounce buffer size adjusted to 2MB
[    0.000000] software IO TLB: area num 4.
[    0.000000] software IO TLB: mapped [mem 0x00000000fd600000-0x00000000fd800000] (2MB)
[    0.000000] Built 1 zonelists, mobility grouping on.  Total pages: 524288
[    0.000000] mem auto-init: stack:all(zero), heap alloc:off, heap free:off
[    0.000000] SLUB: HWalign=64, Order=0-3, MinObjects=0, CPUs=4, Nodes=1
[    0.000000] rcu: Hierarchical RCU implementation.
[    0.000000] rcu: RCU calculated value of scheduler-enlistment delay is 25 jiffies.
[    0.000000] NR_IRQS: 64, nr_irqs: 64, preallocated irqs: 0
[    0.000000] Root IRQ handler: gic_handle_irq
[    0.000000] rcu: srcu_init: Setting srcu_struct sizes based on contention.
[    0.000000] arch_timer: cp15 timer running at 19.20MHz (virt).
[    0.000000] clocksource: arch_sys_counter: mask: 0xffffffffffffff max_cycles: 0x46d987e47, max_idle_ns: 440795202767 ns
[    0.000001] sched_clock: 56 bits at 19MHz, resolution 52ns, wraps every 4398046511078ns
[    0.000153] Console: colour dummy device 80x25
[    0.000166] printk: legacy console [tty0] enabled
[    0.000775] Calibrating delay loop (skipped), value calculated using timer frequency.. 38.40 BogoMIPS (lpj=76800)
[    0.000808] pid_max: default: 32768 minimum: 301
[    0.001019] Mount-cache hash table entries: 4096 (order: 3, 32768 bytes, linear)
[    0.001061] Mountpoint-cache hash table entries: 4096 (order: 3, 32768 bytes, linear)
[    0.001392] VFS: Finished mounting rootfs on nullfs
[    0.002024] Pocketboot spin-table v1: persistent page at 0x00000000854ff000
[    0.002997] rcu: Hierarchical SRCU implementation.
[    0.003019] rcu: 	Max phase no-delay instances is 1000.
[    0.003531] smp: Bringing up secondary CPUs ...
[    0.003996] Detected VIPT I-cache on CPU1
[    0.004154] CPU1: Booted secondary processor 0x0000000001 [0x410fd030]
[    0.004670] Detected VIPT I-cache on CPU2
[    0.004806] CPU2: Booted secondary processor 0x0000000002 [0x410fd030]
[    0.005296] Detected VIPT I-cache on CPU3
[    0.005426] CPU3: Booted secondary processor 0x0000000003 [0x410fd030]
[    0.005517] smp: Brought up 1 node, 4 CPUs
[    0.005597] SMP: Total of 4 processors activated.
[    0.005611] CPU: All CPU(s) started at EL1
[    0.005625] CPU features: detected: 32-bit EL0 Support
[    0.005641] CPU features: detected: CRC32 instructions
[    0.005692] alternatives: applying system-wide alternatives
[    0.006587] Memory: 2015560K/2097152K available (5760K kernel code, 850K rwdata, 1712K rodata, 2624K init, 240K bss, 78328K reserved, 0K cma-reserved)
[    0.007253] devtmpfs: initialized
[    0.021209] clocksource: jiffies: mask: 0xffffffff max_cycles: 0xffffffff, max_idle_ns: 7645041785100000 ns
[    0.021288] posixtimers hash table entries: 2048 (order: 3, 32768 bytes, linear)
[    0.021411] futex hash table entries: 1024 (65536 bytes on 1 NUMA nodes, total 64 KiB, linear).
[    0.022274] NET: Registered PF_NETLINK/PF_ROUTE protocol family
[    0.022875] DMA: preallocated 256 KiB GFP_KERNEL pool for atomic allocations
[    0.024560] ASID allocator initialised with 65536 entries
[    0.033825] /soc@0/clock-controller@1800000: Fixed dependency cycle(s) with /soc@0/display-subsystem@1a00000/phy@1a98300
[    0.033917] /soc@0/display-subsystem@1a00000/display-controller@1a01000: Fixed dependency cycle(s) with /soc@0/display-subsystem@1a00000/dsi@1a98000
[    0.033978] /soc@0/display-subsystem@1a00000/dsi@1a98000: Fixed dependency cycle(s) with /soc@0/display-subsystem@1a00000/dsi@1a98000/panel@0
[    0.034029] /soc@0/display-subsystem@1a00000/dsi@1a98000: Fixed dependency cycle(s) with /soc@0/display-subsystem@1a00000/display-controller@1a01000
[    0.034125] /soc@0/display-subsystem@1a00000/dsi@1a98000/panel@0: Fixed dependency cycle(s) with /soc@0/display-subsystem@1a00000/dsi@1a98000
[    0.034177] /soc@0/display-subsystem@1a00000/phy@1a98300: Fixed dependency cycle(s) with /soc@0/clock-controller@1800000
[    0.034474] /soc@0/usb@78d9000: Fixed dependency cycle(s) with /soc@0/usb@78d9000/ulpi/phy
[    0.034528] /soc@0/usb@78d9000/ulpi/phy: Fixed dependency cycle(s) with /soc@0/usb@78d9000
[    0.034571] /soc@0/interrupt-controller@b000000: Fixed dependency cycle(s) with /soc@0/interrupt-controller@b000000
[    0.038584] /soc@0/clock-controller@1800000: Fixed dependency cycle(s) with /soc@0/display-subsystem@1a00000/phy@1a98300
[    0.042503] /soc@0/display-subsystem@1a00000/display-controller@1a01000: Fixed dependency cycle(s) with /soc@0/display-subsystem@1a00000/dsi@1a98000
[    0.042641] /soc@0/display-subsystem@1a00000/dsi@1a98000: Fixed dependency cycle(s) with /soc@0/display-subsystem@1a00000/dsi@1a98000/panel@0
[    0.042690] /soc@0/display-subsystem@1a00000/dsi@1a98000: Fixed dependency cycle(s) with /soc@0/display-subsystem@1a00000/display-controller@1a01000
[    0.042761] /soc@0/display-subsystem@1a00000/dsi@1a98000/panel@0: Fixed dependency cycle(s) with /soc@0/display-subsystem@1a00000/dsi@1a98000
[    0.046132] /soc@0/usb@78d9000: Fixed dependency cycle(s) with /soc@0/usb@78d9000/ulpi/phy
[    0.046247] /soc@0/usb@78d9000/ulpi/phy: Fixed dependency cycle(s) with /soc@0/usb@78d9000
[    0.052690] iommu: Default domain type: Translated
[    0.052729] iommu: DMA domain TLB invalidation policy: strict mode
[    0.054435] SCSI subsystem initialized
[    0.054588] usbcore: registered new interface driver usbfs
[    0.054644] usbcore: registered new interface driver hub
[    0.054707] usbcore: registered new device driver usb
[    0.055433] i2c-gpio i2c-muic: using lines 617 (SDA) and 618 (SCL)
[    0.055933] i2c-gpio i2c-tkey: using lines 528 (SDA) and 529 (SCL)
[    0.056596] i2c-gpio i2c-nfc: using lines 512 (SDA) and 513 (SCL)
[    0.057045] qcom_scm: convention: smc arm 32
[    0.083377] sm5502 0-0025: Device type: version: 0x0, vendor: 0x1
[    0.086549] clocksource: Switched to clocksource arch_sys_counter
[    0.093622] NET: Registered PF_UNIX/PF_LOCAL protocol family
[    0.098711] workingset: timestamp_bits=62 (anon: 58) max_order=19 bucket_order=0 (anon: 0)
[    0.108188] msm_serial 78b0000.serial: msm_serial: detected port #0
[    0.108293] msm_serial 78b0000.serial: uartclk = 7372800
[    0.108675] 78b0000.serial: ttyMSM0 at MMIO 0x78b0000 (irq = 31, base_baud = 460800) is a MSM
[    0.108738] msm_serial: console setup on port #0
[    0.108821] printk: legacy console [ttyMSM0] enabled
[    0.164850] Unpacking initramfs...
[    0.170437] msm_serial: driver initialized
[    0.945789] qcom-iommu 1ef0000.iommu: iommu sec: pgtable size: 94208
[    0.975064] platform 1a01000.display-controller: Adding to iommu group 0
[    0.975290] /soc@0/display-subsystem@1a00000/display-controller@1a01000: Fixed dependency cycle(s) with /soc@0/display-subsystem@1a00000/dsi@1a98000
[    0.981458] /soc@0/display-subsystem@1a00000/display-controller@1a01000: Fixed dependency cycle(s) with /soc@0/display-subsystem@1a00000/dsi@1a98000
[    0.994326] /soc@0/display-subsystem@1a00000/dsi@1a98000: Fixed dependency cycle(s) with /soc@0/display-subsystem@1a00000/dsi@1a98000/panel@0
[    1.007450] /soc@0/display-subsystem@1a00000/dsi@1a98000: Fixed dependency cycle(s) with /soc@0/display-subsystem@1a00000/display-controller@1a01000
[    1.020260] /soc@0/display-subsystem@1a00000/dsi@1a98000/panel@0: Fixed dependency cycle(s) with /soc@0/display-subsystem@1a00000/dsi@1a98000
[    1.040153] loop: module loaded
[    1.046452] spmi_pmic_arb 200f000.spmi: PMIC arbiter version v2 (0x20010000)
[    1.068404] input: pwm-vibrator as /devices/platform/vibrator/input/input0
[    1.068979] i2c_qup 78b5000.i2c: using default clock-frequency 100000
[    1.075021] i2c_qup 78b6000.i2c: using default clock-frequency 100000
[    1.081637] i2c_qup 78b8000.i2c: using default clock-frequency 100000
[    1.087907] i2c_qup 78b9000.i2c: using default clock-frequency 100000
[    1.094480] i2c_qup 78ba000.i2c: using default clock-frequency 100000
[    1.102562] rt5033 7-0034: Device found (rev. 6)
[    1.110932] platform rt5033-charger: DMA mask not set
[    1.111341] rt5033-led: Failed to locate of_node [id: -1]
[    1.117877] input: pm8941_pwrkey as /devices/platform/soc@0/200f000.spmi/spmi-0/0-00/200f000.spmi:pmic@0:pon@800/200f000.spmi:pmic@0:pon@800:pwrkey/input/input1
[    1.122693] input: pm8941_resin as /devices/platform/soc@0/200f000.spmi/spmi-0/0-00/200f000.spmi:pmic@0:pon@800/200f000.spmi:pmic@0:pon@800:resin/input/input2
[    1.187401] clocksource: arch_mmio_counter: mask: 0xffffffffffffff max_cycles: 0x46d987e47, max_idle_ns: 440795202767 ns
[    1.187471] arch-timer-mmio b020000.timer: mmio timer running at 19.20MHz (virt)
[    1.221207] msm_mdp 1a01000.display-controller: No interconnect support may cause display underflows!
[    1.228831] msm_hsusb 78d9000.usb: Failed to create device link (0x180) with supplier remoteproc for /soc@0/usb@78d9000/ulpi/phy
[    1.232890] tm2-touchkey 1-0020: failed to get regulators: -517
[    1.234841] sdhci_msm 7864900.mmc: Got CD GPIO
[    1.242383] mms114 6-0048: Unable to get the IO regulator (-517)
[    1.256958] tm2-touchkey 1-0020: failed to get regulators: -517
[    1.257703] mms114 6-0048: Unable to get the IO regulator (-517)
[    1.259274] sdhci_msm 7864900.mmc: Got CD GPIO
[    1.272552] s3: Bringing 0uV into 1250000-1250000uV
[    1.273908] s4: Bringing 0uV into 1850000-1850000uV
[    1.278947] l2: Bringing 0uV into 1200000-1200000uV
[    1.285106] tm2-touchkey 1-0020: failed to get regulators: -517
[    1.287270] sdhci_msm 7864900.mmc: Got CD GPIO
[    1.288509] mms114 6-0048: Unable to get the IO regulator (-517)
[    1.294498] l5: Bringing 0uV into 1800000-1800000uV
[    1.303838] sdhci_msm 7864900.mmc: Got CD GPIO
[    1.309319] gcc-msm8916 1800000.clock-controller: sync_state() pending due to chosen:framebuffer@8e000000
[    1.309415] l6: Bringing 0uV into 1800000-1800000uV
[    1.313735] gcc-msm8916 1800000.clock-controller: sync_state() pending due to 7824900.mmc
[    1.323608] l7: Bringing 0uV into 1800000-1800000uV
[    1.328051] gcc-msm8916 1800000.clock-controller: sync_state() pending due to 7864900.mmc
[    1.341160] gcc-msm8916 1800000.clock-controller: sync_state() pending due to 1a98000.dsi
[    1.341244] l8: Bringing 0uV into 2900000-2900000uV
[    1.349393] gcc-msm8916 1800000.clock-controller: sync_state() pending due to 1a98300.phy
[    1.357794] l9: Bringing 0uV into 3300000-3300000uV
[    1.363066] input: GPIO Buttons as /devices/platform/gpio-keys/input/input6
[    1.371026] l11: Bringing 0uV into 2950000-2950000uV
[    1.382668] l12: Bringing 0uV into 1800000-1800000uV
[    1.382861] input: GPIO Hall Effect Sensor as /devices/platform/gpio-hall-sensor/input/input7
[    1.387651] l13: Bringing 0uV into 3075000-3075000uV
[    1.401676] clk: Disabling unused clocks
[    1.401830] l17: Bringing 0uV into 2850000-2850000uV
[    1.406073] PM: genpd: Disabling unused power domains
[    1.417154] Freeing unused kernel memory: 2624K
[    1.417402] Run /init as init process
[    1.420521]   with arguments:
[    1.420528]     /init
[    1.420534]   with environment:
[    1.420541]     HOME=/
[    1.420547]     TERM=linux
[    1.438588] file system registered
[    1.439130] read descriptors
[    1.440905] read strings
[    1.444501] read descriptors
[    1.446457] read strings
[    1.449868] Mass Storage Function, version: 2009/09/11
[    1.451841] LUN: removable file: (no medium)
[    1.457042] LUN: removable file: (no medium)
[    1.461442] LUN: removable file: (no medium)
[    1.465714] LUN: removable file: (no medium)
[    1.469956] LUN: removable file: (no medium)
[    1.474209] LUN: removable file: (no medium)
[    1.478447] LUN: removable file: (no medium)
[    1.482715] LUN: removable file: (no medium)
[    1.546778] input: tm2-touchkey as /devices/platform/i2c-tkey/i2c-1/1-0020/input/input8
[    1.548799] input: MELFAS MMS345 Touchscreen as /devices/platform/soc@0/78b9000.i2c/i2c-6/6-0048/input/input9
[    1.555392] sdhci_msm 7864900.mmc: Got CD GPIO
[    1.555630] /soc@0/display-subsystem@1a00000/dsi@1a98000: Fixed dependency cycle(s) with /soc@0/display-subsystem@1a00000/dsi@1a98000/panel@0
[    1.568140] /soc@0/display-subsystem@1a00000/dsi@1a98000/panel@0: Fixed dependency cycle(s) with /soc@0/display-subsystem@1a00000/dsi@1a98000
[    1.581959] msm_mdp 1a01000.display-controller: bound 1a98000.dsi (ops 0xffff8000806384a8)
[    1.593625] msm_mdp 1a01000.display-controller: [drm:mdp5_kms_init] MDP5 version v1.6
[    1.614758] mmc1: SDHCI controller on 7864900.mmc [7864900.mmc] using ADMA
[    1.618351] msm_mdp 1a01000.display-controller: fall back to the other CTL category for INTF 1!
[    1.618564] mmc0: SDHCI controller on 7824900.mmc [7824900.mmc] using ADMA
[    1.621472] [drm] Initialized msm-kms 1.13.0 for 1a01000.display-controller on minor 0
[    1.642786] msm_mdp 1a01000.display-controller: no GPU device was found
[    1.697825] mmc1: new UHS-I speed SDR104 SDXC card at address aaaa
[    1.698584] mmcblk1: mmc1:aaaa SR128 119 GiB
[    1.707743] GPT:Primary header thinks Alt. header is not at the end of the disk.
[    1.707793] GPT:29337599 != 249737215
[    1.709419] mmc0: Card appears overclocked; req 177770000 Hz, actual 177777777 Hz
[    1.714714] GPT:Alternate GPT header not at the end of the disk.
[    1.714718] GPT:29337599 != 249737215
[    1.718280] mmc0: Card appears overclocked; req 177770000 Hz, actual 177777777 Hz
[    1.725738] GPT: Use GNU Parted to correct GPT errors.
[    1.725766]  mmcblk1: p1 p2 p3
[    1.732453] mmc0: new HS200 MMC card at address 0001
[    1.739067] l13: voltage operation not allowed
[    1.743431] mmcblk0: mmc0:0001 Q313MB 14.7 GiB
[    1.763146]  mmcblk0: p1 p2 p3 p4 p5 p6 p7 p8 p9 p10 p11 p12 p13 p14 p15 p16 p17 p18 p19 p20 p21 p22 p23 p24 p25 p26
[    1.768549] mmcblk0boot0: mmc0:0001 Q313MB 4.00 MiB
[    1.776561] mmcblk0boot1: mmc0:0001 Q313MB 4.00 MiB
[    1.780909] mmcblk0rpmb: mmc0:0001 Q313MB 4.00 MiB, chardev (249:0)
[    1.866609] mms114 6-0048: TSP FW Rev: bootloader 0x6 / core 0x26 / config 0x26
[    2.298279] EXT4-fs (mmcblk1p2): orphan cleanup on readonly fs
[    2.299030] EXT4-fs (mmcblk1p2): mounted filesystem 5077d4c6-b4a5-4429-af95-ee9691dbb6ca ro without journal. Quota mode: disabled.
[    2.300957] [drm:mdp5_irq_error_handler] *ERROR* errors: 04000000
[   17.490559] rt5033-charger rt5033-charger: USB mode. connector type: 5
