[    0.000000] Booting Linux on physical CPU 0x0000000000 [0x410fd030]
[    0.000000] Linux version 7.1.0-rc6+ (sam@sam-desktop) (aarch64-linux-gnu-gcc (GCC) 16.1.1 20260501 (Red Hat Cross 16.1.1-1), GNU ld version 2.46-1.fc44) #51 SMP PREEMPT Fri Sep 11 18:06:09 AEST 2026
[    0.000000] Machine model: Samsung Galaxy A5U (EUR)
[    0.000000] OF: reserved mem: 0x000000008e600000..0x000000008e7fffff (2048 KiB) nomap non-reusable gps
[    0.000000] OF: reserved mem: 0x000000009ff80000..0x000000009fffffff (512 KiB) map non-reusable ramoops@9ff80000
[    0.000000] OF: reserved mem: 0x0000000086000000..0x00000000862fffff (3072 KiB) nomap non-reusable tz-apps@86000000
[    0.000000] OF: reserved mem: 0x0000000086300000..0x00000000863fffff (1024 KiB) nomap non-reusable smem@86300000
[    0.000000] OF: reserved mem: 0x0000000086400000..0x00000000864fffff (1024 KiB) nomap non-reusable hypervisor@86400000
[    0.000000] OF: reserved mem: 0x0000000086500000..0x000000008667ffff (1536 KiB) nomap non-reusable tz@86500000
[    0.000000] OF: reserved mem: 0x0000000086680000..0x00000000866fffff (512 KiB) nomap non-reusable reserved@86680000
[    0.000000] OF: reserved mem: 0x0000000086700000..0x00000000867dffff (896 KiB) nomap non-reusable rmtfs@86700000
[    0.000000] OF: reserved mem: 0x00000000867e0000..0x00000000867fffff (128 KiB) nomap non-reusable rfsa@867e0000
[    0.000000] OF: reserved mem: 0x0000000085500000..0x0000000085ffffff (11264 KiB) nomap non-reusable tz-apps@85500000
[    0.000000] OF: reserved mem: 0x000000008e000000..0x000000008e2a2fff (2700 KiB) nomap non-reusable framebuffer@8e000000
[    0.000000] OF: reserved mem: 0x00000000854ff000..0x00000000854fffff (4 KiB) nomap non-reusable spin-table@854ff000
[    0.000000] Zone ranges:
[    0.000000]   Normal   [mem 0x0000000080000000-0x00000000ffffffff]
[    0.000000] Movable zone start for each node
[    0.000000] Early memory node ranges
[    0.000000]   node   0: [mem 0x0000000080000000-0x00000000854fefff]
[    0.000000]   node   0: [mem 0x00000000854ff000-0x00000000867fffff]
[    0.000000]   node   0: [mem 0x0000000086800000-0x000000008dffffff]
[    0.000000]   node   0: [mem 0x000000008e000000-0x000000008e2a2fff]
[    0.000000]   node   0: [mem 0x000000008e2a3000-0x000000008e5fffff]
[    0.000000]   node   0: [mem 0x000000008e600000-0x000000008e7fffff]
[    0.000000]   node   0: [mem 0x000000008e800000-0x00000000ffffffff]
[    0.000000] Initmem setup node 0 [mem 0x0000000080000000-0x00000000ffffffff]
[    0.000000] percpu: Embedded 14 pages/cpu s28544 r0 d28800 u57344
[    0.000000] pcpu-alloc: s28544 r0 d28800 u57344 alloc=14*4096
[    0.000000] pcpu-alloc: [0] 0 [0] 1 [0] 2 [0] 3 
[    0.000000] Detected VIPT I-cache on CPU0
[    0.000000] CPU features: kernel page table isolation disabled by kernel configuration
[    0.000000] alternatives: applying boot alternatives
[    0.000000] Kernel command line: msm.skip_gpu=1 msm.separate_gpu_kms=1 panic=5 oops=panic printk.time=1 pocketboot.log=info pocketboot.drm_page_flips=16 drm.debug=0x6 pocketboot.lab=a5-display-direct
[    0.000000] printk: log buffer data + meta data: 131072 + 458752 = 589824 bytes
[    0.000000] Dentry cache hash table entries: 262144 (order: 9, 2097152 bytes, linear)
[    0.000000] Inode-cache hash table entries: 131072 (order: 8, 1048576 bytes, linear)
[    0.000000] software IO TLB: SWIOTLB bounce buffer size adjusted to 2MB
[    0.000000] software IO TLB: area num 4.
[    0.000000] software IO TLB: mapped [mem 0x00000000fd600000-0x00000000fd800000] (2MB)
[    0.000000] Built 1 zonelists, mobility grouping on.  Total pages: 524288
[    0.000000] mem auto-init: stack:all(zero), heap alloc:off, heap free:off
[    0.000000] SLUB: HWalign=64, Order=0-3, MinObjects=0, CPUs=4, Nodes=1
[    0.000000] rcu: Hierarchical RCU implementation.
[    0.000000] rcu: RCU calculated value of scheduler-enlistment delay is 25 jiffies.
[    0.000000] NR_IRQS: 64, nr_irqs: 64, preallocated irqs: 0
[    0.000000] Root IRQ handler: gic_handle_irq
[    0.000000] rcu: srcu_init: Setting srcu_struct sizes based on contention.
[    0.000000] arch_timer: cp15 timer running at 19.20MHz (virt).
[    0.000000] clocksource: arch_sys_counter: mask: 0xffffffffffffff max_cycles: 0x46d987e47, max_idle_ns: 440795202767 ns
[    0.000000] sched_clock: 56 bits at 19MHz, resolution 52ns, wraps every 4398046511078ns
[    0.000092] Console: colour dummy device 80x25
[    0.000104] printk: legacy console [tty0] enabled
[    0.000736] Calibrating delay loop (skipped), value calculated using timer frequency.. 38.40 BogoMIPS (lpj=76800)
[    0.000769] pid_max: default: 32768 minimum: 301
[    0.000989] Mount-cache hash table entries: 4096 (order: 3, 32768 bytes, linear)
[    0.001029] Mountpoint-cache hash table entries: 4096 (order: 3, 32768 bytes, linear)
[    0.001392] VFS: Finished mounting rootfs on nullfs
[    0.002007] Pocketboot spin-table v1: persistent page at 0x00000000854ff000
[    0.002931] rcu: Hierarchical SRCU implementation.
[    0.002953] rcu: 	Max phase no-delay instances is 1000.
[    0.003440] smp: Bringing up secondary CPUs ...
[    0.003883] Detected VIPT I-cache on CPU1
[    0.004032] CPU1: Booted secondary processor 0x0000000001 [0x410fd030]
[    0.004533] Detected VIPT I-cache on CPU2
[    0.004669] CPU2: Booted secondary processor 0x0000000002 [0x410fd030]
[    0.005143] Detected VIPT I-cache on CPU3
[    0.005273] CPU3: Booted secondary processor 0x0000000003 [0x410fd030]
[    0.005365] smp: Brought up 1 node, 4 CPUs
[    0.005446] SMP: Total of 4 processors activated.
[    0.005461] CPU: All CPU(s) started at EL1
[    0.005475] CPU features: detected: 32-bit EL0 Support
[    0.005491] CPU features: detected: CRC32 instructions
[    0.005542] alternatives: applying system-wide alternatives
[    0.006413] Memory: 2014996K/2097152K available (5760K kernel code, 852K rwdata, 1712K rodata, 2624K init, 242K bss, 78892K reserved, 0K cma-reserved)
[    0.007067] devtmpfs: initialized
[    0.020881] clocksource: jiffies: mask: 0xffffffff max_cycles: 0xffffffff, max_idle_ns: 7645041785100000 ns
[    0.020953] posixtimers hash table entries: 2048 (order: 3, 32768 bytes, linear)
[    0.021054] futex hash table entries: 1024 (65536 bytes on 1 NUMA nodes, total 64 KiB, linear).
[    0.022091] NET: Registered PF_NETLINK/PF_ROUTE protocol family
[    0.022678] DMA: preallocated 256 KiB GFP_KERNEL pool for atomic allocations
[    0.024319] ASID allocator initialised with 65536 entries
[    0.025716] ramoops: error in header, 13
[    0.026087] ramoops: error in header, 12
[    0.026497] ramoops: error in header, 16
[    0.026913] ramoops: error in header, 17
[    0.027285] ramoops: error in header, 13
[    0.027721] ramoops: error in header, 18
[    0.028115] ramoops: error in header, 13
[    0.028595] ramoops: error in header, 22
[    0.029001] ramoops: error in header, 16
[    0.029363] ramoops: error in header, 12
[    0.029742] ramoops: error in header, 13
[    0.030109] ramoops: error in header, 12
[    0.030511] ramoops: error in header, 15
[    0.030881] ramoops: error in header, 13
[    0.031214] ramoops: error in header, 9
[    0.031577] ramoops: error in header, 12
[    0.032001] ramoops: error in header, 18
[    0.032430] ramoops: error in header, 17
[    0.032795] ramoops: error in header, 12
[    0.033111] ramoops: error in header, 7
[    0.033465] ramoops: error in header, 11
[    0.033738] ramoops: error in header, 3
[    0.034064] ramoops: error in header, 7
[    0.034437] ramoops: error in header, 13
[    0.034905] ramoops: error in header, 22
[    0.035211] ramoops: error in header, 6
[    0.035584] ramoops: error in header, 13
[    0.035947] ramoops: error in header, 12
[    0.036398] ramoops: error in header, 19
[    0.036745] ramoops: error in header, 10
[    0.769279] pstore: Using crash dump compression: deflate
[    0.769304] printk: legacy console [ramoops-1] enabled
[    0.802569] pstore: Registered ramoops as persistent store backend
[    0.802782] ramoops: using 0x80000@0x9ff80000, ecc: 64
[    0.812183] /soc@0/clock-controller@1800000: Fixed dependency cycle(s) with /soc@0/display-subsystem@1a00000/phy@1a98300
[    0.812656] /soc@0/display-subsystem@1a00000/display-controller@1a01000: Fixed dependency cycle(s) with /soc@0/display-subsystem@1a00000/dsi@1a98000
[    0.813093] /soc@0/display-subsystem@1a00000/dsi@1a98000: Fixed dependency cycle(s) with /soc@0/display-subsystem@1a00000/dsi@1a98000/panel@0
[    0.813522] /soc@0/display-subsystem@1a00000/dsi@1a98000: Fixed dependency cycle(s) with /soc@0/display-subsystem@1a00000/display-controller@1a01000
[    0.813997] /soc@0/display-subsystem@1a00000/dsi@1a98000/panel@0: Fixed dependency cycle(s) with /soc@0/display-subsystem@1a00000/dsi@1a98000
[    0.814446] /soc@0/display-subsystem@1a00000/phy@1a98300: Fixed dependency cycle(s) with /soc@0/clock-controller@1800000
[    0.815126] /soc@0/usb@78d9000: Fixed dependency cycle(s) with /soc@0/usb@78d9000/ulpi/phy
[    0.815563] /soc@0/usb@78d9000/ulpi/phy: Fixed dependency cycle(s) with /soc@0/usb@78d9000
[    0.815990] /soc@0/interrupt-controller@b000000: Fixed dependency cycle(s) with /soc@0/interrupt-controller@b000000
[    0.820316] /soc@0/clock-controller@1800000: Fixed dependency cycle(s) with /soc@0/display-subsystem@1a00000/phy@1a98300
[    0.824387] /soc@0/display-subsystem@1a00000/display-controller@1a01000: Fixed dependency cycle(s) with /soc@0/display-subsystem@1a00000/dsi@1a98000
[    0.825076] /soc@0/display-subsystem@1a00000/dsi@1a98000: Fixed dependency cycle(s) with /soc@0/display-subsystem@1a00000/dsi@1a98000/panel@0
[    0.825505] /soc@0/display-subsystem@1a00000/dsi@1a98000: Fixed dependency cycle(s) with /soc@0/display-subsystem@1a00000/display-controller@1a01000
[    0.825956] /soc@0/display-subsystem@1a00000/dsi@1a98000/panel@0: Fixed dependency cycle(s) with /soc@0/display-subsystem@1a00000/dsi@1a98000
[    0.829678] /soc@0/usb@78d9000: Fixed dependency cycle(s) with /soc@0/usb@78d9000/ulpi/phy
[    0.830176] /soc@0/usb@78d9000/ulpi/phy: Fixed dependency cycle(s) with /soc@0/usb@78d9000
[    0.836894] iommu: Default domain type: Translated
[    0.837137] iommu: DMA domain TLB invalidation policy: strict mode
[    0.838521] SCSI subsystem initialized
[    0.838902] usbcore: registered new interface driver usbfs
[    0.839157] usbcore: registered new interface driver hub
[    0.839596] usbcore: registered new device driver usb
[    0.840514] i2c-gpio i2c-muic: using lines 617 (SDA) and 618 (SCL)
[    0.841392] i2c-gpio i2c-tkey: using lines 528 (SDA) and 529 (SCL)
[    0.842111] i2c-gpio i2c-nfc: using lines 512 (SDA) and 513 (SCL)
[    0.843008] qcom_scm: convention: smc arm 32
[    0.868328] sm5502 0-0025: Device type: version: 0x0, vendor: 0x1
[    0.871873] clocksource: Switched to clocksource arch_sys_counter
[    0.879771] NET: Registered PF_UNIX/PF_LOCAL protocol family
[    0.888869] workingset: timestamp_bits=62 (anon: 58) max_order=19 bucket_order=0 (anon: 0)
[    0.908446] msm_serial 78b0000.serial: msm_serial: detected port #0
[    0.908756] msm_serial 78b0000.serial: uartclk = 3686400
[    0.909544] 78b0000.serial: ttyMSM0 at MMIO 0x78b0000 (irq = 31, base_baud = 230400) is a MSM
[    0.909806] msm_serial: console setup on port #0
[    0.910237] printk: legacy console [ttyMSM0] enabled
[    1.892702] msm_serial: driver initialized
[    1.899321] [drm:msm_drm_register] init
[    1.899350] [drm:msm_mdp_register] 
[    1.899496] [drm:msm_dsi_register] 
[    1.924373] platform 1a01000.display-controller: Adding to iommu group 0
[    1.924796] /soc@0/display-subsystem@1a00000/display-controller@1a01000: Fixed dependency cycle(s) with /soc@0/display-subsystem@1a00000/dsi@1a98000
[    1.930719] [drm:mdss_runtime_resume] 
[    1.931167] /soc@0/display-subsystem@1a00000/display-controller@1a01000: Fixed dependency cycle(s) with /soc@0/display-subsystem@1a00000/dsi@1a98000
[    1.935903] [drm:mdss_runtime_suspend] 
[    1.943586] /soc@0/display-subsystem@1a00000/dsi@1a98000: Fixed dependency cycle(s) with /soc@0/display-subsystem@1a00000/dsi@1a98000/panel@0
[    1.957122] /soc@0/display-subsystem@1a00000/dsi@1a98000: Fixed dependency cycle(s) with /soc@0/display-subsystem@1a00000/display-controller@1a01000
[    1.969931] /soc@0/display-subsystem@1a00000/dsi@1a98000/panel@0: Fixed dependency cycle(s) with /soc@0/display-subsystem@1a00000/dsi@1a98000
[    1.983211] [drm:mdss_runtime_resume] 
[    1.984733] [drm:mdss_runtime_suspend] 
[    1.989842] loop: module loaded
[    1.995909] spmi_pmic_arb 200f000.spmi: PMIC arbiter version v2 (0x20010000)
[    2.031735] input: pwm-vibrator as /devices/platform/vibrator/input/input0
[    2.032720] i2c_qup 78b5000.i2c: using default clock-frequency 100000
[    2.038481] i2c_qup 78b6000.i2c: using default clock-frequency 100000
[    2.045281] i2c_qup 78b8000.i2c: using default clock-frequency 100000
[    2.051395] i2c_qup 78b9000.i2c: using default clock-frequency 100000
[    2.058203] i2c_qup 78ba000.i2c: using default clock-frequency 100000
[    2.067888] rt5033 7-0034: Device found (rev. 6)
[    2.072247] platform rt5033-charger: DMA mask not set
[    2.074863] rt5033-led: Failed to locate of_node [id: -1]
[    2.081530] input: pm8941_pwrkey as /devices/platform/soc@0/200f000.spmi/spmi-0/0-00/200f000.spmi:pmic@0:pon@800/200f000.spmi:pmic@0:pon@800:pwrkey/input/input1
[    2.086347] input: pm8941_resin as /devices/platform/soc@0/200f000.spmi/spmi-0/0-00/200f000.spmi:pmic@0:pon@800/200f000.spmi:pmic@0:pon@800:resin/input/input2
[    2.136672] clocksource: arch_mmio_counter: mask: 0xffffffffffffff max_cycles: 0x46d987e47, max_idle_ns: 440795202767 ns
[    2.137122] arch-timer-mmio b020000.timer: mmio timer running at 19.20MHz (virt)
[    2.170035] [drm:mdss_runtime_resume] 
[    2.170287] [drm:mdp5_dev_probe] 
[    2.170318] msm_mdp 1a01000.display-controller: No interconnect support may cause display underflows!
[    2.170812] [drm:mdp5_dev_probe] skipping lut
[    2.170838] [drm:mdp5_dev_probe] skipping tbu
[    2.170860] [drm:mdp5_dev_probe] skipping tbu_rt
[    2.176038] [drm:mdss_runtime_suspend] 
[    2.187764] [drm:mdss_runtime_resume] 
[    2.188477] [drm:mdss_runtime_suspend] 
[    2.204075] [drm:mdss_runtime_resume] 
[    2.207890] [drm:mdss_runtime_suspend] 
[    2.220575] msm_hsusb 78d9000.usb: Failed to create device link (0x180) with supplier remoteproc for /soc@0/usb@78d9000/ulpi/phy
[    2.221868] [drm:mdss_runtime_resume] 
[    2.223890] [drm:mdss_runtime_suspend] 
[    2.224946] sdhci_msm 7864900.mmc: Got CD GPIO
[    2.239304] tm2-touchkey 1-0020: failed to get regulators: -517
[    2.240385] mms114 6-0048: Unable to get the IO regulator (-517)
[    2.240672] s3: Bringing 0uV into 1250000-1250000uV
[    2.244196] [drm:mdss_runtime_resume] 
[    2.250712] s4: Bringing 0uV into 1850000-1850000uV
[    2.251900] [drm:mdss_runtime_suspend] 
[    2.253541] sdhci_msm 7864900.mmc: Got CD GPIO
[    2.255505] l2: Bringing 0uV into 1200000-1200000uV
[    2.265659] l5: Bringing 0uV into 1800000-1800000uV
[    2.267407] tm2-touchkey 1-0020: failed to get regulators: -517
[    2.269375] l6: Bringing 0uV into 1800000-1800000uV
[    2.274295] mms114 6-0048: Unable to get the IO regulator (-517)
[    2.280095] l7: Bringing 0uV into 1800000-1800000uV
[    2.284874] gcc-msm8916 1800000.clock-controller: sync_state() pending due to chosen:framebuffer@8e000000
[    2.291212] l8: Bringing 0uV into 2900000-2900000uV
[    2.295536] gcc-msm8916 1800000.clock-controller: sync_state() pending due to 7824900.mmc
[    2.305486] l9: Bringing 0uV into 3300000-3300000uV
[    2.309926] gcc-msm8916 1800000.clock-controller: sync_state() pending due to 7864900.mmc
[    2.309964] gcc-msm8916 1800000.clock-controller: sync_state() pending due to 1a98000.dsi
[    2.318707] l11: Bringing 0uV into 2950000-2950000uV
[    2.322950] gcc-msm8916 1800000.clock-controller: sync_state() pending due to 1a98300.phy
[    2.331524] l12: Bringing 0uV into 1800000-1800000uV
[    2.340198] input: GPIO Buttons as /devices/platform/gpio-keys/input/input5
[    2.344715] l13: Bringing 0uV into 3075000-3075000uV
[    2.353203] input: GPIO Hall Effect Sensor as /devices/platform/gpio-hall-sensor/input/input6
[    2.355899] [drm:mdss_runtime_resume] 
[    2.356481] [drm:pll_28nm_register] 0
[    2.356519] [drm:dsi_pll_28nm_clk_recalc_rate] returning vco rate = 1056000000
[    2.358498] l17: Bringing 0uV into 2850000-2850000uV
[    2.359901] [drm:mdss_runtime_suspend] 
[    2.365194] clk: Disabling unused clocks
[    2.375398] sdhci_msm 7864900.mmc: Got CD GPIO
[    2.377907] [drm:mdss_runtime_resume] 
[    2.378187] PM: genpd: Disabling unused power domains
[    2.379909] [drm:mdss_runtime_suspend] 
[    2.411885] mmc0: SDHCI controller on 7824900.mmc [7824900.mmc] using ADMA
[    2.416125] mmc1: SDHCI controller on 7864900.mmc [7864900.mmc] using ADMA
[    2.419139] Freeing unused kernel memory: 2624K
[    2.425125] Run /init as init process
[    2.429153]   with arguments:
[    2.429160]     /init
[    2.429168]   with environment:
[    2.429176]     HOME=/
[    2.429183]     TERM=linux
[    2.432340]  INFO pocketboot: starting up
[    2.433155]  INFO pocketboot::reaper: PID 1 reaper thread spawned thread="pocketboot-reaper"
[    2.437863]  INFO pocketboot::getty: getty supervisor spawned pid=93 tty="tty0" baud="115200"
[    2.446093]  INFO pocketboot::getty: getty supervisor spawned pid=95 tty="ttyMSM0" baud="115200"
[    2.461806]  INFO pocketboot: detected boot state reboot_mode=None hard_reset=Some(true) power_key=Some(false) charger=Some(true) warm_reset=Some(false) source_backend="qcom-pon" source_detail="root=samsung,a5u-eur|qcom,msm8916 spmi=0-00 pmic=qcom,pm8916 pmic_node=qcom,pm8916|qcom,spmi-pmic pon=qcom,pm8916-pon pon_node=qcom,pm8916-pon gen=gen1 pon_base=0x800 pon_reason1=0x11 pon_reasons=hard-reset|usb-charger warm_reset_reason1=0x00 warm_reset_reason2=0x00 soft_rb_spare=0x00 reboot_mode=none"
[    2.484885]  INFO pocketboot: selected device serialno serialno=cd0ee037
[    2.494726] mmc0: Card appears overclocked; req 177770000 Hz, actual 177777777 Hz
[    2.506308]  INFO pocketboot::battery: battery watcher thread spawned thread="pocketboot-battery"
[    2.512816] mmc0: Card appears overclocked; req 177770000 Hz, actual 177777777 Hz
[    2.515994]  INFO pocketboot::battery: battery state updated percent=99 status=Charging
[    2.520430]  INFO pocketboot::ui: UI thread spawned thread="pocketboot-ui"
[    2.529668] mmc0: new HS200 MMC card at address 0001
[    2.536725]  INFO pocketboot::gadget: USB gadget thread spawned thread="pocketboot-fastboot" mode="fastboot"
[    2.538570] file system registered
[    2.538843] read descriptors
[    2.538862] read strings
[    2.539489] read descriptors
[    2.539507] read strings
[    2.540167]  INFO pocketboot::gadget: USB gadget registered path=/sys/kernel/config/usb_gadget/gadgetry-most-foul0
[    2.540214] Mass Storage Function, version: 2009/09/11
[    2.540220] LUN: removable file: (no medium)
[    2.540473] LUN: removable file: (no medium)
[    2.540704] LUN: removable file: (no medium)
[    2.540940] LUN: removable file: (no medium)
[    2.541177] LUN: removable file: (no medium)
[    2.541411] LUN: removable file: (no medium)
[    2.541634] LUN: removable file: (no medium)
[    2.541859] LUN: removable file: (no medium)
[    2.542154]  INFO pocketboot::gadget: UMS function registered path=/sys/kernel/config/usb_gadget/gadgetry-most-foul0/functions/mass_storage.pocketboot-ums luns=8
[    2.544082] input: tm2-touchkey as /devices/platform/i2c-tkey/i2c-1/1-0020/input/input7
[    2.544588] l13: voltage operation not allowed
[    2.545096] mmcblk0: mmc0:0001 Q313MB 14.7 GiB
[    2.551320]  INFO pocketboot: CDC-ACM disabled param="pocketboot.acm"
[    2.557955] input: MELFAS MMS345 Touchscreen as /devices/platform/soc@0/78b9000.i2c/i2c-6/6-0048/input/input8
[    2.566277]  INFO pocketboot: waiting for UI boot selection or fastboot exit
[    2.570067]  INFO pocketboot::gadget: USB gadget bound udc=ci_hdrc.0
[    2.570166] [drm:mdss_runtime_resume] 
[    2.570665] [drm:dsi_dev_probe] 
[    2.570684] [drm:dsi_dev_probe] dsi probed=(____ptrval____)
[    2.570751] [drm:msm_dsi_host_init] dsi_get_config: Version 3:10030001
[    2.571237] [drm:msm_dsi_host_init] Dsi Host 0 initialized
[    2.571398] /soc@0/display-subsystem@1a00000/dsi@1a98000: Fixed dependency cycle(s) with /soc@0/display-subsystem@1a00000/dsi@1a98000/panel@0
[    2.571506] /soc@0/display-subsystem@1a00000/dsi@1a98000/panel@0: Fixed dependency cycle(s) with /soc@0/display-subsystem@1a00000/dsi@1a98000
[    2.572488] msm_mdp 1a01000.display-controller: bound 1a98000.dsi (ops 0xffff8000806384a8)
[    2.572685] [drm:mdp5_runtime_resume] 
[    2.572701] [drm:mdp5_runtime_resume] 
[    2.572718] [drm:mdp5_runtime_suspend] 
[    2.572729] [drm:mdp5_runtime_suspend] 
[    2.572758] msm_mdp 1a01000.display-controller: [drm:mdp5_kms_init] MDP5 version v1.6
[    2.572775] [drm:mdp5_cfg_init] MDP5: msm8x16 hw config selected
[    2.572803] [drm:mdp5_ctlm_init] Pool of 5 CTLs created.
[    2.573680] [drm:mdp5_runtime_resume] 
[    2.587876]  mmcblk0: p1 p2 p3 p4 p5 p6 p7 p8 p9 p10 p11 p12 p13 p14 p15 p16 p17 p18 p19 p20 p21 p22 p23 p24 p25 p26
[    2.596486] [drm:mdp5_runtime_resume] 
[    2.623895] mmcblk0boot0: mmc0:0001 Q313MB 4.00 MiB
[    2.643335] [drm:mdp5_runtime_suspend] 
[    2.651467] mmcblk0boot1: mmc0:0001 Q313MB 4.00 MiB
[    2.657944] [drm:mdp5_runtime_suspend] 
[    2.666992] mmcblk0rpmb: mmc0:0001 Q313MB 4.00 MiB, chardev (249:0)
[    2.667294] msm_mdp 1a01000.display-controller: fall back to the other CTL category for INTF 1!
[    2.690559] mmc1: new UHS-I speed SDR104 SDXC card at address aaaa
[    2.690603] [drm:mdp5_ctlm_request] CTL 0 allocated
[    2.690936] [drm:mdp5_runtime_resume] 
[    2.692303] mmcblk1: mmc1:aaaa SR128 119 GiB
[    2.696748] [drm:mdp5_runtime_resume] 
[    2.714436] GPT:Primary header thinks Alt. header is not at the end of the disk.
[    2.722023] [drm:mdp5_runtime_suspend] 
[    2.722414] GPT:29337599 != 249737215
[    2.722423] [drm:mdp5_runtime_suspend] 
[    2.722695] [drm:mdp5_runtime_resume] 
[    2.722842] GPT:Alternate GPT header not at the end of the disk.
[    2.722846] GPT:29337599 != 249737215
[    2.730171] [drm:mdp5_runtime_resume] 
[    2.730551] GPT: Use GNU Parted to correct GPT errors.
[    2.730578]  mmcblk1: p1 p2 p3
[    2.730809] [drm:mdp5_runtime_suspend] 
[    2.813861] [drm:mdp5_runtime_suspend] 
[    2.814258] msm_mdp 1a01000.display-controller: [drm:drm_sysfs_connector_add] [CONNECTOR:36:DSI-1] adding connector to sysfs
[    2.814398] msm_mdp 1a01000.display-controller: [drm:drm_sysfs_connector_hotplug_event] [CONNECTOR:36:DSI-1] generating connector hotplug event
[    2.814451] [drm] Initialized msm-kms 1.13.0 for 1a01000.display-controller on minor 0
[    2.814888] [drm:dsi_host_attach] id=0
[    2.815604] [drm:mdss_runtime_suspend] 
[    2.844031] msm_mdp 1a01000.display-controller: no GPU device was found
[    2.844501] msm_mdp 1a01000.display-controller: [drm:drm_helper_probe_single_connector_modes] [CONNECTOR:36:DSI-1]
[    2.844538] msm_mdp 1a01000.display-controller: [drm:drm_helper_probe_single_connector_modes] [CONNECTOR:36:DSI-1] status updated from unknown to connected
[    2.844634] msm_mdp 1a01000.display-controller: [drm:drm_helper_probe_single_connector_modes] [CONNECTOR:36:DSI-1] probed modes:
[    2.844663] msm_mdp 1a01000.display-controller: [drm:drm_helper_probe_single_connector_modes] Probed mode: "720x1280": 60 80117 720 800 896 1024 1280 1294 1296 1304 0x48 0x0
[    2.844886] msm_mdp 1a01000.display-controller: [drm:drm_mode_addfb2] [FB:62]
[    2.844957] msm_mdp 1a01000.display-controller: [drm:drm_mode_addfb2] [FB:63]
[    2.845016] msm_mdp 1a01000.display-controller: [drm:drm_mode_addfb2] [FB:64]
[    2.847914] msm_mdp 1a01000.display-controller: [drm:drm_sysfs_hotplug_event] generating hotplug event
[    2.862105]  INFO pocketboot::ui: POCKETBOOT_UI_SCALE scale_factor_milli=1000 physical_width=720 physical_height=1280 logical_width=720 logical_height=1280
[    2.953481]  INFO pocketboot::adb: adb function enabled
[    2.953851]  INFO pocketboot::fastboot: fastboot function enabled
[    3.067935] mms114 6-0048: TSP FW Rev: bootloader 0x6 / core 0x26 / config 0x26
[    3.068272]  INFO pocketboot::ui: opened touch input device path=/dev/input/event6
[    3.148230]  INFO pocketboot: local flash settled elapsed_ms=574 disks=4 partitions=29 events=33 snapshot_changes=3 snapshot=mmcblk0:179:0:30777344[mmcblk0p1|mmcblk0p10|mmcblk0p11|mmcblk0p12|mmcblk0p13|mmcblk0p14|mmcblk0p15|mmcblk0p16|mmcblk0p17|mmcblk0p18|mmcblk0p19|mmcblk0p2|mmcblk0p20|mmcblk0p21|mmcblk0p22|mmcblk0p23|mmcblk0p24|mmcblk0p25|mmcblk0p26|mmcblk0p3|mmcblk0p4|mmcblk0p5|mmcblk0p6|mmcblk0p7|mmcblk0p8|mmcblk0p9],mmcblk0boot0:179:8:8192[-],mmcblk0boot1:179:16:8192[-],mmcblk1:179:24:249737216[mmcblk1p1|mmcblk1p2|mmcblk1p3]
[    3.173569]  INFO pocketboot::adb: adb connection opened version=16777217 max_payload=1048576
[    3.184399]  INFO pocketboot: block devices found count=12
[    3.203951]  INFO pocketboot: block device device=loop0 description=loop0 dev=7:0 size=0 sectors/0 MiB rw
[    3.208623]  INFO pocketboot: block device device=loop1 description=loop1 dev=7:1 size=0 sectors/0 MiB rw
[    3.218412]  INFO pocketboot: block device device=loop2 description=loop2 dev=7:2 size=0 sectors/0 MiB rw
[    3.227991]  INFO pocketboot: block device device=loop3 description=loop3 dev=7:3 size=0 sectors/0 MiB rw
[    3.237501]  INFO pocketboot: block device device=loop4 description=loop4 dev=7:4 size=0 sectors/0 MiB rw
[    3.247044]  INFO pocketboot: block device device=loop5 description=loop5 dev=7:5 size=0 sectors/0 MiB rw
[    3.256604]  INFO pocketboot: block device device=loop6 description=loop6 dev=7:6 size=0 sectors/0 MiB rw
[    3.266140]  INFO pocketboot: block device device=loop7 description=loop7 dev=7:7 size=0 sectors/0 MiB rw
[    3.275589]  INFO pocketboot: block device device=mmcblk0 description=mmcblk0 dev=179:0 size=30777344 sectors/15028 MiB rw
[    3.285387]  INFO pocketboot: block partition partition=mmcblk0p1 description=mmcblk0p1 dev=179:1 size=30720 sectors/15 MiB rw partname=apnhlos
[    3.296414]  INFO pocketboot: block partition partition=mmcblk0p10 description=mmcblk0p10 dev=259:2 size=32 sectors/0 MiB rw partname=sec
[    3.308993]  INFO pocketboot: block partition partition=mmcblk0p11 description=mmcblk0p11 dev=259:3 size=21536 sectors/10 MiB rw partname=pad
[    3.321480]  INFO pocketboot: block partition partition=mmcblk0p12 description=mmcblk0p12 dev=259:4 size=20480 sectors/10 MiB rw partname=param
[    3.334158]  INFO pocketboot: block partition partition=mmcblk0p13 description=mmcblk0p13 dev=259:5 size=28672 sectors/14 MiB rw partname=efs
[    3.346837]  INFO pocketboot: block partition partition=mmcblk0p14 description=mmcblk0p14 dev=259:6 size=6144 sectors/3 MiB rw partname=modemst1
[    3.359674]  INFO pocketboot: block partition partition=mmcblk0p15 description=mmcblk0p15 dev=259:7 size=6144 sectors/3 MiB rw partname=modemst2
[    3.372717]  INFO pocketboot: block partition partition=mmcblk0p16 description=mmcblk0p16 dev=259:8 size=26624 sectors/13 MiB rw partname=boot
[    3.385846]  INFO pocketboot: block partition partition=mmcblk0p17 description=mmcblk0p17 dev=259:9 size=30720 sectors/15 MiB rw partname=recovery
[    3.398254]  INFO pocketboot: block partition partition=mmcblk0p18 description=mmcblk0p18 dev=259:10 size=10242 sectors/5 MiB rw partname=fota
[    3.411321]  INFO pocketboot: block partition partition=mmcblk0p19 description=mmcblk0p19 dev=259:11 size=14318 sectors/6 MiB rw partname=backup
[    3.424095]  INFO pocketboot: block partition partition=mmcblk0p2 description=mmcblk0p2 dev=179:2 size=117632 sectors/57 MiB rw partname=modem
[    3.437208]  INFO pocketboot: block partition partition=mmcblk0p20 description=mmcblk0p20 dev=259:12 size=6144 sectors/3 MiB rw partname=fsc
[    3.449778]  INFO pocketboot: block partition partition=mmcblk0p21 description=mmcblk0p21 dev=259:13 size=16 sectors/0 MiB rw partname=ssd
[    3.462536]  INFO pocketboot: block partition partition=mmcblk0p22 description=mmcblk0p22 dev=259:14 size=16384 sectors/8 MiB rw partname=persist
[    3.474957]  INFO pocketboot: block partition partition=mmcblk0p23 description=mmcblk0p23 dev=259:15 size=18432 sectors/9 MiB rw partname=persdata
[    3.488134]  INFO pocketboot: block partition partition=mmcblk0p24 description=mmcblk0p24 dev=259:16 size=204800 sectors/100 MiB rw
[    3.500915]  INFO pocketboot: block partition partition=mmcblk0p25 description=mmcblk0p25 dev=259:17 size=1024000 sectors/500 MiB rw
[    3.512626]  INFO pocketboot: block partition partition=mmcblk0p26 description=mmcblk0p26 dev=259:18 size=29169664 sectors/14243 MiB rw
[    3.525018]  INFO pocketboot: block partition partition=mmcblk0p3 description=mmcblk0p3 dev=179:3 size=1024 sectors/0 MiB rw partname=sbl1
[    3.536722]  INFO pocketboot: block partition partition=mmcblk0p4 description=mmcblk0p4 dev=179:4 size=64 sectors/0 MiB rw partname=ddr
[    3.549184]  INFO pocketboot: block partition partition=mmcblk0p5 description=mmcblk0p5 dev=179:5 size=4096 sectors/2 MiB rw partname=aboot
[    3.561247]  INFO pocketboot: block partition partition=mmcblk0p6 description=mmcblk0p6 dev=179:6 size=1024 sectors/0 MiB rw partname=rpm
[    3.573736]  INFO pocketboot: block partition partition=mmcblk0p7 description=mmcblk0p7 dev=179:7 size=1024 sectors/0 MiB rw partname=qsee
[    3.586237]  INFO pocketboot: block partition partition=mmcblk0p8 description=mmcblk0p8 dev=259:0 size=1024 sectors/0 MiB rw partname=qhee
[    3.598771]  INFO pocketboot: block partition partition=mmcblk0p9 description=mmcblk0p9 dev=259:1 size=6144 sectors/3 MiB rw partname=fsg
[    3.610989]  INFO pocketboot: block device device=mmcblk0boot0 description=mmcblk0boot0 dev=179:8 size=8192 sectors/4 MiB ro
[    3.623402]  INFO pocketboot: block device device=mmcblk0boot1 description=mmcblk0boot1 dev=179:16 size=8192 sectors/4 MiB ro
[    3.634678]  INFO pocketboot: block device device=mmcblk1 description=mmcblk1 dev=179:24 size=249737216 sectors/121942 MiB rw
[    3.645871]  INFO pocketboot: block partition partition=mmcblk1p1 description=mmcblk1p1 dev=179:25 size=1026048 sectors/501 MiB rw
[    3.657152]  INFO pocketboot: block partition partition=mmcblk1p2 description=mmcblk1p2 dev=179:26 size=2097152 sectors/1024 MiB rw
[    3.668788]  INFO pocketboot: block partition partition=mmcblk1p3 description=mmcblk1p3 dev=179:27 size=26212319 sectors/12798 MiB rw
[    3.694734]  INFO pocketboot::bootflow: mounted boot partition candidate disk=mmcblk0 partition=mmcblk0p24 role="esp" path=/dev/mmcblk0p24 mount=/run/pocketboot/boot/esp-mmcblk0p24 fstype="vfat"
[    3.727267]  INFO pocketboot::bootflow: mounted boot partition candidate disk=mmcblk1 partition=mmcblk1p1 role="esp" path=/dev/mmcblk1p1 mount=/run/pocketboot/boot/esp-mmcblk1p1 fstype="vfat"
[    3.728027]  INFO pocketboot::ui: opened hardware button input device path=/dev/input/event3
[    3.743631]  INFO pocketboot::ui: opened hardware button input device path=/dev/input/event2
[    3.752120]  INFO pocketboot::ui: opened hardware button input device path=/dev/input/event1
[    3.753855] EXT4-fs (mmcblk1p2): orphan cleanup on readonly fs
[    3.770113] EXT4-fs (mmcblk1p2): mounted filesystem 5077d4c6-b4a5-4429-af95-ee9691dbb6ca ro without journal. Quota mode: disabled.
[    3.774786]  INFO pocketboot::bootflow: mounted boot partition candidate disk=mmcblk1 partition=mmcblk1p2 role="xbootldr" path=/dev/mmcblk1p2 mount=/run/pocketboot/boot/xbootldr-mmcblk1p2 fstype="ext4"
[    3.799233]  INFO pocketboot: boot entries discovered count=1
[    3.800012]  INFO pocketboot::ui: starting frankenSlint UI path=/dev/dri/card0 connector=DSI-1 width=720 height=1280 format=DrmFourcc(XR24)
[    3.804057]  INFO pocketboot: boot entry index=0 id=ostree-1.conf title="Fedora Linux 44-a5u-test (phosh) (ostree:0)" version="7.2.0-0.rc1.15.msm8916.fc44.aarch64" architecture="" role=Xbootldr disk=mmcblk1 partition=mmcblk1p2 source=/run/pocketboot/boot/xbootldr-mmcblk1p2/loader/entries/ostree-1.conf preferred=false directly_bootable=true
[    3.831978]  INFO pocketboot: boot discovery complete; holding for fastboot or UI selection
[    3.833469] msm_mdp 1a01000.display-controller: [drm:drm_mode_setcrtc] [CRTC:61:crtc-0]
[    3.852514] msm_mdp 1a01000.display-controller: [drm:drm_mode_setcrtc] [CONNECTOR:36:DSI-1]
[    3.852601] [drm:mdp5_plane_atomic_check] plane-0: check (0 -> 0)
[    3.852638] [drm:mdp5_pipe_assign] DMA0: alloc SMP blocks
[    3.852656] [drm:mdp5_smp_assign] DMA0[0]: request 1 SMP blocks
[    3.852675] [drm:mdp5_pipe_assign] DMA0: assign to plane plane-0 for caps 0
[    3.852692] [drm:mdp5_crtc_atomic_check] crtc-0: check
[    3.852708] [drm:mdp5_mixer_assign] assigning Layer Mixer 0 to crtc crtc-0
[    3.852727] [drm:mdp5_crtc_atomic_check] crtc-0: assign pipe plane-0 on stage=1
[    3.852816] [drm:mdss_runtime_resume] 
[    3.852876] [drm:mdp5_runtime_resume] 
[    3.852894] [drm:mdp5_runtime_resume] 
[    3.852919] [drm:mdp5_smp_prepare_commit] assign DMA0:0, 1 blks
[    3.852938] [drm:mdp5_smp_prepare_commit] assign DMA0:1, 1 blks
[    3.852956] [drm:mdp5_smp_prepare_commit] assign DMA0:2, 1 blks
[    3.852984] [drm:mdp5_crtc_mode_set_nofb] crtc-0: set mode: "720x1280": 60 80117 720 800 896 1024 1280 1294 1296 1304 0x48 0x0
[    3.853015] [drm:dsi_mgr_bridge_mode_set] set mode: "720x1280": 60 80117 720 800 896 1024 1280 1294 1296 1304 0x48 0x0
[    3.853042] [drm:mdp5_crtc_atomic_begin] crtc-0: begin
[    3.853057] [drm:mdp5_plane_atomic_update] plane-0: update
[    3.853074] [drm:mdp5_plane_mode_set] plane-0: FB[63] 0,0,720,1280 -> CRTC[61] 0,0,720,1280
[    3.853100] [drm:mdp5_plane_mode_set] scale config = 0
[    3.853121] [drm:mdp5_crtc_atomic_flush] crtc-0: event: (____ptrval____)
[    3.853145] [drm:mdp5_ctl_blend] lm0: blend config = 0x00040000. ext_cfg = 0x00000000
[    3.853163] [drm:mdp5_crtc_atomic_flush] crtc-0: flush=00000840
[    3.853182] [drm:mdp5_crtc_atomic_enable] crtc-0
[    3.853205] [drm:mdp5_crtc_mode_set_nofb] crtc-0: set mode: "720x1280": 60 80117 720 800 896 1024 1280 1294 1296 1304 0x48 0x0
[    3.853235] [drm:dsi_mgr_bridge_pre_enable] id=0
[    3.853249] [drm:dsi_mgr_bridge_pre_enable] id=0
[    3.853263] [drm:msm_dsi_host_reset_phy] 
[    3.854383] [drm:dsi_calc_pclk] pclk=80117000, bclk=60087750
[    3.854459] [drm:dsi_28nm_phy_enable] 
[    3.854478] [drm:msm_dsi_dphy_timing_calc] PHY timings: 28, 4, 0, 139, 30, 20, 68, 70, 24, 32, 25
[    3.854568] [drm:dsi_link_clk_set_rate_6g] Set clk rates: pclk=80117000, byteclk=60087750
[    3.854653] [drm:dsi_pll_28nm_clk_set_rate] refclk_cfg = 1
[    3.854670] [drm:dsi_pll_28nm_clk_set_rate] div_fb = 12518
[    3.854684] [drm:dsi_pll_28nm_clk_set_rate] frac_n_value = 33947
[    3.854700] [drm:dsi_pll_28nm_clk_set_rate] Generated VCO Clock: 480691200
[    3.854715] [drm:dsi_pll_28nm_clk_set_rate] sdm_cfg0=0
[    3.854729] [drm:dsi_pll_28nm_clk_set_rate] sdm_cfg1=75
[    3.854743] [drm:dsi_pll_28nm_clk_set_rate] sdm_cfg2=155
[    3.854757] [drm:dsi_pll_28nm_clk_set_rate] sdm_cfg3=132
[    3.854772] [drm:dsi_pll_28nm_clk_set_rate] cal_cfg10=224, cal_cfg11=1
[    3.855793] [drm:dsi_pll_28nm_clk_recalc_rate] sdm_dc_off = 11
[    3.855808] [drm:dsi_pll_28nm_clk_recalc_rate] sdm_freq_seed = 33947
[    3.855823] [drm:dsi_pll_28nm_clk_recalc_rate] vco rate = 480690820
[    3.855837] [drm:dsi_pll_28nm_clk_recalc_rate] returning vco rate = 480690820
[    3.855921] [drm:dsi_pll_28nm_vco_prepare_lp] id=0
[    3.856458] [drm:dsi_pll_28nm_vco_prepare_lp] DSI PLL is locked
[    3.856473] [drm:dsi_pll_28nm_vco_prepare_lp] DSI PLL lock success
[    3.856495] [drm:msm_dsi_host_power_on] 
[    3.879879] [drm:dsi_intr_ctrl] intr=2220aa02 enable=1
[    3.879901] [drm:msm_dsi_host_power_on] lane number=4
[    3.931876] [drm:dsi_link_clk_set_rate_6g] Set clk rates: pclk=80117000, byteclk=60087750
[    3.931950] [drm:dsi_pll_28nm_clk_set_rate] refclk_cfg = 1
[    3.931967] [drm:dsi_pll_28nm_clk_set_rate] div_fb = 12518
[    3.931982] [drm:dsi_pll_28nm_clk_set_rate] frac_n_value = 33947
[    3.931996] [drm:dsi_pll_28nm_clk_set_rate] Generated VCO Clock: 480691200
[    3.932011] [drm:dsi_pll_28nm_clk_set_rate] sdm_cfg0=0
[    3.932025] [drm:dsi_pll_28nm_clk_set_rate] sdm_cfg1=75
[    3.932040] [drm:dsi_pll_28nm_clk_set_rate] sdm_cfg2=155
[    3.932055] [drm:dsi_pll_28nm_clk_set_rate] sdm_cfg3=132
[    3.932069] [drm:dsi_pll_28nm_clk_set_rate] cal_cfg10=224, cal_cfg11=1
[    3.933090] [drm:dsi_pll_28nm_clk_recalc_rate] sdm_dc_off = 11
[    3.933106] [drm:dsi_pll_28nm_clk_recalc_rate] sdm_freq_seed = 33947
[    3.933120] [drm:dsi_pll_28nm_clk_recalc_rate] vco rate = 480690820
[    3.933135] [drm:dsi_pll_28nm_clk_recalc_rate] returning vco rate = 480690820
[    3.933175] [drm:dsi_intr_ctrl] intr=2220aa02 enable=1
[    3.933214] [drm:dsi_host_irq] isr=0x2220aa03, id=0
[    3.933253] [drm:dsi_cmds2buf_tx] ret=50
[    3.933274] [drm:dsi_intr_ctrl] intr=2220aa00 enable=0
[    3.933297] [drm:dsi_link_clk_set_rate_6g] Set clk rates: pclk=80117000, byteclk=60087750
[    3.933360] [drm:dsi_pll_28nm_clk_set_rate] refclk_cfg = 1
[    3.933375] [drm:dsi_pll_28nm_clk_set_rate] div_fb = 12518
[    3.933390] [drm:dsi_pll_28nm_clk_set_rate] frac_n_value = 33947
[    3.933404] [drm:dsi_pll_28nm_clk_set_rate] Generated VCO Clock: 480691200
[    3.933419] [drm:dsi_pll_28nm_clk_set_rate] sdm_cfg0=0
[    3.933433] [drm:dsi_pll_28nm_clk_set_rate] sdm_cfg1=75
[    3.933447] [drm:dsi_pll_28nm_clk_set_rate] sdm_cfg2=155
[    3.933461] [drm:dsi_pll_28nm_clk_set_rate] sdm_cfg3=132
[    3.933476] [drm:dsi_pll_28nm_clk_set_rate] cal_cfg10=224, cal_cfg11=1
[    3.934497] [drm:dsi_pll_28nm_clk_recalc_rate] sdm_dc_off = 11
[    3.934512] [drm:dsi_pll_28nm_clk_recalc_rate] sdm_freq_seed = 33947
[    3.934526] [drm:dsi_pll_28nm_clk_recalc_rate] vco rate = 480690820
[    3.934541] [drm:dsi_pll_28nm_clk_recalc_rate] returning vco rate = 480690820
[    3.934580] [drm:dsi_intr_ctrl] intr=2220aa02 enable=1
[    3.934609] [drm:dsi_host_irq] isr=0x2220aa03, id=0
[    3.934639] [drm:dsi_cmds2buf_tx] ret=50
[    3.934658] [drm:dsi_intr_ctrl] intr=2220aa00 enable=0
[    3.934680] [drm:dsi_link_clk_set_rate_6g] Set clk rates: pclk=80117000, byteclk=60087750
[    3.934740] [drm:dsi_pll_28nm_clk_set_rate] refclk_cfg = 1
[    3.934756] [drm:dsi_pll_28nm_clk_set_rate] div_fb = 12518
[    3.934771] [drm:dsi_pll_28nm_clk_set_rate] frac_n_value = 33947
[    3.934786] [drm:dsi_pll_28nm_clk_set_rate] Generated VCO Clock: 480691200
[    3.934800] [drm:dsi_pll_28nm_clk_set_rate] sdm_cfg0=0
[    3.934814] [drm:dsi_pll_28nm_clk_set_rate] sdm_cfg1=75
[    3.934829] [drm:dsi_pll_28nm_clk_set_rate] sdm_cfg2=155
[    3.934843] [drm:dsi_pll_28nm_clk_set_rate] sdm_cfg3=132
[    3.934857] [drm:dsi_pll_28nm_clk_set_rate] cal_cfg10=224, cal_cfg11=1
[    3.935878] [drm:dsi_pll_28nm_clk_recalc_rate] sdm_dc_off = 11
[    3.935895] [drm:dsi_pll_28nm_clk_recalc_rate] sdm_freq_seed = 33947
[    3.935910] [drm:dsi_pll_28nm_clk_recalc_rate] vco rate = 480690820
[    3.935924] [drm:dsi_pll_28nm_clk_recalc_rate] returning vco rate = 480690820
[    3.935963] [drm:dsi_intr_ctrl] intr=2220aa02 enable=1
[    3.935991] [drm:dsi_host_irq] isr=0x2220aa03, id=0
[    3.936021] [drm:dsi_cmds2buf_tx] ret=50
[    3.936040] [drm:dsi_intr_ctrl] intr=2220aa00 enable=0
[    3.936062] [drm:dsi_link_clk_set_rate_6g] Set clk rates: pclk=80117000, byteclk=60087750
[    3.936122] [drm:dsi_pll_28nm_clk_set_rate] refclk_cfg = 1
[    3.936138] [drm:dsi_pll_28nm_clk_set_rate] div_fb = 12518
[    3.936152] [drm:dsi_pll_28nm_clk_set_rate] frac_n_value = 33947
[    3.936167] [drm:dsi_pll_28nm_clk_set_rate] Generated VCO Clock: 480691200
[    3.936181] [drm:dsi_pll_28nm_clk_set_rate] sdm_cfg0=0
[    3.936195] [drm:dsi_pll_28nm_clk_set_rate] sdm_cfg1=75
[    3.936209] [drm:dsi_pll_28nm_clk_set_rate] sdm_cfg2=155
[    3.936223] [drm:dsi_pll_28nm_clk_set_rate] sdm_cfg3=132
[    3.936238] [drm:dsi_pll_28nm_clk_set_rate] cal_cfg10=224, cal_cfg11=1
[    3.937259] [drm:dsi_pll_28nm_clk_recalc_rate] sdm_dc_off = 11
[    3.937274] [drm:dsi_pll_28nm_clk_recalc_rate] sdm_freq_seed = 33947
[    3.937289] [drm:dsi_pll_28nm_clk_recalc_rate] vco rate = 480690820
[    3.937304] [drm:dsi_pll_28nm_clk_recalc_rate] returning vco rate = 480690820
[    3.937342] [drm:dsi_intr_ctrl] intr=2220aa02 enable=1
[    3.937369] [drm:dsi_host_irq] isr=0x2220aa03, id=0
[    3.937397] [drm:dsi_cmds2buf_tx] ret=50
[    3.937417] [drm:dsi_intr_ctrl] intr=2220aa00 enable=0
[    3.937439] [drm:dsi_link_clk_set_rate_6g] Set clk rates: pclk=80117000, byteclk=60087750
[    3.937498] [drm:dsi_pll_28nm_clk_set_rate] refclk_cfg = 1
[    3.937513] [drm:dsi_pll_28nm_clk_set_rate] div_fb = 12518
[    3.937528] [drm:dsi_pll_28nm_clk_set_rate] frac_n_value = 33947
[    3.937542] [drm:dsi_pll_28nm_clk_set_rate] Generated VCO Clock: 480691200
[    3.937556] [drm:dsi_pll_28nm_clk_set_rate] sdm_cfg0=0
[    3.937570] [drm:dsi_pll_28nm_clk_set_rate] sdm_cfg1=75
[    3.937584] [drm:dsi_pll_28nm_clk_set_rate] sdm_cfg2=155
[    3.937599] [drm:dsi_pll_28nm_clk_set_rate] sdm_cfg3=132
[    3.937613] [drm:dsi_pll_28nm_clk_set_rate] cal_cfg10=224, cal_cfg11=1
[    3.938633] [drm:dsi_pll_28nm_clk_recalc_rate] sdm_dc_off = 11
[    3.938648] [drm:dsi_pll_28nm_clk_recalc_rate] sdm_freq_seed = 33947
[    3.938663] [drm:dsi_pll_28nm_clk_recalc_rate] vco rate = 480690820
[    3.938677] [drm:dsi_pll_28nm_clk_recalc_rate] returning vco rate = 480690820
[    3.938716] [drm:dsi_intr_ctrl] intr=2220aa02 enable=1
[    3.938743] [drm:dsi_host_irq] isr=0x2220aa03, id=0
[    3.938771] [drm:dsi_cmds2buf_tx] ret=50
[    3.938791] [drm:dsi_intr_ctrl] intr=2220aa00 enable=0
[    3.938812] [drm:dsi_link_clk_set_rate_6g] Set clk rates: pclk=80117000, byteclk=60087750
[    3.938871] [drm:dsi_pll_28nm_clk_set_rate] refclk_cfg = 1
[    3.938887] [drm:dsi_pll_28nm_clk_set_rate] div_fb = 12518
[    3.938901] [drm:dsi_pll_28nm_clk_set_rate] frac_n_value = 33947
[    3.938916] [drm:dsi_pll_28nm_clk_set_rate] Generated VCO Clock: 480691200
[    3.938931] [drm:dsi_pll_28nm_clk_set_rate] sdm_cfg0=0
[    3.938945] [drm:dsi_pll_28nm_clk_set_rate] sdm_cfg1=75
[    3.938959] [drm:dsi_pll_28nm_clk_set_rate] sdm_cfg2=155
[    3.938973] [drm:dsi_pll_28nm_clk_set_rate] sdm_cfg3=132
[    3.938987] [drm:dsi_pll_28nm_clk_set_rate] cal_cfg10=224, cal_cfg11=1
[    3.940008] [drm:dsi_pll_28nm_clk_recalc_rate] sdm_dc_off = 11
[    3.940024] [drm:dsi_pll_28nm_clk_recalc_rate] sdm_freq_seed = 33947
[    3.940038] [drm:dsi_pll_28nm_clk_recalc_rate] vco rate = 480690820
[    3.940053] [drm:dsi_pll_28nm_clk_recalc_rate] returning vco rate = 480690820
[    3.940092] [drm:dsi_intr_ctrl] intr=2220aa02 enable=1
[    3.940120] [drm:dsi_host_irq] isr=0x2220aa03, id=0
[    3.940148] [drm:dsi_cmds2buf_tx] ret=50
[    3.940168] [drm:dsi_intr_ctrl] intr=2220aa00 enable=0
[    3.940189] [drm:dsi_link_clk_set_rate_6g] Set clk rates: pclk=80117000, byteclk=60087750
[    3.940248] [drm:dsi_pll_28nm_clk_set_rate] refclk_cfg = 1
[    3.940264] [drm:dsi_pll_28nm_clk_set_rate] div_fb = 12518
[    3.940278] [drm:dsi_pll_28nm_clk_set_rate] frac_n_value = 33947
[    3.940293] [drm:dsi_pll_28nm_clk_set_rate] Generated VCO Clock: 480691200
[    3.940307] [drm:dsi_pll_28nm_clk_set_rate] sdm_cfg0=0
[    3.940321] [drm:dsi_pll_28nm_clk_set_rate] sdm_cfg1=75
[    3.940335] [drm:dsi_pll_28nm_clk_set_rate] sdm_cfg2=155
[    3.940350] [drm:dsi_pll_28nm_clk_set_rate] sdm_cfg3=132
[    3.940363] [drm:dsi_pll_28nm_clk_set_rate] cal_cfg10=224, cal_cfg11=1
[    3.941384] [drm:dsi_pll_28nm_clk_recalc_rate] sdm_dc_off = 11
[    3.941399] [drm:dsi_pll_28nm_clk_recalc_rate] sdm_freq_seed = 33947
[    3.941414] [drm:dsi_pll_28nm_clk_recalc_rate] vco rate = 480690820
[    3.941428] [drm:dsi_pll_28nm_clk_recalc_rate] returning vco rate = 480690820
[    3.941466] [drm:dsi_intr_ctrl] intr=2220aa02 enable=1
[    3.941493] [drm:dsi_host_irq] isr=0x2220aa03, id=0
[    3.941521] [drm:dsi_cmds2buf_tx] ret=50
[    3.941540] [drm:dsi_intr_ctrl] intr=2220aa00 enable=0
[    3.941561] [drm:dsi_link_clk_set_rate_6g] Set clk rates: pclk=80117000, byteclk=60087750
[    3.941620] [drm:dsi_pll_28nm_clk_set_rate] refclk_cfg = 1
[    3.941636] [drm:dsi_pll_28nm_clk_set_rate] div_fb = 12518
[    3.941650] [drm:dsi_pll_28nm_clk_set_rate] frac_n_value = 33947
[    3.941665] [drm:dsi_pll_28nm_clk_set_rate] Generated VCO Clock: 480691200
[    3.941679] [drm:dsi_pll_28nm_clk_set_rate] sdm_cfg0=0
[    3.941693] [drm:dsi_pll_28nm_clk_set_rate] sdm_cfg1=75
[    3.941707] [drm:dsi_pll_28nm_clk_set_rate] sdm_cfg2=155
[    3.941721] [drm:dsi_pll_28nm_clk_set_rate] sdm_cfg3=132
[    3.941735] [drm:dsi_pll_28nm_clk_set_rate] cal_cfg10=224, cal_cfg11=1
[    3.942756] [drm:dsi_pll_28nm_clk_recalc_rate] sdm_dc_off = 11
[    3.942771] [drm:dsi_pll_28nm_clk_recalc_rate] sdm_freq_seed = 33947
[    3.942785] [drm:dsi_pll_28nm_clk_recalc_rate] vco rate = 480690820
[    3.942800] [drm:dsi_pll_28nm_clk_recalc_rate] returning vco rate = 480690820
[    3.942838] [drm:dsi_intr_ctrl] intr=2220aa02 enable=1
[    3.942865] [drm:dsi_host_irq] isr=0x2220aa03, id=0
[    3.942893] [drm:dsi_cmds2buf_tx] ret=50
[    3.942913] [drm:dsi_intr_ctrl] intr=2220aa00 enable=0
[    3.942934] [drm:dsi_link_clk_set_rate_6g] Set clk rates: pclk=80117000, byteclk=60087750
[    3.942993] [drm:dsi_pll_28nm_clk_set_rate] refclk_cfg = 1
[    3.943009] [drm:dsi_pll_28nm_clk_set_rate] div_fb = 12518
[    3.943024] [drm:dsi_pll_28nm_clk_set_rate] frac_n_value = 33947
[    3.943037] [drm:dsi_pll_28nm_clk_set_rate] Generated VCO Clock: 480691200
[    3.943052] [drm:dsi_pll_28nm_clk_set_rate] sdm_cfg0=0
[    3.943066] [drm:dsi_pll_28nm_clk_set_rate] sdm_cfg1=75
[    3.943081] [drm:dsi_pll_28nm_clk_set_rate] sdm_cfg2=155
[    3.943095] [drm:dsi_pll_28nm_clk_set_rate] sdm_cfg3=132
[    3.943109] [drm:dsi_pll_28nm_clk_set_rate] cal_cfg10=224, cal_cfg11=1
[    3.944130] [drm:dsi_pll_28nm_clk_recalc_rate] sdm_dc_off = 11
[    3.944146] [drm:dsi_pll_28nm_clk_recalc_rate] sdm_freq_seed = 33947
[    3.944161] [drm:dsi_pll_28nm_clk_recalc_rate] vco rate = 480690820
[    3.944175] [drm:dsi_pll_28nm_clk_recalc_rate] returning vco rate = 480690820
[    3.944213] [drm:dsi_intr_ctrl] intr=2220aa02 enable=1
[    3.944240] [drm:dsi_host_irq] isr=0x2220aa03, id=0
[    3.944270] [drm:dsi_cmds2buf_tx] ret=50
[    3.944289] [drm:dsi_intr_ctrl] intr=2220aa00 enable=0
[    3.944311] [drm:dsi_link_clk_set_rate_6g] Set clk rates: pclk=80117000, byteclk=60087750
[    3.944369] [drm:dsi_pll_28nm_clk_set_rate] refclk_cfg = 1
[    3.944385] [drm:dsi_pll_28nm_clk_set_rate] div_fb = 12518
[    3.944400] [drm:dsi_pll_28nm_clk_set_rate] frac_n_value = 33947
[    3.944414] [drm:dsi_pll_28nm_clk_set_rate] Generated VCO Clock: 480691200
[    3.944429] [drm:dsi_pll_28nm_clk_set_rate] sdm_cfg0=0
[    3.944443] [drm:dsi_pll_28nm_clk_set_rate] sdm_cfg1=75
[    3.944457] [drm:dsi_pll_28nm_clk_set_rate] sdm_cfg2=155
[    3.944471] [drm:dsi_pll_28nm_clk_set_rate] sdm_cfg3=132
[    3.944485] [drm:dsi_pll_28nm_clk_set_rate] cal_cfg10=224, cal_cfg11=1
[    3.945506] [drm:dsi_pll_28nm_clk_recalc_rate] sdm_dc_off = 11
[    3.945521] [drm:dsi_pll_28nm_clk_recalc_rate] sdm_freq_seed = 33947
[    3.945536] [drm:dsi_pll_28nm_clk_recalc_rate] vco rate = 480690820
[    3.945551] [drm:dsi_pll_28nm_clk_recalc_rate] returning vco rate = 480690820
[    3.945588] [drm:dsi_intr_ctrl] intr=2220aa02 enable=1
[    3.945615] [drm:dsi_host_irq] isr=0x2220aa03, id=0
[    3.945643] [drm:dsi_cmds2buf_tx] ret=50
[    3.945663] [drm:dsi_intr_ctrl] intr=2220aa00 enable=0
[    3.945684] [drm:dsi_link_clk_set_rate_6g] Set clk rates: pclk=80117000, byteclk=60087750
[    3.945743] [drm:dsi_pll_28nm_clk_set_rate] refclk_cfg = 1
[    3.945759] [drm:dsi_pll_28nm_clk_set_rate] div_fb = 12518
[    3.945773] [drm:dsi_pll_28nm_clk_set_rate] frac_n_value = 33947
[    3.945788] [drm:dsi_pll_28nm_clk_set_rate] Generated VCO Clock: 480691200
[    3.945802] [drm:dsi_pll_28nm_clk_set_rate] sdm_cfg0=0
[    3.945816] [drm:dsi_pll_28nm_clk_set_rate] sdm_cfg1=75
[    3.945831] [drm:dsi_pll_28nm_clk_set_rate] sdm_cfg2=155
[    3.945845] [drm:dsi_pll_28nm_clk_set_rate] sdm_cfg3=132
[    3.945859] [drm:dsi_pll_28nm_clk_set_rate] cal_cfg10=224, cal_cfg11=1
[    3.946879] [drm:dsi_pll_28nm_clk_recalc_rate] sdm_dc_off = 11
[    3.946895] [drm:dsi_pll_28nm_clk_recalc_rate] sdm_freq_seed = 33947
[    3.946910] [drm:dsi_pll_28nm_clk_recalc_rate] vco rate = 480690820
[    3.946925] [drm:dsi_pll_28nm_clk_recalc_rate] returning vco rate = 480690820
[    3.946961] [drm:dsi_intr_ctrl] intr=2220aa02 enable=1
[    3.946988] [drm:dsi_host_irq] isr=0x2220aa03, id=0
[    3.947016] [drm:dsi_cmds2buf_tx] ret=50
[    3.947035] [drm:dsi_intr_ctrl] intr=2220aa00 enable=0
[    3.947056] [drm:dsi_link_clk_set_rate_6g] Set clk rates: pclk=80117000, byteclk=60087750
[    3.947116] [drm:dsi_pll_28nm_clk_set_rate] refclk_cfg = 1
[    3.947132] [drm:dsi_pll_28nm_clk_set_rate] div_fb = 12518
[    3.947146] [drm:dsi_pll_28nm_clk_set_rate] frac_n_value = 33947
[    3.947160] [drm:dsi_pll_28nm_clk_set_rate] Generated VCO Clock: 480691200
[    3.947175] [drm:dsi_pll_28nm_clk_set_rate] sdm_cfg0=0
[    3.947189] [drm:dsi_pll_28nm_clk_set_rate] sdm_cfg1=75
[    3.947203] [drm:dsi_pll_28nm_clk_set_rate] sdm_cfg2=155
[    3.947217] [drm:dsi_pll_28nm_clk_set_rate] sdm_cfg3=132
[    3.947232] [drm:dsi_pll_28nm_clk_set_rate] cal_cfg10=224, cal_cfg11=1
[    3.948252] [drm:dsi_pll_28nm_clk_recalc_rate] sdm_dc_off = 11
[    3.948269] [drm:dsi_pll_28nm_clk_recalc_rate] sdm_freq_seed = 33947
[    3.948283] [drm:dsi_pll_28nm_clk_recalc_rate] vco rate = 480690820
[    3.948298] [drm:dsi_pll_28nm_clk_recalc_rate] returning vco rate = 480690820
[    3.948335] [drm:dsi_intr_ctrl] intr=2220aa02 enable=1
[    3.948363] [drm:dsi_host_irq] isr=0x2220aa03, id=0
[    3.948391] [drm:dsi_cmds2buf_tx] ret=50
[    3.948411] [drm:dsi_intr_ctrl] intr=2220aa00 enable=0
[    3.948433] [drm:dsi_link_clk_set_rate_6g] Set clk rates: pclk=80117000, byteclk=60087750
[    3.948492] [drm:dsi_pll_28nm_clk_set_rate] refclk_cfg = 1
[    3.948507] [drm:dsi_pll_28nm_clk_set_rate] div_fb = 12518
[    3.948522] [drm:dsi_pll_28nm_clk_set_rate] frac_n_value = 33947
[    3.948536] [drm:dsi_pll_28nm_clk_set_rate] Generated VCO Clock: 480691200
[    3.948551] [drm:dsi_pll_28nm_clk_set_rate] sdm_cfg0=0
[    3.948564] [drm:dsi_pll_28nm_clk_set_rate] sdm_cfg1=75
[    3.948579] [drm:dsi_pll_28nm_clk_set_rate] sdm_cfg2=155
[    3.948593] [drm:dsi_pll_28nm_clk_set_rate] sdm_cfg3=132
[    3.948607] [drm:dsi_pll_28nm_clk_set_rate] cal_cfg10=224, cal_cfg11=1
[    3.949627] [drm:dsi_pll_28nm_clk_recalc_rate] sdm_dc_off = 11
[    3.949642] [drm:dsi_pll_28nm_clk_recalc_rate] sdm_freq_seed = 33947
[    3.949657] [drm:dsi_pll_28nm_clk_recalc_rate] vco rate = 480690820
[    3.949672] [drm:dsi_pll_28nm_clk_recalc_rate] returning vco rate = 480690820
[    3.949709] [drm:dsi_intr_ctrl] intr=2220aa02 enable=1
[    3.949737] [drm:dsi_host_irq] isr=0x2220aa03, id=0
[    3.949764] [drm:dsi_cmds2buf_tx] ret=50
[    3.949784] [drm:dsi_intr_ctrl] intr=2220aa00 enable=0
[    3.949805] [drm:dsi_link_clk_set_rate_6g] Set clk rates: pclk=80117000, byteclk=60087750
[    3.949864] [drm:dsi_pll_28nm_clk_set_rate] refclk_cfg = 1
[    3.949879] [drm:dsi_pll_28nm_clk_set_rate] div_fb = 12518
[    3.949894] [drm:dsi_pll_28nm_clk_set_rate] frac_n_value = 33947
[    3.949908] [drm:dsi_pll_28nm_clk_set_rate] Generated VCO Clock: 480691200
[    3.949923] [drm:dsi_pll_28nm_clk_set_rate] sdm_cfg0=0
[    3.949937] [drm:dsi_pll_28nm_clk_set_rate] sdm_cfg1=75
[    3.949951] [drm:dsi_pll_28nm_clk_set_rate] sdm_cfg2=155
[    3.949965] [drm:dsi_pll_28nm_clk_set_rate] sdm_cfg3=132
[    3.949979] [drm:dsi_pll_28nm_clk_set_rate] cal_cfg10=224, cal_cfg11=1
[    3.950999] [drm:dsi_pll_28nm_clk_recalc_rate] sdm_dc_off = 11
[    3.951014] [drm:dsi_pll_28nm_clk_recalc_rate] sdm_freq_seed = 33947
[    3.951029] [drm:dsi_pll_28nm_clk_recalc_rate] vco rate = 480690820
[    3.951044] [drm:dsi_pll_28nm_clk_recalc_rate] returning vco rate = 480690820
[    3.951081] [drm:dsi_intr_ctrl] intr=2220aa02 enable=1
[    3.951108] [drm:dsi_host_irq] isr=0x2220aa03, id=0
[    3.951135] [drm:dsi_cmds2buf_tx] ret=50
[    3.951155] [drm:dsi_intr_ctrl] intr=2220aa00 enable=0
[    4.071876] [drm:dsi_link_clk_set_rate_6g] Set clk rates: pclk=80117000, byteclk=60087750
[    4.071941] [drm:dsi_pll_28nm_clk_set_rate] refclk_cfg = 1
[    4.071957] [drm:dsi_pll_28nm_clk_set_rate] div_fb = 12518
[    4.071971] [drm:dsi_pll_28nm_clk_set_rate] frac_n_value = 33947
[    4.071986] [drm:dsi_pll_28nm_clk_set_rate] Generated VCO Clock: 480691200
[    4.072001] [drm:dsi_pll_28nm_clk_set_rate] sdm_cfg0=0
[    4.072015] [drm:dsi_pll_28nm_clk_set_rate] sdm_cfg1=75
[    4.072028] [drm:dsi_pll_28nm_clk_set_rate] sdm_cfg2=155
[    4.072042] [drm:dsi_pll_28nm_clk_set_rate] sdm_cfg3=132
[    4.072057] [drm:dsi_pll_28nm_clk_set_rate] cal_cfg10=224, cal_cfg11=1
[    4.073077] [drm:dsi_pll_28nm_clk_recalc_rate] sdm_dc_off = 11
[    4.073092] [drm:dsi_pll_28nm_clk_recalc_rate] sdm_freq_seed = 33947
[    4.073107] [drm:dsi_pll_28nm_clk_recalc_rate] vco rate = 480690820
[    4.073121] [drm:dsi_pll_28nm_clk_recalc_rate] returning vco rate = 480690820
[    4.073158] [drm:dsi_intr_ctrl] intr=2220aa02 enable=1
[    4.073188] [drm:dsi_host_irq] isr=0x2220aa03, id=0
[    4.073220] [drm:dsi_cmds2buf_tx] ret=50
[    4.073240] [drm:dsi_intr_ctrl] intr=2220aa00 enable=0
[    4.073260] [drm:dsi_link_clk_set_rate_6g] Set clk rates: pclk=80117000, byteclk=60087750
[    4.073319] [drm:dsi_pll_28nm_clk_set_rate] refclk_cfg = 1
[    4.073335] [drm:dsi_pll_28nm_clk_set_rate] div_fb = 12518
[    4.073349] [drm:dsi_pll_28nm_clk_set_rate] frac_n_value = 33947
[    4.073364] [drm:dsi_pll_28nm_clk_set_rate] Generated VCO Clock: 480691200
[    4.073379] [drm:dsi_pll_28nm_clk_set_rate] sdm_cfg0=0
[    4.073393] [drm:dsi_pll_28nm_clk_set_rate] sdm_cfg1=75
[    4.073407] [drm:dsi_pll_28nm_clk_set_rate] sdm_cfg2=155
[    4.073421] [drm:dsi_pll_28nm_clk_set_rate] sdm_cfg3=132
[    4.073435] [drm:dsi_pll_28nm_clk_set_rate] cal_cfg10=224, cal_cfg11=1
[    4.074456] [drm:dsi_pll_28nm_clk_recalc_rate] sdm_dc_off = 11
[    4.074471] [drm:dsi_pll_28nm_clk_recalc_rate] sdm_freq_seed = 33947
[    4.074486] [drm:dsi_pll_28nm_clk_recalc_rate] vco rate = 480690820
[    4.074501] [drm:dsi_pll_28nm_clk_recalc_rate] returning vco rate = 480690820
[    4.074537] [drm:dsi_intr_ctrl] intr=2220aa02 enable=1
[    4.074565] [drm:dsi_host_irq] isr=0x2220aa03, id=0
[    4.074593] [drm:dsi_cmds2buf_tx] ret=50
[    4.074613] [drm:dsi_intr_ctrl] intr=2220aa00 enable=0
[    4.074638] [drm:dsi_mgr_bridge_enable] id=0
[    4.074655] [drm:mdp5_encoder_enable] set mode: "720x1280": 60 80117 720 800 896 1024 1280 1294 1296 1304 0x48 0x0
[    4.074691] [drm:mdp5_ctl_set_encoder_state] intf_1: on
[    4.074695] [drm:mdp5_crtc_vblank_irq] crtc-0: send event: (____ptrval____)
[    4.074823] [drm:mdp5_crtc_err_irq] crtc-0: error: 04000000
[    4.074842] [drm:mdp5_irq_error_handler] *ERROR* errors: 04000000
[    4.091480]  INFO pocketboot::ui: POCKETBOOT_DRM_READY path=/dev/dri/card0 connector=DSI-1 width=720 height=1280
[    4.091983]  INFO pocketboot::ui: POCKETBOOT_DRM_PAGE_FLIP_TEST_START requested=16
[    4.127524] [drm:mdp5_plane_atomic_check] plane-0: check (1 -> 1)
[    4.127568] [drm:mdp5_crtc_atomic_check] crtc-0: check
[    4.127587] [drm:mdp5_crtc_atomic_check] crtc-0: assign pipe plane-0 on stage=1
[    4.127741] [drm:mdp5_crtc_atomic_begin] crtc-0: begin
[    4.127765] [drm:mdp5_plane_atomic_update] plane-0: update
[    4.127782] [drm:mdp5_plane_mode_set] plane-0: FB[62] 0,0,720,1280 -> CRTC[61] 0,0,720,1280
[    4.127809] [drm:mdp5_plane_mode_set] scale config = 0
[    4.127831] [drm:mdp5_crtc_atomic_flush] crtc-0: event: (____ptrval____)
[    4.127855] [drm:mdp5_ctl_blend] lm0: blend config = 0x00040000. ext_cfg = 0x00000000
[    4.127895] [drm:mdp5_crtc_atomic_flush] crtc-0: flush=00000840
[    4.141377] [drm:mdp5_crtc_vblank_irq] crtc-0: send event: (____ptrval____)
[    4.141508]  INFO pocketboot::ui: POCKETBOOT_DRM_PAGE_FLIP sequence=1 remaining=15
[    4.141993] [drm:mdp5_plane_atomic_check] plane-0: check (1 -> 1)
[    4.142023] [drm:mdp5_crtc_atomic_check] crtc-0: check
[    4.142040] [drm:mdp5_crtc_atomic_check] crtc-0: assign pipe plane-0 on stage=1
[    4.142148] [drm:mdp5_plane_cleanup_fb] plane-0: cleanup: FB[63]
[    4.142229] [drm:mdp5_crtc_atomic_begin] crtc-0: begin
[    4.142248] [drm:mdp5_plane_atomic_update] plane-0: update
[    4.142264] [drm:mdp5_plane_mode_set] plane-0: FB[64] 0,0,720,1280 -> CRTC[61] 0,0,720,1280
[    4.142291] [drm:mdp5_plane_mode_set] scale config = 0
[    4.142311] [drm:mdp5_crtc_atomic_flush] crtc-0: event: (____ptrval____)
[    4.142334] [drm:mdp5_ctl_blend] lm0: blend config = 0x00040000. ext_cfg = 0x00000000
[    4.142351] [drm:mdp5_crtc_atomic_flush] crtc-0: flush=00000840
[    4.158031] [drm:mdp5_crtc_vblank_irq] crtc-0: send event: (____ptrval____)
[    4.158103] [drm:mdp5_plane_cleanup_fb] plane-0: cleanup: FB[62]
[    4.158202] [drm:mdp5_crtc_err_irq] crtc-0: error: 04000000
[    4.158221] [drm:mdp5_irq_error_handler] *ERROR* errors: 04000000
[    4.158356]  INFO pocketboot::ui: POCKETBOOT_DRM_PAGE_FLIP sequence=2 remaining=14
[    4.163570] [drm:mdp5_plane_atomic_check] plane-0: check (1 -> 1)
[    4.163597] [drm:mdp5_crtc_atomic_check] crtc-0: check
[    4.163614] [drm:mdp5_crtc_atomic_check] crtc-0: assign pipe plane-0 on stage=1
[    4.163682] [drm:mdp5_crtc_atomic_begin] crtc-0: begin
[    4.163700] [drm:mdp5_plane_atomic_update] plane-0: update
[    4.163716] [drm:mdp5_plane_mode_set] plane-0: FB[63] 0,0,720,1280 -> CRTC[61] 0,0,720,1280
[    4.163742] [drm:mdp5_plane_mode_set] scale config = 0
[    4.163763] [drm:mdp5_crtc_atomic_flush] crtc-0: event: (____ptrval____)
[    4.163786] [drm:mdp5_ctl_blend] lm0: blend config = 0x00040000. ext_cfg = 0x00000000
[    4.163803] [drm:mdp5_crtc_atomic_flush] crtc-0: flush=00000840
[    4.174699] [drm:mdp5_crtc_vblank_irq] crtc-0: send event: (____ptrval____)
[    4.174755] [drm:mdp5_plane_cleanup_fb] plane-0: cleanup: FB[64]
[    4.174855]  INFO pocketboot::ui: POCKETBOOT_DRM_PAGE_FLIP sequence=3 remaining=13
[    4.175318] [drm:mdp5_plane_atomic_check] plane-0: check (1 -> 1)
[    4.175343] [drm:mdp5_crtc_atomic_check] crtc-0: check
[    4.175359] [drm:mdp5_crtc_atomic_check] crtc-0: assign pipe plane-0 on stage=1
[    4.175421] [drm:mdp5_crtc_atomic_begin] crtc-0: begin
[    4.175438] [drm:mdp5_plane_atomic_update] plane-0: update
[    4.175454] [drm:mdp5_plane_mode_set] plane-0: FB[62] 0,0,720,1280 -> CRTC[61] 0,0,720,1280
[    4.175478] [drm:mdp5_plane_mode_set] scale config = 0
[    4.175499] [drm:mdp5_crtc_atomic_flush] crtc-0: event: (____ptrval____)
[    4.175520] [drm:mdp5_ctl_blend] lm0: blend config = 0x00040000. ext_cfg = 0x00000000
[    4.175537] [drm:mdp5_crtc_atomic_flush] crtc-0: flush=00000840
[    4.191364] [drm:mdp5_crtc_vblank_irq] crtc-0: send event: (____ptrval____)
[    4.191451]  INFO pocketboot::ui: POCKETBOOT_DRM_PAGE_FLIP sequence=4 remaining=12
[    4.191891] [drm:mdp5_plane_cleanup_fb] plane-0: cleanup: FB[63]
[    4.191913] [drm:mdp5_plane_atomic_check] plane-0: check (1 -> 1)
[    4.191939] [drm:mdp5_crtc_atomic_check] crtc-0: check
[    4.191955] [drm:mdp5_crtc_atomic_check] crtc-0: assign pipe plane-0 on stage=1
[    4.192374] [drm:mdp5_crtc_atomic_begin] crtc-0: begin
[    4.192394] [drm:mdp5_plane_atomic_update] plane-0: update
[    4.192410] [drm:mdp5_plane_mode_set] plane-0: FB[64] 0,0,720,1280 -> CRTC[61] 0,0,720,1280
[    4.192435] [drm:mdp5_plane_mode_set] scale config = 0
[    4.192455] [drm:mdp5_crtc_atomic_flush] crtc-0: event: (____ptrval____)
[    4.192477] [drm:mdp5_ctl_blend] lm0: blend config = 0x00040000. ext_cfg = 0x00000000
[    4.192493] [drm:mdp5_crtc_atomic_flush] crtc-0: flush=00000840
[    4.208031] [drm:mdp5_crtc_vblank_irq] crtc-0: send event: (____ptrval____)
[    4.208082] [drm:mdp5_plane_cleanup_fb] plane-0: cleanup: FB[62]
[    4.208168]  INFO pocketboot::ui: POCKETBOOT_DRM_PAGE_FLIP sequence=5 remaining=11
[    4.208208] [drm:mdp5_crtc_err_irq] crtc-0: error: 04000000
[    4.208417] [drm:mdp5_irq_error_handler] *ERROR* errors: 04000000
[    4.208442] [drm:mdp5_plane_atomic_check] plane-0: check (1 -> 1)
[    4.215034] [drm:mdp5_crtc_atomic_check] crtc-0: check
[    4.215052] [drm:mdp5_crtc_atomic_check] crtc-0: assign pipe plane-0 on stage=1
[    4.215114] [drm:mdp5_crtc_atomic_begin] crtc-0: begin
[    4.215131] [drm:mdp5_plane_atomic_update] plane-0: update
[    4.215148] [drm:mdp5_plane_mode_set] plane-0: FB[63] 0,0,720,1280 -> CRTC[61] 0,0,720,1280
[    4.215173] [drm:mdp5_plane_mode_set] scale config = 0
[    4.215194] [drm:mdp5_crtc_atomic_flush] crtc-0: event: (____ptrval____)
[    4.215215] [drm:mdp5_ctl_blend] lm0: blend config = 0x00040000. ext_cfg = 0x00000000
[    4.215233] [drm:mdp5_crtc_atomic_flush] crtc-0: flush=00000840
[    4.224700] [drm:mdp5_crtc_vblank_irq] crtc-0: send event: (____ptrval____)
[    4.224754] [drm:mdp5_plane_cleanup_fb] plane-0: cleanup: FB[64]
[    4.224839]  INFO pocketboot::ui: POCKETBOOT_DRM_PAGE_FLIP sequence=6 remaining=10
[    4.225287] [drm:mdp5_plane_atomic_check] plane-0: check (1 -> 1)
[    4.225310] [drm:mdp5_crtc_atomic_check] crtc-0: check
[    4.225326] [drm:mdp5_crtc_atomic_check] crtc-0: assign pipe plane-0 on stage=1
[    4.225379] [drm:mdp5_crtc_atomic_begin] crtc-0: begin
[    4.225396] [drm:mdp5_plane_atomic_update] plane-0: update
[    4.225412] [drm:mdp5_plane_mode_set] plane-0: FB[62] 0,0,720,1280 -> CRTC[61] 0,0,720,1280
[    4.225436] [drm:mdp5_plane_mode_set] scale config = 0
[    4.225456] [drm:mdp5_crtc_atomic_flush] crtc-0: event: (____ptrval____)
[    4.225477] [drm:mdp5_ctl_blend] lm0: blend config = 0x00040000. ext_cfg = 0x00000000
[    4.225494] [drm:mdp5_crtc_atomic_flush] crtc-0: flush=00000840
[    4.241365] [drm:mdp5_crtc_vblank_irq] crtc-0: send event: (____ptrval____)
[    4.241414] [drm:mdp5_plane_cleanup_fb] plane-0: cleanup: FB[63]
[    4.241494]  INFO pocketboot::ui: POCKETBOOT_DRM_PAGE_FLIP sequence=7 remaining=9
[    4.241764] [drm:mdp5_plane_atomic_check] plane-0: check (1 -> 1)
[    4.241788] [drm:mdp5_crtc_atomic_check] crtc-0: check
[    4.241803] [drm:mdp5_crtc_atomic_check] crtc-0: assign pipe plane-0 on stage=1
[    4.241856] [drm:mdp5_crtc_atomic_begin] crtc-0: begin
[    4.241873] [drm:mdp5_plane_atomic_update] plane-0: update
[    4.241889] [drm:mdp5_plane_mode_set] plane-0: FB[64] 0,0,720,1280 -> CRTC[61] 0,0,720,1280
[    4.241914] [drm:mdp5_plane_mode_set] scale config = 0
[    4.241934] [drm:mdp5_crtc_atomic_flush] crtc-0: event: (____ptrval____)
[    4.241955] [drm:mdp5_ctl_blend] lm0: blend config = 0x00040000. ext_cfg = 0x00000000
[    4.241971] [drm:mdp5_crtc_atomic_flush] crtc-0: flush=00000840
[    4.258032] [drm:mdp5_crtc_vblank_irq] crtc-0: send event: (____ptrval____)
[    4.258079] [drm:mdp5_plane_cleanup_fb] plane-0: cleanup: FB[62]
[    4.258159]  INFO pocketboot::ui: POCKETBOOT_DRM_PAGE_FLIP sequence=8 remaining=8
[    4.258207] [drm:mdp5_crtc_err_irq] crtc-0: error: 04000000
[    4.258582] [drm:mdp5_irq_error_handler] *ERROR* errors: 04000000
[    4.258602] [drm:mdp5_plane_atomic_check] plane-0: check (1 -> 1)
[    4.264840] [drm:mdp5_crtc_atomic_check] crtc-0: check
[    4.264858] [drm:mdp5_crtc_atomic_check] crtc-0: assign pipe plane-0 on stage=1
[    4.264916] [drm:mdp5_crtc_atomic_begin] crtc-0: begin
[    4.264933] [drm:mdp5_plane_atomic_update] plane-0: update
[    4.264949] [drm:mdp5_plane_mode_set] plane-0: FB[63] 0,0,720,1280 -> CRTC[61] 0,0,720,1280
[    4.264974] [drm:mdp5_plane_mode_set] scale config = 0
[    4.264995] [drm:mdp5_crtc_atomic_flush] crtc-0: event: (____ptrval____)
[    4.265016] [drm:mdp5_ctl_blend] lm0: blend config = 0x00040000. ext_cfg = 0x00000000
[    4.265033] [drm:mdp5_crtc_atomic_flush] crtc-0: flush=00000840
[    4.274700] [drm:mdp5_crtc_vblank_irq] crtc-0: send event: (____ptrval____)
[    4.274752] [drm:mdp5_plane_cleanup_fb] plane-0: cleanup: FB[64]
[    4.274829]  INFO pocketboot::ui: POCKETBOOT_DRM_PAGE_FLIP sequence=9 remaining=7
[    4.275271] [drm:mdp5_plane_atomic_check] plane-0: check (1 -> 1)
[    4.275293] [drm:mdp5_crtc_atomic_check] crtc-0: check
[    4.275309] [drm:mdp5_crtc_atomic_check] crtc-0: assign pipe plane-0 on stage=1
[    4.275361] [drm:mdp5_crtc_atomic_begin] crtc-0: begin
[    4.275378] [drm:mdp5_plane_atomic_update] plane-0: update
[    4.275395] [drm:mdp5_plane_mode_set] plane-0: FB[62] 0,0,720,1280 -> CRTC[61] 0,0,720,1280
[    4.275419] [drm:mdp5_plane_mode_set] scale config = 0
[    4.275439] [drm:mdp5_crtc_atomic_flush] crtc-0: event: (____ptrval____)
[    4.275460] [drm:mdp5_ctl_blend] lm0: blend config = 0x00040000. ext_cfg = 0x00000000
[    4.275476] [drm:mdp5_crtc_atomic_flush] crtc-0: flush=00000840
[    4.291367] [drm:mdp5_crtc_vblank_irq] crtc-0: send event: (____ptrval____)
[    4.291415] [drm:mdp5_plane_cleanup_fb] plane-0: cleanup: FB[63]
[    4.291491]  INFO pocketboot::ui: POCKETBOOT_DRM_PAGE_FLIP sequence=10 remaining=6
[    4.291944] [drm:mdp5_plane_atomic_check] plane-0: check (1 -> 1)
[    4.291967] [drm:mdp5_crtc_atomic_check] crtc-0: check
[    4.291982] [drm:mdp5_crtc_atomic_check] crtc-0: assign pipe plane-0 on stage=1
[    4.292033] [drm:mdp5_crtc_atomic_begin] crtc-0: begin
[    4.292050] [drm:mdp5_plane_atomic_update] plane-0: update
[    4.292066] [drm:mdp5_plane_mode_set] plane-0: FB[64] 0,0,720,1280 -> CRTC[61] 0,0,720,1280
[    4.292091] [drm:mdp5_plane_mode_set] scale config = 0
[    4.292111] [drm:mdp5_crtc_atomic_flush] crtc-0: event: (____ptrval____)
[    4.292132] [drm:mdp5_ctl_blend] lm0: blend config = 0x00040000. ext_cfg = 0x00000000
[    4.292149] [drm:mdp5_crtc_atomic_flush] crtc-0: flush=00000840
[    4.308034] [drm:mdp5_crtc_vblank_irq] crtc-0: send event: (____ptrval____)
[    4.308076] [drm:mdp5_plane_cleanup_fb] plane-0: cleanup: FB[62]
[    4.308155]  INFO pocketboot::ui: POCKETBOOT_DRM_PAGE_FLIP sequence=11 remaining=5
[    4.308210] [drm:mdp5_crtc_err_irq] crtc-0: error: 04000000
[    4.308403] [drm:mdp5_irq_error_handler] *ERROR* errors: 04000000
[    4.308423] [drm:mdp5_plane_atomic_check] plane-0: check (1 -> 1)
[    4.315018] [drm:mdp5_crtc_atomic_check] crtc-0: check
[    4.315036] [drm:mdp5_crtc_atomic_check] crtc-0: assign pipe plane-0 on stage=1
[    4.315093] [drm:mdp5_crtc_atomic_begin] crtc-0: begin
[    4.315110] [drm:mdp5_plane_atomic_update] plane-0: update
[    4.315126] [drm:mdp5_plane_mode_set] plane-0: FB[63] 0,0,720,1280 -> CRTC[61] 0,0,720,1280
[    4.315151] [drm:mdp5_plane_mode_set] scale config = 0
[    4.315172] [drm:mdp5_crtc_atomic_flush] crtc-0: event: (____ptrval____)
[    4.315193] [drm:mdp5_ctl_blend] lm0: blend config = 0x00040000. ext_cfg = 0x00000000
[    4.315210] [drm:mdp5_crtc_atomic_flush] crtc-0: flush=00000840
[    4.324703] [drm:mdp5_crtc_vblank_irq] crtc-0: send event: (____ptrval____)
[    4.324757] [drm:mdp5_plane_cleanup_fb] plane-0: cleanup: FB[64]
[    4.324835]  INFO pocketboot::ui: POCKETBOOT_DRM_PAGE_FLIP sequence=12 remaining=4
[    4.325278] [drm:mdp5_plane_atomic_check] plane-0: check (1 -> 1)
[    4.325301] [drm:mdp5_crtc_atomic_check] crtc-0: check
[    4.325316] [drm:mdp5_crtc_atomic_check] crtc-0: assign pipe plane-0 on stage=1
[    4.325366] [drm:mdp5_crtc_atomic_begin] crtc-0: begin
[    4.325384] [drm:mdp5_plane_atomic_update] plane-0: update
[    4.325399] [drm:mdp5_plane_mode_set] plane-0: FB[62] 0,0,720,1280 -> CRTC[61] 0,0,720,1280
[    4.325424] [drm:mdp5_plane_mode_set] scale config = 0
[    4.325444] [drm:mdp5_crtc_atomic_flush] crtc-0: event: (____ptrval____)
[    4.325464] [drm:mdp5_ctl_blend] lm0: blend config = 0x00040000. ext_cfg = 0x00000000
[    4.325481] [drm:mdp5_crtc_atomic_flush] crtc-0: flush=00000840
[    4.341369] [drm:mdp5_crtc_vblank_irq] crtc-0: send event: (____ptrval____)
[    4.341413] [drm:mdp5_plane_cleanup_fb] plane-0: cleanup: FB[63]
[    4.341488]  INFO pocketboot::ui: POCKETBOOT_DRM_PAGE_FLIP sequence=13 remaining=3
[    4.341752] [drm:mdp5_plane_atomic_check] plane-0: check (1 -> 1)
[    4.341775] [drm:mdp5_crtc_atomic_check] crtc-0: check
[    4.341791] [drm:mdp5_crtc_atomic_check] crtc-0: assign pipe plane-0 on stage=1
[    4.341840] [drm:mdp5_crtc_atomic_begin] crtc-0: begin
[    4.341857] [drm:mdp5_plane_atomic_update] plane-0: update
[    4.341873] [drm:mdp5_plane_mode_set] plane-0: FB[64] 0,0,720,1280 -> CRTC[61] 0,0,720,1280
[    4.341898] [drm:mdp5_plane_mode_set] scale config = 0
[    4.341918] [drm:mdp5_crtc_atomic_flush] crtc-0: event: (____ptrval____)
[    4.341938] [drm:mdp5_ctl_blend] lm0: blend config = 0x00040000. ext_cfg = 0x00000000
[    4.341955] [drm:mdp5_crtc_atomic_flush] crtc-0: flush=00000840
[    4.358035] [drm:mdp5_crtc_vblank_irq] crtc-0: send event: (____ptrval____)
[    4.358077] [drm:mdp5_plane_cleanup_fb] plane-0: cleanup: FB[62]
[    4.358151]  INFO pocketboot::ui: POCKETBOOT_DRM_PAGE_FLIP sequence=14 remaining=2
[    4.358210] [drm:mdp5_crtc_err_irq] crtc-0: error: 04000000
[    4.358575] [drm:mdp5_irq_error_handler] *ERROR* errors: 04000000
[    4.358592] [drm:mdp5_plane_atomic_check] plane-0: check (1 -> 1)
[    4.365011] [drm:mdp5_crtc_atomic_check] crtc-0: check
[    4.365028] [drm:mdp5_crtc_atomic_check] crtc-0: assign pipe plane-0 on stage=1
[    4.365082] [drm:mdp5_crtc_atomic_begin] crtc-0: begin
[    4.365099] [drm:mdp5_plane_atomic_update] plane-0: update
[    4.365115] [drm:mdp5_plane_mode_set] plane-0: FB[63] 0,0,720,1280 -> CRTC[61] 0,0,720,1280
[    4.365141] [drm:mdp5_plane_mode_set] scale config = 0
[    4.365162] [drm:mdp5_crtc_atomic_flush] crtc-0: event: (____ptrval____)
[    4.365184] [drm:mdp5_ctl_blend] lm0: blend config = 0x00040000. ext_cfg = 0x00000000
[    4.365201] [drm:mdp5_crtc_atomic_flush] crtc-0: flush=00000840
[    4.374704] [drm:mdp5_crtc_vblank_irq] crtc-0: send event: (____ptrval____)
[    4.374778]  INFO pocketboot::ui: POCKETBOOT_DRM_PAGE_FLIP sequence=15 remaining=1
[    4.375042] [drm:mdp5_plane_atomic_check] plane-0: check (1 -> 1)
[    4.375066] [drm:mdp5_crtc_atomic_check] crtc-0: check
[    4.375081] [drm:mdp5_crtc_atomic_check] crtc-0: assign pipe plane-0 on stage=1
[    4.375124] [drm:mdp5_plane_cleanup_fb] plane-0: cleanup: FB[64]
[    4.375181] [drm:mdp5_crtc_atomic_begin] crtc-0: begin
[    4.375198] [drm:mdp5_plane_atomic_update] plane-0: update
[    4.375213] [drm:mdp5_plane_mode_set] plane-0: FB[62] 0,0,720,1280 -> CRTC[61] 0,0,720,1280
[    4.375238] [drm:mdp5_plane_mode_set] scale config = 0
[    4.375258] [drm:mdp5_crtc_atomic_flush] crtc-0: event: (____ptrval____)
[    4.375279] [drm:mdp5_ctl_blend] lm0: blend config = 0x00040000. ext_cfg = 0x00000000
[    4.375295] [drm:mdp5_crtc_atomic_flush] crtc-0: flush=00000840
[    4.391370] [drm:mdp5_crtc_vblank_irq] crtc-0: send event: (____ptrval____)
[    4.391411] [drm:mdp5_plane_cleanup_fb] plane-0: cleanup: FB[63]
[    4.391481]  INFO pocketboot::ui: POCKETBOOT_DRM_PAGE_FLIP sequence=16 remaining=0
[    4.391944]  INFO pocketboot::ui: POCKETBOOT_DRM_PAGE_FLIP_TEST_RESULT requested=16 completed=16
[   14.123892] random: crng init done
[   19.539885] rt5033-charger rt5033-charger: USB mode. connector type: 5
[   20.205565]  INFO pocketboot::fastboot: fastboot command received command="getvar:product"
[   20.208313]  INFO pocketboot::fastboot: fastboot command received command="oem dmesg"
