('getvar', 'product')
product: pocketboot
Finished. Total time: 0.000s
('getvar', 'serialno')
serialno: cd0ee037
Finished. Total time: 0.000s
('getvar', 'compatible')
compatible: samsung,a5u-eur
Finished. Total time: 0.000s
('stage', PosixPath('/var/home/sam/src/pocketboot/target/a5u-smp-lab/20260911/ramoops-iommu/final-checks/upload.bin'))
Sending '/var/home/sam/src/pocketboot/target/a5u-smp-lab/20260911/ramoops-iommu/final-checks/upload.bin' (0 KB) OKAY [  0.000s]
Finished. Total time: 0.000s
('get_staged', PosixPath('/var/home/sam/src/pocketboot/target/a5u-smp-lab/20260911/ramoops-iommu/final-checks/readback.bin'))
Uploading '/var/home/sam/src/pocketboot/target/a5u-smp-lab/20260911/ramoops-iommu/final-checks/readback.bin' OKAY [  0.006s]
Finished. Total time: 0.006s
('stage', PosixPath('/var/home/sam/src/pocketboot/target/a5u-smp-lab/20260911/ramoops-iommu/final-checks/upload.bin'))
Sending '/var/home/sam/src/pocketboot/target/a5u-smp-lab/20260911/ramoops-iommu/final-checks/upload.bin' (0 KB) OKAY [  0.000s]
Finished. Total time: 0.000s
('get_staged', PosixPath('/var/home/sam/src/pocketboot/target/a5u-smp-lab/20260911/ramoops-iommu/final-checks/readback.bin'))
Uploading '/var/home/sam/src/pocketboot/target/a5u-smp-lab/20260911/ramoops-iommu/final-checks/readback.bin' OKAY [  0.006s]
Finished. Total time: 0.006s
('stage', PosixPath('/var/home/sam/src/pocketboot/target/a5u-smp-lab/20260911/ramoops-iommu/final-checks/upload.bin'))
Sending '/var/home/sam/src/pocketboot/target/a5u-smp-lab/20260911/ramoops-iommu/final-checks/upload.bin' (0 KB) OKAY [  0.000s]
Finished. Total time: 0.000s
('get_staged', PosixPath('/var/home/sam/src/pocketboot/target/a5u-smp-lab/20260911/ramoops-iommu/final-checks/readback.bin'))
Uploading '/var/home/sam/src/pocketboot/target/a5u-smp-lab/20260911/ramoops-iommu/final-checks/readback.bin' OKAY [  0.006s]
Finished. Total time: 0.006s
('stage', PosixPath('/var/home/sam/src/pocketboot/target/a5u-smp-lab/20260911/ramoops-iommu/final-checks/upload.bin'))
Sending '/var/home/sam/src/pocketboot/target/a5u-smp-lab/20260911/ramoops-iommu/final-checks/upload.bin' (0 KB) OKAY [  0.000s]
Finished. Total time: 0.000s
('get_staged', PosixPath('/var/home/sam/src/pocketboot/target/a5u-smp-lab/20260911/ramoops-iommu/final-checks/readback.bin'))
Uploading '/var/home/sam/src/pocketboot/target/a5u-smp-lab/20260911/ramoops-iommu/final-checks/readback.bin' OKAY [  0.006s]
Finished. Total time: 0.006s
('stage', PosixPath('/var/home/sam/src/pocketboot/target/a5u-smp-lab/20260911/ramoops-iommu/final-checks/upload.bin'))
Sending '/var/home/sam/src/pocketboot/target/a5u-smp-lab/20260911/ramoops-iommu/final-checks/upload.bin' (3 KB) OKAY [  0.001s]
Finished. Total time: 0.001s
('get_staged', PosixPath('/var/home/sam/src/pocketboot/target/a5u-smp-lab/20260911/ramoops-iommu/final-checks/readback.bin'))
Uploading '/var/home/sam/src/pocketboot/target/a5u-smp-lab/20260911/ramoops-iommu/final-checks/readback.bin' OKAY [  0.006s]
Finished. Total time: 0.006s
('stage', PosixPath('/var/home/sam/src/pocketboot/target/a5u-smp-lab/20260911/ramoops-iommu/final-checks/upload.bin'))
Sending '/var/home/sam/src/pocketboot/target/a5u-smp-lab/20260911/ramoops-iommu/final-checks/upload.bin' (4 KB) OKAY [  0.001s]
Finished. Total time: 0.001s
('get_staged', PosixPath('/var/home/sam/src/pocketboot/target/a5u-smp-lab/20260911/ramoops-iommu/final-checks/readback.bin'))
Uploading '/var/home/sam/src/pocketboot/target/a5u-smp-lab/20260911/ramoops-iommu/final-checks/readback.bin' OKAY [  0.006s]
Finished. Total time: 0.006s
('stage', PosixPath('/var/home/sam/src/pocketboot/target/a5u-smp-lab/20260911/ramoops-iommu/final-checks/upload.bin'))
Sending '/var/home/sam/src/pocketboot/target/a5u-smp-lab/20260911/ramoops-iommu/final-checks/upload.bin' (4 KB) OKAY [  0.001s]
Finished. Total time: 0.001s
('get_staged', PosixPath('/var/home/sam/src/pocketboot/target/a5u-smp-lab/20260911/ramoops-iommu/final-checks/readback.bin'))
Uploading '/var/home/sam/src/pocketboot/target/a5u-smp-lab/20260911/ramoops-iommu/final-checks/readback.bin' OKAY [  0.006s]
Finished. Total time: 0.006s
('stage', PosixPath('/var/home/sam/src/pocketboot/target/a5u-smp-lab/20260911/ramoops-iommu/final-checks/upload.bin'))
Sending '/var/home/sam/src/pocketboot/target/a5u-smp-lab/20260911/ramoops-iommu/final-checks/upload.bin' (8 KB) OKAY [  0.001s]
Finished. Total time: 0.001s
('get_staged', PosixPath('/var/home/sam/src/pocketboot/target/a5u-smp-lab/20260911/ramoops-iommu/final-checks/readback.bin'))
Uploading '/var/home/sam/src/pocketboot/target/a5u-smp-lab/20260911/ramoops-iommu/final-checks/readback.bin' OKAY [  0.006s]
Finished. Total time: 0.006s
('stage', PosixPath('/var/home/sam/src/pocketboot/target/a5u-smp-lab/20260911/ramoops-iommu/final-checks/upload.bin'))
Sending '/var/home/sam/src/pocketboot/target/a5u-smp-lab/20260911/ramoops-iommu/final-checks/upload.bin' (15 KB) OKAY [  0.002s]
Finished. Total time: 0.002s
('get_staged', PosixPath('/var/home/sam/src/pocketboot/target/a5u-smp-lab/20260911/ramoops-iommu/final-checks/readback.bin'))
Uploading '/var/home/sam/src/pocketboot/target/a5u-smp-lab/20260911/ramoops-iommu/final-checks/readback.bin' OKAY [  0.007s]
Finished. Total time: 0.007s
('stage', PosixPath('/var/home/sam/src/pocketboot/target/a5u-smp-lab/20260911/ramoops-iommu/final-checks/upload.bin'))
Sending '/var/home/sam/src/pocketboot/target/a5u-smp-lab/20260911/ramoops-iommu/final-checks/upload.bin' (16 KB) OKAY [  0.001s]
Finished. Total time: 0.002s
('get_staged', PosixPath('/var/home/sam/src/pocketboot/target/a5u-smp-lab/20260911/ramoops-iommu/final-checks/readback.bin'))
Uploading '/var/home/sam/src/pocketboot/target/a5u-smp-lab/20260911/ramoops-iommu/final-checks/readback.bin' OKAY [  0.007s]
Finished. Total time: 0.007s
('stage', PosixPath('/var/home/sam/src/pocketboot/target/a5u-smp-lab/20260911/ramoops-iommu/final-checks/upload.bin'))
Sending '/var/home/sam/src/pocketboot/target/a5u-smp-lab/20260911/ramoops-iommu/final-checks/upload.bin' (16 KB) OKAY [  0.001s]
Finished. Total time: 0.002s
('get_staged', PosixPath('/var/home/sam/src/pocketboot/target/a5u-smp-lab/20260911/ramoops-iommu/final-checks/readback.bin'))
Uploading '/var/home/sam/src/pocketboot/target/a5u-smp-lab/20260911/ramoops-iommu/final-checks/readback.bin' OKAY [  0.007s]
Finished. Total time: 0.007s
('stage', PosixPath('/var/home/sam/src/pocketboot/target/a5u-smp-lab/20260911/ramoops-iommu/final-checks/upload.bin'))
Sending '/var/home/sam/src/pocketboot/target/a5u-smp-lab/20260911/ramoops-iommu/final-checks/upload.bin' (32 KB) OKAY [  0.003s]
Finished. Total time: 0.003s
('get_staged', PosixPath('/var/home/sam/src/pocketboot/target/a5u-smp-lab/20260911/ramoops-iommu/final-checks/readback.bin'))
Uploading '/var/home/sam/src/pocketboot/target/a5u-smp-lab/20260911/ramoops-iommu/final-checks/readback.bin' OKAY [  0.007s]
Finished. Total time: 0.007s
('stage', PosixPath('/var/home/sam/src/pocketboot/target/a5u-smp-lab/20260911/ramoops-iommu/final-checks/upload.bin'))
Sending '/var/home/sam/src/pocketboot/target/a5u-smp-lab/20260911/ramoops-iommu/final-checks/upload.bin' (40 KB) OKAY [  0.003s]
Finished. Total time: 0.003s
('get_staged', PosixPath('/var/home/sam/src/pocketboot/target/a5u-smp-lab/20260911/ramoops-iommu/final-checks/readback.bin'))
Uploading '/var/home/sam/src/pocketboot/target/a5u-smp-lab/20260911/ramoops-iommu/final-checks/readback.bin' OKAY [  0.007s]
Finished. Total time: 0.007s
('stage', PosixPath('/var/home/sam/src/pocketboot/target/a5u-smp-lab/20260911/ramoops-iommu/final-checks/upload.bin'))
Sending '/var/home/sam/src/pocketboot/target/a5u-smp-lab/20260911/ramoops-iommu/final-checks/upload.bin' (63 KB) OKAY [  0.004s]
Finished. Total time: 0.004s
('get_staged', PosixPath('/var/home/sam/src/pocketboot/target/a5u-smp-lab/20260911/ramoops-iommu/final-checks/readback.bin'))
Uploading '/var/home/sam/src/pocketboot/target/a5u-smp-lab/20260911/ramoops-iommu/final-checks/readback.bin' OKAY [  0.008s]
Finished. Total time: 0.008s
('stage', PosixPath('/var/home/sam/src/pocketboot/target/a5u-smp-lab/20260911/ramoops-iommu/final-checks/upload.bin'))
Sending '/var/home/sam/src/pocketboot/target/a5u-smp-lab/20260911/ramoops-iommu/final-checks/upload.bin' (64 KB) OKAY [  0.004s]
Finished. Total time: 0.004s
('get_staged', PosixPath('/var/home/sam/src/pocketboot/target/a5u-smp-lab/20260911/ramoops-iommu/final-checks/readback.bin'))
Uploading '/var/home/sam/src/pocketboot/target/a5u-smp-lab/20260911/ramoops-iommu/final-checks/readback.bin' OKAY [  0.008s]
Finished. Total time: 0.008s
('stage', PosixPath('/var/home/sam/src/pocketboot/target/a5u-smp-lab/20260911/ramoops-iommu/final-checks/upload.bin'))
Sending '/var/home/sam/src/pocketboot/target/a5u-smp-lab/20260911/ramoops-iommu/final-checks/upload.bin' (64 KB) OKAY [  0.004s]
Finished. Total time: 0.005s
('get_staged', PosixPath('/var/home/sam/src/pocketboot/target/a5u-smp-lab/20260911/ramoops-iommu/final-checks/readback.bin'))
Uploading '/var/home/sam/src/pocketboot/target/a5u-smp-lab/20260911/ramoops-iommu/final-checks/readback.bin' OKAY [  0.008s]
Finished. Total time: 0.008s
('stage', PosixPath('/var/home/sam/src/pocketboot/target/a5u-smp-lab/20260911/ramoops-iommu/final-checks/upload.bin'))
Sending '/var/home/sam/src/pocketboot/target/a5u-smp-lab/20260911/ramoops-iommu/final-checks/upload.bin' (1024 KB) OKAY [  0.065s]
Finished. Total time: 0.065s
('get_staged', PosixPath('/var/home/sam/src/pocketboot/target/a5u-smp-lab/20260911/ramoops-iommu/final-checks/readback.bin'))
Uploading '/var/home/sam/src/pocketboot/target/a5u-smp-lab/20260911/ramoops-iommu/final-checks/readback.bin' OKAY [  0.039s]
Finished. Total time: 0.039s
('stage', PosixPath('/var/home/sam/src/pocketboot/target/a5u-smp-lab/20260911/ramoops-iommu/final-checks/pstore.sh'))
Sending '/var/home/sam/src/pocketboot/target/a5u-smp-lab/20260911/ramoops-iommu/final-checks/pstore.sh' (0 KB) OKAY [  0.001s]
Finished. Total time: 0.001s
('oem', 'shell-staged')
(bootloader) shell exited 0; 44 bytes staged
(bootloader) run fastboot get_staged /dev/stdout to view
OKAY [  0.029s]
Finished. Total time: 0.029s
('get_staged', PosixPath('/var/home/sam/src/pocketboot/target/a5u-smp-lab/20260911/ramoops-iommu/final-checks/pstore-files.log'))
Uploading '/var/home/sam/src/pocketboot/target/a5u-smp-lab/20260911/ramoops-iommu/final-checks/pstore-files.log' OKAY [  0.006s]
Finished. Total time: 0.006s
('oem', 'cat:/tmp/pb-pstore/console-ramoops-0')
(bootloader) /tmp/pb-pstore/console-ramoops-0 staged (19592 bytes)
(bootloader) run fastboot get_staged /dev/stdout to view
OKAY [  0.001s]
Finished. Total time: 0.001s
('get_staged', PosixPath('/var/home/sam/src/pocketboot/target/a5u-smp-lab/20260911/ramoops-iommu/final-checks/previous-console.log'))
Uploading '/var/home/sam/src/pocketboot/target/a5u-smp-lab/20260911/ramoops-iommu/final-checks/previous-console.log' OKAY [  0.007s]
Finished. Total time: 0.007s
('stage', PosixPath('/var/home/sam/src/pocketboot/target/a5u-smp-lab/20260911/ramoops-iommu/final-checks/work.sh'))
Sending '/var/home/sam/src/pocketboot/target/a5u-smp-lab/20260911/ramoops-iommu/final-checks/work.sh' (0 KB) OKAY [  0.000s]
Finished. Total time: 0.000s
('oem', 'shell-staged')
(bootloader) shell exited 0; 1149 bytes staged
(bootloader) run fastboot get_staged /dev/stdout to view
OKAY [  0.756s]
Finished. Total time: 0.756s
('get_staged', PosixPath('/var/home/sam/src/pocketboot/target/a5u-smp-lab/20260911/ramoops-iommu/final-checks/round-00.log'))
Uploading '/var/home/sam/src/pocketboot/target/a5u-smp-lab/20260911/ramoops-iommu/final-checks/round-00.log' OKAY [  0.006s]
Finished. Total time: 0.006s
('stage', PosixPath('/var/home/sam/src/pocketboot/target/a5u-smp-lab/20260911/ramoops-iommu/final-checks/work.sh'))
Sending '/var/home/sam/src/pocketboot/target/a5u-smp-lab/20260911/ramoops-iommu/final-checks/work.sh' (0 KB) OKAY [  0.000s]
Finished. Total time: 0.001s
('oem', 'shell-staged')
(bootloader) shell exited 0; 1149 bytes staged
(bootloader) run fastboot get_staged /dev/stdout to view
OKAY [  0.755s]
Finished. Total time: 0.755s
('get_staged', PosixPath('/var/home/sam/src/pocketboot/target/a5u-smp-lab/20260911/ramoops-iommu/final-checks/round-01.log'))
Uploading '/var/home/sam/src/pocketboot/target/a5u-smp-lab/20260911/ramoops-iommu/final-checks/round-01.log' OKAY [  0.006s]
Finished. Total time: 0.006s
('stage', PosixPath('/var/home/sam/src/pocketboot/target/a5u-smp-lab/20260911/ramoops-iommu/final-checks/work.sh'))
Sending '/var/home/sam/src/pocketboot/target/a5u-smp-lab/20260911/ramoops-iommu/final-checks/work.sh' (0 KB) OKAY [  0.000s]
Finished. Total time: 0.000s
('oem', 'shell-staged')
(bootloader) shell exited 0; 1149 bytes staged
(bootloader) run fastboot get_staged /dev/stdout to view
OKAY [  0.760s]
Finished. Total time: 0.760s
('get_staged', PosixPath('/var/home/sam/src/pocketboot/target/a5u-smp-lab/20260911/ramoops-iommu/final-checks/round-02.log'))
Uploading '/var/home/sam/src/pocketboot/target/a5u-smp-lab/20260911/ramoops-iommu/final-checks/round-02.log' OKAY [  0.006s]
Finished. Total time: 0.006s
('stage', PosixPath('/var/home/sam/src/pocketboot/target/a5u-smp-lab/20260911/ramoops-iommu/final-checks/work.sh'))
Sending '/var/home/sam/src/pocketboot/target/a5u-smp-lab/20260911/ramoops-iommu/final-checks/work.sh' (0 KB) OKAY [  0.000s]
Finished. Total time: 0.000s
('oem', 'shell-staged')
(bootloader) shell exited 0; 1149 bytes staged
(bootloader) run fastboot get_staged /dev/stdout to view
OKAY [  0.755s]
Finished. Total time: 0.755s
('get_staged', PosixPath('/var/home/sam/src/pocketboot/target/a5u-smp-lab/20260911/ramoops-iommu/final-checks/round-03.log'))
Uploading '/var/home/sam/src/pocketboot/target/a5u-smp-lab/20260911/ramoops-iommu/final-checks/round-03.log' OKAY [  0.006s]
Finished. Total time: 0.006s
('stage', PosixPath('/var/home/sam/src/pocketboot/target/a5u-smp-lab/20260911/ramoops-iommu/final-checks/work.sh'))
Sending '/var/home/sam/src/pocketboot/target/a5u-smp-lab/20260911/ramoops-iommu/final-checks/work.sh' (0 KB) OKAY [  0.000s]
Finished. Total time: 0.001s
('oem', 'shell-staged')
(bootloader) shell exited 0; 1149 bytes staged
(bootloader) run fastboot get_staged /dev/stdout to view
OKAY [  0.756s]
Finished. Total time: 0.756s
('get_staged', PosixPath('/var/home/sam/src/pocketboot/target/a5u-smp-lab/20260911/ramoops-iommu/final-checks/round-04.log'))
Uploading '/var/home/sam/src/pocketboot/target/a5u-smp-lab/20260911/ramoops-iommu/final-checks/round-04.log' OKAY [  0.006s]
Finished. Total time: 0.006s
('stage', PosixPath('/var/home/sam/src/pocketboot/target/a5u-smp-lab/20260911/ramoops-iommu/final-checks/work.sh'))
Sending '/var/home/sam/src/pocketboot/target/a5u-smp-lab/20260911/ramoops-iommu/final-checks/work.sh' (0 KB) OKAY [  0.000s]
Finished. Total time: 0.001s
('oem', 'shell-staged')
(bootloader) shell exited 0; 1149 bytes staged
(bootloader) run fastboot get_staged /dev/stdout to view
OKAY [  0.759s]
Finished. Total time: 0.759s
('get_staged', PosixPath('/var/home/sam/src/pocketboot/target/a5u-smp-lab/20260911/ramoops-iommu/final-checks/round-05.log'))
Uploading '/var/home/sam/src/pocketboot/target/a5u-smp-lab/20260911/ramoops-iommu/final-checks/round-05.log' OKAY [  0.006s]
Finished. Total time: 0.006s
('stage', PosixPath('/var/home/sam/src/pocketboot/target/a5u-smp-lab/20260911/ramoops-iommu/final-checks/work.sh'))
Sending '/var/home/sam/src/pocketboot/target/a5u-smp-lab/20260911/ramoops-iommu/final-checks/work.sh' (0 KB) OKAY [  0.000s]
Finished. Total time: 0.000s
('oem', 'shell-staged')
(bootloader) shell exited 0; 1149 bytes staged
(bootloader) run fastboot get_staged /dev/stdout to view
OKAY [  0.755s]
Finished. Total time: 0.755s
('get_staged', PosixPath('/var/home/sam/src/pocketboot/target/a5u-smp-lab/20260911/ramoops-iommu/final-checks/round-06.log'))
Uploading '/var/home/sam/src/pocketboot/target/a5u-smp-lab/20260911/ramoops-iommu/final-checks/round-06.log' OKAY [  0.006s]
Finished. Total time: 0.006s
('stage', PosixPath('/var/home/sam/src/pocketboot/target/a5u-smp-lab/20260911/ramoops-iommu/final-checks/work.sh'))
Sending '/var/home/sam/src/pocketboot/target/a5u-smp-lab/20260911/ramoops-iommu/final-checks/work.sh' (0 KB) OKAY [  0.000s]
Finished. Total time: 0.001s
('oem', 'shell-staged')
(bootloader) shell exited 0; 1149 bytes staged
(bootloader) run fastboot get_staged /dev/stdout to view
OKAY [  0.755s]
Finished. Total time: 0.755s
('get_staged', PosixPath('/var/home/sam/src/pocketboot/target/a5u-smp-lab/20260911/ramoops-iommu/final-checks/round-07.log'))
Uploading '/var/home/sam/src/pocketboot/target/a5u-smp-lab/20260911/ramoops-iommu/final-checks/round-07.log' OKAY [  0.006s]
Finished. Total time: 0.006s
('stage', PosixPath('/var/home/sam/src/pocketboot/target/a5u-smp-lab/20260911/ramoops-iommu/final-checks/work.sh'))
Sending '/var/home/sam/src/pocketboot/target/a5u-smp-lab/20260911/ramoops-iommu/final-checks/work.sh' (0 KB) OKAY [  0.000s]
Finished. Total time: 0.001s
('oem', 'shell-staged')
(bootloader) shell exited 0; 1149 bytes staged
(bootloader) run fastboot get_staged /dev/stdout to view
OKAY [  0.756s]
Finished. Total time: 0.756s
('get_staged', PosixPath('/var/home/sam/src/pocketboot/target/a5u-smp-lab/20260911/ramoops-iommu/final-checks/round-08.log'))
Uploading '/var/home/sam/src/pocketboot/target/a5u-smp-lab/20260911/ramoops-iommu/final-checks/round-08.log' OKAY [  0.006s]
Finished. Total time: 0.006s
('stage', PosixPath('/var/home/sam/src/pocketboot/target/a5u-smp-lab/20260911/ramoops-iommu/final-checks/work.sh'))
Sending '/var/home/sam/src/pocketboot/target/a5u-smp-lab/20260911/ramoops-iommu/final-checks/work.sh' (0 KB) OKAY [  0.000s]
Finished. Total time: 0.001s
('oem', 'shell-staged')
(bootloader) shell exited 0; 1149 bytes staged
(bootloader) run fastboot get_staged /dev/stdout to view
OKAY [  0.756s]
Finished. Total time: 0.756s
('get_staged', PosixPath('/var/home/sam/src/pocketboot/target/a5u-smp-lab/20260911/ramoops-iommu/final-checks/round-09.log'))
Uploading '/var/home/sam/src/pocketboot/target/a5u-smp-lab/20260911/ramoops-iommu/final-checks/round-09.log' OKAY [  0.006s]
Finished. Total time: 0.006s
('stage', PosixPath('/var/home/sam/src/pocketboot/target/a5u-smp-lab/20260911/ramoops-iommu/final-checks/work.sh'))
Sending '/var/home/sam/src/pocketboot/target/a5u-smp-lab/20260911/ramoops-iommu/final-checks/work.sh' (0 KB) OKAY [  0.000s]
Finished. Total time: 0.001s
('oem', 'shell-staged')
(bootloader) shell exited 0; 1149 bytes staged
(bootloader) run fastboot get_staged /dev/stdout to view
OKAY [  0.756s]
Finished. Total time: 0.756s
('get_staged', PosixPath('/var/home/sam/src/pocketboot/target/a5u-smp-lab/20260911/ramoops-iommu/final-checks/round-10.log'))
Uploading '/var/home/sam/src/pocketboot/target/a5u-smp-lab/20260911/ramoops-iommu/final-checks/round-10.log' OKAY [  0.006s]
Finished. Total time: 0.006s
('stage', PosixPath('/var/home/sam/src/pocketboot/target/a5u-smp-lab/20260911/ramoops-iommu/final-checks/work.sh'))
Sending '/var/home/sam/src/pocketboot/target/a5u-smp-lab/20260911/ramoops-iommu/final-checks/work.sh' (0 KB) OKAY [  0.000s]
Finished. Total time: 0.000s
('oem', 'shell-staged')
(bootloader) shell exited 0; 1149 bytes staged
(bootloader) run fastboot get_staged /dev/stdout to view
OKAY [  0.756s]
Finished. Total time: 0.756s
('get_staged', PosixPath('/var/home/sam/src/pocketboot/target/a5u-smp-lab/20260911/ramoops-iommu/final-checks/round-11.log'))
Uploading '/var/home/sam/src/pocketboot/target/a5u-smp-lab/20260911/ramoops-iommu/final-checks/round-11.log' OKAY [  0.006s]
Finished. Total time: 0.006s
('stage', PosixPath('/var/home/sam/src/pocketboot/target/a5u-smp-lab/20260911/ramoops-iommu/final-checks/work.sh'))
Sending '/var/home/sam/src/pocketboot/target/a5u-smp-lab/20260911/ramoops-iommu/final-checks/work.sh' (0 KB) OKAY [  0.000s]
Finished. Total time: 0.001s
('oem', 'shell-staged')
(bootloader) shell exited 0; 1149 bytes staged
(bootloader) run fastboot get_staged /dev/stdout to view
OKAY [  0.761s]
Finished. Total time: 0.761s
('get_staged', PosixPath('/var/home/sam/src/pocketboot/target/a5u-smp-lab/20260911/ramoops-iommu/final-checks/round-12.log'))
Uploading '/var/home/sam/src/pocketboot/target/a5u-smp-lab/20260911/ramoops-iommu/final-checks/round-12.log' OKAY [  0.006s]
Finished. Total time: 0.006s
('stage', PosixPath('/var/home/sam/src/pocketboot/target/a5u-smp-lab/20260911/ramoops-iommu/final-checks/work.sh'))
Sending '/var/home/sam/src/pocketboot/target/a5u-smp-lab/20260911/ramoops-iommu/final-checks/work.sh' (0 KB) OKAY [  0.000s]
Finished. Total time: 0.001s
('oem', 'shell-staged')
(bootloader) shell exited 0; 1149 bytes staged
(bootloader) run fastboot get_staged /dev/stdout to view
OKAY [  0.756s]
Finished. Total time: 0.756s
('get_staged', PosixPath('/var/home/sam/src/pocketboot/target/a5u-smp-lab/20260911/ramoops-iommu/final-checks/round-13.log'))
Uploading '/var/home/sam/src/pocketboot/target/a5u-smp-lab/20260911/ramoops-iommu/final-checks/round-13.log' OKAY [  0.006s]
Finished. Total time: 0.006s
('stage', PosixPath('/var/home/sam/src/pocketboot/target/a5u-smp-lab/20260911/ramoops-iommu/final-checks/work.sh'))
Sending '/var/home/sam/src/pocketboot/target/a5u-smp-lab/20260911/ramoops-iommu/final-checks/work.sh' (0 KB) OKAY [  0.001s]
Finished. Total time: 0.001s
('oem', 'shell-staged')
(bootloader) shell exited 0; 1149 bytes staged
(bootloader) run fastboot get_staged /dev/stdout to view
OKAY [  0.755s]
Finished. Total time: 0.755s
('get_staged', PosixPath('/var/home/sam/src/pocketboot/target/a5u-smp-lab/20260911/ramoops-iommu/final-checks/round-14.log'))
Uploading '/var/home/sam/src/pocketboot/target/a5u-smp-lab/20260911/ramoops-iommu/final-checks/round-14.log' OKAY [  0.006s]
Finished. Total time: 0.006s
('stage', PosixPath('/var/home/sam/src/pocketboot/target/a5u-smp-lab/20260911/ramoops-iommu/final-checks/work.sh'))
Sending '/var/home/sam/src/pocketboot/target/a5u-smp-lab/20260911/ramoops-iommu/final-checks/work.sh' (0 KB) OKAY [  0.001s]
Finished. Total time: 0.001s
('oem', 'shell-staged')
(bootloader) shell exited 0; 1149 bytes staged
(bootloader) run fastboot get_staged /dev/stdout to view
OKAY [  0.756s]
Finished. Total time: 0.756s
('get_staged', PosixPath('/var/home/sam/src/pocketboot/target/a5u-smp-lab/20260911/ramoops-iommu/final-checks/round-15.log'))
Uploading '/var/home/sam/src/pocketboot/target/a5u-smp-lab/20260911/ramoops-iommu/final-checks/round-15.log' OKAY [  0.006s]
Finished. Total time: 0.006s
('stage', PosixPath('/var/home/sam/src/pocketboot/target/a5u-smp-lab/20260911/ramoops-iommu/final-checks/work.sh'))
Sending '/var/home/sam/src/pocketboot/target/a5u-smp-lab/20260911/ramoops-iommu/final-checks/work.sh' (0 KB) OKAY [  0.000s]
Finished. Total time: 0.000s
('oem', 'shell-staged')
(bootloader) shell exited 0; 1149 bytes staged
(bootloader) run fastboot get_staged /dev/stdout to view
OKAY [  0.760s]
Finished. Total time: 0.760s
('get_staged', PosixPath('/var/home/sam/src/pocketboot/target/a5u-smp-lab/20260911/ramoops-iommu/final-checks/round-16.log'))
Uploading '/var/home/sam/src/pocketboot/target/a5u-smp-lab/20260911/ramoops-iommu/final-checks/round-16.log' OKAY [  0.006s]
Finished. Total time: 0.006s
('stage', PosixPath('/var/home/sam/src/pocketboot/target/a5u-smp-lab/20260911/ramoops-iommu/final-checks/work.sh'))
Sending '/var/home/sam/src/pocketboot/target/a5u-smp-lab/20260911/ramoops-iommu/final-checks/work.sh' (0 KB) OKAY [  0.000s]
Finished. Total time: 0.000s
('oem', 'shell-staged')
(bootloader) shell exited 0; 1149 bytes staged
(bootloader) run fastboot get_staged /dev/stdout to view
OKAY [  0.757s]
Finished. Total time: 0.757s
('get_staged', PosixPath('/var/home/sam/src/pocketboot/target/a5u-smp-lab/20260911/ramoops-iommu/final-checks/round-17.log'))
Uploading '/var/home/sam/src/pocketboot/target/a5u-smp-lab/20260911/ramoops-iommu/final-checks/round-17.log' OKAY [  0.006s]
Finished. Total time: 0.006s
('stage', PosixPath('/var/home/sam/src/pocketboot/target/a5u-smp-lab/20260911/ramoops-iommu/final-checks/work.sh'))
Sending '/var/home/sam/src/pocketboot/target/a5u-smp-lab/20260911/ramoops-iommu/final-checks/work.sh' (0 KB) OKAY [  0.000s]
Finished. Total time: 0.000s
('oem', 'shell-staged')
(bootloader) shell exited 0; 1149 bytes staged
(bootloader) run fastboot get_staged /dev/stdout to view
OKAY [  0.756s]
Finished. Total time: 0.756s
('get_staged', PosixPath('/var/home/sam/src/pocketboot/target/a5u-smp-lab/20260911/ramoops-iommu/final-checks/round-18.log'))
Uploading '/var/home/sam/src/pocketboot/target/a5u-smp-lab/20260911/ramoops-iommu/final-checks/round-18.log' OKAY [  0.006s]
Finished. Total time: 0.006s
('stage', PosixPath('/var/home/sam/src/pocketboot/target/a5u-smp-lab/20260911/ramoops-iommu/final-checks/work.sh'))
Sending '/var/home/sam/src/pocketboot/target/a5u-smp-lab/20260911/ramoops-iommu/final-checks/work.sh' (0 KB) OKAY [  0.000s]
Finished. Total time: 0.000s
('oem', 'shell-staged')
(bootloader) shell exited 0; 1149 bytes staged
(bootloader) run fastboot get_staged /dev/stdout to view
OKAY [  0.756s]
Finished. Total time: 0.756s
('get_staged', PosixPath('/var/home/sam/src/pocketboot/target/a5u-smp-lab/20260911/ramoops-iommu/final-checks/round-19.log'))
Uploading '/var/home/sam/src/pocketboot/target/a5u-smp-lab/20260911/ramoops-iommu/final-checks/round-19.log' OKAY [  0.006s]
Finished. Total time: 0.006s
('stage', PosixPath('/var/home/sam/src/pocketboot/target/a5u-smp-lab/20260911/ramoops-iommu/final-checks/work.sh'))
Sending '/var/home/sam/src/pocketboot/target/a5u-smp-lab/20260911/ramoops-iommu/final-checks/work.sh' (0 KB) OKAY [  0.000s]
Finished. Total time: 0.000s
('oem', 'shell-staged')
(bootloader) shell exited 0; 1149 bytes staged
(bootloader) run fastboot get_staged /dev/stdout to view
OKAY [  0.756s]
Finished. Total time: 0.756s
('get_staged', PosixPath('/var/home/sam/src/pocketboot/target/a5u-smp-lab/20260911/ramoops-iommu/final-checks/round-20.log'))
Uploading '/var/home/sam/src/pocketboot/target/a5u-smp-lab/20260911/ramoops-iommu/final-checks/round-20.log' OKAY [  0.006s]
Finished. Total time: 0.006s
('oem', 'dmesg')
(bootloader) 1108 dmesg records staged (76937 bytes)
(bootloader) run fastboot get_staged /dev/stdout to view
OKAY [  0.026s]
Finished. Total time: 0.026s
('get_staged', PosixPath('/var/home/sam/src/pocketboot/target/a5u-smp-lab/20260911/ramoops-iommu/final-checks/final-dmesg.log'))
Uploading '/var/home/sam/src/pocketboot/target/a5u-smp-lab/20260911/ramoops-iommu/final-checks/final-dmesg.log' OKAY [  0.003s]
Finished. Total time: 0.003s
