[    0.000000] Booting Linux on physical CPU 0x0000000000 [0x410fd030]
[    0.000000] Linux version 7.1.0-rc6+ (sam@sam-desktop) (aarch64-linux-gnu-gcc (GCC) 16.1.1 20260501 (Red Hat Cross 16.1.1-1), GNU ld version 2.46-1.fc44) #51 SMP PREEMPT Fri Sep 11 18:06:09 AEST 2026
[    0.000000] Machine model: Samsung Galaxy A5U (EUR)
[    0.000000] OF: reserved mem: 0x000000008e600000..0x000000008e7fffff (2048 KiB) nomap non-reusable gps
[    0.000000] OF: reserved mem: 0x000000009ff80000..0x000000009fffffff (512 KiB) map non-reusable ramoops@9ff80000
[    0.000000] OF: reserved mem: 0x0000000086000000..0x00000000862fffff (3072 KiB) nomap non-reusable tz-apps@86000000
[    0.000000] OF: reserved mem: 0x0000000086300000..0x00000000863fffff (1024 KiB) nomap non-reusable smem@86300000
[    0.000000] OF: reserved mem: 0x0000000086400000..0x00000000864fffff (1024 KiB) nomap non-reusable hypervisor@86400000
[    0.000000] OF: reserved mem: 0x0000000086500000..0x000000008667ffff (1536 KiB) nomap non-reusable tz@86500000
[    0.000000] OF: reserved mem: 0x0000000086680000..0x00000000866fffff (512 KiB) nomap non-reusable reserved@86680000
[    0.000000] OF: reserved mem: 0x0000000086700000..0x00000000867dffff (896 KiB) nomap non-reusable rmtfs@86700000
[    0.000000] OF: reserved mem: 0x00000000867e0000..0x00000000867fffff (128 KiB) nomap non-reusable rfsa@867e0000
[    0.000000] OF: reserved mem: 0x0000000085500000..0x0000000085ffffff (11264 KiB) nomap non-reusable tz-apps@85500000
[    0.000000] OF: reserved mem: 0x000000008e000000..0x000000008e2a2fff (2700 KiB) nomap non-reusable framebuffer@8e000000
[    0.000000] OF: reserved mem: 0x00000000854ff000..0x00000000854fffff (4 KiB) nomap non-reusable spin-table@854ff000
[    0.000000] Zone ranges:
[    0.000000]   Normal   [mem 0x0000000080000000-0x00000000ffffffff]
[    0.000000] Movable zone start for each node
[    0.000000] Early memory node ranges
[    0.000000]   node   0: [mem 0x0000000080000000-0x00000000854fefff]
[    0.000000]   node   0: [mem 0x00000000854ff000-0x00000000867fffff]
[    0.000000]   node   0: [mem 0x0000000086800000-0x000000008dffffff]
[    0.000000]   node   0: [mem 0x000000008e000000-0x000000008e2a2fff]
[    0.000000]   node   0: [mem 0x000000008e2a3000-0x000000008e5fffff]
[    0.000000]   node   0: [mem 0x000000008e600000-0x000000008e7fffff]
[    0.000000]   node   0: [mem 0x000000008e800000-0x00000000ffffffff]
[    0.000000] Initmem setup node 0 [mem 0x0000000080000000-0x00000000ffffffff]
[    0.000000] percpu: Embedded 14 pages/cpu s28544 r0 d28800 u57344
[    0.000000] pcpu-alloc: s28544 r0 d28800 u57344 alloc=14*4096
[    0.000000] pcpu-alloc: [0] 0 [0] 1 [0] 2 [0] 3 
[    0.000000] Detected VIPT I-cache on CPU0
[    0.000000] CPU features: kernel page table isolation disabled by kernel configuration
[    0.000000] alternatives: applying boot alternatives
[    0.000000] Kernel command line: msm.skip_gpu=1 msm.separate_gpu_kms=1 panic=5 oops=panic printk.time=1 pocketboot.lab=kexec-generation-3-preboot-configured
[    0.000000] printk: log buffer data + meta data: 131072 + 458752 = 589824 bytes
[    0.000000] Dentry cache hash table entries: 262144 (order: 9, 2097152 bytes, linear)
[    0.000000] Inode-cache hash table entries: 131072 (order: 8, 1048576 bytes, linear)
[    0.000000] software IO TLB: SWIOTLB bounce buffer size adjusted to 2MB
[    0.000000] software IO TLB: area num 4.
[    0.000000] software IO TLB: mapped [mem 0x00000000fd600000-0x00000000fd800000] (2MB)
[    0.000000] Built 1 zonelists, mobility grouping on.  Total pages: 524288
[    0.000000] mem auto-init: stack:all(zero), heap alloc:off, heap free:off
[    0.000000] SLUB: HWalign=64, Order=0-3, MinObjects=0, CPUs=4, Nodes=1
[    0.000000] rcu: Hierarchical RCU implementation.
[    0.000000] rcu: RCU calculated value of scheduler-enlistment delay is 25 jiffies.
[    0.000000] NR_IRQS: 64, nr_irqs: 64, preallocated irqs: 0
[    0.000000] Root IRQ handler: gic_handle_irq
[    0.000000] rcu: srcu_init: Setting srcu_struct sizes based on contention.
[    0.000000] arch_timer: cp15 timer running at 19.20MHz (virt).
[    0.000000] clocksource: arch_sys_counter: mask: 0xffffffffffffff max_cycles: 0x46d987e47, max_idle_ns: 440795202767 ns
[    0.000000] sched_clock: 56 bits at 19MHz, resolution 52ns, wraps every 4398046511078ns
[    0.000086] Console: colour dummy device 80x25
[    0.000097] printk: legacy console [tty0] enabled
[    0.000724] Calibrating delay loop (skipped), value calculated using timer frequency.. 38.40 BogoMIPS (lpj=76800)
[    0.000756] pid_max: default: 32768 minimum: 301
[    0.000977] Mount-cache hash table entries: 4096 (order: 3, 32768 bytes, linear)
[    0.001018] Mountpoint-cache hash table entries: 4096 (order: 3, 32768 bytes, linear)
[    0.001386] VFS: Finished mounting rootfs on nullfs
[    0.002010] Pocketboot spin-table v1: persistent page at 0x00000000854ff000
[    0.002941] rcu: Hierarchical SRCU implementation.
[    0.002963] rcu: 	Max phase no-delay instances is 1000.
[    0.003454] smp: Bringing up secondary CPUs ...
[    0.003896] Detected VIPT I-cache on CPU1
[    0.004046] CPU1: Booted secondary processor 0x0000000001 [0x410fd030]
[    0.004541] Detected VIPT I-cache on CPU2
[    0.004677] CPU2: Booted secondary processor 0x0000000002 [0x410fd030]
[    0.005146] Detected VIPT I-cache on CPU3
[    0.005275] CPU3: Booted secondary processor 0x0000000003 [0x410fd030]
[    0.005365] smp: Brought up 1 node, 4 CPUs
[    0.005444] SMP: Total of 4 processors activated.
[    0.005459] CPU: All CPU(s) started at EL1
[    0.005474] CPU features: detected: 32-bit EL0 Support
[    0.005489] CPU features: detected: CRC32 instructions
[    0.005540] alternatives: applying system-wide alternatives
[    0.006417] Memory: 2014988K/2097152K available (5760K kernel code, 852K rwdata, 1712K rodata, 2624K init, 242K bss, 78900K reserved, 0K cma-reserved)
[    0.007070] devtmpfs: initialized
[    0.020874] clocksource: jiffies: mask: 0xffffffff max_cycles: 0xffffffff, max_idle_ns: 7645041785100000 ns
[    0.020945] posixtimers hash table entries: 2048 (order: 3, 32768 bytes, linear)
[    0.021047] futex hash table entries: 1024 (65536 bytes on 1 NUMA nodes, total 64 KiB, linear).
[    0.022078] NET: Registered PF_NETLINK/PF_ROUTE protocol family
[    0.022660] DMA: preallocated 256 KiB GFP_KERNEL pool for atomic allocations
[    0.024296] ASID allocator initialised with 65536 entries
[    0.025264] ramoops: error in header, 12
[    0.051135] ramoops: error in header, 13
[    0.077927] ramoops: error in header, 13
[    0.078294] ramoops: error in header, 12
[    0.078705] ramoops: error in header, 16
[    0.079122] ramoops: error in header, 17
[    0.079494] ramoops: error in header, 13
[    0.079930] ramoops: error in header, 18
[    0.080326] ramoops: error in header, 13
[    0.080799] ramoops: error in header, 22
[    0.081203] ramoops: error in header, 16
[    0.081567] ramoops: error in header, 12
[    0.081945] ramoops: error in header, 13
[    0.082311] ramoops: error in header, 12
[    0.082714] ramoops: error in header, 15
[    0.083084] ramoops: error in header, 13
[    0.083417] ramoops: error in header, 9
[    0.083779] ramoops: error in header, 12
[    0.084213] ramoops: error in header, 18
[    0.084629] ramoops: error in header, 17
[    0.084993] ramoops: error in header, 12
[    0.085307] ramoops: error in header, 7
[    0.085660] ramoops: error in header, 11
[    0.085934] ramoops: error in header, 3
[    0.086250] ramoops: error in header, 7
[    0.086630] ramoops: error in header, 13
[    0.087100] ramoops: error in header, 22
[    0.087406] ramoops: error in header, 6
[    0.087780] ramoops: error in header, 13
[    0.088155] ramoops: error in header, 12
[    0.088592] ramoops: error in header, 19
[    0.088936] ramoops: error in header, 10
[    0.246572] pstore: Using crash dump compression: deflate
[    0.246595] printk: legacy console [ramoops-1] enabled
[    0.280255] pstore: Registered ramoops as persistent store backend
[    0.280474] ramoops: using 0x80000@0x9ff80000, ecc: 64
[    0.289867] /soc@0/clock-controller@1800000: Fixed dependency cycle(s) with /soc@0/display-subsystem@1a00000/phy@1a98300
[    0.290336] /soc@0/display-subsystem@1a00000/display-controller@1a01000: Fixed dependency cycle(s) with /soc@0/display-subsystem@1a00000/dsi@1a98000
[    0.290774] /soc@0/display-subsystem@1a00000/dsi@1a98000: Fixed dependency cycle(s) with /soc@0/display-subsystem@1a00000/dsi@1a98000/panel@0
[    0.291206] /soc@0/display-subsystem@1a00000/dsi@1a98000: Fixed dependency cycle(s) with /soc@0/display-subsystem@1a00000/display-controller@1a01000
[    0.291683] /soc@0/display-subsystem@1a00000/dsi@1a98000/panel@0: Fixed dependency cycle(s) with /soc@0/display-subsystem@1a00000/dsi@1a98000
[    0.292296] /soc@0/display-subsystem@1a00000/phy@1a98300: Fixed dependency cycle(s) with /soc@0/clock-controller@1800000
[    0.292804] /soc@0/usb@78d9000: Fixed dependency cycle(s) with /soc@0/usb@78d9000/ulpi/phy
[    0.293242] /soc@0/usb@78d9000/ulpi/phy: Fixed dependency cycle(s) with /soc@0/usb@78d9000
[    0.293675] /soc@0/interrupt-controller@b000000: Fixed dependency cycle(s) with /soc@0/interrupt-controller@b000000
[    0.298048] /soc@0/clock-controller@1800000: Fixed dependency cycle(s) with /soc@0/display-subsystem@1a00000/phy@1a98300
[    0.302369] /soc@0/display-subsystem@1a00000/display-controller@1a01000: Fixed dependency cycle(s) with /soc@0/display-subsystem@1a00000/dsi@1a98000
[    0.302882] /soc@0/display-subsystem@1a00000/dsi@1a98000: Fixed dependency cycle(s) with /soc@0/display-subsystem@1a00000/dsi@1a98000/panel@0
[    0.303310] /soc@0/display-subsystem@1a00000/dsi@1a98000: Fixed dependency cycle(s) with /soc@0/display-subsystem@1a00000/display-controller@1a01000
[    0.303768] /soc@0/display-subsystem@1a00000/dsi@1a98000/panel@0: Fixed dependency cycle(s) with /soc@0/display-subsystem@1a00000/dsi@1a98000
[    0.307532] /soc@0/usb@78d9000: Fixed dependency cycle(s) with /soc@0/usb@78d9000/ulpi/phy
[    0.308024] /soc@0/usb@78d9000/ulpi/phy: Fixed dependency cycle(s) with /soc@0/usb@78d9000
[    0.314788] iommu: Default domain type: Translated
[    0.315029] iommu: DMA domain TLB invalidation policy: strict mode
[    0.317293] SCSI subsystem initialized
[    0.317652] usbcore: registered new interface driver usbfs
[    0.318113] usbcore: registered new interface driver hub
[    0.318371] usbcore: registered new device driver usb
[    0.319449] i2c-gpio i2c-muic: using lines 617 (SDA) and 618 (SCL)
[    0.320160] i2c-gpio i2c-tkey: using lines 528 (SDA) and 529 (SCL)
[    0.321044] i2c-gpio i2c-nfc: using lines 512 (SDA) and 513 (SCL)
[    0.321671] qcom_scm: convention: smc arm 32
[    0.347387] sm5502 0-0025: Device type: version: 0x0, vendor: 0x1
[    0.350616] clocksource: Switched to clocksource arch_sys_counter
[    0.358714] NET: Registered PF_UNIX/PF_LOCAL protocol family
[    0.367614] workingset: timestamp_bits=62 (anon: 58) max_order=19 bucket_order=0 (anon: 0)
[    0.376191] msm_serial 78b0000.serial: msm_serial: detected port #0
[    0.376674] msm_serial 78b0000.serial: uartclk = 3686400
[    0.377244] 78b0000.serial: ttyMSM0 at MMIO 0x78b0000 (irq = 31, base_baud = 230400) is a MSM
[    0.377686] msm_serial: console setup on port #0
[    0.377941] printk: legacy console [ttyMSM0] enabled
[    1.368200] msm_serial: driver initialized
[    1.395127] platform 1a01000.display-controller: Adding to iommu group 0
[    1.395741] /soc@0/display-subsystem@1a00000/display-controller@1a01000: Fixed dependency cycle(s) with /soc@0/display-subsystem@1a00000/dsi@1a98000
[    1.401901] /soc@0/display-subsystem@1a00000/display-controller@1a01000: Fixed dependency cycle(s) with /soc@0/display-subsystem@1a00000/dsi@1a98000
[    1.414771] /soc@0/display-subsystem@1a00000/dsi@1a98000: Fixed dependency cycle(s) with /soc@0/display-subsystem@1a00000/dsi@1a98000/panel@0
[    1.427882] /soc@0/display-subsystem@1a00000/dsi@1a98000: Fixed dependency cycle(s) with /soc@0/display-subsystem@1a00000/display-controller@1a01000
[    1.440703] /soc@0/display-subsystem@1a00000/dsi@1a98000/panel@0: Fixed dependency cycle(s) with /soc@0/display-subsystem@1a00000/dsi@1a98000
[    1.460604] loop: module loaded
[    1.466887] spmi_pmic_arb 200f000.spmi: PMIC arbiter version v2 (0x20010000)
[    1.502463] input: pwm-vibrator as /devices/platform/vibrator/input/input0
[    1.503460] i2c_qup 78b5000.i2c: using default clock-frequency 100000
[    1.509187] i2c_qup 78b6000.i2c: using default clock-frequency 100000
[    1.516047] i2c_qup 78b8000.i2c: using default clock-frequency 100000
[    1.522321] i2c_qup 78b9000.i2c: using default clock-frequency 100000
[    1.528759] i2c_qup 78ba000.i2c: using default clock-frequency 100000
[    1.538632] rt5033 7-0034: Device found (rev. 6)
[    1.542977] platform rt5033-charger: DMA mask not set
[    1.545766] rt5033-led: Failed to locate of_node [id: -1]
[    1.552121] input: pm8941_pwrkey as /devices/platform/soc@0/200f000.spmi/spmi-0/0-00/200f000.spmi:pmic@0:pon@800/200f000.spmi:pmic@0:pon@800:pwrkey/input/input1
[    1.557085] input: pm8941_resin as /devices/platform/soc@0/200f000.spmi/spmi-0/0-00/200f000.spmi:pmic@0:pon@800/200f000.spmi:pmic@0:pon@800:resin/input/input2
[    1.603464] clocksource: arch_mmio_counter: mask: 0xffffffffffffff max_cycles: 0x46d987e47, max_idle_ns: 440795202767 ns
[    1.603915] arch-timer-mmio b020000.timer: mmio timer running at 19.20MHz (virt)
[    1.636727] msm_mdp 1a01000.display-controller: No interconnect support may cause display underflows!
[    1.687215] msm_hsusb 78d9000.usb: Failed to create device link (0x180) with supplier remoteproc for /soc@0/usb@78d9000/ulpi/phy
[    1.692458] sdhci_msm 7864900.mmc: Got CD GPIO
[    1.705827] tm2-touchkey 1-0020: failed to get regulators: -517
[    1.706731] mms114 6-0048: Unable to get the IO regulator (-517)
[    1.715612] sdhci_msm 7864900.mmc: Got CD GPIO
[    1.726938] gcc-msm8916 1800000.clock-controller: sync_state() pending due to chosen:framebuffer@8e000000
[    1.727403] gcc-msm8916 1800000.clock-controller: sync_state() pending due to 7824900.mmc
[    1.735740] gcc-msm8916 1800000.clock-controller: sync_state() pending due to 7864900.mmc
[    1.743912] gcc-msm8916 1800000.clock-controller: sync_state() pending due to 1a98000.dsi
[    1.752250] gcc-msm8916 1800000.clock-controller: sync_state() pending due to 1a98300.phy
[    1.761231] input: GPIO Buttons as /devices/platform/gpio-keys/input/input4
[    1.769081] input: GPIO Hall Effect Sensor as /devices/platform/gpio-hall-sensor/input/input5
[    1.769167] tm2-touchkey 1-0020: failed to get regulators: -517
[    1.775820] clk: Disabling unused clocks
[    1.783959] mms114 6-0048: Unable to get the IO regulator (-517)
[    1.789558] PM: genpd: Disabling unused power domains
[    1.795610] sdhci_msm 7864900.mmc: Got CD GPIO
[    1.810766] tm2-touchkey 1-0020: failed to get regulators: -517
[    1.811608] mms114 6-0048: Unable to get the IO regulator (-517)
[    1.811634] s3: Bringing 0uV into 1250000-1250000uV
[    1.823051] s4: Bringing 0uV into 1850000-1850000uV
[    1.827111] l2: Bringing 0uV into 1200000-1200000uV
[    1.831626] tm2-touchkey 1-0020: failed to get regulators: -517
[    1.832379] l5: Bringing 0uV into 1800000-1800000uV
[    1.836496] mms114 6-0048: Unable to get the IO regulator (-517)
[    1.842427] l6: Bringing 0uV into 1800000-1800000uV
[    1.851639] sdhci_msm 7864900.mmc: Got CD GPIO
[    1.853396] l7: Bringing 0uV into 1800000-1800000uV
[    1.864838] l8: Bringing 0uV into 2900000-2900000uV
[    1.867667] l9: Bringing 0uV into 3300000-3300000uV
[    1.872536] l11: Bringing 0uV into 2950000-2950000uV
[    1.877331] l12: Bringing 0uV into 1800000-1800000uV
[    1.882343] l13: Bringing 0uV into 3075000-3075000uV
[    1.888105] l17: Bringing 0uV into 2850000-2850000uV
[    1.893794] Freeing unused kernel memory: 2624K
[    1.897200] Run /init as init process
[    1.901404]   with arguments:
[    1.901413]     /init
[    1.901420]   with environment:
[    1.901427]     HOME=/
[    1.901434]     TERM=linux
[    1.919843] file system registered
[    1.920413] read descriptors
[    1.922362] read strings
[    1.926053] read descriptors
[    1.928155] read strings
[    1.931363] Mass Storage Function, version: 2009/09/11
[    1.933289] LUN: removable file: (no medium)
[    1.938733] LUN: removable file: (no medium)
[    1.942907] LUN: removable file: (no medium)
[    1.947340] LUN: removable file: (no medium)
[    1.951412] LUN: removable file: (no medium)
[    1.955658] LUN: removable file: (no medium)
[    1.960101] LUN: removable file: (no medium)
[    1.964173] LUN: removable file: (no medium)
[    2.022835] input: tm2-touchkey as /devices/platform/i2c-tkey/i2c-1/1-0020/input/input9
[    2.025176] input: MELFAS MMS345 Touchscreen as /devices/platform/soc@0/78b9000.i2c/i2c-6/6-0048/input/input10
[    2.049020] sdhci_msm 7864900.mmc: Got CD GPIO
[    2.049361] /soc@0/display-subsystem@1a00000/dsi@1a98000: Fixed dependency cycle(s) with /soc@0/display-subsystem@1a00000/dsi@1a98000/panel@0
[    2.053123] /soc@0/display-subsystem@1a00000/dsi@1a98000/panel@0: Fixed dependency cycle(s) with /soc@0/display-subsystem@1a00000/dsi@1a98000
[    2.066778] msm_mdp 1a01000.display-controller: bound 1a98000.dsi (ops 0xffff8000806384a8)
[    2.078305] msm_mdp 1a01000.display-controller: [drm:mdp5_kms_init] MDP5 version v1.6
[    2.098630] mmc0: SDHCI controller on 7824900.mmc [7824900.mmc] using ADMA
[    2.103270] msm_mdp 1a01000.display-controller: fall back to the other CTL category for INTF 1!
[    2.105654] [drm] Initialized msm-kms 1.13.0 for 1a01000.display-controller on minor 0
[    2.122870] mmc1: SDHCI controller on 7864900.mmc [7864900.mmc] using ADMA
[    2.126889] msm_mdp 1a01000.display-controller: no GPU device was found
[    2.185468] mmc0: Card appears overclocked; req 177770000 Hz, actual 177777777 Hz
[    2.185931] mmc0: Card appears overclocked; req 177770000 Hz, actual 177777777 Hz
[    2.193011] mmc0: new HS200 MMC card at address 0001
[    2.200367] mmcblk0: mmc0:0001 Q313MB 14.7 GiB
[    2.207691]  mmcblk0: p1 p2 p3 p4 p5 p6 p7 p8 p9 p10 p11 p12 p13 p14 p15 p16 p17 p18 p19 p20 p21 p22 p23 p24 p25 p26
[    2.213021] mmcblk0boot0: mmc0:0001 Q313MB 4.00 MiB
[    2.220055] l13: voltage operation not allowed
[    2.221091] mmcblk0boot1: mmc0:0001 Q313MB 4.00 MiB
[    2.230108] mmcblk0rpmb: mmc0:0001 Q313MB 4.00 MiB, chardev (249:0)
[    2.354681] mms114 6-0048: TSP FW Rev: bootloader 0x6 / core 0x26 / config 0x26
[    2.407227] mmc1: new UHS-I speed SDR104 SDXC card at address aaaa
[    2.408159] mmcblk1: mmc1:aaaa SR128 119 GiB
[    2.417675] GPT:Primary header thinks Alt. header is not at the end of the disk.
[    2.417927] GPT:29337599 != 249737215
[    2.424582] GPT:Alternate GPT header not at the end of the disk.
[    2.427924] GPT:29337599 != 249737215
[    2.434166] GPT: Use GNU Parted to correct GPT errors.
[    2.437568]  mmcblk1: p1 p2 p3
[    2.688939] dsi_err_worker: status=4
[    2.689378] dsi_err_worker: status=0
[    2.694048] dsi_err_worker: status=4
[    2.695834] dsi_err_worker: status=4
[    2.700860] dsi_err_worker: status=4
[    2.703060] dsi_err_worker: status=4
[    2.706023] dsi_err_worker: status=0
[    2.831790] dsi_err_worker: status=4
[    2.833055] [drm:mdp5_irq_error_handler] *ERROR* errors: 04000000
[    2.975208] EXT4-fs (mmcblk1p2): orphan cleanup on readonly fs
[    2.976328] EXT4-fs (mmcblk1p2): mounted filesystem 5077d4c6-b4a5-4429-af95-ee9691dbb6ca ro without journal. Quota mode: disabled.
[    3.033114] [drm:mdp5_irq_error_handler] *ERROR* errors: 04000000
[    3.049785] [drm:mdp5_irq_error_handler] *ERROR* errors: 04000000
[    3.066456] [drm:mdp5_irq_error_handler] *ERROR* errors: 04000000
[    3.083122] [drm:mdp5_irq_error_handler] *ERROR* errors: 04000000
[    3.099789] [drm:mdp5_irq_error_handler] *ERROR* errors: 04000000
[    3.116456] [drm:mdp5_irq_error_handler] *ERROR* errors: 04000000
[    3.133124] [drm:mdp5_irq_error_handler] *ERROR* errors: 04000000
[    3.149791] [drm:mdp5_irq_error_handler] *ERROR* errors: 04000000
[    3.166458] [drm:mdp5_irq_error_handler] *ERROR* errors: 04000000
[    4.750637] random: crng init done
[    7.849947] mdp5_irq_error_handler: 280 callbacks suppressed
[    7.849963] [drm:mdp5_irq_error_handler] *ERROR* errors: 04000000
[    7.866621] [drm:mdp5_irq_error_handler] *ERROR* errors: 04000000
[    7.883279] [drm:mdp5_irq_error_handler] *ERROR* errors: 04000000
[    7.899946] [drm:mdp5_irq_error_handler] *ERROR* errors: 04000000
[    7.916613] [drm:mdp5_irq_error_handler] *ERROR* errors: 04000000
[    7.933280] [drm:mdp5_irq_error_handler] *ERROR* errors: 04000000
[    7.949947] [drm:mdp5_irq_error_handler] *ERROR* errors: 04000000
[    7.966624] [drm:mdp5_irq_error_handler] *ERROR* errors: 04000000
[    7.983280] [drm:mdp5_irq_error_handler] *ERROR* errors: 04000000
[    7.999949] [drm:mdp5_irq_error_handler] *ERROR* errors: 04000000
[   12.866776] mdp5_irq_error_handler: 291 callbacks suppressed
[   12.866790] [drm:mdp5_irq_error_handler] *ERROR* errors: 04000000
[   12.883443] [drm:mdp5_irq_error_handler] *ERROR* errors: 04000000
[   12.900109] [drm:mdp5_irq_error_handler] *ERROR* errors: 04000000
[   12.916776] [drm:mdp5_irq_error_handler] *ERROR* errors: 04000000
[   12.933442] [drm:mdp5_irq_error_handler] *ERROR* errors: 04000000
[   12.950112] [drm:mdp5_irq_error_handler] *ERROR* errors: 04000000
[   12.966776] [drm:mdp5_irq_error_handler] *ERROR* errors: 04000000
[   12.983445] [drm:mdp5_irq_error_handler] *ERROR* errors: 04000000
[   13.000113] [drm:mdp5_irq_error_handler] *ERROR* errors: 04000000
[   13.016781] [drm:mdp5_irq_error_handler] *ERROR* errors: 04000000
[   17.490629] rt5033-charger rt5033-charger: USB mode. connector type: 5
[   17.883608] mdp5_irq_error_handler: 291 callbacks suppressed
[   17.883619] [drm:mdp5_irq_error_handler] *ERROR* errors: 04000000
[   17.900274] [drm:mdp5_irq_error_handler] *ERROR* errors: 04000000
[   17.916941] [drm:mdp5_irq_error_handler] *ERROR* errors: 04000000
[   17.933608] [drm:mdp5_irq_error_handler] *ERROR* errors: 04000000
[   17.950276] [drm:mdp5_irq_error_handler] *ERROR* errors: 04000000
[   17.966942] [drm:mdp5_irq_error_handler] *ERROR* errors: 04000000
[   17.983609] [drm:mdp5_irq_error_handler] *ERROR* errors: 04000000
[   18.000277] [drm:mdp5_irq_error_handler] *ERROR* errors: 04000000
[   18.016944] [drm:mdp5_irq_error_handler] *ERROR* errors: 04000000
[   18.033608] [drm:mdp5_irq_error_handler] *ERROR* errors: 04000000
[   22.900440] mdp5_irq_error_handler: 291 callbacks suppressed
[   22.900452] [drm:mdp5_irq_error_handler] *ERROR* errors: 04000000
[   22.917105] [drm:mdp5_irq_error_handler] *ERROR* errors: 04000000
[   22.933772] [drm:mdp5_irq_error_handler] *ERROR* errors: 04000000
[   22.950439] [drm:mdp5_irq_error_handler] *ERROR* errors: 04000000
[   22.967103] [drm:mdp5_irq_error_handler] *ERROR* errors: 04000000
[   22.983774] [drm:mdp5_irq_error_handler] *ERROR* errors: 04000000
[   23.000440] [drm:mdp5_irq_error_handler] *ERROR* errors: 04000000
[   23.017107] [drm:mdp5_irq_error_handler] *ERROR* errors: 04000000
[   23.033775] [drm:mdp5_irq_error_handler] *ERROR* errors: 04000000
[   23.050442] [drm:mdp5_irq_error_handler] *ERROR* errors: 04000000
[   27.917271] mdp5_irq_error_handler: 291 callbacks suppressed
[   27.917283] [drm:mdp5_irq_error_handler] *ERROR* errors: 04000000
[   27.933936] [drm:mdp5_irq_error_handler] *ERROR* errors: 04000000
[   27.950603] [drm:mdp5_irq_error_handler] *ERROR* errors: 04000000
[   27.967269] [drm:mdp5_irq_error_handler] *ERROR* errors: 04000000
[   27.983937] [drm:mdp5_irq_error_handler] *ERROR* errors: 04000000
[   28.000603] [drm:mdp5_irq_error_handler] *ERROR* errors: 04000000
[   28.017271] [drm:mdp5_irq_error_handler] *ERROR* errors: 04000000
[   28.033939] [drm:mdp5_irq_error_handler] *ERROR* errors: 04000000
[   28.050606] [drm:mdp5_irq_error_handler] *ERROR* errors: 04000000
[   28.067273] [drm:mdp5_irq_error_handler] *ERROR* errors: 04000000
[   32.934101] mdp5_irq_error_handler: 291 callbacks suppressed
[   32.934113] [drm:mdp5_irq_error_handler] *ERROR* errors: 04000000
[   32.950764] [drm:mdp5_irq_error_handler] *ERROR* errors: 04000000
[   32.967434] [drm:mdp5_irq_error_handler] *ERROR* errors: 04000000
[   32.984102] [drm:mdp5_irq_error_handler] *ERROR* errors: 04000000
[   33.000768] [drm:mdp5_irq_error_handler] *ERROR* errors: 04000000
[   33.017435] [drm:mdp5_irq_error_handler] *ERROR* errors: 04000000
[   33.034102] [drm:mdp5_irq_error_handler] *ERROR* errors: 04000000
[   33.050764] [drm:mdp5_irq_error_handler] *ERROR* errors: 04000000
[   33.067438] [drm:mdp5_irq_error_handler] *ERROR* errors: 04000000
[   33.084104] [drm:mdp5_irq_error_handler] *ERROR* errors: 04000000
[   37.950932] mdp5_irq_error_handler: 291 callbacks suppressed
[   37.950942] [drm:mdp5_irq_error_handler] *ERROR* errors: 04000000
[   37.967598] [drm:mdp5_irq_error_handler] *ERROR* errors: 04000000
[   37.984263] [drm:mdp5_irq_error_handler] *ERROR* errors: 04000000
[   38.000933] [drm:mdp5_irq_error_handler] *ERROR* errors: 04000000
[   38.017600] [drm:mdp5_irq_error_handler] *ERROR* errors: 04000000
[   38.034266] [drm:mdp5_irq_error_handler] *ERROR* errors: 04000000
[   38.050933] [drm:mdp5_irq_error_handler] *ERROR* errors: 04000000
[   38.067601] [drm:mdp5_irq_error_handler] *ERROR* errors: 04000000
[   38.084269] [drm:mdp5_irq_error_handler] *ERROR* errors: 04000000
[   38.100935] [drm:mdp5_irq_error_handler] *ERROR* errors: 04000000
[   42.967763] mdp5_irq_error_handler: 291 callbacks suppressed
[   42.967773] [drm:mdp5_irq_error_handler] *ERROR* errors: 04000000
[   42.984429] [drm:mdp5_irq_error_handler] *ERROR* errors: 04000000
[   43.001095] [drm:mdp5_irq_error_handler] *ERROR* errors: 04000000
[   43.017763] [drm:mdp5_irq_error_handler] *ERROR* errors: 04000000
[   43.034429] [drm:mdp5_irq_error_handler] *ERROR* errors: 04000000
[   43.051097] [drm:mdp5_irq_error_handler] *ERROR* errors: 04000000
[   43.067764] [drm:mdp5_irq_error_handler] *ERROR* errors: 04000000
[   43.084432] [drm:mdp5_irq_error_handler] *ERROR* errors: 04000000
[   43.101098] [drm:mdp5_irq_error_handler] *ERROR* errors: 04000000
[   43.117766] [drm:mdp5_irq_error_handler] *ERROR* errors: 04000000
[   47.984594] mdp5_irq_error_handler: 291 callbacks suppressed
[   47.984605] [drm:mdp5_irq_error_handler] *ERROR* errors: 04000000
[   48.001260] [drm:mdp5_irq_error_handler] *ERROR* errors: 04000000
[   48.017923] [drm:mdp5_irq_error_handler] *ERROR* errors: 04000000
[   48.034594] [drm:mdp5_irq_error_handler] *ERROR* errors: 04000000
[   48.051261] [drm:mdp5_irq_error_handler] *ERROR* errors: 04000000
[   48.067928] [drm:mdp5_irq_error_handler] *ERROR* errors: 04000000
[   48.084595] [drm:mdp5_irq_error_handler] *ERROR* errors: 04000000
[   48.101263] [drm:mdp5_irq_error_handler] *ERROR* errors: 04000000
[   48.117930] [drm:mdp5_irq_error_handler] *ERROR* errors: 04000000
[   48.134597] [drm:mdp5_irq_error_handler] *ERROR* errors: 04000000
[   53.001424] mdp5_irq_error_handler: 291 callbacks suppressed
[   53.001435] [drm:mdp5_irq_error_handler] *ERROR* errors: 04000000
[   53.018090] [drm:mdp5_irq_error_handler] *ERROR* errors: 04000000
[   53.034757] [drm:mdp5_irq_error_handler] *ERROR* errors: 04000000
[   53.051425] [drm:mdp5_irq_error_handler] *ERROR* errors: 04000000
[   53.068092] [drm:mdp5_irq_error_handler] *ERROR* errors: 04000000
[   53.084758] [drm:mdp5_irq_error_handler] *ERROR* errors: 04000000
[   53.101426] [drm:mdp5_irq_error_handler] *ERROR* errors: 04000000
[   53.118093] [drm:mdp5_irq_error_handler] *ERROR* errors: 04000000
[   53.134759] [drm:mdp5_irq_error_handler] *ERROR* errors: 04000000
[   53.151428] [drm:mdp5_irq_error_handler] *ERROR* errors: 04000000
[   58.018255] mdp5_irq_error_handler: 291 callbacks suppressed
[   58.018266] [drm:mdp5_irq_error_handler] *ERROR* errors: 04000000
[   58.034922] [drm:mdp5_irq_error_handler] *ERROR* errors: 04000000
[   58.051589] [drm:mdp5_irq_error_handler] *ERROR* errors: 04000000
[   58.068255] [drm:mdp5_irq_error_handler] *ERROR* errors: 04000000
[   58.084919] [drm:mdp5_irq_error_handler] *ERROR* errors: 04000000
[   58.101589] [drm:mdp5_irq_error_handler] *ERROR* errors: 04000000
[   58.118257] [drm:mdp5_irq_error_handler] *ERROR* errors: 04000000
[   58.134925] [drm:mdp5_irq_error_handler] *ERROR* errors: 04000000
[   58.151592] [drm:mdp5_irq_error_handler] *ERROR* errors: 04000000
[   58.168260] [drm:mdp5_irq_error_handler] *ERROR* errors: 04000000
[   63.035084] mdp5_irq_error_handler: 291 callbacks suppressed
[   63.035094] [drm:mdp5_irq_error_handler] *ERROR* errors: 04000000
[   63.051753] [drm:mdp5_irq_error_handler] *ERROR* errors: 04000000
[   63.068420] [drm:mdp5_irq_error_handler] *ERROR* errors: 04000000
[   63.085087] [drm:mdp5_irq_error_handler] *ERROR* errors: 04000000
[   63.101754] [drm:mdp5_irq_error_handler] *ERROR* errors: 04000000
[   63.118420] [drm:mdp5_irq_error_handler] *ERROR* errors: 04000000
[   63.135088] [drm:mdp5_irq_error_handler] *ERROR* errors: 04000000
[   63.151755] [drm:mdp5_irq_error_handler] *ERROR* errors: 04000000
[   63.168422] [drm:mdp5_irq_error_handler] *ERROR* errors: 04000000
[   63.185090] [drm:mdp5_irq_error_handler] *ERROR* errors: 04000000
[   68.051918] mdp5_irq_error_handler: 291 callbacks suppressed
[   68.051928] [drm:mdp5_irq_error_handler] *ERROR* errors: 04000000
[   68.068582] [drm:mdp5_irq_error_handler] *ERROR* errors: 04000000
[   68.085250] [drm:mdp5_irq_error_handler] *ERROR* errors: 04000000
[   68.101917] [drm:mdp5_irq_error_handler] *ERROR* errors: 04000000
[   68.118585] [drm:mdp5_irq_error_handler] *ERROR* errors: 04000000
[   68.135252] [drm:mdp5_irq_error_handler] *ERROR* errors: 04000000
[   68.151918] [drm:mdp5_irq_error_handler] *ERROR* errors: 04000000
[   68.168584] [drm:mdp5_irq_error_handler] *ERROR* errors: 04000000
[   68.185254] [drm:mdp5_irq_error_handler] *ERROR* errors: 04000000
[   68.201920] [drm:mdp5_irq_error_handler] *ERROR* errors: 04000000
[   73.068748] mdp5_irq_error_handler: 291 callbacks suppressed
[   73.068759] [drm:mdp5_irq_error_handler] *ERROR* errors: 04000000
[   73.085414] [drm:mdp5_irq_error_handler] *ERROR* errors: 04000000
[   73.102081] [drm:mdp5_irq_error_handler] *ERROR* errors: 04000000
[   73.118745] [drm:mdp5_irq_error_handler] *ERROR* errors: 04000000
[   73.135416] [drm:mdp5_irq_error_handler] *ERROR* errors: 04000000
[   73.152082] [drm:mdp5_irq_error_handler] *ERROR* errors: 04000000
[   73.168751] [drm:mdp5_irq_error_handler] *ERROR* errors: 04000000
[   73.185417] [drm:mdp5_irq_error_handler] *ERROR* errors: 04000000
[   73.202084] [drm:mdp5_irq_error_handler] *ERROR* errors: 04000000
[   73.218750] [drm:mdp5_irq_error_handler] *ERROR* errors: 04000000
[   78.085579] mdp5_irq_error_handler: 291 callbacks suppressed
[   78.085590] [drm:mdp5_irq_error_handler] *ERROR* errors: 04000000
[   78.102245] [drm:mdp5_irq_error_handler] *ERROR* errors: 04000000
[   78.118914] [drm:mdp5_irq_error_handler] *ERROR* errors: 04000000
[   78.135580] [drm:mdp5_irq_error_handler] *ERROR* errors: 04000000
[   78.152247] [drm:mdp5_irq_error_handler] *ERROR* errors: 04000000
[   78.168914] [drm:mdp5_irq_error_handler] *ERROR* errors: 04000000
[   78.185581] [drm:mdp5_irq_error_handler] *ERROR* errors: 04000000
[   78.202249] [drm:mdp5_irq_error_handler] *ERROR* errors: 04000000
[   78.218916] [drm:mdp5_irq_error_handler] *ERROR* errors: 04000000
[   78.235583] [drm:mdp5_irq_error_handler] *ERROR* errors: 04000000
[   83.102412] mdp5_irq_error_handler: 291 callbacks suppressed
[   83.102426] [drm:mdp5_irq_error_handler] *ERROR* errors: 04000000
[   83.119073] [drm:mdp5_irq_error_handler] *ERROR* errors: 04000000
[   83.135744] [drm:mdp5_irq_error_handler] *ERROR* errors: 04000000
[   83.152411] [drm:mdp5_irq_error_handler] *ERROR* errors: 04000000
[   83.169077] [drm:mdp5_irq_error_handler] *ERROR* errors: 04000000
[   83.185746] [drm:mdp5_irq_error_handler] *ERROR* errors: 04000000
[   83.202413] [drm:mdp5_irq_error_handler] *ERROR* errors: 04000000
[   83.219079] [drm:mdp5_irq_error_handler] *ERROR* errors: 04000000
[   83.235746] [drm:mdp5_irq_error_handler] *ERROR* errors: 04000000
[   83.252413] [drm:mdp5_irq_error_handler] *ERROR* errors: 04000000
[   88.119241] mdp5_irq_error_handler: 291 callbacks suppressed
[   88.119252] [drm:mdp5_irq_error_handler] *ERROR* errors: 04000000
[   88.135907] [drm:mdp5_irq_error_handler] *ERROR* errors: 04000000
[   88.152574] [drm:mdp5_irq_error_handler] *ERROR* errors: 04000000
[   88.169241] [drm:mdp5_irq_error_handler] *ERROR* errors: 04000000
[   88.185910] [drm:mdp5_irq_error_handler] *ERROR* errors: 04000000
[   88.202575] [drm:mdp5_irq_error_handler] *ERROR* errors: 04000000
[   88.219243] [drm:mdp5_irq_error_handler] *ERROR* errors: 04000000
[   88.235907] [drm:mdp5_irq_error_handler] *ERROR* errors: 04000000
[   88.252577] [drm:mdp5_irq_error_handler] *ERROR* errors: 04000000
[   88.269246] [drm:mdp5_irq_error_handler] *ERROR* errors: 04000000
[   93.136072] mdp5_irq_error_handler: 291 callbacks suppressed
[   93.136083] [drm:mdp5_irq_error_handler] *ERROR* errors: 04000000
[   93.152738] [drm:mdp5_irq_error_handler] *ERROR* errors: 04000000
[   93.169403] [drm:mdp5_irq_error_handler] *ERROR* errors: 04000000
[   93.186072] [drm:mdp5_irq_error_handler] *ERROR* errors: 04000000
[   93.202737] [drm:mdp5_irq_error_handler] *ERROR* errors: 04000000
[   93.219407] [drm:mdp5_irq_error_handler] *ERROR* errors: 04000000
[   93.236073] [drm:mdp5_irq_error_handler] *ERROR* errors: 04000000
[   93.252742] [drm:mdp5_irq_error_handler] *ERROR* errors: 04000000
[   93.269408] [drm:mdp5_irq_error_handler] *ERROR* errors: 04000000
[   93.286075] [drm:mdp5_irq_error_handler] *ERROR* errors: 04000000
[   98.152905] mdp5_irq_error_handler: 291 callbacks suppressed
[   98.152919] [drm:mdp5_irq_error_handler] *ERROR* errors: 04000000
[   98.169569] [drm:mdp5_irq_error_handler] *ERROR* errors: 04000000
[   98.186236] [drm:mdp5_irq_error_handler] *ERROR* errors: 04000000
[   98.202902] [drm:mdp5_irq_error_handler] *ERROR* errors: 04000000
[   98.219570] [drm:mdp5_irq_error_handler] *ERROR* errors: 04000000
[   98.236237] [drm:mdp5_irq_error_handler] *ERROR* errors: 04000000
[   98.252905] [drm:mdp5_irq_error_handler] *ERROR* errors: 04000000
[   98.269573] [drm:mdp5_irq_error_handler] *ERROR* errors: 04000000
[   98.286239] [drm:mdp5_irq_error_handler] *ERROR* errors: 04000000
[   98.302904] [drm:mdp5_irq_error_handler] *ERROR* errors: 04000000
[  103.169734] mdp5_irq_error_handler: 291 callbacks suppressed
[  103.169745] [drm:mdp5_irq_error_handler] *ERROR* errors: 04000000
[  103.186399] [drm:mdp5_irq_error_handler] *ERROR* errors: 04000000
[  103.203066] [drm:mdp5_irq_error_handler] *ERROR* errors: 04000000
[  103.219734] [drm:mdp5_irq_error_handler] *ERROR* errors: 04000000
[  103.236401] [drm:mdp5_irq_error_handler] *ERROR* errors: 04000000
[  103.253065] [drm:mdp5_irq_error_handler] *ERROR* errors: 04000000
[  103.269736] [drm:mdp5_irq_error_handler] *ERROR* errors: 04000000
[  103.286402] [drm:mdp5_irq_error_handler] *ERROR* errors: 04000000
[  103.303071] [drm:mdp5_irq_error_handler] *ERROR* errors: 04000000
[  103.319737] [drm:mdp5_irq_error_handler] *ERROR* errors: 04000000
[  108.186566] mdp5_irq_error_handler: 291 callbacks suppressed
[  108.186576] [drm:mdp5_irq_error_handler] *ERROR* errors: 04000000
[  108.203230] [drm:mdp5_irq_error_handler] *ERROR* errors: 04000000
[  108.219897] [drm:mdp5_irq_error_handler] *ERROR* errors: 04000000
[  108.236564] [drm:mdp5_irq_error_handler] *ERROR* errors: 04000000
[  108.253232] [drm:mdp5_irq_error_handler] *ERROR* errors: 04000000
[  108.269899] [drm:mdp5_irq_error_handler] *ERROR* errors: 04000000
[  108.286567] [drm:mdp5_irq_error_handler] *ERROR* errors: 04000000
[  108.303234] [drm:mdp5_irq_error_handler] *ERROR* errors: 04000000
[  108.319901] [drm:mdp5_irq_error_handler] *ERROR* errors: 04000000
[  108.336568] [drm:mdp5_irq_error_handler] *ERROR* errors: 04000000
[  113.186728] mdp5_irq_error_handler: 290 callbacks suppressed
[  113.186743] [drm:mdp5_irq_error_handler] *ERROR* errors: 04000000
[  113.203394] [drm:mdp5_irq_error_handler] *ERROR* errors: 04000000
[  113.220062] [drm:mdp5_irq_error_handler] *ERROR* errors: 04000000
[  113.236729] [drm:mdp5_irq_error_handler] *ERROR* errors: 04000000
[  113.253396] [drm:mdp5_irq_error_handler] *ERROR* errors: 04000000
[  113.270064] [drm:mdp5_irq_error_handler] *ERROR* errors: 04000000
[  113.286727] [drm:mdp5_irq_error_handler] *ERROR* errors: 04000000
[  113.303394] [drm:mdp5_irq_error_handler] *ERROR* errors: 04000000
[  113.320065] [drm:mdp5_irq_error_handler] *ERROR* errors: 04000000
[  113.336732] [drm:mdp5_irq_error_handler] *ERROR* errors: 04000000
[  118.203560] mdp5_irq_error_handler: 291 callbacks suppressed
[  118.203570] [drm:mdp5_irq_error_handler] *ERROR* errors: 04000000
[  118.220225] [drm:mdp5_irq_error_handler] *ERROR* errors: 04000000
[  118.236892] [drm:mdp5_irq_error_handler] *ERROR* errors: 04000000
[  118.253558] [drm:mdp5_irq_error_handler] *ERROR* errors: 04000000
[  118.270227] [drm:mdp5_irq_error_handler] *ERROR* errors: 04000000
[  118.286894] [drm:mdp5_irq_error_handler] *ERROR* errors: 04000000
[  118.303561] [drm:mdp5_irq_error_handler] *ERROR* errors: 04000000
[  118.320228] [drm:mdp5_irq_error_handler] *ERROR* errors: 04000000
[  118.336895] [drm:mdp5_irq_error_handler] *ERROR* errors: 04000000
[  118.353563] [drm:mdp5_irq_error_handler] *ERROR* errors: 04000000
[  123.220391] mdp5_irq_error_handler: 291 callbacks suppressed
[  123.220402] [drm:mdp5_irq_error_handler] *ERROR* errors: 04000000
[  123.237058] [drm:mdp5_irq_error_handler] *ERROR* errors: 04000000
[  123.253725] [drm:mdp5_irq_error_handler] *ERROR* errors: 04000000
[  123.270391] [drm:mdp5_irq_error_handler] *ERROR* errors: 04000000
[  123.287058] [drm:mdp5_irq_error_handler] *ERROR* errors: 04000000
[  123.303725] [drm:mdp5_irq_error_handler] *ERROR* errors: 04000000
[  123.320392] [drm:mdp5_irq_error_handler] *ERROR* errors: 04000000
[  123.337059] [drm:mdp5_irq_error_handler] *ERROR* errors: 04000000
[  123.353727] [drm:mdp5_irq_error_handler] *ERROR* errors: 04000000
[  123.370394] [drm:mdp5_irq_error_handler] *ERROR* errors: 04000000
[  128.237223] mdp5_irq_error_handler: 291 callbacks suppressed
[  128.237237] [drm:mdp5_irq_error_handler] *ERROR* errors: 04000000
[  128.253887] [drm:mdp5_irq_error_handler] *ERROR* errors: 04000000
[  128.270555] [drm:mdp5_irq_error_handler] *ERROR* errors: 04000000
[  128.287221] [drm:mdp5_irq_error_handler] *ERROR* errors: 04000000
[  128.303885] [drm:mdp5_irq_error_handler] *ERROR* errors: 04000000
[  128.320556] [drm:mdp5_irq_error_handler] *ERROR* errors: 04000000
[  128.337223] [drm:mdp5_irq_error_handler] *ERROR* errors: 04000000
[  128.353890] [drm:mdp5_irq_error_handler] *ERROR* errors: 04000000
[  128.370557] [drm:mdp5_irq_error_handler] *ERROR* errors: 04000000
[  128.387224] [drm:mdp5_irq_error_handler] *ERROR* errors: 04000000
[  133.254052] mdp5_irq_error_handler: 291 callbacks suppressed
[  133.254063] [drm:mdp5_irq_error_handler] *ERROR* errors: 04000000
[  133.270716] [drm:mdp5_irq_error_handler] *ERROR* errors: 04000000
[  133.287386] [drm:mdp5_irq_error_handler] *ERROR* errors: 04000000
[  133.304052] [drm:mdp5_irq_error_handler] *ERROR* errors: 04000000
[  133.320720] [drm:mdp5_irq_error_handler] *ERROR* errors: 04000000
[  133.337387] [drm:mdp5_irq_error_handler] *ERROR* errors: 04000000
[  133.354054] [drm:mdp5_irq_error_handler] *ERROR* errors: 04000000
[  133.370720] [drm:mdp5_irq_error_handler] *ERROR* errors: 04000000
[  133.387388] [drm:mdp5_irq_error_handler] *ERROR* errors: 04000000
[  133.404056] [drm:mdp5_irq_error_handler] *ERROR* errors: 04000000
[  138.270883] mdp5_irq_error_handler: 291 callbacks suppressed
[  138.270893] [drm:mdp5_irq_error_handler] *ERROR* errors: 04000000
[  138.287549] [drm:mdp5_irq_error_handler] *ERROR* errors: 04000000
[  138.304216] [drm:mdp5_irq_error_handler] *ERROR* errors: 04000000
[  138.320884] [drm:mdp5_irq_error_handler] *ERROR* errors: 04000000
[  138.337551] [drm:mdp5_irq_error_handler] *ERROR* errors: 04000000
[  138.354218] [drm:mdp5_irq_error_handler] *ERROR* errors: 04000000
[  138.370883] [drm:mdp5_irq_error_handler] *ERROR* errors: 04000000
[  138.387553] [drm:mdp5_irq_error_handler] *ERROR* errors: 04000000
[  138.404219] [drm:mdp5_irq_error_handler] *ERROR* errors: 04000000
[  138.420887] [drm:mdp5_irq_error_handler] *ERROR* errors: 04000000
[  143.287716] mdp5_irq_error_handler: 291 callbacks suppressed
[  143.287731] [drm:mdp5_irq_error_handler] *ERROR* errors: 04000000
[  143.304377] [drm:mdp5_irq_error_handler] *ERROR* errors: 04000000
[  143.321048] [drm:mdp5_irq_error_handler] *ERROR* errors: 04000000
[  143.337714] [drm:mdp5_irq_error_handler] *ERROR* errors: 04000000
[  143.354382] [drm:mdp5_irq_error_handler] *ERROR* errors: 04000000
[  143.371048] [drm:mdp5_irq_error_handler] *ERROR* errors: 04000000
[  143.387716] [drm:mdp5_irq_error_handler] *ERROR* errors: 04000000
[  143.404383] [drm:mdp5_irq_error_handler] *ERROR* errors: 04000000
[  143.421050] [drm:mdp5_irq_error_handler] *ERROR* errors: 04000000
[  143.437717] [drm:mdp5_irq_error_handler] *ERROR* errors: 04000000
[  148.304546] mdp5_irq_error_handler: 291 callbacks suppressed
[  148.304556] [drm:mdp5_irq_error_handler] *ERROR* errors: 04000000
[  148.321211] [drm:mdp5_irq_error_handler] *ERROR* errors: 04000000
[  148.337878] [drm:mdp5_irq_error_handler] *ERROR* errors: 04000000
[  148.354545] [drm:mdp5_irq_error_handler] *ERROR* errors: 04000000
[  148.371212] [drm:mdp5_irq_error_handler] *ERROR* errors: 04000000
[  148.387879] [drm:mdp5_irq_error_handler] *ERROR* errors: 04000000
[  148.404544] [drm:mdp5_irq_error_handler] *ERROR* errors: 04000000
[  148.421215] [drm:mdp5_irq_error_handler] *ERROR* errors: 04000000
[  148.437882] [drm:mdp5_irq_error_handler] *ERROR* errors: 04000000
[  148.454548] [drm:mdp5_irq_error_handler] *ERROR* errors: 04000000
[  153.321377] mdp5_irq_error_handler: 291 callbacks suppressed
[  153.321387] [drm:mdp5_irq_error_handler] *ERROR* errors: 04000000
[  153.338040] [drm:mdp5_irq_error_handler] *ERROR* errors: 04000000
[  153.354707] [drm:mdp5_irq_error_handler] *ERROR* errors: 04000000
[  153.371376] [drm:mdp5_irq_error_handler] *ERROR* errors: 04000000
[  153.388043] [drm:mdp5_irq_error_handler] *ERROR* errors: 04000000
[  153.404710] [drm:mdp5_irq_error_handler] *ERROR* errors: 04000000
[  153.421377] [drm:mdp5_irq_error_handler] *ERROR* errors: 04000000
[  153.438045] [drm:mdp5_irq_error_handler] *ERROR* errors: 04000000
[  153.454710] [drm:mdp5_irq_error_handler] *ERROR* errors: 04000000
[  153.471380] [drm:mdp5_irq_error_handler] *ERROR* errors: 04000000
[  158.338209] mdp5_irq_error_handler: 291 callbacks suppressed
[  158.338223] [drm:mdp5_irq_error_handler] *ERROR* errors: 04000000
[  158.354874] [drm:mdp5_irq_error_handler] *ERROR* errors: 04000000
[  158.371542] [drm:mdp5_irq_error_handler] *ERROR* errors: 04000000
[  158.388208] [drm:mdp5_irq_error_handler] *ERROR* errors: 04000000
[  158.404874] [drm:mdp5_irq_error_handler] *ERROR* errors: 04000000
[  158.421541] [drm:mdp5_irq_error_handler] *ERROR* errors: 04000000
[  158.438205] [drm:mdp5_irq_error_handler] *ERROR* errors: 04000000
[  158.454876] [drm:mdp5_irq_error_handler] *ERROR* errors: 04000000
[  158.471544] [drm:mdp5_irq_error_handler] *ERROR* errors: 04000000
[  158.488210] [drm:mdp5_irq_error_handler] *ERROR* errors: 04000000
[  163.355035] mdp5_irq_error_handler: 291 callbacks suppressed
[  163.355046] [drm:mdp5_irq_error_handler] *ERROR* errors: 04000000
[  163.371704] [drm:mdp5_irq_error_handler] *ERROR* errors: 04000000
[  163.388371] [drm:mdp5_irq_error_handler] *ERROR* errors: 04000000
[  163.405039] [drm:mdp5_irq_error_handler] *ERROR* errors: 04000000
[  163.421705] [drm:mdp5_irq_error_handler] *ERROR* errors: 04000000
[  163.438374] [drm:mdp5_irq_error_handler] *ERROR* errors: 04000000
[  163.455040] [drm:mdp5_irq_error_handler] *ERROR* errors: 04000000
[  163.471707] [drm:mdp5_irq_error_handler] *ERROR* errors: 04000000
[  163.488374] [drm:mdp5_irq_error_handler] *ERROR* errors: 04000000
[  163.505041] [drm:mdp5_irq_error_handler] *ERROR* errors: 04000000
[  168.371869] mdp5_irq_error_handler: 291 callbacks suppressed
[  168.371880] [drm:mdp5_irq_error_handler] *ERROR* errors: 04000000
[  168.388534] [drm:mdp5_irq_error_handler] *ERROR* errors: 04000000
[  168.405202] [drm:mdp5_irq_error_handler] *ERROR* errors: 04000000
[  168.421869] [drm:mdp5_irq_error_handler] *ERROR* errors: 04000000
[  168.438534] [drm:mdp5_irq_error_handler] *ERROR* errors: 04000000
[  168.455203] [drm:mdp5_irq_error_handler] *ERROR* errors: 04000000
[  168.471870] [drm:mdp5_irq_error_handler] *ERROR* errors: 04000000
[  168.488538] [drm:mdp5_irq_error_handler] *ERROR* errors: 04000000
[  168.505205] [drm:mdp5_irq_error_handler] *ERROR* errors: 04000000
[  168.521873] [drm:mdp5_irq_error_handler] *ERROR* errors: 04000000
[  173.388701] mdp5_irq_error_handler: 291 callbacks suppressed
[  173.388715] [drm:mdp5_irq_error_handler] *ERROR* errors: 04000000
[  173.405366] [drm:mdp5_irq_error_handler] *ERROR* errors: 04000000
[  173.422032] [drm:mdp5_irq_error_handler] *ERROR* errors: 04000000
[  173.438700] [drm:mdp5_irq_error_handler] *ERROR* errors: 04000000
[  173.455368] [drm:mdp5_irq_error_handler] *ERROR* errors: 04000000
[  173.472035] [drm:mdp5_irq_error_handler] *ERROR* errors: 04000000
[  173.488701] [drm:mdp5_irq_error_handler] *ERROR* errors: 04000000
[  173.505368] [drm:mdp5_irq_error_handler] *ERROR* errors: 04000000
[  173.522036] [drm:mdp5_irq_error_handler] *ERROR* errors: 04000000
[  173.538701] [drm:mdp5_irq_error_handler] *ERROR* errors: 04000000
[  178.405532] mdp5_irq_error_handler: 291 callbacks suppressed
[  178.405544] [drm:mdp5_irq_error_handler] *ERROR* errors: 04000000
[  178.422196] [drm:mdp5_irq_error_handler] *ERROR* errors: 04000000
[  178.438864] [drm:mdp5_irq_error_handler] *ERROR* errors: 04000000
[  178.455531] [drm:mdp5_irq_error_handler] *ERROR* errors: 04000000
[  178.472194] [drm:mdp5_irq_error_handler] *ERROR* errors: 04000000
[  178.488866] [drm:mdp5_irq_error_handler] *ERROR* errors: 04000000
[  178.505532] [drm:mdp5_irq_error_handler] *ERROR* errors: 04000000
[  178.522200] [drm:mdp5_irq_error_handler] *ERROR* errors: 04000000
[  178.538867] [drm:mdp5_irq_error_handler] *ERROR* errors: 04000000
[  178.555534] [drm:mdp5_irq_error_handler] *ERROR* errors: 04000000
[  183.422363] mdp5_irq_error_handler: 291 callbacks suppressed
[  183.422373] [drm:mdp5_irq_error_handler] *ERROR* errors: 04000000
[  183.439028] [drm:mdp5_irq_error_handler] *ERROR* errors: 04000000
[  183.455695] [drm:mdp5_irq_error_handler] *ERROR* errors: 04000000
[  183.472362] [drm:mdp5_irq_error_handler] *ERROR* errors: 04000000
[  183.489029] [drm:mdp5_irq_error_handler] *ERROR* errors: 04000000
[  183.505696] [drm:mdp5_irq_error_handler] *ERROR* errors: 04000000
[  183.522364] [drm:mdp5_irq_error_handler] *ERROR* errors: 04000000
[  183.539030] [drm:mdp5_irq_error_handler] *ERROR* errors: 04000000
[  183.555698] [drm:mdp5_irq_error_handler] *ERROR* errors: 04000000
[  183.572366] [drm:mdp5_irq_error_handler] *ERROR* errors: 04000000
[  188.439194] mdp5_irq_error_handler: 291 callbacks suppressed
[  188.439209] [drm:mdp5_irq_error_handler] *ERROR* errors: 04000000
[  188.455859] [drm:mdp5_irq_error_handler] *ERROR* errors: 04000000
[  188.472526] [drm:mdp5_irq_error_handler] *ERROR* errors: 04000000
[  188.489193] [drm:mdp5_irq_error_handler] *ERROR* errors: 04000000
[  188.505859] [drm:mdp5_irq_error_handler] *ERROR* errors: 04000000
[  188.522528] [drm:mdp5_irq_error_handler] *ERROR* errors: 04000000
[  188.539195] [drm:mdp5_irq_error_handler] *ERROR* errors: 04000000
[  188.555861] [drm:mdp5_irq_error_handler] *ERROR* errors: 04000000
[  188.572527] [drm:mdp5_irq_error_handler] *ERROR* errors: 04000000
[  188.589196] [drm:mdp5_irq_error_handler] *ERROR* errors: 04000000
[  193.456024] mdp5_irq_error_handler: 291 callbacks suppressed
[  193.456035] [drm:mdp5_irq_error_handler] *ERROR* errors: 04000000
[  193.472690] [drm:mdp5_irq_error_handler] *ERROR* errors: 04000000
[  193.489356] [drm:mdp5_irq_error_handler] *ERROR* errors: 04000000
[  193.506021] [drm:mdp5_irq_error_handler] *ERROR* errors: 04000000
[  193.522688] [drm:mdp5_irq_error_handler] *ERROR* errors: 04000000
[  193.539358] [drm:mdp5_irq_error_handler] *ERROR* errors: 04000000
[  193.556025] [drm:mdp5_irq_error_handler] *ERROR* errors: 04000000
[  193.572693] [drm:mdp5_irq_error_handler] *ERROR* errors: 04000000
[  193.589360] [drm:mdp5_irq_error_handler] *ERROR* errors: 04000000
[  193.606027] [drm:mdp5_irq_error_handler] *ERROR* errors: 04000000
[  198.472854] mdp5_irq_error_handler: 291 callbacks suppressed
[  198.472865] [drm:mdp5_irq_error_handler] *ERROR* errors: 04000000
[  198.489521] [drm:mdp5_irq_error_handler] *ERROR* errors: 04000000
[  198.506187] [drm:mdp5_irq_error_handler] *ERROR* errors: 04000000
[  198.522854] [drm:mdp5_irq_error_handler] *ERROR* errors: 04000000
[  198.539522] [drm:mdp5_irq_error_handler] *ERROR* errors: 04000000
[  198.556189] [drm:mdp5_irq_error_handler] *ERROR* errors: 04000000
[  198.572856] [drm:mdp5_irq_error_handler] *ERROR* errors: 04000000
[  198.589524] [drm:mdp5_irq_error_handler] *ERROR* errors: 04000000
[  198.606191] [drm:mdp5_irq_error_handler] *ERROR* errors: 04000000
[  198.622858] [drm:mdp5_irq_error_handler] *ERROR* errors: 04000000
[  203.489687] mdp5_irq_error_handler: 291 callbacks suppressed
[  203.489701] [drm:mdp5_irq_error_handler] *ERROR* errors: 04000000
[  203.506353] [drm:mdp5_irq_error_handler] *ERROR* errors: 04000000
[  203.523019] [drm:mdp5_irq_error_handler] *ERROR* errors: 04000000
[  203.539686] [drm:mdp5_irq_error_handler] *ERROR* errors: 04000000
[  203.556353] [drm:mdp5_irq_error_handler] *ERROR* errors: 04000000
[  203.573020] [drm:mdp5_irq_error_handler] *ERROR* errors: 04000000
[  203.589687] [drm:mdp5_irq_error_handler] *ERROR* errors: 04000000
[  203.606352] [drm:mdp5_irq_error_handler] *ERROR* errors: 04000000
[  203.623022] [drm:mdp5_irq_error_handler] *ERROR* errors: 04000000
[  203.639689] [drm:mdp5_irq_error_handler] *ERROR* errors: 04000000
[  208.506517] mdp5_irq_error_handler: 291 callbacks suppressed
[  208.506527] [drm:mdp5_irq_error_handler] *ERROR* errors: 04000000
[  208.523183] [drm:mdp5_irq_error_handler] *ERROR* errors: 04000000
[  208.539849] [drm:mdp5_irq_error_handler] *ERROR* errors: 04000000
[  208.556513] [drm:mdp5_irq_error_handler] *ERROR* errors: 04000000
[  208.573184] [drm:mdp5_irq_error_handler] *ERROR* errors: 04000000
[  208.589851] [drm:mdp5_irq_error_handler] *ERROR* errors: 04000000
[  208.606518] [drm:mdp5_irq_error_handler] *ERROR* errors: 04000000
[  208.623186] [drm:mdp5_irq_error_handler] *ERROR* errors: 04000000
[  208.639853] [drm:mdp5_irq_error_handler] *ERROR* errors: 04000000
[  208.656521] [drm:mdp5_irq_error_handler] *ERROR* errors: 04000000
[  213.506677] mdp5_irq_error_handler: 290 callbacks suppressed
[  213.506687] [drm:mdp5_irq_error_handler] *ERROR* errors: 04000000
[  213.523346] [drm:mdp5_irq_error_handler] *ERROR* errors: 04000000
[  213.540013] [drm:mdp5_irq_error_handler] *ERROR* errors: 04000000
[  213.556680] [drm:mdp5_irq_error_handler] *ERROR* errors: 04000000
[  213.573348] [drm:mdp5_irq_error_handler] *ERROR* errors: 04000000
[  213.590014] [drm:mdp5_irq_error_handler] *ERROR* errors: 04000000
[  213.606680] [drm:mdp5_irq_error_handler] *ERROR* errors: 04000000
[  213.623349] [drm:mdp5_irq_error_handler] *ERROR* errors: 04000000
[  213.640016] [drm:mdp5_irq_error_handler] *ERROR* errors: 04000000
[  213.656684] [drm:mdp5_irq_error_handler] *ERROR* errors: 04000000
[  218.523512] mdp5_irq_error_handler: 291 callbacks suppressed
[  218.523527] [drm:mdp5_irq_error_handler] *ERROR* errors: 04000000
[  218.540178] [drm:mdp5_irq_error_handler] *ERROR* errors: 04000000
[  218.556844] [drm:mdp5_irq_error_handler] *ERROR* errors: 04000000
[  218.573511] [drm:mdp5_irq_error_handler] *ERROR* errors: 04000000
[  218.590179] [drm:mdp5_irq_error_handler] *ERROR* errors: 04000000
[  218.606847] [drm:mdp5_irq_error_handler] *ERROR* errors: 04000000
[  218.623513] [drm:mdp5_irq_error_handler] *ERROR* errors: 04000000
[  218.640177] [drm:mdp5_irq_error_handler] *ERROR* errors: 04000000
[  218.656848] [drm:mdp5_irq_error_handler] *ERROR* errors: 04000000
[  218.673514] [drm:mdp5_irq_error_handler] *ERROR* errors: 04000000
[  223.540342] mdp5_irq_error_handler: 291 callbacks suppressed
[  223.540353] [drm:mdp5_irq_error_handler] *ERROR* errors: 04000000
[  223.557007] [drm:mdp5_irq_error_handler] *ERROR* errors: 04000000
[  223.573675] [drm:mdp5_irq_error_handler] *ERROR* errors: 04000000
[  223.590341] [drm:mdp5_irq_error_handler] *ERROR* errors: 04000000
[  223.607010] [drm:mdp5_irq_error_handler] *ERROR* errors: 04000000
[  223.623678] [drm:mdp5_irq_error_handler] *ERROR* errors: 04000000
[  223.640344] [drm:mdp5_irq_error_handler] *ERROR* errors: 04000000
[  223.657011] [drm:mdp5_irq_error_handler] *ERROR* errors: 04000000
[  223.673678] [drm:mdp5_irq_error_handler] *ERROR* errors: 04000000
[  223.690345] [drm:mdp5_irq_error_handler] *ERROR* errors: 04000000
[  228.557174] mdp5_irq_error_handler: 291 callbacks suppressed
[  228.557184] [drm:mdp5_irq_error_handler] *ERROR* errors: 04000000
[  228.573839] [drm:mdp5_irq_error_handler] *ERROR* errors: 04000000
[  228.590506] [drm:mdp5_irq_error_handler] *ERROR* errors: 04000000
[  228.607173] [drm:mdp5_irq_error_handler] *ERROR* errors: 04000000
[  228.623840] [drm:mdp5_irq_error_handler] *ERROR* errors: 04000000
[  228.640508] [drm:mdp5_irq_error_handler] *ERROR* errors: 04000000
[  228.657175] [drm:mdp5_irq_error_handler] *ERROR* errors: 04000000
[  228.673842] [drm:mdp5_irq_error_handler] *ERROR* errors: 04000000
[  228.690509] [drm:mdp5_irq_error_handler] *ERROR* errors: 04000000
[  228.707177] [drm:mdp5_irq_error_handler] *ERROR* errors: 04000000
[  233.574006] mdp5_irq_error_handler: 291 callbacks suppressed
[  233.574019] [drm:mdp5_irq_error_handler] *ERROR* errors: 04000000
[  233.590669] [drm:mdp5_irq_error_handler] *ERROR* errors: 04000000
[  233.607338] [drm:mdp5_irq_error_handler] *ERROR* errors: 04000000
[  233.624005] [drm:mdp5_irq_error_handler] *ERROR* errors: 04000000
[  233.640668] [drm:mdp5_irq_error_handler] *ERROR* errors: 04000000
[  233.657338] [drm:mdp5_irq_error_handler] *ERROR* errors: 04000000
[  233.674006] [drm:mdp5_irq_error_handler] *ERROR* errors: 04000000
[  233.690672] [drm:mdp5_irq_error_handler] *ERROR* errors: 04000000
[  233.707341] [drm:mdp5_irq_error_handler] *ERROR* errors: 04000000
[  233.724007] [drm:mdp5_irq_error_handler] *ERROR* errors: 04000000
[  238.590833] mdp5_irq_error_handler: 291 callbacks suppressed
[  238.590843] [drm:mdp5_irq_error_handler] *ERROR* errors: 04000000
[  238.607502] [drm:mdp5_irq_error_handler] *ERROR* errors: 04000000
[  238.624169] [drm:mdp5_irq_error_handler] *ERROR* errors: 04000000
[  238.640835] [drm:mdp5_irq_error_handler] *ERROR* errors: 04000000
[  238.657503] [drm:mdp5_irq_error_handler] *ERROR* errors: 04000000
[  238.674170] [drm:mdp5_irq_error_handler] *ERROR* errors: 04000000
[  238.690837] [drm:mdp5_irq_error_handler] *ERROR* errors: 04000000
[  238.707503] [drm:mdp5_irq_error_handler] *ERROR* errors: 04000000
[  238.724172] [drm:mdp5_irq_error_handler] *ERROR* errors: 04000000
[  238.740839] [drm:mdp5_irq_error_handler] *ERROR* errors: 04000000
[  243.607667] mdp5_irq_error_handler: 291 callbacks suppressed
[  243.607677] [drm:mdp5_irq_error_handler] *ERROR* errors: 04000000
[  243.624333] [drm:mdp5_irq_error_handler] *ERROR* errors: 04000000
[  243.640999] [drm:mdp5_irq_error_handler] *ERROR* errors: 04000000
[  243.657666] [drm:mdp5_irq_error_handler] *ERROR* errors: 04000000
[  243.674333] [drm:mdp5_irq_error_handler] *ERROR* errors: 04000000
[  243.691000] [drm:mdp5_irq_error_handler] *ERROR* errors: 04000000
[  243.707668] [drm:mdp5_irq_error_handler] *ERROR* errors: 04000000
[  243.724335] [drm:mdp5_irq_error_handler] *ERROR* errors: 04000000
[  243.741002] [drm:mdp5_irq_error_handler] *ERROR* errors: 04000000
[  243.757670] [drm:mdp5_irq_error_handler] *ERROR* errors: 04000000
[  248.624495] mdp5_irq_error_handler: 291 callbacks suppressed
[  248.624510] [drm:mdp5_irq_error_handler] *ERROR* errors: 04000000
[  248.641163] [drm:mdp5_irq_error_handler] *ERROR* errors: 04000000
[  248.657830] [drm:mdp5_irq_error_handler] *ERROR* errors: 04000000
[  248.674496] [drm:mdp5_irq_error_handler] *ERROR* errors: 04000000
[  248.691164] [drm:mdp5_irq_error_handler] *ERROR* errors: 04000000
[  248.707832] [drm:mdp5_irq_error_handler] *ERROR* errors: 04000000
[  248.724499] [drm:mdp5_irq_error_handler] *ERROR* errors: 04000000
[  248.741166] [drm:mdp5_irq_error_handler] *ERROR* errors: 04000000
[  248.757834] [drm:mdp5_irq_error_handler] *ERROR* errors: 04000000
[  248.774501] [drm:mdp5_irq_error_handler] *ERROR* errors: 04000000
[  253.641329] mdp5_irq_error_handler: 291 callbacks suppressed
[  253.641339] [drm:mdp5_irq_error_handler] *ERROR* errors: 04000000
[  253.657994] [drm:mdp5_irq_error_handler] *ERROR* errors: 04000000
[  253.674660] [drm:mdp5_irq_error_handler] *ERROR* errors: 04000000
[  253.691328] [drm:mdp5_irq_error_handler] *ERROR* errors: 04000000
[  253.707996] [drm:mdp5_irq_error_handler] *ERROR* errors: 04000000
[  253.724662] [drm:mdp5_irq_error_handler] *ERROR* errors: 04000000
[  253.741328] [drm:mdp5_irq_error_handler] *ERROR* errors: 04000000
[  253.757997] [drm:mdp5_irq_error_handler] *ERROR* errors: 04000000
[  253.774662] [drm:mdp5_irq_error_handler] *ERROR* errors: 04000000
[  253.791331] [drm:mdp5_irq_error_handler] *ERROR* errors: 04000000
[  258.658159] mdp5_irq_error_handler: 291 callbacks suppressed
[  258.658170] [drm:mdp5_irq_error_handler] *ERROR* errors: 04000000
[  258.674825] [drm:mdp5_irq_error_handler] *ERROR* errors: 04000000
[  258.691491] [drm:mdp5_irq_error_handler] *ERROR* errors: 04000000
[  258.708160] [drm:mdp5_irq_error_handler] *ERROR* errors: 04000000
[  258.724827] [drm:mdp5_irq_error_handler] *ERROR* errors: 04000000
[  258.741494] [drm:mdp5_irq_error_handler] *ERROR* errors: 04000000
[  258.758160] [drm:mdp5_irq_error_handler] *ERROR* errors: 04000000
[  258.774827] [drm:mdp5_irq_error_handler] *ERROR* errors: 04000000
[  258.791495] [drm:mdp5_irq_error_handler] *ERROR* errors: 04000000
[  258.808162] [drm:mdp5_irq_error_handler] *ERROR* errors: 04000000
[  263.674991] mdp5_irq_error_handler: 291 callbacks suppressed
[  263.675006] [drm:mdp5_irq_error_handler] *ERROR* errors: 04000000
[  263.691657] [drm:mdp5_irq_error_handler] *ERROR* errors: 04000000
[  263.708323] [drm:mdp5_irq_error_handler] *ERROR* errors: 04000000
[  263.724990] [drm:mdp5_irq_error_handler] *ERROR* errors: 04000000
[  263.741658] [drm:mdp5_irq_error_handler] *ERROR* errors: 04000000
[  263.758324] [drm:mdp5_irq_error_handler] *ERROR* errors: 04000000
[  263.774992] [drm:mdp5_irq_error_handler] *ERROR* errors: 04000000
[  263.791659] [drm:mdp5_irq_error_handler] *ERROR* errors: 04000000
[  263.808326] [drm:mdp5_irq_error_handler] *ERROR* errors: 04000000
[  263.824993] [drm:mdp5_irq_error_handler] *ERROR* errors: 04000000
[  268.691821] mdp5_irq_error_handler: 291 callbacks suppressed
[  268.691832] [drm:mdp5_irq_error_handler] *ERROR* errors: 04000000
[  268.708487] [drm:mdp5_irq_error_handler] *ERROR* errors: 04000000
[  268.725154] [drm:mdp5_irq_error_handler] *ERROR* errors: 04000000
[  268.741821] [drm:mdp5_irq_error_handler] *ERROR* errors: 04000000
[  268.758488] [drm:mdp5_irq_error_handler] *ERROR* errors: 04000000
[  268.775155] [drm:mdp5_irq_error_handler] *ERROR* errors: 04000000
[  268.791822] [drm:mdp5_irq_error_handler] *ERROR* errors: 04000000
[  268.808490] [drm:mdp5_irq_error_handler] *ERROR* errors: 04000000
[  268.825157] [drm:mdp5_irq_error_handler] *ERROR* errors: 04000000
[  268.841824] [drm:mdp5_irq_error_handler] *ERROR* errors: 04000000
[  273.708653] mdp5_irq_error_handler: 291 callbacks suppressed
[  273.708664] [drm:mdp5_irq_error_handler] *ERROR* errors: 04000000
[  273.725317] [drm:mdp5_irq_error_handler] *ERROR* errors: 04000000
[  273.741983] [drm:mdp5_irq_error_handler] *ERROR* errors: 04000000
[  273.758650] [drm:mdp5_irq_error_handler] *ERROR* errors: 04000000
[  273.775319] [drm:mdp5_irq_error_handler] *ERROR* errors: 04000000
[  273.791987] [drm:mdp5_irq_error_handler] *ERROR* errors: 04000000
[  273.808653] [drm:mdp5_irq_error_handler] *ERROR* errors: 04000000
[  273.825321] [drm:mdp5_irq_error_handler] *ERROR* errors: 04000000
[  273.841988] [drm:mdp5_irq_error_handler] *ERROR* errors: 04000000
[  273.858653] [drm:mdp5_irq_error_handler] *ERROR* errors: 04000000
[  278.725484] mdp5_irq_error_handler: 291 callbacks suppressed
[  278.725499] [drm:mdp5_irq_error_handler] *ERROR* errors: 04000000
[  278.742149] [drm:mdp5_irq_error_handler] *ERROR* errors: 04000000
[  278.758815] [drm:mdp5_irq_error_handler] *ERROR* errors: 04000000
[  278.775483] [drm:mdp5_irq_error_handler] *ERROR* errors: 04000000
[  278.792150] [drm:mdp5_irq_error_handler] *ERROR* errors: 04000000
[  278.808817] [drm:mdp5_irq_error_handler] *ERROR* errors: 04000000
[  278.825484] [drm:mdp5_irq_error_handler] *ERROR* errors: 04000000
[  278.842152] [drm:mdp5_irq_error_handler] *ERROR* errors: 04000000
[  278.858817] [drm:mdp5_irq_error_handler] *ERROR* errors: 04000000
[  278.875486] [drm:mdp5_irq_error_handler] *ERROR* errors: 04000000
[  283.742315] mdp5_irq_error_handler: 291 callbacks suppressed
[  283.742326] [drm:mdp5_irq_error_handler] *ERROR* errors: 04000000
[  283.758980] [drm:mdp5_irq_error_handler] *ERROR* errors: 04000000
[  283.775643] [drm:mdp5_irq_error_handler] *ERROR* errors: 04000000
[  283.792314] [drm:mdp5_irq_error_handler] *ERROR* errors: 04000000
[  283.808982] [drm:mdp5_irq_error_handler] *ERROR* errors: 04000000
[  283.825648] [drm:mdp5_irq_error_handler] *ERROR* errors: 04000000
[  283.842315] [drm:mdp5_irq_error_handler] *ERROR* errors: 04000000
[  283.858983] [drm:mdp5_irq_error_handler] *ERROR* errors: 04000000
[  283.875650] [drm:mdp5_irq_error_handler] *ERROR* errors: 04000000
[  283.892317] [drm:mdp5_irq_error_handler] *ERROR* errors: 04000000
[  288.759144] mdp5_irq_error_handler: 291 callbacks suppressed
[  288.759155] [drm:mdp5_irq_error_handler] *ERROR* errors: 04000000
[  288.775811] [drm:mdp5_irq_error_handler] *ERROR* errors: 04000000
[  288.792478] [drm:mdp5_irq_error_handler] *ERROR* errors: 04000000
[  288.809145] [drm:mdp5_irq_error_handler] *ERROR* errors: 04000000
[  288.825812] [drm:mdp5_irq_error_handler] *ERROR* errors: 04000000
[  288.842479] [drm:mdp5_irq_error_handler] *ERROR* errors: 04000000
[  288.859147] [drm:mdp5_irq_error_handler] *ERROR* errors: 04000000
[  288.875813] [drm:mdp5_irq_error_handler] *ERROR* errors: 04000000
[  288.892481] [drm:mdp5_irq_error_handler] *ERROR* errors: 04000000
[  288.909147] [drm:mdp5_irq_error_handler] *ERROR* errors: 04000000
[  293.775976] mdp5_irq_error_handler: 291 callbacks suppressed
[  293.775991] [drm:mdp5_irq_error_handler] *ERROR* errors: 04000000
[  293.792642] [drm:mdp5_irq_error_handler] *ERROR* errors: 04000000
[  293.809309] [drm:mdp5_irq_error_handler] *ERROR* errors: 04000000
[  293.825973] [drm:mdp5_irq_error_handler] *ERROR* errors: 04000000
[  293.842641] [drm:mdp5_irq_error_handler] *ERROR* errors: 04000000
[  293.859310] [drm:mdp5_irq_error_handler] *ERROR* errors: 04000000
[  293.875977] [drm:mdp5_irq_error_handler] *ERROR* errors: 04000000
[  293.892645] [drm:mdp5_irq_error_handler] *ERROR* errors: 04000000
[  293.909312] [drm:mdp5_irq_error_handler] *ERROR* errors: 04000000
[  293.925979] [drm:mdp5_irq_error_handler] *ERROR* errors: 04000000
[  298.792807] mdp5_irq_error_handler: 291 callbacks suppressed
[  298.792819] [drm:mdp5_irq_error_handler] *ERROR* errors: 04000000
[  298.809473] [drm:mdp5_irq_error_handler] *ERROR* errors: 04000000
[  298.826140] [drm:mdp5_irq_error_handler] *ERROR* errors: 04000000
[  298.842808] [drm:mdp5_irq_error_handler] *ERROR* errors: 04000000
[  298.859474] [drm:mdp5_irq_error_handler] *ERROR* errors: 04000000
[  298.876141] [drm:mdp5_irq_error_handler] *ERROR* errors: 04000000
[  298.892808] [drm:mdp5_irq_error_handler] *ERROR* errors: 04000000
[  298.909475] [drm:mdp5_irq_error_handler] *ERROR* errors: 04000000
[  298.926143] [drm:mdp5_irq_error_handler] *ERROR* errors: 04000000
[  298.942810] [drm:mdp5_irq_error_handler] *ERROR* errors: 04000000
[  303.809637] mdp5_irq_error_handler: 291 callbacks suppressed
[  303.809648] [drm:mdp5_irq_error_handler] *ERROR* errors: 04000000
[  303.826304] [drm:mdp5_irq_error_handler] *ERROR* errors: 04000000
[  303.842971] [drm:mdp5_irq_error_handler] *ERROR* errors: 04000000
[  303.859637] [drm:mdp5_irq_error_handler] *ERROR* errors: 04000000
[  303.876305] [drm:mdp5_irq_error_handler] *ERROR* errors: 04000000
[  303.892973] [drm:mdp5_irq_error_handler] *ERROR* errors: 04000000
[  303.909637] [drm:mdp5_irq_error_handler] *ERROR* errors: 04000000
[  303.926307] [drm:mdp5_irq_error_handler] *ERROR* errors: 04000000
[  303.942974] [drm:mdp5_irq_error_handler] *ERROR* errors: 04000000
[  303.959641] [drm:mdp5_irq_error_handler] *ERROR* errors: 04000000
[  308.826470] mdp5_irq_error_handler: 291 callbacks suppressed
[  308.826485] [drm:mdp5_irq_error_handler] *ERROR* errors: 04000000
[  308.843135] [drm:mdp5_irq_error_handler] *ERROR* errors: 04000000
[  308.859801] [drm:mdp5_irq_error_handler] *ERROR* errors: 04000000
[  308.876469] [drm:mdp5_irq_error_handler] *ERROR* errors: 04000000
[  308.893136] [drm:mdp5_irq_error_handler] *ERROR* errors: 04000000
[  308.909803] [drm:mdp5_irq_error_handler] *ERROR* errors: 04000000
[  308.926470] [drm:mdp5_irq_error_handler] *ERROR* errors: 04000000
[  308.943138] [drm:mdp5_irq_error_handler] *ERROR* errors: 04000000
[  308.959805] [drm:mdp5_irq_error_handler] *ERROR* errors: 04000000
[  308.976472] [drm:mdp5_irq_error_handler] *ERROR* errors: 04000000
[  313.826635] mdp5_irq_error_handler: 290 callbacks suppressed
[  313.826645] [drm:mdp5_irq_error_handler] *ERROR* errors: 04000000
[  313.843298] [drm:mdp5_irq_error_handler] *ERROR* errors: 04000000
[  313.859965] [drm:mdp5_irq_error_handler] *ERROR* errors: 04000000
[  313.876632] [drm:mdp5_irq_error_handler] *ERROR* errors: 04000000
[  313.893300] [drm:mdp5_irq_error_handler] *ERROR* errors: 04000000
[  313.909966] [drm:mdp5_irq_error_handler] *ERROR* errors: 04000000
[  313.926632] [drm:mdp5_irq_error_handler] *ERROR* errors: 04000000
[  313.943301] [drm:mdp5_irq_error_handler] *ERROR* errors: 04000000
[  313.959968] [drm:mdp5_irq_error_handler] *ERROR* errors: 04000000
[  313.976636] [drm:mdp5_irq_error_handler] *ERROR* errors: 04000000
[  318.843464] mdp5_irq_error_handler: 291 callbacks suppressed
[  318.843477] [drm:mdp5_irq_error_handler] *ERROR* errors: 04000000
[  318.860130] [drm:mdp5_irq_error_handler] *ERROR* errors: 04000000
[  318.876797] [drm:mdp5_irq_error_handler] *ERROR* errors: 04000000
[  318.893463] [drm:mdp5_irq_error_handler] *ERROR* errors: 04000000
[  318.910130] [drm:mdp5_irq_error_handler] *ERROR* errors: 04000000
[  318.926794] [drm:mdp5_irq_error_handler] *ERROR* errors: 04000000
[  318.943465] [drm:mdp5_irq_error_handler] *ERROR* errors: 04000000
[  318.960132] [drm:mdp5_irq_error_handler] *ERROR* errors: 04000000
[  318.976800] [drm:mdp5_irq_error_handler] *ERROR* errors: 04000000
[  318.993466] [drm:mdp5_irq_error_handler] *ERROR* errors: 04000000
[  323.860293] mdp5_irq_error_handler: 291 callbacks suppressed
[  323.860307] [drm:mdp5_irq_error_handler] *ERROR* errors: 04000000
[  323.876960] [drm:mdp5_irq_error_handler] *ERROR* errors: 04000000
[  323.893627] [drm:mdp5_irq_error_handler] *ERROR* errors: 04000000
[  323.910294] [drm:mdp5_irq_error_handler] *ERROR* errors: 04000000
[  323.926960] [drm:mdp5_irq_error_handler] *ERROR* errors: 04000000
[  323.943630] [drm:mdp5_irq_error_handler] *ERROR* errors: 04000000
[  323.960296] [drm:mdp5_irq_error_handler] *ERROR* errors: 04000000
[  323.976963] [drm:mdp5_irq_error_handler] *ERROR* errors: 04000000
[  323.993631] [drm:mdp5_irq_error_handler] *ERROR* errors: 04000000
[  324.010297] [drm:mdp5_irq_error_handler] *ERROR* errors: 04000000
[  328.877125] mdp5_irq_error_handler: 291 callbacks suppressed
[  328.877135] [drm:mdp5_irq_error_handler] *ERROR* errors: 04000000
[  328.893791] [drm:mdp5_irq_error_handler] *ERROR* errors: 04000000
[  328.910458] [drm:mdp5_irq_error_handler] *ERROR* errors: 04000000
[  328.927126] [drm:mdp5_irq_error_handler] *ERROR* errors: 04000000
[  328.943793] [drm:mdp5_irq_error_handler] *ERROR* errors: 04000000
[  328.960460] [drm:mdp5_irq_error_handler] *ERROR* errors: 04000000
[  328.977123] [drm:mdp5_irq_error_handler] *ERROR* errors: 04000000
[  328.993794] [drm:mdp5_irq_error_handler] *ERROR* errors: 04000000
[  329.010462] [drm:mdp5_irq_error_handler] *ERROR* errors: 04000000
[  329.027130] [drm:mdp5_irq_error_handler] *ERROR* errors: 04000000
[  333.893955] mdp5_irq_error_handler: 291 callbacks suppressed
[  333.893966] [drm:mdp5_irq_error_handler] *ERROR* errors: 04000000
[  333.910628] [drm:mdp5_irq_error_handler] *ERROR* errors: 04000000
[  333.927290] [drm:mdp5_irq_error_handler] *ERROR* errors: 04000000
[  333.943956] [drm:mdp5_irq_error_handler] *ERROR* errors: 04000000
[  333.960623] [drm:mdp5_irq_error_handler] *ERROR* errors: 04000000
[  333.977290] [drm:mdp5_irq_error_handler] *ERROR* errors: 04000000
[  333.993958] [drm:mdp5_irq_error_handler] *ERROR* errors: 04000000
[  334.010632] [drm:mdp5_irq_error_handler] *ERROR* errors: 04000000
[  334.027292] [drm:mdp5_irq_error_handler] *ERROR* errors: 04000000
[  334.043959] [drm:mdp5_irq_error_handler] *ERROR* errors: 04000000
[  338.910786] mdp5_irq_error_handler: 291 callbacks suppressed
[  338.910801] [drm:mdp5_irq_error_handler] *ERROR* errors: 04000000
[  338.927453] [drm:mdp5_irq_error_handler] *ERROR* errors: 04000000
[  338.944120] [drm:mdp5_irq_error_handler] *ERROR* errors: 04000000
[  338.960787] [drm:mdp5_irq_error_handler] *ERROR* errors: 04000000
[  338.977454] [drm:mdp5_irq_error_handler] *ERROR* errors: 04000000
[  338.994121] [drm:mdp5_irq_error_handler] *ERROR* errors: 04000000
[  339.010787] [drm:mdp5_irq_error_handler] *ERROR* errors: 04000000
[  339.027456] [drm:mdp5_irq_error_handler] *ERROR* errors: 04000000
[  339.044121] [drm:mdp5_irq_error_handler] *ERROR* errors: 04000000
[  339.060790] [drm:mdp5_irq_error_handler] *ERROR* errors: 04000000
[  343.927617] mdp5_irq_error_handler: 291 callbacks suppressed
[  343.927628] [drm:mdp5_irq_error_handler] *ERROR* errors: 04000000
[  343.944282] [drm:mdp5_irq_error_handler] *ERROR* errors: 04000000
[  343.960950] [drm:mdp5_irq_error_handler] *ERROR* errors: 04000000
[  343.977618] [drm:mdp5_irq_error_handler] *ERROR* errors: 04000000
[  343.994285] [drm:mdp5_irq_error_handler] *ERROR* errors: 04000000
[  344.010952] [drm:mdp5_irq_error_handler] *ERROR* errors: 04000000
[  344.027619] [drm:mdp5_irq_error_handler] *ERROR* errors: 04000000
[  344.044286] [drm:mdp5_irq_error_handler] *ERROR* errors: 04000000
[  344.060953] [drm:mdp5_irq_error_handler] *ERROR* errors: 04000000
[  344.077621] [drm:mdp5_irq_error_handler] *ERROR* errors: 04000000
[  348.944449] mdp5_irq_error_handler: 291 callbacks suppressed
[  348.944460] [drm:mdp5_irq_error_handler] *ERROR* errors: 04000000
[  348.961115] [drm:mdp5_irq_error_handler] *ERROR* errors: 04000000
[  348.977781] [drm:mdp5_irq_error_handler] *ERROR* errors: 04000000
[  348.994448] [drm:mdp5_irq_error_handler] *ERROR* errors: 04000000
[  349.011116] [drm:mdp5_irq_error_handler] *ERROR* errors: 04000000
[  349.027784] [drm:mdp5_irq_error_handler] *ERROR* errors: 04000000
[  349.044451] [drm:mdp5_irq_error_handler] *ERROR* errors: 04000000
[  349.061115] [drm:mdp5_irq_error_handler] *ERROR* errors: 04000000
[  349.077793] [drm:mdp5_irq_error_handler] *ERROR* errors: 04000000
[  349.094454] [drm:mdp5_irq_error_handler] *ERROR* errors: 04000000
[  353.961282] mdp5_irq_error_handler: 291 callbacks suppressed
[  353.961296] [drm:mdp5_irq_error_handler] *ERROR* errors: 04000000
[  353.977945] [drm:mdp5_irq_error_handler] *ERROR* errors: 04000000
[  353.994620] [drm:mdp5_irq_error_handler] *ERROR* errors: 04000000
[  354.011280] [drm:mdp5_irq_error_handler] *ERROR* errors: 04000000
[  354.027944] [drm:mdp5_irq_error_handler] *ERROR* errors: 04000000
[  354.044615] [drm:mdp5_irq_error_handler] *ERROR* errors: 04000000
[  354.061281] [drm:mdp5_irq_error_handler] *ERROR* errors: 04000000
[  354.077949] [drm:mdp5_irq_error_handler] *ERROR* errors: 04000000
[  354.094624] [drm:mdp5_irq_error_handler] *ERROR* errors: 04000000
[  354.111283] [drm:mdp5_irq_error_handler] *ERROR* errors: 04000000
[  358.978107] mdp5_irq_error_handler: 291 callbacks suppressed
[  358.978117] [drm:mdp5_irq_error_handler] *ERROR* errors: 04000000
[  358.994773] [drm:mdp5_irq_error_handler] *ERROR* errors: 04000000
[  359.011444] [drm:mdp5_irq_error_handler] *ERROR* errors: 04000000
[  359.028111] [drm:mdp5_irq_error_handler] *ERROR* errors: 04000000
[  359.044778] [drm:mdp5_irq_error_handler] *ERROR* errors: 04000000
[  359.061445] [drm:mdp5_irq_error_handler] *ERROR* errors: 04000000
[  359.078112] [drm:mdp5_irq_error_handler] *ERROR* errors: 04000000
[  359.094777] [drm:mdp5_irq_error_handler] *ERROR* errors: 04000000
[  359.111447] [drm:mdp5_irq_error_handler] *ERROR* errors: 04000000
[  359.128114] [drm:mdp5_irq_error_handler] *ERROR* errors: 04000000
[  363.994942] mdp5_irq_error_handler: 291 callbacks suppressed
[  363.994954] [drm:mdp5_irq_error_handler] *ERROR* errors: 04000000
[  364.011608] [drm:mdp5_irq_error_handler] *ERROR* errors: 04000000
[  364.028276] [drm:mdp5_irq_error_handler] *ERROR* errors: 04000000
[  364.044942] [drm:mdp5_irq_error_handler] *ERROR* errors: 04000000
[  364.061609] [drm:mdp5_irq_error_handler] *ERROR* errors: 04000000
[  364.078283] [drm:mdp5_irq_error_handler] *ERROR* errors: 04000000
[  364.094946] [drm:mdp5_irq_error_handler] *ERROR* errors: 04000000
[  364.111610] [drm:mdp5_irq_error_handler] *ERROR* errors: 04000000
[  364.128279] [drm:mdp5_irq_error_handler] *ERROR* errors: 04000000
[  364.144944] [drm:mdp5_irq_error_handler] *ERROR* errors: 04000000
[  369.011774] mdp5_irq_error_handler: 291 callbacks suppressed
[  369.011789] [drm:mdp5_irq_error_handler] *ERROR* errors: 04000000
[  369.028439] [drm:mdp5_irq_error_handler] *ERROR* errors: 04000000
[  369.045104] [drm:mdp5_irq_error_handler] *ERROR* errors: 04000000
[  369.061773] [drm:mdp5_irq_error_handler] *ERROR* errors: 04000000
[  369.078440] [drm:mdp5_irq_error_handler] *ERROR* errors: 04000000
[  369.095107] [drm:mdp5_irq_error_handler] *ERROR* errors: 04000000
[  369.111774] [drm:mdp5_irq_error_handler] *ERROR* errors: 04000000
[  369.128442] [drm:mdp5_irq_error_handler] *ERROR* errors: 04000000
[  369.145109] [drm:mdp5_irq_error_handler] *ERROR* errors: 04000000
[  369.161777] [drm:mdp5_irq_error_handler] *ERROR* errors: 04000000
[  374.028603] mdp5_irq_error_handler: 291 callbacks suppressed
[  374.028615] [drm:mdp5_irq_error_handler] *ERROR* errors: 04000000
[  374.045270] [drm:mdp5_irq_error_handler] *ERROR* errors: 04000000
[  374.061936] [drm:mdp5_irq_error_handler] *ERROR* errors: 04000000
[  374.078604] [drm:mdp5_irq_error_handler] *ERROR* errors: 04000000
[  374.095271] [drm:mdp5_irq_error_handler] *ERROR* errors: 04000000
[  374.111938] [drm:mdp5_irq_error_handler] *ERROR* errors: 04000000
[  374.128605] [drm:mdp5_irq_error_handler] *ERROR* errors: 04000000
[  374.145273] [drm:mdp5_irq_error_handler] *ERROR* errors: 04000000
[  374.161939] [drm:mdp5_irq_error_handler] *ERROR* errors: 04000000
[  374.178604] [drm:mdp5_irq_error_handler] *ERROR* errors: 04000000
[  379.045435] mdp5_irq_error_handler: 291 callbacks suppressed
[  379.045449] [drm:mdp5_irq_error_handler] *ERROR* errors: 04000000
[  379.062101] [drm:mdp5_irq_error_handler] *ERROR* errors: 04000000
[  379.078773] [drm:mdp5_irq_error_handler] *ERROR* errors: 04000000
[  379.095438] [drm:mdp5_irq_error_handler] *ERROR* errors: 04000000
[  379.112101] [drm:mdp5_irq_error_handler] *ERROR* errors: 04000000
[  379.128770] [drm:mdp5_irq_error_handler] *ERROR* errors: 04000000
[  379.145437] [drm:mdp5_irq_error_handler] *ERROR* errors: 04000000
[  379.162104] [drm:mdp5_irq_error_handler] *ERROR* errors: 04000000
[  379.178769] [drm:mdp5_irq_error_handler] *ERROR* errors: 04000000
[  379.195437] [drm:mdp5_irq_error_handler] *ERROR* errors: 04000000
