[    0.000000] Booting Linux on physical CPU 0x0000000000 [0x410fd030]
[    0.000000] Linux version 7.1.0-rc6+ (sam@sam-desktop) (aarch64-linux-gnu-gcc (GCC) 16.1.1 20260501 (Red Hat Cross 16.1.1-1), GNU ld version 2.46-1.fc44) #51 SMP PREEMPT Fri Sep 11 18:06:09 AEST 2026
[    0.000000] Machine model: Samsung Galaxy A5U (EUR)
[    0.000000] OF: reserved mem: 0x000000008e600000..0x000000008e7fffff (2048 KiB) nomap non-reusable gps
[    0.000000] OF: reserved mem: 0x000000009ff80000..0x000000009fffffff (512 KiB) map non-reusable ramoops@9ff80000
[    0.000000] OF: reserved mem: 0x0000000086000000..0x00000000862fffff (3072 KiB) nomap non-reusable tz-apps@86000000
[    0.000000] OF: reserved mem: 0x0000000086300000..0x00000000863fffff (1024 KiB) nomap non-reusable smem@86300000
[    0.000000] OF: reserved mem: 0x0000000086400000..0x00000000864fffff (1024 KiB) nomap non-reusable hypervisor@86400000
[    0.000000] OF: reserved mem: 0x0000000086500000..0x000000008667ffff (1536 KiB) nomap non-reusable tz@86500000
[    0.000000] OF: reserved mem: 0x0000000086680000..0x00000000866fffff (512 KiB) nomap non-reusable reserved@86680000
[    0.000000] OF: reserved mem: 0x0000000086700000..0x00000000867dffff (896 KiB) nomap non-reusable rmtfs@86700000
[    0.000000] OF: reserved mem: 0x00000000867e0000..0x00000000867fffff (128 KiB) nomap non-reusable rfsa@867e0000
[    0.000000] OF: reserved mem: 0x0000000085500000..0x0000000085ffffff (11264 KiB) nomap non-reusable tz-apps@85500000
[    0.000000] OF: reserved mem: 0x000000008e000000..0x000000008e2a2fff (2700 KiB) nomap non-reusable framebuffer@8e000000
[    0.000000] OF: reserved mem: 0x00000000854ff000..0x00000000854fffff (4 KiB) nomap non-reusable spin-table@854ff000
[    0.000000] Zone ranges:
[    0.000000]   Normal   [mem 0x0000000080000000-0x00000000ffffffff]
[    0.000000] Movable zone start for each node
[    0.000000] Early memory node ranges
[    0.000000]   node   0: [mem 0x0000000080000000-0x00000000854fefff]
[    0.000000]   node   0: [mem 0x00000000854ff000-0x00000000867fffff]
[    0.000000]   node   0: [mem 0x0000000086800000-0x000000008dffffff]
[    0.000000]   node   0: [mem 0x000000008e000000-0x000000008e2a2fff]
[    0.000000]   node   0: [mem 0x000000008e2a3000-0x000000008e5fffff]
[    0.000000]   node   0: [mem 0x000000008e600000-0x000000008e7fffff]
[    0.000000]   node   0: [mem 0x000000008e800000-0x00000000ffffffff]
[    0.000000] Initmem setup node 0 [mem 0x0000000080000000-0x00000000ffffffff]
[    0.000000] percpu: Embedded 14 pages/cpu s28544 r0 d28800 u57344
[    0.000000] Detected VIPT I-cache on CPU0
[    0.000000] CPU features: kernel page table isolation disabled by kernel configuration
[    0.000000] alternatives: applying boot alternatives
[    0.000000] Kernel command line: msm.skip_gpu=1 msm.separate_gpu_kms=1 printk.time=1 panic=5 oops=panic pocketboot.lab=kexec-generation-2
[    0.000000] printk: log buffer data + meta data: 131072 + 458752 = 589824 bytes
[    0.000000] Dentry cache hash table entries: 262144 (order: 9, 2097152 bytes, linear)
[    0.000000] Inode-cache hash table entries: 131072 (order: 8, 1048576 bytes, linear)
[    0.000000] software IO TLB: SWIOTLB bounce buffer size adjusted to 2MB
[    0.000000] software IO TLB: area num 4.
[    0.000000] software IO TLB: mapped [mem 0x00000000fd600000-0x00000000fd800000] (2MB)
[    0.000000] Built 1 zonelists, mobility grouping on.  Total pages: 524288
[    0.000000] mem auto-init: stack:all(zero), heap alloc:off, heap free:off
[    0.000000] SLUB: HWalign=64, Order=0-3, MinObjects=0, CPUs=4, Nodes=1
[    0.000000] rcu: Hierarchical RCU implementation.
[    0.000000] rcu: RCU calculated value of scheduler-enlistment delay is 25 jiffies.
[    0.000000] NR_IRQS: 64, nr_irqs: 64, preallocated irqs: 0
[    0.000000] Root IRQ handler: gic_handle_irq
[    0.000000] rcu: srcu_init: Setting srcu_struct sizes based on contention.
[    0.000000] arch_timer: cp15 timer running at 19.20MHz (virt).
[    0.000000] clocksource: arch_sys_counter: mask: 0xffffffffffffff max_cycles: 0x46d987e47, max_idle_ns: 440795202767 ns
[    0.000000] sched_clock: 56 bits at 19MHz, resolution 52ns, wraps every 4398046511078ns
[    0.000093] Console: colour dummy device 80x25
[    0.000105] printk: legacy console [tty0] enabled
[    0.000732] Calibrating delay loop (skipped), value calculated using timer frequency.. 38.40 BogoMIPS (lpj=76800)
[    0.000765] pid_max: default: 32768 minimum: 301
[    0.000980] Mount-cache hash table entries: 4096 (order: 3, 32768 bytes, linear)
[    0.001021] Mountpoint-cache hash table entries: 4096 (order: 3, 32768 bytes, linear)
[    0.001384] VFS: Finished mounting rootfs on nullfs
[    0.002007] Pocketboot spin-table v1: persistent page at 0x00000000854ff000
[    0.002943] rcu: Hierarchical SRCU implementation.
[    0.002964] rcu: 	Max phase no-delay instances is 1000.
[    0.003451] smp: Bringing up secondary CPUs ...
[    0.003895] Detected VIPT I-cache on CPU1
[    0.004043] CPU1: Booted secondary processor 0x0000000001 [0x410fd030]
[    0.004544] Detected VIPT I-cache on CPU2
[    0.004678] CPU2: Booted secondary processor 0x0000000002 [0x410fd030]
[    0.005152] Detected VIPT I-cache on CPU3
[    0.005280] CPU3: Booted secondary processor 0x0000000003 [0x410fd030]
[    0.005370] smp: Brought up 1 node, 4 CPUs
[    0.005449] SMP: Total of 4 processors activated.
[    0.005464] CPU: All CPU(s) started at EL1
[    0.005478] CPU features: detected: 32-bit EL0 Support
[    0.005494] CPU features: detected: CRC32 instructions
[    0.005545] alternatives: applying system-wide alternatives
[    0.006431] Memory: 2014992K/2097152K available (5760K kernel code, 852K rwdata, 1712K rodata, 2624K init, 242K bss, 78896K reserved, 0K cma-reserved)
[    0.007105] devtmpfs: initialized
[    0.020926] clocksource: jiffies: mask: 0xffffffff max_cycles: 0xffffffff, max_idle_ns: 7645041785100000 ns
[    0.020998] posixtimers hash table entries: 2048 (order: 3, 32768 bytes, linear)
[    0.021099] futex hash table entries: 1024 (65536 bytes on 1 NUMA nodes, total 64 KiB, linear).
[    0.022140] NET: Registered PF_NETLINK/PF_ROUTE protocol family
[    0.022727] DMA: preallocated 256 KiB GFP_KERNEL pool for atomic allocations
[    0.024367] ASID allocator initialised with 65536 entries
[    0.025340] ramoops: error in header, 12
[    0.051244] ramoops: error in header, 13
[    0.078076] ramoops: error in header, 13
[    0.078442] ramoops: error in header, 12
[    0.078853] ramoops: error in header, 16
[    0.079268] ramoops: error in header, 17
[    0.079640] ramoops: error in header, 13
[    0.080077] ramoops: error in header, 18
[    0.080471] ramoops: error in header, 13
[    0.080943] ramoops: error in header, 22
[    0.081347] ramoops: error in header, 16
[    0.081710] ramoops: error in header, 12
[    0.082089] ramoops: error in header, 13
[    0.082455] ramoops: error in header, 12
[    0.082858] ramoops: error in header, 15
[    0.083227] ramoops: error in header, 13
[    0.083560] ramoops: error in header, 9
[    0.083922] ramoops: error in header, 12
[    0.084357] ramoops: error in header, 18
[    0.084774] ramoops: error in header, 17
[    0.085138] ramoops: error in header, 12
[    0.085453] ramoops: error in header, 7
[    0.085807] ramoops: error in header, 11
[    0.086080] ramoops: error in header, 3
[    0.086396] ramoops: error in header, 7
[    0.086777] ramoops: error in header, 13
[    0.087246] ramoops: error in header, 22
[    0.087552] ramoops: error in header, 6
[    0.087926] ramoops: error in header, 13
[    0.088299] ramoops: error in header, 12
[    0.088737] ramoops: error in header, 19
[    0.089080] ramoops: error in header, 10
[    0.248037] pstore: Using crash dump compression: deflate
[    0.248061] printk: legacy console [ramoops-1] enabled
[    0.281445] pstore: Registered ramoops as persistent store backend
[    0.281666] ramoops: using 0x80000@0x9ff80000, ecc: 64
[    0.291084] /soc@0/clock-controller@1800000: Fixed dependency cycle(s) with /soc@0/display-subsystem@1a00000/phy@1a98300
[    0.291555] /soc@0/display-subsystem@1a00000/display-controller@1a01000: Fixed dependency cycle(s) with /soc@0/display-subsystem@1a00000/dsi@1a98000
[    0.292001] /soc@0/display-subsystem@1a00000/dsi@1a98000: Fixed dependency cycle(s) with /soc@0/display-subsystem@1a00000/dsi@1a98000/panel@0
[    0.292433] /soc@0/display-subsystem@1a00000/dsi@1a98000: Fixed dependency cycle(s) with /soc@0/display-subsystem@1a00000/display-controller@1a01000
[    0.292909] /soc@0/display-subsystem@1a00000/dsi@1a98000/panel@0: Fixed dependency cycle(s) with /soc@0/display-subsystem@1a00000/dsi@1a98000
[    0.293338] /soc@0/display-subsystem@1a00000/phy@1a98300: Fixed dependency cycle(s) with /soc@0/clock-controller@1800000
[    0.294015] /soc@0/usb@78d9000: Fixed dependency cycle(s) with /soc@0/usb@78d9000/ulpi/phy
[    0.294454] /soc@0/usb@78d9000/ulpi/phy: Fixed dependency cycle(s) with /soc@0/usb@78d9000
[    0.294875] /soc@0/interrupt-controller@b000000: Fixed dependency cycle(s) with /soc@0/interrupt-controller@b000000
[    0.299259] /soc@0/clock-controller@1800000: Fixed dependency cycle(s) with /soc@0/display-subsystem@1a00000/phy@1a98300
[    0.303583] /soc@0/display-subsystem@1a00000/display-controller@1a01000: Fixed dependency cycle(s) with /soc@0/display-subsystem@1a00000/dsi@1a98000
[    0.304100] /soc@0/display-subsystem@1a00000/dsi@1a98000: Fixed dependency cycle(s) with /soc@0/display-subsystem@1a00000/dsi@1a98000/panel@0
[    0.304531] /soc@0/display-subsystem@1a00000/dsi@1a98000: Fixed dependency cycle(s) with /soc@0/display-subsystem@1a00000/display-controller@1a01000
[    0.304981] /soc@0/display-subsystem@1a00000/dsi@1a98000/panel@0: Fixed dependency cycle(s) with /soc@0/display-subsystem@1a00000/dsi@1a98000
[    0.308741] /soc@0/usb@78d9000: Fixed dependency cycle(s) with /soc@0/usb@78d9000/ulpi/phy
[    0.309237] /soc@0/usb@78d9000/ulpi/phy: Fixed dependency cycle(s) with /soc@0/usb@78d9000
[    0.315981] iommu: Default domain type: Translated
[    0.316224] iommu: DMA domain TLB invalidation policy: strict mode
[    0.318547] SCSI subsystem initialized
[    0.318901] usbcore: registered new interface driver usbfs
[    0.319331] usbcore: registered new interface driver hub
[    0.319589] usbcore: registered new device driver usb
[    0.320497] i2c-gpio i2c-muic: using lines 617 (SDA) and 618 (SCL)
[    0.321213] i2c-gpio i2c-tkey: using lines 528 (SDA) and 529 (SCL)
[    0.322098] i2c-gpio i2c-nfc: using lines 512 (SDA) and 513 (SCL)
[    0.322907] qcom_scm: convention: smc arm 32
[    0.348578] sm5502 0-0025: Device type: version: 0x0, vendor: 0x1
[    0.351819] clocksource: Switched to clocksource arch_sys_counter
[    0.359918] NET: Registered PF_UNIX/PF_LOCAL protocol family
[    0.371959] workingset: timestamp_bits=62 (anon: 58) max_order=19 bucket_order=0 (anon: 0)
[    0.388423] msm_serial 78b0000.serial: msm_serial: detected port #0
[    0.388734] msm_serial 78b0000.serial: uartclk = 3686400
[    0.389505] 78b0000.serial: ttyMSM0 at MMIO 0x78b0000 (irq = 31, base_baud = 230400) is a MSM
[    0.389953] msm_serial: console setup on port #0
[    0.390207] printk: legacy console [ttyMSM0] enabled
[    1.375111] msm_serial: driver initialized
[    1.404333] platform 1a01000.display-controller: Adding to iommu group 0
[    1.404764] /soc@0/display-subsystem@1a00000/display-controller@1a01000: Fixed dependency cycle(s) with /soc@0/display-subsystem@1a00000/dsi@1a98000
[    1.411272] /soc@0/display-subsystem@1a00000/display-controller@1a01000: Fixed dependency cycle(s) with /soc@0/display-subsystem@1a00000/dsi@1a98000
[    1.423958] /soc@0/display-subsystem@1a00000/dsi@1a98000: Fixed dependency cycle(s) with /soc@0/display-subsystem@1a00000/dsi@1a98000/panel@0
[    1.437089] /soc@0/display-subsystem@1a00000/dsi@1a98000: Fixed dependency cycle(s) with /soc@0/display-subsystem@1a00000/display-controller@1a01000
[    1.449892] /soc@0/display-subsystem@1a00000/dsi@1a98000/panel@0: Fixed dependency cycle(s) with /soc@0/display-subsystem@1a00000/dsi@1a98000
[    1.469977] loop: module loaded
[    1.475902] spmi_pmic_arb 200f000.spmi: PMIC arbiter version v2 (0x20010000)
[    1.511654] input: pwm-vibrator as /devices/platform/vibrator/input/input0
[    1.512669] i2c_qup 78b5000.i2c: using default clock-frequency 100000
[    1.518396] i2c_qup 78b6000.i2c: using default clock-frequency 100000
[    1.525213] i2c_qup 78b8000.i2c: using default clock-frequency 100000
[    1.531336] i2c_qup 78b9000.i2c: using default clock-frequency 100000
[    1.538139] i2c_qup 78ba000.i2c: using default clock-frequency 100000
[    1.547838] rt5033 7-0034: Device found (rev. 6)
[    1.552190] platform rt5033-charger: DMA mask not set
[    1.554780] rt5033-led: Failed to locate of_node [id: -1]
[    1.561528] input: pm8941_pwrkey as /devices/platform/soc@0/200f000.spmi/spmi-0/0-00/200f000.spmi:pmic@0:pon@800/200f000.spmi:pmic@0:pon@800:pwrkey/input/input1
[    1.566306] input: pm8941_resin as /devices/platform/soc@0/200f000.spmi/spmi-0/0-00/200f000.spmi:pmic@0:pon@800/200f000.spmi:pmic@0:pon@800:resin/input/input2
[    1.612645] clocksource: arch_mmio_counter: mask: 0xffffffffffffff max_cycles: 0x46d987e47, max_idle_ns: 440795202767 ns
[    1.613095] arch-timer-mmio b020000.timer: mmio timer running at 19.20MHz (virt)
[    1.646111] msm_mdp 1a01000.display-controller: No interconnect support may cause display underflows!
[    1.696467] msm_hsusb 78d9000.usb: Failed to create device link (0x180) with supplier remoteproc for /soc@0/usb@78d9000/ulpi/phy
[    1.700975] sdhci_msm 7864900.mmc: Got CD GPIO
[    1.716191] tm2-touchkey 1-0020: failed to get regulators: -517
[    1.716993] mms114 6-0048: Unable to get the IO regulator (-517)
[    1.724804] sdhci_msm 7864900.mmc: Got CD GPIO
[    1.735701] s3: Bringing 0uV into 1250000-1250000uV
[    1.736409] s4: Bringing 0uV into 1850000-1850000uV
[    1.738756] tm2-touchkey 1-0020: failed to get regulators: -517
[    1.744668] l2: Bringing 0uV into 1200000-1200000uV
[    1.745083] mms114 6-0048: Unable to get the IO regulator (-517)
[    1.755442] l5: Bringing 0uV into 1800000-1800000uV
[    1.762326] l6: Bringing 0uV into 1800000-1800000uV
[    1.766336] l7: Bringing 0uV into 1800000-1800000uV
[    1.771260] l8: Bringing 0uV into 2900000-2900000uV
[    1.776255] l9: Bringing 0uV into 3300000-3300000uV
[    1.781098] l11: Bringing 0uV into 2950000-2950000uV
[    1.785957] l12: Bringing 0uV into 1800000-1800000uV
[    1.790969] l13: Bringing 0uV into 3075000-3075000uV
[    1.796735] l17: Bringing 0uV into 2850000-2850000uV
[    1.923980] input: tm2-touchkey as /devices/platform/i2c-tkey/i2c-1/1-0020/input/input5
[    1.927079] input: MELFAS MMS345 Touchscreen as /devices/platform/soc@0/78b9000.i2c/i2c-6/6-0048/input/input6
[    1.936795] sdhci_msm 7864900.mmc: Got CD GPIO
[    1.950015] /soc@0/display-subsystem@1a00000/dsi@1a98000: Fixed dependency cycle(s) with /soc@0/display-subsystem@1a00000/dsi@1a98000/panel@0
[    1.950641] /soc@0/display-subsystem@1a00000/dsi@1a98000/panel@0: Fixed dependency cycle(s) with /soc@0/display-subsystem@1a00000/dsi@1a98000
[    1.963060] msm_mdp 1a01000.display-controller: bound 1a98000.dsi (ops 0xffff8000806384a8)
[    1.967839] mmc0: SDHCI controller on 7824900.mmc [7824900.mmc] using ADMA
[    1.983543] msm_mdp 1a01000.display-controller: [drm:mdp5_kms_init] MDP5 version v1.6
[    1.992095] mmc1: SDHCI controller on 7864900.mmc [7864900.mmc] using ADMA
[    2.006649] msm_mdp 1a01000.display-controller: fall back to the other CTL category for INTF 1!
[    2.008063] [drm] Initialized msm-kms 1.13.0 for 1a01000.display-controller on minor 0
[    2.015292] gcc-msm8916 1800000.clock-controller: sync_state() pending due to chosen:framebuffer@8e000000
[    2.023346] input: GPIO Buttons as /devices/platform/gpio-keys/input/input7
[    2.032885] input: GPIO Hall Effect Sensor as /devices/platform/gpio-hall-sensor/input/input8
[    2.039884] clk: Disabling unused clocks
[    2.047687] PM: genpd: Disabling unused power domains
[    2.053832] Freeing unused kernel memory: 2624K
[    2.054467] Run /init as init process
[    2.068597] mmc0: Card appears overclocked; req 177770000 Hz, actual 177777777 Hz
[    2.069203] mmc0: Card appears overclocked; req 177770000 Hz, actual 177777777 Hz
[    2.070358] msm_mdp 1a01000.display-controller: no GPU device was found
[    2.072840] file system registered
[    2.073121] read descriptors
[    2.073141] read strings
[    2.073740] read descriptors
[    2.073758] read strings
[    2.074289] Mass Storage Function, version: 2009/09/11
[    2.074297] LUN: removable file: (no medium)
[    2.074563] LUN: removable file: (no medium)
[    2.074803] LUN: removable file: (no medium)
[    2.075069] LUN: removable file: (no medium)
[    2.075307] LUN: removable file: (no medium)
[    2.075538] LUN: removable file: (no medium)
[    2.075773] LUN: removable file: (no medium)
[    2.076042] LUN: removable file: (no medium)
[    2.077039] mmc0: new HS200 MMC card at address 0001
[    2.084063] l13: voltage operation not allowed
[    2.091164] mmcblk0: mmc0:0001 Q313MB 14.7 GiB
[    2.157372]  mmcblk0: p1 p2 p3 p4 p5 p6 p7 p8 p9 p10 p11 p12 p13 p14 p15 p16 p17 p18 p19 p20 p21 p22 p23 p24 p25 p26
[    2.162050] mmcblk0boot0: mmc0:0001 Q313MB 4.00 MiB
[    2.169602] mmcblk0boot1: mmc0:0001 Q313MB 4.00 MiB
[    2.174026] mmcblk0rpmb: mmc0:0001 Q313MB 4.00 MiB, chardev (249:0)
[    2.280425] mmc1: new UHS-I speed SDR104 SDXC card at address aaaa
[    2.281599] mmcblk1: mmc1:aaaa SR128 119 GiB
[    2.290650] GPT:Primary header thinks Alt. header is not at the end of the disk.
[    2.291082] GPT:29337599 != 249737215
[    2.297529] GPT:Alternate GPT header not at the end of the disk.
[    2.301261] GPT:29337599 != 249737215
[    2.307151] GPT: Use GNU Parted to correct GPT errors.
[    2.310740]  mmcblk1: p1 p2 p3
[    2.415882] mms114 6-0048: TSP FW Rev: bootloader 0x6 / core 0x26 / config 0x26
[    2.688984] dsi_err_worker: status=4
[    2.690110] dsi_err_worker: status=4
[    2.691871] dsi_err_worker: status=0
[    2.696317] dsi_err_worker: status=4
[    2.699882] dsi_err_worker: status=4
[    2.703423] dsi_err_worker: status=4
[    2.706091] dsi_err_worker: status=0
[    2.709824] dsi_err_worker: status=0
[    2.837002] dsi_err_worker: status=4
[    2.838261] [drm:mdp5_irq_error_handler] *ERROR* errors: 04000000
[    2.857764] EXT4-fs (mmcblk1p2): orphan cleanup on readonly fs
[    2.858710] EXT4-fs (mmcblk1p2): mounted filesystem 5077d4c6-b4a5-4429-af95-ee9691dbb6ca ro without journal. Quota mode: disabled.
[    9.383856] random: crng init done
[   10.732513] ffs_data_put(): freeing
[   10.733280] ffs_data_put(): freeing
[   10.735184] unloading
[   11.248521] kexec_core: Starting new kernel
[   11.280324] IRQ15: set affinity failed(-22).
[   11.280583] IRQ48: set affinity failed(-22).
[   11.280974] IRQ49: set affinity failed(-22).
[   11.281187] IRQ54: set affinity failed(-22).
[   11.281393] IRQ55: set affinity failed(-22).
[   11.281783] IRQ56: set affinity failed(-22).
[   11.281993] IRQ58: set affinity failed(-22).
[   11.282204] IRQ62: set affinity failed(-22).
[   11.282632] CPU1: persistent spin-table park acknowledged (epoch 4)
[   11.332326] IRQ15: set affinity failed(-22).
[   11.332770] IRQ48: set affinity failed(-22).
[   11.333034] CPU2: persistent spin-table park acknowledged (epoch 4)
[   11.352327] CPU3: persistent spin-table park acknowledged (epoch 4)
[   11.353128] Bye!

ECC: No errors detected
