iteration=0 ['stage', 'target/db410c-lab/20260911/coherency-proof/soak.sh']
Sending 'target/db410c-lab/20260911/coherency-proof/soak.sh' (0 KB) OKAY [  0.000s]
Finished. Total time: 0.000s
exit=0
iteration=0 ['oem', 'shell-staged']
(bootloader) shell exited 0; 1109 bytes staged
(bootloader) run fastboot get_staged /dev/stdout to view
OKAY [  0.729s]
Finished. Total time: 0.729s
exit=0
iteration=0 ['get_staged', 'target/db410c-lab/20260911/coherency-proof/soak/000.log']
Uploading 'target/db410c-lab/20260911/coherency-proof/soak/000.log' OKAY [  0.006s]
Finished. Total time: 0.006s
exit=0
iteration=1 ['stage', 'target/db410c-lab/20260911/coherency-proof/soak.sh']
Sending 'target/db410c-lab/20260911/coherency-proof/soak.sh' (0 KB) OKAY [  0.000s]
Finished. Total time: 0.000s
exit=0
iteration=1 ['oem', 'shell-staged']
(bootloader) shell exited 0; 1109 bytes staged
(bootloader) run fastboot get_staged /dev/stdout to view
OKAY [  0.726s]
Finished. Total time: 0.726s
exit=0
iteration=1 ['get_staged', 'target/db410c-lab/20260911/coherency-proof/soak/001.log']
Uploading 'target/db410c-lab/20260911/coherency-proof/soak/001.log' OKAY [  0.006s]
Finished. Total time: 0.006s
exit=0
iteration=2 ['stage', 'target/db410c-lab/20260911/coherency-proof/soak.sh']
Sending 'target/db410c-lab/20260911/coherency-proof/soak.sh' (0 KB) OKAY [  0.000s]
Finished. Total time: 0.000s
exit=0
iteration=2 ['oem', 'shell-staged']
(bootloader) shell exited 0; 1109 bytes staged
(bootloader) run fastboot get_staged /dev/stdout to view
OKAY [  0.727s]
Finished. Total time: 0.727s
exit=0
iteration=2 ['get_staged', 'target/db410c-lab/20260911/coherency-proof/soak/002.log']
Uploading 'target/db410c-lab/20260911/coherency-proof/soak/002.log' OKAY [  0.006s]
Finished. Total time: 0.006s
exit=0
iteration=3 ['stage', 'target/db410c-lab/20260911/coherency-proof/soak.sh']
Sending 'target/db410c-lab/20260911/coherency-proof/soak.sh' (0 KB) OKAY [  0.000s]
Finished. Total time: 0.000s
exit=0
iteration=3 ['oem', 'shell-staged']
(bootloader) shell exited 0; 1109 bytes staged
(bootloader) run fastboot get_staged /dev/stdout to view
OKAY [  0.726s]
Finished. Total time: 0.726s
exit=0
iteration=3 ['get_staged', 'target/db410c-lab/20260911/coherency-proof/soak/003.log']
Uploading 'target/db410c-lab/20260911/coherency-proof/soak/003.log' OKAY [  0.006s]
Finished. Total time: 0.006s
exit=0
iteration=4 ['stage', 'target/db410c-lab/20260911/coherency-proof/soak.sh']
Sending 'target/db410c-lab/20260911/coherency-proof/soak.sh' (0 KB) OKAY [  0.000s]
Finished. Total time: 0.000s
exit=0
iteration=4 ['oem', 'shell-staged']
(bootloader) shell exited 0; 1109 bytes staged
(bootloader) run fastboot get_staged /dev/stdout to view
OKAY [  0.754s]
Finished. Total time: 0.754s
exit=0
iteration=4 ['get_staged', 'target/db410c-lab/20260911/coherency-proof/soak/004.log']
Uploading 'target/db410c-lab/20260911/coherency-proof/soak/004.log' OKAY [  0.006s]
Finished. Total time: 0.006s
exit=0
iteration=5 ['stage', 'target/db410c-lab/20260911/coherency-proof/soak.sh']
Sending 'target/db410c-lab/20260911/coherency-proof/soak.sh' (0 KB) OKAY [  0.000s]
Finished. Total time: 0.000s
exit=0
iteration=5 ['oem', 'shell-staged']
(bootloader) shell exited 0; 1109 bytes staged
(bootloader) run fastboot get_staged /dev/stdout to view
OKAY [  0.727s]
Finished. Total time: 0.727s
exit=0
iteration=5 ['get_staged', 'target/db410c-lab/20260911/coherency-proof/soak/005.log']
Uploading 'target/db410c-lab/20260911/coherency-proof/soak/005.log' OKAY [  0.006s]
Finished. Total time: 0.006s
exit=0
iteration=6 ['stage', 'target/db410c-lab/20260911/coherency-proof/soak.sh']
Sending 'target/db410c-lab/20260911/coherency-proof/soak.sh' (0 KB) OKAY [  0.000s]
Finished. Total time: 0.000s
exit=0
iteration=6 ['oem', 'shell-staged']
(bootloader) shell exited 0; 1109 bytes staged
(bootloader) run fastboot get_staged /dev/stdout to view
OKAY [  0.726s]
Finished. Total time: 0.726s
exit=0
iteration=6 ['get_staged', 'target/db410c-lab/20260911/coherency-proof/soak/006.log']
Uploading 'target/db410c-lab/20260911/coherency-proof/soak/006.log' OKAY [  0.006s]
Finished. Total time: 0.006s
exit=0
iteration=7 ['stage', 'target/db410c-lab/20260911/coherency-proof/soak.sh']
Sending 'target/db410c-lab/20260911/coherency-proof/soak.sh' (0 KB) OKAY [  0.000s]
Finished. Total time: 0.000s
exit=0
iteration=7 ['oem', 'shell-staged']
(bootloader) shell exited 0; 1109 bytes staged
(bootloader) run fastboot get_staged /dev/stdout to view
OKAY [  0.754s]
Finished. Total time: 0.754s
exit=0
iteration=7 ['get_staged', 'target/db410c-lab/20260911/coherency-proof/soak/007.log']
Uploading 'target/db410c-lab/20260911/coherency-proof/soak/007.log' OKAY [  0.006s]
Finished. Total time: 0.006s
exit=0
iteration=8 ['stage', 'target/db410c-lab/20260911/coherency-proof/soak.sh']
Sending 'target/db410c-lab/20260911/coherency-proof/soak.sh' (0 KB) OKAY [  0.000s]
Finished. Total time: 0.001s
exit=0
iteration=8 ['oem', 'shell-staged']
(bootloader) shell exited 0; 1109 bytes staged
(bootloader) run fastboot get_staged /dev/stdout to view
OKAY [  0.754s]
Finished. Total time: 0.754s
exit=0
iteration=8 ['get_staged', 'target/db410c-lab/20260911/coherency-proof/soak/008.log']
Uploading 'target/db410c-lab/20260911/coherency-proof/soak/008.log' OKAY [  0.006s]
Finished. Total time: 0.006s
exit=0
iteration=9 ['stage', 'target/db410c-lab/20260911/coherency-proof/soak.sh']
Sending 'target/db410c-lab/20260911/coherency-proof/soak.sh' (0 KB) OKAY [  0.000s]
Finished. Total time: 0.000s
exit=0
iteration=9 ['oem', 'shell-staged']
(bootloader) shell exited 0; 1110 bytes staged
(bootloader) run fastboot get_staged /dev/stdout to view
OKAY [  0.726s]
Finished. Total time: 0.726s
exit=0
iteration=9 ['get_staged', 'target/db410c-lab/20260911/coherency-proof/soak/009.log']
Uploading 'target/db410c-lab/20260911/coherency-proof/soak/009.log' OKAY [  0.006s]
Finished. Total time: 0.006s
exit=0
iteration=10 ['stage', 'target/db410c-lab/20260911/coherency-proof/soak.sh']
Sending 'target/db410c-lab/20260911/coherency-proof/soak.sh' (0 KB) OKAY [  0.000s]
Finished. Total time: 0.000s
exit=0
iteration=10 ['oem', 'shell-staged']
(bootloader) shell exited 0; 1110 bytes staged
(bootloader) run fastboot get_staged /dev/stdout to view
OKAY [  0.730s]
Finished. Total time: 0.730s
exit=0
iteration=10 ['get_staged', 'target/db410c-lab/20260911/coherency-proof/soak/010.log']
Uploading 'target/db410c-lab/20260911/coherency-proof/soak/010.log' OKAY [  0.006s]
Finished. Total time: 0.006s
exit=0
iteration=11 ['stage', 'target/db410c-lab/20260911/coherency-proof/soak.sh']
Sending 'target/db410c-lab/20260911/coherency-proof/soak.sh' (0 KB) OKAY [  0.000s]
Finished. Total time: 0.000s
exit=0
iteration=11 ['oem', 'shell-staged']
(bootloader) shell exited 0; 1110 bytes staged
(bootloader) run fastboot get_staged /dev/stdout to view
OKAY [  0.730s]
Finished. Total time: 0.730s
exit=0
iteration=11 ['get_staged', 'target/db410c-lab/20260911/coherency-proof/soak/011.log']
Uploading 'target/db410c-lab/20260911/coherency-proof/soak/011.log' OKAY [  0.006s]
Finished. Total time: 0.006s
exit=0
iteration=12 ['stage', 'target/db410c-lab/20260911/coherency-proof/soak.sh']
Sending 'target/db410c-lab/20260911/coherency-proof/soak.sh' (0 KB) OKAY [  0.000s]
Finished. Total time: 0.000s
exit=0
iteration=12 ['oem', 'shell-staged']
(bootloader) shell exited 0; 1110 bytes staged
(bootloader) run fastboot get_staged /dev/stdout to view
OKAY [  0.754s]
Finished. Total time: 0.754s
exit=0
iteration=12 ['get_staged', 'target/db410c-lab/20260911/coherency-proof/soak/012.log']
Uploading 'target/db410c-lab/20260911/coherency-proof/soak/012.log' OKAY [  0.006s]
Finished. Total time: 0.006s
exit=0
iteration=13 ['stage', 'target/db410c-lab/20260911/coherency-proof/soak.sh']
Sending 'target/db410c-lab/20260911/coherency-proof/soak.sh' (0 KB) OKAY [  0.000s]
Finished. Total time: 0.000s
exit=0
iteration=13 ['oem', 'shell-staged']
(bootloader) shell exited 0; 1110 bytes staged
(bootloader) run fastboot get_staged /dev/stdout to view
OKAY [  0.727s]
Finished. Total time: 0.727s
exit=0
iteration=13 ['get_staged', 'target/db410c-lab/20260911/coherency-proof/soak/013.log']
Uploading 'target/db410c-lab/20260911/coherency-proof/soak/013.log' OKAY [  0.006s]
Finished. Total time: 0.006s
exit=0
iteration=14 ['stage', 'target/db410c-lab/20260911/coherency-proof/soak.sh']
Sending 'target/db410c-lab/20260911/coherency-proof/soak.sh' (0 KB) OKAY [  0.000s]
Finished. Total time: 0.000s
exit=0
iteration=14 ['oem', 'shell-staged']
(bootloader) shell exited 0; 1110 bytes staged
(bootloader) run fastboot get_staged /dev/stdout to view
OKAY [  0.727s]
Finished. Total time: 0.727s
exit=0
iteration=14 ['get_staged', 'target/db410c-lab/20260911/coherency-proof/soak/014.log']
Uploading 'target/db410c-lab/20260911/coherency-proof/soak/014.log' OKAY [  0.006s]
Finished. Total time: 0.006s
exit=0
iteration=15 ['stage', 'target/db410c-lab/20260911/coherency-proof/soak.sh']
Sending 'target/db410c-lab/20260911/coherency-proof/soak.sh' (0 KB) OKAY [  0.000s]
Finished. Total time: 0.000s
exit=0
iteration=15 ['oem', 'shell-staged']
(bootloader) shell exited 0; 1110 bytes staged
(bootloader) run fastboot get_staged /dev/stdout to view
OKAY [  0.726s]
Finished. Total time: 0.726s
exit=0
iteration=15 ['get_staged', 'target/db410c-lab/20260911/coherency-proof/soak/015.log']
Uploading 'target/db410c-lab/20260911/coherency-proof/soak/015.log' OKAY [  0.006s]
Finished. Total time: 0.006s
exit=0
iteration=16 ['stage', 'target/db410c-lab/20260911/coherency-proof/soak.sh']
Sending 'target/db410c-lab/20260911/coherency-proof/soak.sh' (0 KB) OKAY [  0.000s]
Finished. Total time: 0.000s
exit=0
iteration=16 ['oem', 'shell-staged']
(bootloader) shell exited 0; 1110 bytes staged
(bootloader) run fastboot get_staged /dev/stdout to view
OKAY [  0.727s]
Finished. Total time: 0.727s
exit=0
iteration=16 ['get_staged', 'target/db410c-lab/20260911/coherency-proof/soak/016.log']
Uploading 'target/db410c-lab/20260911/coherency-proof/soak/016.log' OKAY [  0.006s]
Finished. Total time: 0.006s
exit=0
iteration=17 ['stage', 'target/db410c-lab/20260911/coherency-proof/soak.sh']
Sending 'target/db410c-lab/20260911/coherency-proof/soak.sh' (0 KB) OKAY [  0.001s]
Finished. Total time: 0.001s
exit=0
iteration=17 ['oem', 'shell-staged']
(bootloader) shell exited 0; 1110 bytes staged
(bootloader) run fastboot get_staged /dev/stdout to view
OKAY [  0.727s]
Finished. Total time: 0.727s
exit=0
iteration=17 ['get_staged', 'target/db410c-lab/20260911/coherency-proof/soak/017.log']
Uploading 'target/db410c-lab/20260911/coherency-proof/soak/017.log' OKAY [  0.006s]
Finished. Total time: 0.006s
exit=0
iteration=18 ['stage', 'target/db410c-lab/20260911/coherency-proof/soak.sh']
Sending 'target/db410c-lab/20260911/coherency-proof/soak.sh' (0 KB) OKAY [  0.000s]
Finished. Total time: 0.000s
exit=0
iteration=18 ['oem', 'shell-staged']
(bootloader) shell exited 0; 1110 bytes staged
(bootloader) run fastboot get_staged /dev/stdout to view
OKAY [  0.727s]
Finished. Total time: 0.727s
exit=0
iteration=18 ['get_staged', 'target/db410c-lab/20260911/coherency-proof/soak/018.log']
Uploading 'target/db410c-lab/20260911/coherency-proof/soak/018.log' OKAY [  0.006s]
Finished. Total time: 0.006s
exit=0
iteration=19 ['stage', 'target/db410c-lab/20260911/coherency-proof/soak.sh']
Sending 'target/db410c-lab/20260911/coherency-proof/soak.sh' (0 KB) OKAY [  0.000s]
Finished. Total time: 0.000s
exit=0
iteration=19 ['oem', 'shell-staged']
(bootloader) shell exited 0; 1110 bytes staged
(bootloader) run fastboot get_staged /dev/stdout to view
OKAY [  0.727s]
Finished. Total time: 0.727s
exit=0
iteration=19 ['get_staged', 'target/db410c-lab/20260911/coherency-proof/soak/019.log']
Uploading 'target/db410c-lab/20260911/coherency-proof/soak/019.log' OKAY [  0.006s]
Finished. Total time: 0.006s
exit=0
iteration=20 ['stage', 'target/db410c-lab/20260911/coherency-proof/soak.sh']
Sending 'target/db410c-lab/20260911/coherency-proof/soak.sh' (0 KB) OKAY [  0.000s]
Finished. Total time: 0.000s
exit=0
iteration=20 ['oem', 'shell-staged']
(bootloader) shell exited 0; 1110 bytes staged
(bootloader) run fastboot get_staged /dev/stdout to view
OKAY [  0.758s]
Finished. Total time: 0.758s
exit=0
iteration=20 ['get_staged', 'target/db410c-lab/20260911/coherency-proof/soak/020.log']
Uploading 'target/db410c-lab/20260911/coherency-proof/soak/020.log' OKAY [  0.006s]
Finished. Total time: 0.006s
exit=0
