Panic#1 Part1
<6>[    0.180497] printk: legacy console [ttyMSM0] enabled
<6>[    0.218675] Unpacking initramfs...
<6>[    0.222242] msm_serial: driver initialized
<6>[    1.099827] qcom-iommu 1ef0000.iommu: iommu sec: pgtable size: 94208
<6>[    1.129090] platform 1a01000.display-controller: Adding to iommu group 0
<6>[    1.129703] /soc@0/display-subsystem@1a00000/display-controller@1a01000: Fixed dependency cycle(s) with /soc@0/display-subsystem@1a00000/dsi@1a98000
<6>[    1.135865] /soc@0/display-subsystem@1a00000/display-controller@1a01000: Fixed dependency cycle(s) with /soc@0/display-subsystem@1a00000/dsi@1a98000
<6>[    1.148747] /soc@0/display-subsystem@1a00000/dsi@1a98000: Fixed dependency cycle(s) with /soc@0/display-subsystem@1a00000/dsi@1a98000/panel@0
<6>[    1.161859] /soc@0/display-subsystem@1a00000/dsi@1a98000: Fixed dependency cycle(s) with /soc@0/display-subsystem@1a00000/display-controller@1a01000
<6>[    1.174655] /soc@0/display-subsystem@1a00000/dsi@1a98000/panel@0: Fixed dependency cycle(s) with /soc@0/display-subsystem@1a00000/dsi@1a98000
<6>[    1.194804] loop: module loaded
<6>[    1.200709] spmi_pmic_arb 200f000.spmi: PMIC arbiter version v2 (0x20010000)
<6>[    1.222392] input: pwm-vibrator as /devices/platform/vibrator/input/input0
<5>[    1.223221] i2c_qup 78b5000.i2c: using default clock-frequency 100000
<5>[    1.229426] i2c_qup 78b6000.i2c: using default clock-frequency 100000
<5>[    1.235835] i2c_qup 78b8000.i2c: using default clock-frequency 100000
<5>[    1.242292] i2c_qup 78b9000.i2c: using default clock-frequency 100000
<5>[    1.248756] i2c_qup 78ba000.i2c: using default clock-frequency 100000
<6>[    1.256562] rt5033 7-0034: Device found (rev. 6)
<4>[    1.264938] platform rt5033-charger: DMA mask not set
<4>[    1.265706] rt5033-led: Failed to locate of_node [id: -1]
<6>[    1.272275] input: pm8941_pwrkey as /devices/platform/soc@0/200f000.spmi/spmi-0/0-00/200f000.spmi:pmic@0:pon@800/200f000.spmi:pmic@0:pon@800:pwrkey/input/input1
<6>[    1.277215] input: pm8941_resin as /devices/platform/soc@0/200f000.spmi/spmi-0/0-00/200f000.spmi:pmic@0:pon@800/200f000.spmi:pmic@0:pon@800:resin/input/input2
<6>[    1.341455] clocksource: arch_mmio_counter: mask: 0xffffffffffffff max_cycles: 0x46d987e47, max_idle_ns: 440795202767 ns
<6>[    1.341917] arch-timer-mmio b020000.timer: mmio timer running at 19.20MHz (virt)
<4>[    1.375501] msm_mdp 1a01000.display-controller: No interconnect support may cause display underflows!
<3>[    1.383196] msm_hsusb 78d9000.usb: Failed to create device link (0x180) with supplier remoteproc for /soc@0/usb@78d9000/ulpi/phy
<6>[    1.386125] sdhci_msm 7864900.mmc: Got CD GPIO
<3>[    1.386658] tm2-touchkey 1-0020: failed to get regulators: -517
<3>[    1.401200] mms114 6-0048: Unable to get the IO regulator (-517)
<3>[    1.407997] tm2-touchkey 1-0020: failed to get regulators: -517
<6>[    1.409339] sdhci_msm 7864900.mmc: Got CD GPIO
<6>[    1.411267] s3: Bringing 0uV into 1250000-1250000uV
<6>[    1.411639] s4: Bringing 0uV into 1850000-1850000uV
<3>[    1.412280] mms114 6-0048: Unable to get the IO regulator (-517)
<6>[    1.412952] l2: Bringing 0uV into 1200000-1200000uV
<6>[    1.413522] l5: Bringing 0uV into 1800000-1800000uV
<6>[    1.413851] l6: Bringing 0uV into 1800000-1800000uV
<6>[    1.414084] l7: Bringing 0uV into 1800000-1800000uV
<6>[    1.414410] l8: Bringing 0uV into 2900000-2900000uV
<6>[    1.414659] l9: Bringing 0uV into 3300000-3300000uV
<6>[    1.415102] l11: Bringing 0uV into 2950000-2950000uV
<6>[    1.415343] l12: Bringing 0uV into 1800000-1800000uV
<6>[    1.415573] l13: Bringing 0uV into 3075000-3075000uV
<6>[    1.416436] l17: Bringing 0uV into 2850000-2850000uV
<6>[    1.452563] mmc0: SDHCI controller on 7824900.mmc [7824900.mmc] using ADMA
<6>[    1.456750] mmc1: SDHCI controller on 7864900.mmc [7864900.mmc] using ADMA
<6>[    1.571108] mmc1: new UHS-I speed SDR104 SDXC card at address aaaa
<6>[    1.571895] mmcblk1: mmc1:aaaa SR128 119 GiB
<4>[    1.575391] mmc0: Card appears overclocked; req 177770000 Hz, actual 177777777 Hz
<4>[    1.581269] mmc0: Card appears overclocked; req 177770000 Hz, actual 177777777 Hz
<6>[    1.589138] mmc0: new HS200 MMC card at address 0001
<6>[    1.596262] mmcblk0: mmc0:0001 Q313MB 14.7 GiB
<6>[    1.603555]  mmcblk0: p1 p2 p3 p4 p5 p6 p7 p8 p9 p10 p11 p12 p13 p14 p15 p16 p17 p18 p19 p20 p21 p22 p23 p24 p25 p26
<4>[    1.605523] GPT:Primary header thinks Alt. header is not at the end of the disk.
<6>[    1.612013] mmcblk0boot0: mmc0:0001 Q313MB 4.00 MiB
<4>[    1.615434] GPT:29337599 != 249737215
<6>[    1.623914] mmcblk0boot1: mmc0:0001 Q313MB 4.00 MiB
<4>[    1.627396] GPT:Alternate GPT header not at the end of the disk.
<4>[    1.627401] GPT:29337599 != 249737215
<4>[    1.627406] GPT: Use GNU Parted to correct GPT errors.
<6>[    1.627442]  mmcblk1: p1 p2 p3
<6>[    1.632204] mmcblk0rpmb: mmc0:0001 Q313MB 4.00 MiB, chardev (249:0)
<6>[    1.632713] input: tm2-touchkey as /devices/platform/i2c-tkey/i2c-1/1-0020/input/input5
<6>[    1.637807] input: MELFAS MMS345 Touchscreen as /devices/platform/soc@0/78b9000.i2c/i2c-6/6-0048/input/input6
<6>[    1.671459] /soc@0/display-subsystem@1a00000/dsi@1a98000: Fixed dependency cycle(s) with /soc@0/display-subsystem@1a00000/dsi@1a98000/panel@0
<6>[    1.678504] /soc@0/display-subsystem@1a00000/dsi@1a98000/panel@0: Fixed dependency cycle(s) with /soc@0/display-subsystem@1a00000/dsi@1a98000
<6>[    1.692023] msm_mdp 1a01000.display-controller: bound 1a98000.dsi (ops 0xffff8000806384a8)
<6>[    1.703955] msm_mdp 1a01000.display-controller: [drm:mdp5_kms_init] MDP5 version v1.6
<4>[    1.728680] msm_mdp 1a01000.display-controller: fall back to the other CTL category for INTF 1!
<6>[    1.730027] [drm] Initialized msm-kms 1.13.0 for 1a01000.display-controller on minor 0
<6>[    1.736891] gcc-msm8916 1800000.clock-controller: sync_state() pending due to chosen:framebuffer@8e000000
<6>[    1.745439] input: GPIO Buttons as /devices/platform/gpio-keys/input/input7
<6>[    1.754886] input: GPIO Hall Effect Sensor as /devices/platform/gpio-hall-sensor/input/input8
<6>[    1.761893] clk: Disabling unused clocks
<6>[    1.769749] PM: genpd: Disabling unused power domains
<6>[    1.775884] Freeing unused kernel memory: 2624K
<6>[    1.776517] Run /init as init process
<7>[    1.779451]   with arguments:
<7>[    1.779458]     /init
<7>[    1.779466]   with environment:
<7>[    1.779473]     HOME=/
<7>[    1.779480]     TERM=linux
<3>[    1.795608] msm_mdp 1a01000.display-controller: no GPU device was found
<6>[    1.798330] file system registered
<6>[    1.801787] read descriptors
<6>[    1.804806] read strings
<6>[    1.808483] read descriptors
<6>[    1.810631] read strings
<6>[    1.814035] Mass Storage Function, version: 2009/09/11
<6>[    1.815664] LUN: removable file: (no medium)
<6>[    1.821100] LUN: removable file: (no medium)
<6>[    1.825282] LUN: removable file: (no medium)
<6>[    1.829544] LUN: removable file: (no medium)
<6>[    1.833833] LUN: removable file: (no medium)
<6>[    1.838031] LUN: removable file: (no medium)
<6>[    1.842469] LUN: removable file: (no medium)
<6>[    1.846523] LUN: removable file: (no medium)
<3>[    1.851284] l13: voltage operation not allowed
<6>[    2.096617] mms114 6-0048: TSP FW Rev: bootloader 0x6 / core 0x26 / config 0x26
<6>[    2.299540] EXT4-fs (mmcblk1p2): orphan cleanup on readonly fs
<6>[    2.300708] EXT4-fs (mmcblk1p2): mounted filesystem 5077d4c6-b4a5-4429-af95-ee9691dbb6ca ro without journal. Quota mode: disabled.
<3>[    2.514892] [drm:mdp5_irq_error_handler] *ERROR* errors: 04000000
<6>[   17.492562] rt5033-charger rt5033-charger: USB mode. connector type: 5
<6>[  171.968006] sysrq: Trigger a crash
<0>[  171.968262] Kernel panic - not syncing: sysrq triggered crash
<4>[  171.970694] CPU: 2 UID: 0 PID: 134 Comm: sh Not tainted 7.1.0-rc6+ #49 PREEMPTLAZY 
<4>[  171.976512] Hardware name: Samsung Galaxy A5U (EUR) (DT)
<4>[  171.983794] Call trace:
<4>[  171.989338]  show_stack+0x14/0x1c (C)
<4>[  171.991694]  dump_stack_lvl+0x5c/0x78
<4>[  171.995331]  dump_stack+0x14/0x1c
<4>[  171.998979]  vpanic+0x128/0x2f0
<4>[  172.002276]  abort+0x0/0x4
<4>[  172.005407]  sysrq_handle_crash+0x18/0x20
<4>[  172.008008]  __handle_sysrq+0x138/0x1b0
<4>[  172.012086]  write_sysrq_trigger+0x80/0xc0
<4>[  172.015910]  proc_reg_write+0x6c/0xd4
<4>[  172.019897]  vfs_write+0x7c/0x2c4
<4>[  172.023628]  ksys_write+0x4c/0xd0
<4>[  172.027104]  __arm64_sys_write+0x14/0x1c
<4>[  172.030228]  do_el0_svc+0x68/0x100
<4>[  172.034219]  el0_svc+0x18/0x5c
<4>[  172.037610]  el0t_64_sync_handler+0x98/0xdc
<4>[  172.040471]  el0t_64_sync+0x154/0x158
<2>[  172.044552] SMP: stopping secondary CPUs
<0>[  172.048555] Kernel Offset: disabled
<0>[  172.052362] CPU features: 0x00000000,00000000,00000000,0400400b
<0>[  172.055578] Memory Limit: none
