[    0.000000] Booting Linux on physical CPU 0x0000000000 [0x410fd030]
[    0.000000] Linux version 7.1.0-rc6+ (sam@sam-desktop) (aarch64-linux-gnu-gcc (GCC) 16.1.1 20260501 (Red Hat Cross 16.1.1-1), GNU ld version 2.46-1.fc44) #56 SMP PREEMPT Fri Sep 11 18:35:00 AEST 2026
[    0.000000] Machine model: Samsung Galaxy A5U (EUR)
[    0.000000] OF: reserved mem: 0x000000008e600000..0x000000008e7fffff (2048 KiB) nomap non-reusable gps
[    0.000000] OF: reserved mem: 0x000000009ff80000..0x000000009fffffff (512 KiB) map non-reusable ramoops@9ff80000
[    0.000000] OF: reserved mem: 0x0000000086000000..0x00000000862fffff (3072 KiB) nomap non-reusable tz-apps@86000000
[    0.000000] OF: reserved mem: 0x0000000086300000..0x00000000863fffff (1024 KiB) nomap non-reusable smem@86300000
[    0.000000] OF: reserved mem: 0x0000000086400000..0x00000000864fffff (1024 KiB) nomap non-reusable hypervisor@86400000
[    0.000000] OF: reserved mem: 0x0000000086500000..0x000000008667ffff (1536 KiB) nomap non-reusable tz@86500000
[    0.000000] OF: reserved mem: 0x0000000086680000..0x00000000866fffff (512 KiB) nomap non-reusable reserved@86680000
[    0.000000] OF: reserved mem: 0x0000000086700000..0x00000000867dffff (896 KiB) nomap non-reusable rmtfs@86700000
[    0.000000] OF: reserved mem: 0x00000000867e0000..0x00000000867fffff (128 KiB) nomap non-reusable rfsa@867e0000
[    0.000000] OF: reserved mem: 0x0000000085500000..0x0000000085ffffff (11264 KiB) nomap non-reusable tz-apps@85500000
[    0.000000] OF: reserved mem: 0x000000008e000000..0x000000008e2a2fff (2700 KiB) nomap non-reusable framebuffer@8e000000
[    0.000000] OF: reserved mem: 0x00000000854ff000..0x00000000854fffff (4 KiB) nomap non-reusable spin-table@854ff000
[    0.000000] Zone ranges:
[    0.000000]   Normal   [mem 0x0000000080000000-0x00000000ffffffff]
[    0.000000] Movable zone start for each node
[    0.000000] Early memory node ranges
[    0.000000]   node   0: [mem 0x0000000080000000-0x00000000854fefff]
[    0.000000]   node   0: [mem 0x00000000854ff000-0x00000000867fffff]
[    0.000000]   node   0: [mem 0x0000000086800000-0x000000008dffffff]
[    0.000000]   node   0: [mem 0x000000008e000000-0x000000008e2a2fff]
[    0.000000]   node   0: [mem 0x000000008e2a3000-0x000000008e5fffff]
[    0.000000]   node   0: [mem 0x000000008e600000-0x000000008e7fffff]
[    0.000000]   node   0: [mem 0x000000008e800000-0x00000000ffffffff]
[    0.000000] Initmem setup node 0 [mem 0x0000000080000000-0x00000000ffffffff]
[    0.000000] percpu: Embedded 14 pages/cpu s28544 r0 d28800 u57344
[    0.000000] pcpu-alloc: s28544 r0 d28800 u57344 alloc=14*4096
[    0.000000] pcpu-alloc: [0] 0 [0] 1 [0] 2 [0] 3 
[    0.000000] Detected VIPT I-cache on CPU0
[    0.000000] CPU features: kernel page table isolation disabled by kernel configuration
[    0.000000] alternatives: applying boot alternatives
[    0.000000] Kernel command line: msm.skip_gpu=1 msm.separate_gpu_kms=1 panic=5 oops=panic printk.time=1 pocketboot.log=info pocketboot.drm_page_flips=16 drm.debug=0x6 pocketboot.lab=display-final-3
[    0.000000] printk: log buffer data + meta data: 131072 + 458752 = 589824 bytes
[    0.000000] Dentry cache hash table entries: 262144 (order: 9, 2097152 bytes, linear)
[    0.000000] Inode-cache hash table entries: 131072 (order: 8, 1048576 bytes, linear)
[    0.000000] software IO TLB: SWIOTLB bounce buffer size adjusted to 2MB
[    0.000000] software IO TLB: area num 4.
[    0.000000] software IO TLB: mapped [mem 0x00000000fd600000-0x00000000fd800000] (2MB)
[    0.000000] Built 1 zonelists, mobility grouping on.  Total pages: 524288
[    0.000000] mem auto-init: stack:all(zero), heap alloc:off, heap free:off
[    0.000000] SLUB: HWalign=64, Order=0-3, MinObjects=0, CPUs=4, Nodes=1
[    0.000000] rcu: Hierarchical RCU implementation.
[    0.000000] rcu: RCU calculated value of scheduler-enlistment delay is 25 jiffies.
[    0.000000] NR_IRQS: 64, nr_irqs: 64, preallocated irqs: 0
[    0.000000] Root IRQ handler: gic_handle_irq
[    0.000000] rcu: srcu_init: Setting srcu_struct sizes based on contention.
[    0.000000] arch_timer: cp15 timer running at 19.20MHz (virt).
[    0.000000] clocksource: arch_sys_counter: mask: 0xffffffffffffff max_cycles: 0x46d987e47, max_idle_ns: 440795202767 ns
[    0.000000] sched_clock: 56 bits at 19MHz, resolution 52ns, wraps every 4398046511078ns
[    0.000092] Console: colour dummy device 80x25
[    0.000103] printk: legacy console [tty0] enabled
[    0.000738] Calibrating delay loop (skipped), value calculated using timer frequency.. 38.40 BogoMIPS (lpj=76800)
[    0.000771] pid_max: default: 32768 minimum: 301
[    0.000987] Mount-cache hash table entries: 4096 (order: 3, 32768 bytes, linear)
[    0.001027] Mountpoint-cache hash table entries: 4096 (order: 3, 32768 bytes, linear)
[    0.001391] VFS: Finished mounting rootfs on nullfs
[    0.002007] Pocketboot spin-table v1: persistent page at 0x00000000854ff000
[    0.002940] rcu: Hierarchical SRCU implementation.
[    0.002961] rcu: 	Max phase no-delay instances is 1000.
[    0.003444] smp: Bringing up secondary CPUs ...
[    0.003883] Detected VIPT I-cache on CPU1
[    0.004035] CPU1: Booted secondary processor 0x0000000001 [0x410fd030]
[    0.004536] Detected VIPT I-cache on CPU2
[    0.004673] CPU2: Booted secondary processor 0x0000000002 [0x410fd030]
[    0.005145] Detected VIPT I-cache on CPU3
[    0.005278] CPU3: Booted secondary processor 0x0000000003 [0x410fd030]
[    0.005370] smp: Brought up 1 node, 4 CPUs
[    0.005450] SMP: Total of 4 processors activated.
[    0.005465] CPU: All CPU(s) started at EL1
[    0.005480] CPU features: detected: 32-bit EL0 Support
[    0.005495] CPU features: detected: CRC32 instructions
[    0.005546] alternatives: applying system-wide alternatives
[    0.006420] Memory: 2014992K/2097152K available (5760K kernel code, 852K rwdata, 1712K rodata, 2624K init, 242K bss, 78896K reserved, 0K cma-reserved)
[    0.007075] devtmpfs: initialized
[    0.020916] clocksource: jiffies: mask: 0xffffffff max_cycles: 0xffffffff, max_idle_ns: 7645041785100000 ns
[    0.020988] posixtimers hash table entries: 2048 (order: 3, 32768 bytes, linear)
[    0.021088] futex hash table entries: 1024 (65536 bytes on 1 NUMA nodes, total 64 KiB, linear).
[    0.022129] NET: Registered PF_NETLINK/PF_ROUTE protocol family
[    0.022724] DMA: preallocated 256 KiB GFP_KERNEL pool for atomic allocations
[    0.024359] ASID allocator initialised with 65536 entries
[    0.025748] ramoops: error in header, 13
[    0.026121] ramoops: error in header, 12
[    0.026527] ramoops: error in header, 16
[    0.026943] ramoops: error in header, 17
[    0.027315] ramoops: error in header, 13
[    0.027752] ramoops: error in header, 18
[    0.028152] ramoops: error in header, 13
[    0.028633] ramoops: error in header, 22
[    0.029039] ramoops: error in header, 16
[    0.029403] ramoops: error in header, 12
[    0.029781] ramoops: error in header, 13
[    0.030146] ramoops: error in header, 12
[    0.030548] ramoops: error in header, 15
[    0.030918] ramoops: error in header, 13
[    0.031251] ramoops: error in header, 9
[    0.031614] ramoops: error in header, 12
[    0.032038] ramoops: error in header, 18
[    0.032469] ramoops: error in header, 17
[    0.032834] ramoops: error in header, 12
[    0.033150] ramoops: error in header, 7
[    0.033504] ramoops: error in header, 11
[    0.033776] ramoops: error in header, 3
[    0.034100] ramoops: error in header, 7
[    0.034472] ramoops: error in header, 13
[    0.034940] ramoops: error in header, 22
[    0.035245] ramoops: error in header, 6
[    0.035619] ramoops: error in header, 13
[    0.035983] ramoops: error in header, 12
[    0.036436] ramoops: error in header, 19
[    0.036784] ramoops: error in header, 10
[    0.387320] pstore: Using crash dump compression: deflate
[    0.387344] printk: legacy console [ramoops-1] enabled
[    0.420608] pstore: Registered ramoops as persistent store backend
[    0.420827] ramoops: using 0x80000@0x9ff80000, ecc: 64
[    0.430142] /soc@0/clock-controller@1800000: Fixed dependency cycle(s) with /soc@0/display-subsystem@1a00000/phy@1a98300
[    0.430434] /soc@0/display-subsystem@1a00000/display-controller@1a01000: Fixed dependency cycle(s) with /soc@0/display-subsystem@1a00000/dsi@1a98000
[    0.430877] /soc@0/display-subsystem@1a00000/dsi@1a98000: Fixed dependency cycle(s) with /soc@0/display-subsystem@1a00000/dsi@1a98000/panel@0
[    0.431309] /soc@0/display-subsystem@1a00000/dsi@1a98000: Fixed dependency cycle(s) with /soc@0/display-subsystem@1a00000/display-controller@1a01000
[    0.431784] /soc@0/display-subsystem@1a00000/dsi@1a98000/panel@0: Fixed dependency cycle(s) with /soc@0/display-subsystem@1a00000/dsi@1a98000
[    0.432214] /soc@0/display-subsystem@1a00000/phy@1a98300: Fixed dependency cycle(s) with /soc@0/clock-controller@1800000
[    0.432897] /soc@0/usb@78d9000: Fixed dependency cycle(s) with /soc@0/usb@78d9000/ulpi/phy
[    0.433349] /soc@0/usb@78d9000/ulpi/phy: Fixed dependency cycle(s) with /soc@0/usb@78d9000
[    0.433775] /soc@0/interrupt-controller@b000000: Fixed dependency cycle(s) with /soc@0/interrupt-controller@b000000
[    0.438093] /soc@0/clock-controller@1800000: Fixed dependency cycle(s) with /soc@0/display-subsystem@1a00000/phy@1a98300
[    0.442219] /soc@0/display-subsystem@1a00000/display-controller@1a01000: Fixed dependency cycle(s) with /soc@0/display-subsystem@1a00000/dsi@1a98000
[    0.442915] /soc@0/display-subsystem@1a00000/dsi@1a98000: Fixed dependency cycle(s) with /soc@0/display-subsystem@1a00000/dsi@1a98000/panel@0
[    0.443342] /soc@0/display-subsystem@1a00000/dsi@1a98000: Fixed dependency cycle(s) with /soc@0/display-subsystem@1a00000/display-controller@1a01000
[    0.443794] /soc@0/display-subsystem@1a00000/dsi@1a98000/panel@0: Fixed dependency cycle(s) with /soc@0/display-subsystem@1a00000/dsi@1a98000
[    0.447504] /soc@0/usb@78d9000: Fixed dependency cycle(s) with /soc@0/usb@78d9000/ulpi/phy
[    0.448001] /soc@0/usb@78d9000/ulpi/phy: Fixed dependency cycle(s) with /soc@0/usb@78d9000
[    0.454652] iommu: Default domain type: Translated
[    0.454892] iommu: DMA domain TLB invalidation policy: strict mode
[    0.457133] SCSI subsystem initialized
[    0.457518] usbcore: registered new interface driver usbfs
[    0.457783] usbcore: registered new interface driver hub
[    0.458220] usbcore: registered new device driver usb
[    0.459126] i2c-gpio i2c-muic: using lines 617 (SDA) and 618 (SCL)
[    0.460017] i2c-gpio i2c-tkey: using lines 528 (SDA) and 529 (SCL)
[    0.460724] i2c-gpio i2c-nfc: using lines 512 (SDA) and 513 (SCL)
[    0.461634] qcom_scm: convention: smc arm 32
[    0.487039] sm5502 0-0025: Device type: version: 0x0, vendor: 0x1
[    0.490456] clocksource: Switched to clocksource arch_sys_counter
[    0.498336] NET: Registered PF_UNIX/PF_LOCAL protocol family
[    0.507525] workingset: timestamp_bits=62 (anon: 58) max_order=19 bucket_order=0 (anon: 0)
[    0.523921] msm_serial 78b0000.serial: msm_serial: detected port #0
[    0.524230] msm_serial 78b0000.serial: uartclk = 3686400
[    0.524992] 78b0000.serial: ttyMSM0 at MMIO 0x78b0000 (irq = 31, base_baud = 230400) is a MSM
[    0.525256] msm_serial: console setup on port #0
[    0.525688] printk: legacy console [ttyMSM0] enabled
[    1.507991] msm_serial: driver initialized
[    1.514658] [drm:msm_drm_register] init
[    1.514687] [drm:msm_mdp_register] 
[    1.514835] [drm:msm_dsi_register] 
[    1.538961] platform 1a01000.display-controller: Adding to iommu group 0
[    1.539394] /soc@0/display-subsystem@1a00000/display-controller@1a01000: Fixed dependency cycle(s) with /soc@0/display-subsystem@1a00000/dsi@1a98000
[    1.545304] [drm:mdss_runtime_resume] 
[    1.545745] /soc@0/display-subsystem@1a00000/display-controller@1a01000: Fixed dependency cycle(s) with /soc@0/display-subsystem@1a00000/dsi@1a98000
[    1.550487] [drm:mdss_runtime_suspend] 
[    1.558182] /soc@0/display-subsystem@1a00000/dsi@1a98000: Fixed dependency cycle(s) with /soc@0/display-subsystem@1a00000/dsi@1a98000/panel@0
[    1.571714] /soc@0/display-subsystem@1a00000/dsi@1a98000: Fixed dependency cycle(s) with /soc@0/display-subsystem@1a00000/display-controller@1a01000
[    1.584519] /soc@0/display-subsystem@1a00000/dsi@1a98000/panel@0: Fixed dependency cycle(s) with /soc@0/display-subsystem@1a00000/dsi@1a98000
[    1.597806] [drm:mdss_runtime_resume] 
[    1.599328] [drm:mdss_runtime_suspend] 
[    1.604498] loop: module loaded
[    1.610521] spmi_pmic_arb 200f000.spmi: PMIC arbiter version v2 (0x20010000)
[    1.646265] input: pwm-vibrator as /devices/platform/vibrator/input/input0
[    1.647282] i2c_qup 78b5000.i2c: using default clock-frequency 100000
[    1.652994] i2c_qup 78b6000.i2c: using default clock-frequency 100000
[    1.659841] i2c_qup 78b8000.i2c: using default clock-frequency 100000
[    1.665927] i2c_qup 78b9000.i2c: using default clock-frequency 100000
[    1.672726] i2c_qup 78ba000.i2c: using default clock-frequency 100000
[    1.682473] rt5033 7-0034: Device found (rev. 6)
[    1.686818] platform rt5033-charger: DMA mask not set
[    1.689377] rt5033-led: Failed to locate of_node [id: -1]
[    1.696108] input: pm8941_pwrkey as /devices/platform/soc@0/200f000.spmi/spmi-0/0-00/200f000.spmi:pmic@0:pon@800/200f000.spmi:pmic@0:pon@800:pwrkey/input/input1
[    1.700870] input: pm8941_resin as /devices/platform/soc@0/200f000.spmi/spmi-0/0-00/200f000.spmi:pmic@0:pon@800/200f000.spmi:pmic@0:pon@800:resin/input/input2
[    1.747267] clocksource: arch_mmio_counter: mask: 0xffffffffffffff max_cycles: 0x46d987e47, max_idle_ns: 440795202767 ns
[    1.747712] arch-timer-mmio b020000.timer: mmio timer running at 19.20MHz (virt)
[    1.780548] [drm:mdss_runtime_resume] 
[    1.780799] [drm:mdp5_dev_probe] 
[    1.780828] msm_mdp 1a01000.display-controller: No interconnect support may cause display underflows!
[    1.781318] [drm:mdp5_dev_probe] skipping lut
[    1.781345] [drm:mdp5_dev_probe] skipping tbu
[    1.781366] [drm:mdp5_dev_probe] skipping tbu_rt
[    1.786649] [drm:mdss_runtime_suspend] 
[    1.798329] [drm:mdss_runtime_resume] 
[    1.799059] [drm:mdss_runtime_suspend] 
[    1.814627] [drm:mdss_runtime_resume] 
[    1.818474] [drm:mdss_runtime_suspend] 
[    1.831115] msm_hsusb 78d9000.usb: Failed to create device link (0x180) with supplier remoteproc for /soc@0/usb@78d9000/ulpi/phy
[    1.832405] [drm:mdss_runtime_resume] 
[    1.834474] [drm:mdss_runtime_suspend] 
[    1.835481] sdhci_msm 7864900.mmc: Got CD GPIO
[    1.849364] tm2-touchkey 1-0020: failed to get regulators: -517
[    1.850213] mms114 6-0048: Unable to get the IO regulator (-517)
[    1.851000] s3: Bringing 0uV into 1250000-1250000uV
[    1.854343] [drm:mdss_runtime_resume] 
[    1.860884] s4: Bringing 0uV into 1850000-1850000uV
[    1.865748] l2: Bringing 0uV into 1200000-1200000uV
[    1.870488] [drm:mdss_runtime_suspend] 
[    1.870631] l5: Bringing 0uV into 1800000-1800000uV
[    1.875419] l6: Bringing 0uV into 1800000-1800000uV
[    1.877772] tm2-touchkey 1-0020: failed to get regulators: -517
[    1.879794] l7: Bringing 0uV into 1800000-1800000uV
[    1.885342] input: MELFAS MMS345 Touchscreen as /devices/platform/soc@0/78b9000.i2c/i2c-6/6-0048/input/input4
[    1.895371] l8: Bringing 0uV into 2900000-2900000uV
[    1.895895] [drm:mdss_runtime_resume] 
[    1.899175] sdhci_msm 7864900.mmc: Got CD GPIO
[    1.905507] l9: Bringing 0uV into 3300000-3300000uV
[    1.906155] [drm:pll_28nm_register] 0
[    1.910370] l11: Bringing 0uV into 2950000-2950000uV
[    1.914512] [drm:dsi_pll_28nm_clk_recalc_rate] returning vco rate = 1056000000
[    1.914902] l12: Bringing 0uV into 1800000-1800000uV
[    1.922475] [drm:mdss_runtime_suspend] 
[    1.924656] l13: Bringing 0uV into 3075000-3075000uV
[    1.931689] l17: Bringing 0uV into 2850000-2850000uV
[    2.090614] input: tm2-touchkey as /devices/platform/i2c-tkey/i2c-1/1-0020/input/input5
[    2.092357] [drm:mdss_runtime_resume] 
[    2.092810] [drm:dsi_dev_probe] 
[    2.092835] [drm:dsi_dev_probe] dsi probed=(____ptrval____)
[    2.092903] [drm:msm_dsi_host_init] dsi_get_config: Version 3:10030001
[    2.093367] [drm:msm_dsi_host_init] Dsi Host 0 initialized
[    2.093526] /soc@0/display-subsystem@1a00000/dsi@1a98000: Fixed dependency cycle(s) with /soc@0/display-subsystem@1a00000/dsi@1a98000/panel@0
[    2.097931] /soc@0/display-subsystem@1a00000/dsi@1a98000/panel@0: Fixed dependency cycle(s) with /soc@0/display-subsystem@1a00000/dsi@1a98000
[    2.111656] msm_mdp 1a01000.display-controller: bound 1a98000.dsi (ops 0xffff8000806384a8)
[    2.123551] [drm:mdp5_runtime_resume] 
[    2.123574] [drm:mdp5_runtime_resume] 
[    2.123594] [drm:mdp5_runtime_suspend] 
[    2.123609] [drm:mdp5_runtime_suspend] 
[    2.123641] msm_mdp 1a01000.display-controller: [drm:mdp5_kms_init] MDP5 version v1.6
[    2.131580] [drm:mdp5_cfg_init] MDP5: msm8x16 hw config selected
[    2.131623] [drm:mdp5_ctlm_init] Pool of 5 CTLs created.
[    2.132245] [drm:mdp5_runtime_resume] 
[    2.132266] [drm:mdp5_runtime_resume] 
[    2.148318] [drm:mdp5_runtime_suspend] 
[    2.148336] [drm:mdp5_runtime_suspend] 
[    2.148370] msm_mdp 1a01000.display-controller: fall back to the other CTL category for INTF 1!
[    2.148619] [drm:mdp5_ctlm_request] CTL 0 allocated
[    2.148893] [drm:mdp5_runtime_resume] 
[    2.148913] [drm:mdp5_runtime_resume] 
[    2.148936] [drm:mdp5_runtime_suspend] 
[    2.148950] [drm:mdp5_runtime_suspend] 
[    2.149138] [drm:mdp5_runtime_resume] 
[    2.149157] [drm:mdp5_runtime_resume] 
[    2.149211] [drm:mdp5_runtime_suspend] 
[    2.149227] [drm:mdp5_runtime_suspend] 
[    2.149572] msm_mdp 1a01000.display-controller: [drm:drm_sysfs_connector_add] [CONNECTOR:36:DSI-1] adding connector to sysfs
[    2.149690] msm_mdp 1a01000.display-controller: [drm:drm_sysfs_connector_hotplug_event] [CONNECTOR:36:DSI-1] generating connector hotplug event
[    2.149730] [drm] Initialized msm-kms 1.13.0 for 1a01000.display-controller on minor 0
[    2.156293] [drm:dsi_host_attach] id=0
[    2.157049] gcc-msm8916 1800000.clock-controller: sync_state() pending due to chosen:framebuffer@8e000000
[    2.164029] [drm:mdss_runtime_suspend] 
[    2.164302] mmc0: SDHCI controller on 7824900.mmc [7824900.mmc] using ADMA
[    2.166477] gcc-msm8916 1800000.clock-controller: sync_state() pending due to 7824900.mmc
[    2.180883] gcc-msm8916 1800000.clock-controller: sync_state() pending due to 7864900.mmc
[    2.189787] input: GPIO Buttons as /devices/platform/gpio-keys/input/input6
[    2.189924] sdhci_msm 7864900.mmc: Got CD GPIO
[    2.197334] input: GPIO Hall Effect Sensor as /devices/platform/gpio-hall-sensor/input/input7
[    2.209886] clk: Disabling unused clocks
[    2.216784] [drm:mdss_runtime_resume] 
[    2.217057] PM: genpd: Disabling unused power domains
[    2.218484] [drm:mdss_runtime_suspend] 
[    2.242699] mmc1: SDHCI controller on 7864900.mmc [7864900.mmc] using ADMA
[    2.244279] Freeing unused kernel memory: 2624K
[    2.249082] Run /init as init process
[    2.253102]   with arguments:
[    2.253110]     /init
[    2.253117]   with environment:
[    2.253124]     HOME=/
[    2.253131]     TERM=linux
[    2.256271]  INFO pocketboot: starting up
[    2.257100]  INFO pocketboot::reaper: PID 1 reaper thread spawned thread="pocketboot-reaper"
[    2.261844]  INFO pocketboot::getty: getty supervisor spawned pid=107 tty="tty0" baud="115200"
[    2.265374] mmc0: Card appears overclocked; req 177770000 Hz, actual 177777777 Hz
[    2.269630]  INFO pocketboot::getty: getty supervisor spawned pid=109 tty="ttyMSM0" baud="115200"
[    2.277664] mmc0: Card appears overclocked; req 177770000 Hz, actual 177777777 Hz
[    2.292845]  INFO pocketboot: detected boot state reboot_mode=None hard_reset=Some(true) power_key=Some(false) charger=Some(true) warm_reset=Some(false) source_backend="qcom-pon" source_detail="root=samsung,a5u-eur|qcom,msm8916 spmi=0-00 pmic=qcom,pm8916 pmic_node=qcom,pm8916|qcom,spmi-pmic pon=qcom,pm8916-pon pon_node=qcom,pm8916-pon gen=gen1 pon_base=0x800 pon_reason1=0x11 pon_reasons=hard-reset|usb-charger warm_reset_reason1=0x00 warm_reset_reason2=0x00 soft_rb_spare=0x00 reboot_mode=none"
[    2.294707] mmc0: new HS200 MMC card at address 0001
[    2.322948]  INFO pocketboot: selected device serialno serialno=cd0ee037
[    2.345819] mmcblk0: mmc0:0001 Q313MB 14.7 GiB
[    2.350379]  INFO pocketboot::battery: battery watcher thread spawned thread="pocketboot-battery"
[    2.362582]  INFO pocketboot::battery: battery state updated percent=99 status=Charging
[    2.363633]  INFO pocketboot::ui: UI thread spawned thread="pocketboot-ui"
[    2.363863] msm_mdp 1a01000.display-controller: no GPU device was found
[    2.363909] msm_mdp 1a01000.display-controller: [drm:drm_helper_probe_single_connector_modes] [CONNECTOR:36:DSI-1]
[    2.363939] msm_mdp 1a01000.display-controller: [drm:drm_helper_probe_single_connector_modes] [CONNECTOR:36:DSI-1] status updated from unknown to connected
[    2.364032] msm_mdp 1a01000.display-controller: [drm:drm_helper_probe_single_connector_modes] [CONNECTOR:36:DSI-1] probed modes:
[    2.364055] msm_mdp 1a01000.display-controller: [drm:drm_helper_probe_single_connector_modes] Probed mode: "720x1280": 60 80117 720 800 896 1024 1280 1294 1296 1304 0x48 0x0
[    2.364098] msm_mdp 1a01000.display-controller: [drm:drm_sysfs_hotplug_event] generating hotplug event
[    2.364332] msm_mdp 1a01000.display-controller: [drm:drm_mode_addfb2] [FB:62]
[    2.364391] msm_mdp 1a01000.display-controller: [drm:drm_mode_addfb2] [FB:63]
[    2.364443] msm_mdp 1a01000.display-controller: [drm:drm_mode_addfb2] [FB:64]
[    2.372378]  mmcblk0: p1 p2 p3 p4 p5 p6 p7 p8 p9 p10 p11 p12 p13 p14 p15 p16 p17 p18 p19 p20 p21 p22 p23 p24 p25 p26
[    2.378279]  INFO pocketboot::gadget: USB gadget thread spawned thread="pocketboot-fastboot" mode="fastboot"
[    2.380601] file system registered
[    2.380970] read descriptors
[    2.380996] read strings
[    2.381831]  INFO pocketboot::ui: POCKETBOOT_UI_SCALE scale_factor_milli=1000 physical_width=720 physical_height=1280 logical_width=720 logical_height=1280
[    2.381992] read descriptors
[    2.382012] read strings
[    2.382715]  INFO pocketboot::gadget: USB gadget registered path=/sys/kernel/config/usb_gadget/gadgetry-most-foul0
[    2.382787] Mass Storage Function, version: 2009/09/11
[    2.382794] LUN: removable file: (no medium)
[    2.383053] LUN: removable file: (no medium)
[    2.383302] LUN: removable file: (no medium)
[    2.383540] LUN: removable file: (no medium)
[    2.383767] LUN: removable file: (no medium)
[    2.383993] LUN: removable file: (no medium)
[    2.384231] LUN: removable file: (no medium)
[    2.384458] LUN: removable file: (no medium)
[    2.384744]  INFO pocketboot::gadget: UMS function registered path=/sys/kernel/config/usb_gadget/gadgetry-most-foul0/functions/mass_storage.pocketboot-ums luns=8
[    2.385312] l13: voltage operation not allowed
[    2.385444]  INFO pocketboot: CDC-ACM disabled param="pocketboot.acm"
[    2.386224]  INFO pocketboot::gadget: USB gadget bound udc=ci_hdrc.0
[    2.386503]  INFO pocketboot: waiting for UI boot selection or fastboot exit
[    2.392653] mmcblk0boot0: mmc0:0001 Q313MB 4.00 MiB
[    2.499192] mmc1: new UHS-I speed SDR104 SDXC card at address aaaa
[    2.536219] mmcblk0boot1: mmc0:0001 Q313MB 4.00 MiB
[    2.539556] mmcblk1: mmc1:aaaa SR128 119 GiB
[    2.544411] mmcblk0rpmb: mmc0:0001 Q313MB 4.00 MiB, chardev (249:0)
[    2.549433] GPT:Primary header thinks Alt. header is not at the end of the disk.
[    2.554541] GPT:29337599 != 249737215
[    2.561963] GPT:Alternate GPT header not at the end of the disk.
[    2.565703] GPT:29337599 != 249737215
[    2.571592] GPT: Use GNU Parted to correct GPT errors.
[    2.575354]  mmcblk1: p1 p2 p3
[    2.791805]  INFO pocketboot::fastboot: fastboot function enabled
[    2.792231]  INFO pocketboot::adb: adb function enabled
[    2.838516] mms114 6-0048: TSP FW Rev: bootloader 0x6 / core 0x26 / config 0x26
[    2.838839]  INFO pocketboot::ui: opened touch input device path=/dev/input/event3
[    2.922568]  INFO pocketboot::ui: opened hardware button input device path=/dev/input/event5
[    2.954541]  INFO pocketboot::ui: opened hardware button input device path=/dev/input/event2
[    2.955038]  INFO pocketboot::ui: opened hardware button input device path=/dev/input/event1
[    2.974573]  INFO pocketboot::ui: starting frankenSlint UI path=/dev/dri/card0 connector=DSI-1 width=720 height=1280 format=DrmFourcc(XR24)
[    2.992277]  INFO pocketboot::adb: adb connection opened version=16777217 max_payload=1048576
[    3.000143] msm_mdp 1a01000.display-controller: [drm:drm_mode_setcrtc] [CRTC:61:crtc-0]
[    3.000183]  INFO pocketboot: local flash settled elapsed_ms=612 disks=4 partitions=29 events=33 snapshot_changes=3 snapshot=mmcblk0:179:0:30777344[mmcblk0p1|mmcblk0p10|mmcblk0p11|mmcblk0p12|mmcblk0p13|mmcblk0p14|mmcblk0p15|mmcblk0p16|mmcblk0p17|mmcblk0p18|mmcblk0p19|mmcblk0p2|mmcblk0p20|mmcblk0p21|mmcblk0p22|mmcblk0p23|mmcblk0p24|mmcblk0p25|mmcblk0p26|mmcblk0p3|mmcblk0p4|mmcblk0p5|mmcblk0p6|mmcblk0p7|mmcblk0p8|mmcblk0p9],mmcblk0boot0:179:8:8192[-],mmcblk0boot1:179:16:8192[-],mmcblk1:179:24:249737216[mmcblk1p1|mmcblk1p2|mmcblk1p3]
[    3.000201] msm_mdp 1a01000.display-controller: [drm:drm_mode_setcrtc] [CONNECTOR:36:DSI-1]
[    3.025708] [drm:mdp5_plane_atomic_check] plane-0: check (0 -> 0)
[    3.025747] [drm:mdp5_pipe_assign] DMA0: alloc SMP blocks
[    3.025764] [drm:mdp5_smp_assign] DMA0[0]: request 1 SMP blocks
[    3.025782] [drm:mdp5_pipe_assign] DMA0: assign to plane plane-0 for caps 0
[    3.025800] [drm:mdp5_crtc_atomic_check] crtc-0: check
[    3.025815] [drm:mdp5_mixer_assign] assigning Layer Mixer 0 to crtc crtc-0
[    3.025833] [drm:mdp5_crtc_atomic_check] crtc-0: assign pipe plane-0 on stage=1
[    3.025940] [drm:mdss_runtime_resume] 
[    3.026003] [drm:mdp5_runtime_resume] 
[    3.026019] [drm:mdp5_runtime_resume] 
[    3.026045] [drm:mdp5_smp_prepare_commit] assign DMA0:0, 1 blks
[    3.026065] [drm:mdp5_smp_prepare_commit] assign DMA0:1, 1 blks
[    3.026082] [drm:mdp5_smp_prepare_commit] assign DMA0:2, 1 blks
[    3.026110] [drm:mdp5_crtc_mode_set_nofb] crtc-0: set mode: "720x1280": 60 80117 720 800 896 1024 1280 1294 1296 1304 0x48 0x0
[    3.026139] [drm:dsi_mgr_bridge_mode_set] set mode: "720x1280": 60 80117 720 800 896 1024 1280 1294 1296 1304 0x48 0x0
[    3.026166] [drm:mdp5_crtc_atomic_begin] crtc-0: begin
[    3.026181] [drm:mdp5_plane_atomic_update] plane-0: update
[    3.026198] [drm:mdp5_plane_mode_set] plane-0: FB[63] 0,0,720,1280 -> CRTC[61] 0,0,720,1280
[    3.026224] [drm:mdp5_plane_mode_set] scale config = 0
[    3.026246] [drm:mdp5_crtc_atomic_flush] crtc-0: event: (____ptrval____)
[    3.026273] [drm:mdp5_ctl_blend] lm0: blend config = 0x00040000. ext_cfg = 0x00000000
[    3.026290] [drm:mdp5_crtc_atomic_flush] crtc-0: flush=00000840
[    3.026308] [drm:mdp5_crtc_atomic_enable] crtc-0
[    3.026331] [drm:mdp5_crtc_mode_set_nofb] crtc-0: set mode: "720x1280": 60 80117 720 800 896 1024 1280 1294 1296 1304 0x48 0x0
[    3.026360] [drm:dsi_mgr_bridge_pre_enable] id=0
[    3.026374] [drm:dsi_mgr_bridge_pre_enable] id=0
[    3.026387] [drm:msm_dsi_host_reset_phy] 
[    3.027506] [drm:dsi_calc_pclk] pclk=80117000, bclk=60087750
[    3.027581] [drm:dsi_28nm_phy_enable] 
[    3.027601] [drm:msm_dsi_dphy_timing_calc] PHY timings: 28, 4, 0, 139, 30, 20, 68, 70, 24, 32, 25
[    3.027693] [drm:dsi_link_clk_set_rate_6g] Set clk rates: pclk=80117000, byteclk=60087750
[    3.027780] [drm:dsi_pll_28nm_clk_set_rate] refclk_cfg = 1
[    3.027797] [drm:dsi_pll_28nm_clk_set_rate] div_fb = 12518
[    3.027812] [drm:dsi_pll_28nm_clk_set_rate] frac_n_value = 33947
[    3.027826] [drm:dsi_pll_28nm_clk_set_rate] Generated VCO Clock: 480691200
[    3.027840] [drm:dsi_pll_28nm_clk_set_rate] sdm_cfg0=0
[    3.027854] [drm:dsi_pll_28nm_clk_set_rate] sdm_cfg1=75
[    3.027868] [drm:dsi_pll_28nm_clk_set_rate] sdm_cfg2=155
[    3.027882] [drm:dsi_pll_28nm_clk_set_rate] sdm_cfg3=132
[    3.027896] [drm:dsi_pll_28nm_clk_set_rate] cal_cfg10=224, cal_cfg11=1
[    3.028918] [drm:dsi_pll_28nm_clk_recalc_rate] sdm_dc_off = 11
[    3.028933] [drm:dsi_pll_28nm_clk_recalc_rate] sdm_freq_seed = 33947
[    3.028948] [drm:dsi_pll_28nm_clk_recalc_rate] vco rate = 480690820
[    3.028962] [drm:dsi_pll_28nm_clk_recalc_rate] returning vco rate = 480690820
[    3.029040] [drm:dsi_pll_28nm_vco_prepare_lp] id=0
[    3.029575] [drm:dsi_pll_28nm_vco_prepare_lp] DSI PLL is locked
[    3.029589] [drm:dsi_pll_28nm_vco_prepare_lp] DSI PLL lock success
[    3.029612] [drm:msm_dsi_host_power_on] 
[    3.036261]  INFO pocketboot: block devices found count=12
[    3.047593]  INFO pocketboot: block device device=loop0 description=loop0 dev=7:0 size=0 sectors/0 MiB rw
[    3.050476] [drm:dsi_intr_ctrl] intr=2220aa02 enable=1
[    3.052418]  INFO pocketboot: block device device=loop1 description=loop1 dev=7:1 size=0 sectors/0 MiB rw
[    3.052539] [drm:msm_dsi_host_power_on] lane number=4
[    3.062030]  INFO pocketboot: block device device=loop2 description=loop2 dev=7:2 size=0 sectors/0 MiB rw
[    3.071990]  INFO pocketboot: block device device=loop3 description=loop3 dev=7:3 size=0 sectors/0 MiB rw
[    3.081357]  INFO pocketboot: block device device=loop4 description=loop4 dev=7:4 size=0 sectors/0 MiB rw
[    3.091085]  INFO pocketboot: block device device=loop5 description=loop5 dev=7:5 size=0 sectors/0 MiB rw
[    3.100631]  INFO pocketboot: block device device=loop6 description=loop6 dev=7:6 size=0 sectors/0 MiB rw
[    3.110181]  INFO pocketboot: block device device=loop7 description=loop7 dev=7:7 size=0 sectors/0 MiB rw
[    3.110461] [drm:dsi_link_clk_set_rate_6g] Set clk rates: pclk=80117000, byteclk=60087750
[    3.119358]  INFO pocketboot: block device device=mmcblk0 description=mmcblk0 dev=179:0 size=30777344 sectors/15028 MiB rw
[    3.119525] [drm:dsi_pll_28nm_clk_set_rate] refclk_cfg = 1
[    3.128927]  INFO pocketboot: block partition partition=mmcblk0p1 description=mmcblk0p1 dev=179:1 size=30720 sectors/15 MiB rw partname=apnhlos
[    3.129020] [drm:dsi_pll_28nm_clk_set_rate] div_fb = 12518
[    3.139856]  INFO pocketboot: block partition partition=mmcblk0p10 description=mmcblk0p10 dev=259:2 size=32 sectors/0 MiB rw partname=sec
[    3.139960] [drm:dsi_pll_28nm_clk_set_rate] frac_n_value = 33947
[    3.152611]  INFO pocketboot: block partition partition=mmcblk0p11 description=mmcblk0p11 dev=259:3 size=21536 sectors/10 MiB rw partname=pad
[    3.152716] [drm:dsi_pll_28nm_clk_set_rate] Generated VCO Clock: 480691200
[    3.165113]  INFO pocketboot: block partition partition=mmcblk0p12 description=mmcblk0p12 dev=259:4 size=20480 sectors/10 MiB rw partname=param
[    3.165220] [drm:dsi_pll_28nm_clk_set_rate] sdm_cfg0=0
[    3.177778]  INFO pocketboot: block partition partition=mmcblk0p13 description=mmcblk0p13 dev=259:5 size=28672 sectors/14 MiB rw partname=efs
[    3.177889] [drm:dsi_pll_28nm_clk_set_rate] sdm_cfg1=75
[    3.190458]  INFO pocketboot: block partition partition=mmcblk0p14 description=mmcblk0p14 dev=259:6 size=6144 sectors/3 MiB rw partname=modemst1
[    3.190569] [drm:dsi_pll_28nm_clk_set_rate] sdm_cfg2=155
[    3.203299]  INFO pocketboot: block partition partition=mmcblk0p15 description=mmcblk0p15 dev=259:7 size=6144 sectors/3 MiB rw partname=modemst2
[    3.203590] [drm:dsi_pll_28nm_clk_set_rate] sdm_cfg3=132
[    3.216319]  INFO pocketboot: block partition partition=mmcblk0p16 description=mmcblk0p16 dev=259:8 size=26624 sectors/13 MiB rw partname=boot
[    3.216435] [drm:dsi_pll_28nm_clk_set_rate] cal_cfg10=224, cal_cfg11=1
[    3.229250]  INFO pocketboot: block partition partition=mmcblk0p17 description=mmcblk0p17 dev=259:9 size=30720 sectors/15 MiB rw partname=recovery
[    3.230372] [drm:dsi_pll_28nm_clk_recalc_rate] sdm_dc_off = 11
[    3.241841]  INFO pocketboot: block partition partition=mmcblk0p18 description=mmcblk0p18 dev=259:10 size=10242 sectors/5 MiB rw partname=fota
[    3.241965] [drm:dsi_pll_28nm_clk_recalc_rate] sdm_freq_seed = 33947
[    3.254950]  INFO pocketboot: block partition partition=mmcblk0p19 description=mmcblk0p19 dev=259:11 size=14318 sectors/6 MiB rw partname=backup
[    3.255069] [drm:dsi_pll_28nm_clk_recalc_rate] vco rate = 480690820
[    3.267716]  INFO pocketboot: block partition partition=mmcblk0p2 description=mmcblk0p2 dev=179:2 size=117632 sectors/57 MiB rw partname=modem
[    3.267820] [drm:dsi_pll_28nm_clk_recalc_rate] returning vco rate = 480690820
[    3.280816]  INFO pocketboot: block partition partition=mmcblk0p20 description=mmcblk0p20 dev=259:12 size=6144 sectors/3 MiB rw partname=fsc
[    3.280966] [drm:dsi_intr_ctrl] intr=2220aa02 enable=1
[    3.293408]  INFO pocketboot: block partition partition=mmcblk0p21 description=mmcblk0p21 dev=259:13 size=16 sectors/0 MiB rw partname=ssd
[    3.293545] [drm:dsi_host_irq] isr=0x2220aa03, id=0
[    3.306167]  INFO pocketboot: block partition partition=mmcblk0p22 description=mmcblk0p22 dev=259:14 size=16384 sectors/8 MiB rw partname=persist
[    3.306286] [drm:dsi_cmds2buf_tx] ret=49
[    3.318412]  INFO pocketboot: block partition partition=mmcblk0p23 description=mmcblk0p23 dev=259:15 size=18432 sectors/9 MiB rw partname=persdata
[    3.318528] [drm:dsi_intr_ctrl] intr=2220aa00 enable=0
[    3.331505]  INFO pocketboot: block partition partition=mmcblk0p24 description=mmcblk0p24 dev=259:16 size=204800 sectors/100 MiB rw
[    3.331631] [drm:dsi_link_clk_set_rate_6g] Set clk rates: pclk=80117000, byteclk=60087750
[    3.344526]  INFO pocketboot: block partition partition=mmcblk0p25 description=mmcblk0p25 dev=259:17 size=1024000 sectors/500 MiB rw
[    3.344695] [drm:dsi_pll_28nm_clk_set_rate] refclk_cfg = 1
[    3.356251]  INFO pocketboot: block partition partition=mmcblk0p26 description=mmcblk0p26 dev=259:18 size=29169664 sectors/14243 MiB rw
[    3.356357] [drm:dsi_pll_28nm_clk_set_rate] div_fb = 12518
[    3.368517] [drm:dsi_pll_28nm_clk_set_rate] frac_n_value = 33947
[    3.368533] [drm:dsi_pll_28nm_clk_set_rate] Generated VCO Clock: 480691200
[    3.368548] [drm:dsi_pll_28nm_clk_set_rate] sdm_cfg0=0
[    3.368563] [drm:dsi_pll_28nm_clk_set_rate] sdm_cfg1=75
[    3.368577] [drm:dsi_pll_28nm_clk_set_rate] sdm_cfg2=155
[    3.368591] [drm:dsi_pll_28nm_clk_set_rate] sdm_cfg3=132
[    3.368606] [drm:dsi_pll_28nm_clk_set_rate] cal_cfg10=224, cal_cfg11=1
[    3.369627] [drm:dsi_pll_28nm_clk_recalc_rate] sdm_dc_off = 11
[    3.369642] [drm:dsi_pll_28nm_clk_recalc_rate] sdm_freq_seed = 33947
[    3.369657] [drm:dsi_pll_28nm_clk_recalc_rate] vco rate = 480690820
[    3.369672] [drm:dsi_pll_28nm_clk_recalc_rate] returning vco rate = 480690820
[    3.369716] [drm:dsi_intr_ctrl] intr=2220aa02 enable=1
[    3.369749] [drm:dsi_host_irq] isr=0x2220aa03, id=0
[    3.369783] [drm:dsi_cmds2buf_tx] ret=50
[    3.369802] [drm:dsi_intr_ctrl] intr=2220aa00 enable=0
[    3.369825] [drm:dsi_link_clk_set_rate_6g] Set clk rates: pclk=80117000, byteclk=60087750
[    3.369888] [drm:dsi_pll_28nm_clk_set_rate] refclk_cfg = 1
[    3.369904] [drm:dsi_pll_28nm_clk_set_rate] div_fb = 12518
[    3.369919] [drm:dsi_pll_28nm_clk_set_rate] frac_n_value = 33947
[    3.369933] [drm:dsi_pll_28nm_clk_set_rate] Generated VCO Clock: 480691200
[    3.369947] [drm:dsi_pll_28nm_clk_set_rate] sdm_cfg0=0
[    3.369961] [drm:dsi_pll_28nm_clk_set_rate] sdm_cfg1=75
[    3.369975] [drm:dsi_pll_28nm_clk_set_rate] sdm_cfg2=155
[    3.369990] [drm:dsi_pll_28nm_clk_set_rate] sdm_cfg3=132
[    3.370004] [drm:dsi_pll_28nm_clk_set_rate] cal_cfg10=224, cal_cfg11=1
[    3.370041]  INFO pocketboot: block partition partition=mmcblk0p3 description=mmcblk0p3 dev=179:3 size=1024 sectors/0 MiB rw partname=sbl1
[    3.371025] [drm:dsi_pll_28nm_clk_recalc_rate] sdm_dc_off = 11
[    3.380311]  INFO pocketboot: block partition partition=mmcblk0p4 description=mmcblk0p4 dev=179:4 size=64 sectors/0 MiB rw partname=ddr
[    3.380405] [drm:dsi_pll_28nm_clk_recalc_rate] sdm_freq_seed = 33947
[    3.392819]  INFO pocketboot: block partition partition=mmcblk0p5 description=mmcblk0p5 dev=179:5 size=4096 sectors/2 MiB rw partname=aboot
[    3.392906] [drm:dsi_pll_28nm_clk_recalc_rate] vco rate = 480690820
[    3.404885]  INFO pocketboot: block partition partition=mmcblk0p6 description=mmcblk0p6 dev=179:6 size=1024 sectors/0 MiB rw partname=rpm
[    3.405147] [drm:dsi_pll_28nm_clk_recalc_rate] returning vco rate = 480690820
[    3.417374]  INFO pocketboot: block partition partition=mmcblk0p7 description=mmcblk0p7 dev=179:7 size=1024 sectors/0 MiB rw partname=qsee
[    3.417506] [drm:dsi_intr_ctrl] intr=2220aa02 enable=1
[    3.429864]  INFO pocketboot: block partition partition=mmcblk0p8 description=mmcblk0p8 dev=259:0 size=1024 sectors/0 MiB rw partname=qhee
[    3.429983] [drm:dsi_host_irq] isr=0x2220aa03, id=0
[    3.442190]  INFO pocketboot: block partition partition=mmcblk0p9 description=mmcblk0p9 dev=259:1 size=6144 sectors/3 MiB rw partname=fsg
[    3.442301] [drm:dsi_cmds2buf_tx] ret=48
[    3.454665]  INFO pocketboot: block device device=mmcblk0boot0 description=mmcblk0boot0 dev=179:8 size=8192 sectors/4 MiB ro
[    3.454721] [drm:dsi_intr_ctrl] intr=2220aa00 enable=0
[    3.467019]  INFO pocketboot: block device device=mmcblk0boot1 description=mmcblk0boot1 dev=179:16 size=8192 sectors/4 MiB ro
[    3.467127] [drm:dsi_link_clk_set_rate_6g] Set clk rates: pclk=80117000, byteclk=60087750
[    3.478301]  INFO pocketboot: block device device=mmcblk1 description=mmcblk1 dev=179:24 size=249737216 sectors/121942 MiB rw
[    3.478459] [drm:dsi_pll_28nm_clk_set_rate] refclk_cfg = 1
[    3.489506]  INFO pocketboot: block partition partition=mmcblk1p1 description=mmcblk1p1 dev=179:25 size=1026048 sectors/501 MiB rw
[    3.489606] [drm:dsi_pll_28nm_clk_set_rate] div_fb = 12518
[    3.500783]  INFO pocketboot: block partition partition=mmcblk1p2 description=mmcblk1p2 dev=179:26 size=2097152 sectors/1024 MiB rw
[    3.500969] [drm:dsi_pll_28nm_clk_set_rate] frac_n_value = 33947
[    3.512413]  INFO pocketboot: block partition partition=mmcblk1p3 description=mmcblk1p3 dev=179:27 size=26212319 sectors/12798 MiB rw
[    3.512533] [drm:dsi_pll_28nm_clk_set_rate] Generated VCO Clock: 480691200
[    3.524246] [drm:dsi_pll_28nm_clk_set_rate] sdm_cfg0=0
[    3.524261] [drm:dsi_pll_28nm_clk_set_rate] sdm_cfg1=75
[    3.524275] [drm:dsi_pll_28nm_clk_set_rate] sdm_cfg2=155
[    3.524289] [drm:dsi_pll_28nm_clk_set_rate] sdm_cfg3=132
[    3.524303] [drm:dsi_pll_28nm_clk_set_rate] cal_cfg10=224, cal_cfg11=1
[    3.525325] [drm:dsi_pll_28nm_clk_recalc_rate] sdm_dc_off = 11
[    3.525340] [drm:dsi_pll_28nm_clk_recalc_rate] sdm_freq_seed = 33947
[    3.525355] [drm:dsi_pll_28nm_clk_recalc_rate] vco rate = 480690820
[    3.525370] [drm:dsi_pll_28nm_clk_recalc_rate] returning vco rate = 480690820
[    3.525442] [drm:dsi_intr_ctrl] intr=2220aa02 enable=1
[    3.525486] [drm:dsi_host_irq] isr=0x2220aa03, id=0
[    3.525524] [drm:dsi_cmds2buf_tx] ret=50
[    3.525544] [drm:dsi_intr_ctrl] intr=2220aa00 enable=0
[    3.525568] [drm:dsi_link_clk_set_rate_6g] Set clk rates: pclk=80117000, byteclk=60087750
[    3.525640] [drm:dsi_pll_28nm_clk_set_rate] refclk_cfg = 1
[    3.525657] [drm:dsi_pll_28nm_clk_set_rate] div_fb = 12518
[    3.525672] [drm:dsi_pll_28nm_clk_set_rate] frac_n_value = 33947
[    3.525686] [drm:dsi_pll_28nm_clk_set_rate] Generated VCO Clock: 480691200
[    3.525701] [drm:dsi_pll_28nm_clk_set_rate] sdm_cfg0=0
[    3.525715] [drm:dsi_pll_28nm_clk_set_rate] sdm_cfg1=75
[    3.525729] [drm:dsi_pll_28nm_clk_set_rate] sdm_cfg2=155
[    3.525743] [drm:dsi_pll_28nm_clk_set_rate] sdm_cfg3=132
[    3.525756] [drm:dsi_pll_28nm_clk_set_rate] cal_cfg10=224, cal_cfg11=1
[    3.526778] [drm:dsi_pll_28nm_clk_recalc_rate] sdm_dc_off = 11
[    3.526795] [drm:dsi_pll_28nm_clk_recalc_rate] sdm_freq_seed = 33947
[    3.526809] [drm:dsi_pll_28nm_clk_recalc_rate] vco rate = 480690820
[    3.526824] [drm:dsi_pll_28nm_clk_recalc_rate] returning vco rate = 480690820
[    3.526865] [drm:dsi_intr_ctrl] intr=2220aa02 enable=1
[    3.526901] [drm:dsi_host_irq] isr=0x2220aa03, id=0
[    3.526937] [drm:dsi_cmds2buf_tx] ret=50
[    3.526956] [drm:dsi_intr_ctrl] intr=2220aa00 enable=0
[    3.526980] [drm:dsi_link_clk_set_rate_6g] Set clk rates: pclk=80117000, byteclk=60087750
[    3.527045] [drm:dsi_pll_28nm_clk_set_rate] refclk_cfg = 1
[    3.527060] [drm:dsi_pll_28nm_clk_set_rate] div_fb = 12518
[    3.527074] [drm:dsi_pll_28nm_clk_set_rate] frac_n_value = 33947
[    3.527088] [drm:dsi_pll_28nm_clk_set_rate] Generated VCO Clock: 480691200
[    3.527103] [drm:dsi_pll_28nm_clk_set_rate] sdm_cfg0=0
[    3.527116] [drm:dsi_pll_28nm_clk_set_rate] sdm_cfg1=75
[    3.527130] [drm:dsi_pll_28nm_clk_set_rate] sdm_cfg2=155
[    3.527143] [drm:dsi_pll_28nm_clk_set_rate] sdm_cfg3=132
[    3.527157] [drm:dsi_pll_28nm_clk_set_rate] cal_cfg10=224, cal_cfg11=1
[    3.528177] [drm:dsi_pll_28nm_clk_recalc_rate] sdm_dc_off = 11
[    3.528192] [drm:dsi_pll_28nm_clk_recalc_rate] sdm_freq_seed = 33947
[    3.528207] [drm:dsi_pll_28nm_clk_recalc_rate] vco rate = 480690820
[    3.528221] [drm:dsi_pll_28nm_clk_recalc_rate] returning vco rate = 480690820
[    3.528262] [drm:dsi_intr_ctrl] intr=2220aa02 enable=1
[    3.528296] [drm:dsi_host_irq] isr=0x2220aa03, id=0
[    3.528333] [drm:dsi_cmds2buf_tx] ret=50
[    3.528353] [drm:dsi_intr_ctrl] intr=2220aa00 enable=0
[    3.528377] [drm:dsi_link_clk_set_rate_6g] Set clk rates: pclk=80117000, byteclk=60087750
[    3.528440] [drm:dsi_pll_28nm_clk_set_rate] refclk_cfg = 1
[    3.528457] [drm:dsi_pll_28nm_clk_set_rate] div_fb = 12518
[    3.528471] [drm:dsi_pll_28nm_clk_set_rate] frac_n_value = 33947
[    3.528485] [drm:dsi_pll_28nm_clk_set_rate] Generated VCO Clock: 480691200
[    3.528499] [drm:dsi_pll_28nm_clk_set_rate] sdm_cfg0=0
[    3.528513] [drm:dsi_pll_28nm_clk_set_rate] sdm_cfg1=75
[    3.528528] [drm:dsi_pll_28nm_clk_set_rate] sdm_cfg2=155
[    3.528541] [drm:dsi_pll_28nm_clk_set_rate] sdm_cfg3=132
[    3.528556] [drm:dsi_pll_28nm_clk_set_rate] cal_cfg10=224, cal_cfg11=1
[    3.529577] [drm:dsi_pll_28nm_clk_recalc_rate] sdm_dc_off = 11
[    3.529591] [drm:dsi_pll_28nm_clk_recalc_rate] sdm_freq_seed = 33947
[    3.529605] [drm:dsi_pll_28nm_clk_recalc_rate] vco rate = 480690820
[    3.529619] [drm:dsi_pll_28nm_clk_recalc_rate] returning vco rate = 480690820
[    3.529659] [drm:dsi_intr_ctrl] intr=2220aa02 enable=1
[    3.529692] [drm:dsi_host_irq] isr=0x2220aa03, id=0
[    3.529727] [drm:dsi_cmds2buf_tx] ret=50
[    3.529747] [drm:dsi_intr_ctrl] intr=2220aa00 enable=0
[    3.529770] [drm:dsi_link_clk_set_rate_6g] Set clk rates: pclk=80117000, byteclk=60087750
[    3.529835] [drm:dsi_pll_28nm_clk_set_rate] refclk_cfg = 1
[    3.529851] [drm:dsi_pll_28nm_clk_set_rate] div_fb = 12518
[    3.529865] [drm:dsi_pll_28nm_clk_set_rate] frac_n_value = 33947
[    3.529880] [drm:dsi_pll_28nm_clk_set_rate] Generated VCO Clock: 480691200
[    3.529895] [drm:dsi_pll_28nm_clk_set_rate] sdm_cfg0=0
[    3.529909] [drm:dsi_pll_28nm_clk_set_rate] sdm_cfg1=75
[    3.529922] [drm:dsi_pll_28nm_clk_set_rate] sdm_cfg2=155
[    3.529936] [drm:dsi_pll_28nm_clk_set_rate] sdm_cfg3=132
[    3.529950] [drm:dsi_pll_28nm_clk_set_rate] cal_cfg10=224, cal_cfg11=1
[    3.530971] [drm:dsi_pll_28nm_clk_recalc_rate] sdm_dc_off = 11
[    3.530988] [drm:dsi_pll_28nm_clk_recalc_rate] sdm_freq_seed = 33947
[    3.531002] [drm:dsi_pll_28nm_clk_recalc_rate] vco rate = 480690820
[    3.531016] [drm:dsi_pll_28nm_clk_recalc_rate] returning vco rate = 480690820
[    3.531057] [drm:dsi_intr_ctrl] intr=2220aa02 enable=1
[    3.531090] [drm:dsi_host_irq] isr=0x2220aa03, id=0
[    3.531126] [drm:dsi_cmds2buf_tx] ret=50
[    3.531146] [drm:dsi_intr_ctrl] intr=2220aa00 enable=0
[    3.531169] [drm:dsi_link_clk_set_rate_6g] Set clk rates: pclk=80117000, byteclk=60087750
[    3.531231] [drm:dsi_pll_28nm_clk_set_rate] refclk_cfg = 1
[    3.531247] [drm:dsi_pll_28nm_clk_set_rate] div_fb = 12518
[    3.531261] [drm:dsi_pll_28nm_clk_set_rate] frac_n_value = 33947
[    3.531275] [drm:dsi_pll_28nm_clk_set_rate] Generated VCO Clock: 480691200
[    3.531289] [drm:dsi_pll_28nm_clk_set_rate] sdm_cfg0=0
[    3.531303] [drm:dsi_pll_28nm_clk_set_rate] sdm_cfg1=75
[    3.531316] [drm:dsi_pll_28nm_clk_set_rate] sdm_cfg2=155
[    3.531330] [drm:dsi_pll_28nm_clk_set_rate] sdm_cfg3=132
[    3.531344] [drm:dsi_pll_28nm_clk_set_rate] cal_cfg10=224, cal_cfg11=1
[    3.532365] [drm:dsi_pll_28nm_clk_recalc_rate] sdm_dc_off = 11
[    3.532380] [drm:dsi_pll_28nm_clk_recalc_rate] sdm_freq_seed = 33947
[    3.532394] [drm:dsi_pll_28nm_clk_recalc_rate] vco rate = 480690820
[    3.532409] [drm:dsi_pll_28nm_clk_recalc_rate] returning vco rate = 480690820
[    3.532447] [drm:dsi_intr_ctrl] intr=2220aa02 enable=1
[    3.532480] [drm:dsi_host_irq] isr=0x2220aa03, id=0
[    3.532516] [drm:dsi_cmds2buf_tx] ret=50
[    3.532536] [drm:dsi_intr_ctrl] intr=2220aa00 enable=0
[    3.532559] [drm:dsi_link_clk_set_rate_6g] Set clk rates: pclk=80117000, byteclk=60087750
[    3.532624] [drm:dsi_pll_28nm_clk_set_rate] refclk_cfg = 1
[    3.532639] [drm:dsi_pll_28nm_clk_set_rate] div_fb = 12518
[    3.532654] [drm:dsi_pll_28nm_clk_set_rate] frac_n_value = 33947
[    3.532668] [drm:dsi_pll_28nm_clk_set_rate] Generated VCO Clock: 480691200
[    3.532683] [drm:dsi_pll_28nm_clk_set_rate] sdm_cfg0=0
[    3.532696] [drm:dsi_pll_28nm_clk_set_rate] sdm_cfg1=75
[    3.532711] [drm:dsi_pll_28nm_clk_set_rate] sdm_cfg2=155
[    3.532726] [drm:dsi_pll_28nm_clk_set_rate] sdm_cfg3=132
[    3.532740] [drm:dsi_pll_28nm_clk_set_rate] cal_cfg10=224, cal_cfg11=1
[    3.533760] [drm:dsi_pll_28nm_clk_recalc_rate] sdm_dc_off = 11
[    3.533775] [drm:dsi_pll_28nm_clk_recalc_rate] sdm_freq_seed = 33947
[    3.533790] [drm:dsi_pll_28nm_clk_recalc_rate] vco rate = 480690820
[    3.533804] [drm:dsi_pll_28nm_clk_recalc_rate] returning vco rate = 480690820
[    3.533843] [drm:dsi_intr_ctrl] intr=2220aa02 enable=1
[    3.533872] [drm:dsi_host_irq] isr=0x2220aa03, id=0
[    3.533906] [drm:dsi_cmds2buf_tx] ret=50
[    3.533926] [drm:dsi_intr_ctrl] intr=2220aa00 enable=0
[    3.533948] [drm:dsi_link_clk_set_rate_6g] Set clk rates: pclk=80117000, byteclk=60087750
[    3.534008] [drm:dsi_pll_28nm_clk_set_rate] refclk_cfg = 1
[    3.534023] [drm:dsi_pll_28nm_clk_set_rate] div_fb = 12518
[    3.534037] [drm:dsi_pll_28nm_clk_set_rate] frac_n_value = 33947
[    3.534052] [drm:dsi_pll_28nm_clk_set_rate] Generated VCO Clock: 480691200
[    3.534066] [drm:dsi_pll_28nm_clk_set_rate] sdm_cfg0=0
[    3.534080] [drm:dsi_pll_28nm_clk_set_rate] sdm_cfg1=75
[    3.534093] [drm:dsi_pll_28nm_clk_set_rate] sdm_cfg2=155
[    3.534107] [drm:dsi_pll_28nm_clk_set_rate] sdm_cfg3=132
[    3.534121] [drm:dsi_pll_28nm_clk_set_rate] cal_cfg10=224, cal_cfg11=1
[    3.535141] [drm:dsi_pll_28nm_clk_recalc_rate] sdm_dc_off = 11
[    3.535158] [drm:dsi_pll_28nm_clk_recalc_rate] sdm_freq_seed = 33947
[    3.535173] [drm:dsi_pll_28nm_clk_recalc_rate] vco rate = 480690820
[    3.535187] [drm:dsi_pll_28nm_clk_recalc_rate] returning vco rate = 480690820
[    3.535226] [drm:dsi_intr_ctrl] intr=2220aa02 enable=1
[    3.535256] [drm:dsi_host_irq] isr=0x2220aa03, id=0
[    3.535291] [drm:dsi_cmds2buf_tx] ret=50
[    3.535311] [drm:dsi_intr_ctrl] intr=2220aa00 enable=0
[    3.535333] [drm:dsi_link_clk_set_rate_6g] Set clk rates: pclk=80117000, byteclk=60087750
[    3.535396] [drm:dsi_pll_28nm_clk_set_rate] refclk_cfg = 1
[    3.535411] [drm:dsi_pll_28nm_clk_set_rate] div_fb = 12518
[    3.535426] [drm:dsi_pll_28nm_clk_set_rate] frac_n_value = 33947
[    3.535440] [drm:dsi_pll_28nm_clk_set_rate] Generated VCO Clock: 480691200
[    3.535455] [drm:dsi_pll_28nm_clk_set_rate] sdm_cfg0=0
[    3.535469] [drm:dsi_pll_28nm_clk_set_rate] sdm_cfg1=75
[    3.535483] [drm:dsi_pll_28nm_clk_set_rate] sdm_cfg2=155
[    3.535496] [drm:dsi_pll_28nm_clk_set_rate] sdm_cfg3=132
[    3.535510] [drm:dsi_pll_28nm_clk_set_rate] cal_cfg10=224, cal_cfg11=1
[    3.536530] [drm:dsi_pll_28nm_clk_recalc_rate] sdm_dc_off = 11
[    3.536545] [drm:dsi_pll_28nm_clk_recalc_rate] sdm_freq_seed = 33947
[    3.536560] [drm:dsi_pll_28nm_clk_recalc_rate] vco rate = 480690820
[    3.536575] [drm:dsi_pll_28nm_clk_recalc_rate] returning vco rate = 480690820
[    3.536619] [drm:dsi_intr_ctrl] intr=2220aa02 enable=1
[    3.536654] [drm:dsi_host_irq] isr=0x2220aa03, id=0
[    3.536692] [drm:dsi_cmds2buf_tx] ret=50
[    3.536712] [drm:dsi_intr_ctrl] intr=2220aa00 enable=0
[    3.536736] [drm:dsi_link_clk_set_rate_6g] Set clk rates: pclk=80117000, byteclk=60087750
[    3.536802] [drm:dsi_pll_28nm_clk_set_rate] refclk_cfg = 1
[    3.536818] [drm:dsi_pll_28nm_clk_set_rate] div_fb = 12518
[    3.536832] [drm:dsi_pll_28nm_clk_set_rate] frac_n_value = 33947
[    3.536846] [drm:dsi_pll_28nm_clk_set_rate] Generated VCO Clock: 480691200
[    3.536861] [drm:dsi_pll_28nm_clk_set_rate] sdm_cfg0=0
[    3.536875] [drm:dsi_pll_28nm_clk_set_rate] sdm_cfg1=75
[    3.536889] [drm:dsi_pll_28nm_clk_set_rate] sdm_cfg2=155
[    3.536903] [drm:dsi_pll_28nm_clk_set_rate] sdm_cfg3=132
[    3.536917] [drm:dsi_pll_28nm_clk_set_rate] cal_cfg10=224, cal_cfg11=1
[    3.537937] [drm:dsi_pll_28nm_clk_recalc_rate] sdm_dc_off = 11
[    3.537952] [drm:dsi_pll_28nm_clk_recalc_rate] sdm_freq_seed = 33947
[    3.537966] [drm:dsi_pll_28nm_clk_recalc_rate] vco rate = 480690820
[    3.537980] [drm:dsi_pll_28nm_clk_recalc_rate] returning vco rate = 480690820
[    3.538020] [drm:dsi_intr_ctrl] intr=2220aa02 enable=1
[    3.538056] [drm:dsi_host_irq] isr=0x2220aa03, id=0
[    3.538091] [drm:dsi_cmds2buf_tx] ret=50
[    3.538110] [drm:dsi_intr_ctrl] intr=2220aa00 enable=0
[    3.538134] [drm:dsi_link_clk_set_rate_6g] Set clk rates: pclk=80117000, byteclk=60087750
[    3.538197] [drm:dsi_pll_28nm_clk_set_rate] refclk_cfg = 1
[    3.538212] [drm:dsi_pll_28nm_clk_set_rate] div_fb = 12518
[    3.538226] [drm:dsi_pll_28nm_clk_set_rate] frac_n_value = 33947
[    3.538240] [drm:dsi_pll_28nm_clk_set_rate] Generated VCO Clock: 480691200
[    3.538255] [drm:dsi_pll_28nm_clk_set_rate] sdm_cfg0=0
[    3.538268] [drm:dsi_pll_28nm_clk_set_rate] sdm_cfg1=75
[    3.538283] [drm:dsi_pll_28nm_clk_set_rate] sdm_cfg2=155
[    3.538297] [drm:dsi_pll_28nm_clk_set_rate] sdm_cfg3=132
[    3.538311] [drm:dsi_pll_28nm_clk_set_rate] cal_cfg10=224, cal_cfg11=1
[    3.539332] [drm:dsi_pll_28nm_clk_recalc_rate] sdm_dc_off = 11
[    3.539349] [drm:dsi_pll_28nm_clk_recalc_rate] sdm_freq_seed = 33947
[    3.539364] [drm:dsi_pll_28nm_clk_recalc_rate] vco rate = 480690820
[    3.539378] [drm:dsi_pll_28nm_clk_recalc_rate] returning vco rate = 480690820
[    3.539419] [drm:dsi_intr_ctrl] intr=2220aa02 enable=1
[    3.539448] [drm:dsi_host_irq] isr=0x2220aa03, id=0
[    3.539484] [drm:dsi_cmds2buf_tx] ret=50
[    3.539503] [drm:dsi_intr_ctrl] intr=2220aa00 enable=0
[    3.539881]  INFO pocketboot::bootflow: mounted boot partition candidate disk=mmcblk0 partition=mmcblk0p24 role="esp" path=/dev/mmcblk0p24 mount=/run/pocketboot/boot/esp-mmcblk0p24 fstype="vfat"
[    3.572503]  INFO pocketboot::bootflow: mounted boot partition candidate disk=mmcblk1 partition=mmcblk1p1 role="esp" path=/dev/mmcblk1p1 mount=/run/pocketboot/boot/esp-mmcblk1p1 fstype="vfat"
[    3.600312] EXT4-fs (mmcblk1p2): orphan cleanup on readonly fs
[    3.601445] EXT4-fs (mmcblk1p2): mounted filesystem 5077d4c6-b4a5-4429-af95-ee9691dbb6ca ro without journal. Quota mode: disabled.
[    3.605630]  INFO pocketboot::bootflow: mounted boot partition candidate disk=mmcblk1 partition=mmcblk1p2 role="xbootldr" path=/dev/mmcblk1p2 mount=/run/pocketboot/boot/xbootldr-mmcblk1p2 fstype="ext4"
[    3.630465]  INFO pocketboot: boot entries discovered count=1
[    3.635341]  INFO pocketboot: boot entry index=0 id=ostree-1.conf title="Fedora Linux 44-a5u-test (phosh) (ostree:0)" version="7.2.0-0.rc1.15.msm8916.fc44.aarch64" architecture="" role=Xbootldr disk=mmcblk1 partition=mmcblk1p2 source=/run/pocketboot/boot/xbootldr-mmcblk1p2/loader/entries/ostree-1.conf preferred=false directly_bootable=true
[    3.649199]  INFO pocketboot: boot discovery complete; holding for fastboot or UI selection
[    3.674467] [drm:dsi_link_clk_set_rate_6g] Set clk rates: pclk=80117000, byteclk=60087750
[    3.674556] [drm:dsi_pll_28nm_clk_set_rate] refclk_cfg = 1
[    3.674573] [drm:dsi_pll_28nm_clk_set_rate] div_fb = 12518
[    3.674588] [drm:dsi_pll_28nm_clk_set_rate] frac_n_value = 33947
[    3.674603] [drm:dsi_pll_28nm_clk_set_rate] Generated VCO Clock: 480691200
[    3.674618] [drm:dsi_pll_28nm_clk_set_rate] sdm_cfg0=0
[    3.674633] [drm:dsi_pll_28nm_clk_set_rate] sdm_cfg1=75
[    3.674647] [drm:dsi_pll_28nm_clk_set_rate] sdm_cfg2=155
[    3.674661] [drm:dsi_pll_28nm_clk_set_rate] sdm_cfg3=132
[    3.674676] [drm:dsi_pll_28nm_clk_set_rate] cal_cfg10=224, cal_cfg11=1
[    3.675697] [drm:dsi_pll_28nm_clk_recalc_rate] sdm_dc_off = 11
[    3.675712] [drm:dsi_pll_28nm_clk_recalc_rate] sdm_freq_seed = 33947
[    3.675726] [drm:dsi_pll_28nm_clk_recalc_rate] vco rate = 480690820
[    3.675741] [drm:dsi_pll_28nm_clk_recalc_rate] returning vco rate = 480690820
[    3.675789] [drm:dsi_intr_ctrl] intr=2220aa02 enable=1
[    3.675827] [drm:dsi_host_irq] isr=0x2220aa03, id=0
[    3.675864] [drm:dsi_cmds2buf_tx] ret=50
[    3.675885] [drm:dsi_intr_ctrl] intr=2220aa00 enable=0
[    3.675909] [drm:dsi_link_clk_set_rate_6g] Set clk rates: pclk=80117000, byteclk=60087750
[    3.675975] [drm:dsi_pll_28nm_clk_set_rate] refclk_cfg = 1
[    3.675990] [drm:dsi_pll_28nm_clk_set_rate] div_fb = 12518
[    3.676004] [drm:dsi_pll_28nm_clk_set_rate] frac_n_value = 33947
[    3.676019] [drm:dsi_pll_28nm_clk_set_rate] Generated VCO Clock: 480691200
[    3.676034] [drm:dsi_pll_28nm_clk_set_rate] sdm_cfg0=0
[    3.676048] [drm:dsi_pll_28nm_clk_set_rate] sdm_cfg1=75
[    3.676062] [drm:dsi_pll_28nm_clk_set_rate] sdm_cfg2=155
[    3.676076] [drm:dsi_pll_28nm_clk_set_rate] sdm_cfg3=132
[    3.676090] [drm:dsi_pll_28nm_clk_set_rate] cal_cfg10=224, cal_cfg11=1
[    3.677111] [drm:dsi_pll_28nm_clk_recalc_rate] sdm_dc_off = 11
[    3.677126] [drm:dsi_pll_28nm_clk_recalc_rate] sdm_freq_seed = 33947
[    3.677141] [drm:dsi_pll_28nm_clk_recalc_rate] vco rate = 480690820
[    3.677156] [drm:dsi_pll_28nm_clk_recalc_rate] returning vco rate = 480690820
[    3.677197] [drm:dsi_intr_ctrl] intr=2220aa02 enable=1
[    3.677227] [drm:dsi_host_irq] isr=0x2220aa03, id=0
[    3.677257] [drm:dsi_cmds2buf_tx] ret=50
[    3.677276] [drm:dsi_intr_ctrl] intr=2220aa00 enable=0
[    3.677303] [drm:dsi_mgr_bridge_enable] id=0
[    3.677320] [drm:mdp5_encoder_enable] set mode: "720x1280": 60 80117 720 800 896 1024 1280 1294 1296 1304 0x48 0x0
[    3.677357] [drm:mdp5_ctl_set_encoder_state] intf_1: on
[    3.677362] [drm:mdp5_crtc_vblank_irq] crtc-0: send event: (____ptrval____)
[    3.677490] [drm:mdp5_crtc_err_irq] crtc-0: error: 04000000
[    3.677509] [drm:mdp5_irq_error_handler] *ERROR* errors: 04000000
[    3.694122]  INFO pocketboot::ui: POCKETBOOT_DRM_READY path=/dev/dri/card0 connector=DSI-1 width=720 height=1280
[    3.694604]  INFO pocketboot::ui: POCKETBOOT_DRM_PAGE_FLIP_TEST_START requested=16
[    3.730173] [drm:mdp5_plane_atomic_check] plane-0: check (1 -> 1)
[    3.730219] [drm:mdp5_crtc_atomic_check] crtc-0: check
[    3.730239] [drm:mdp5_crtc_atomic_check] crtc-0: assign pipe plane-0 on stage=1
[    3.730398] [drm:mdp5_crtc_atomic_begin] crtc-0: begin
[    3.730422] [drm:mdp5_plane_atomic_update] plane-0: update
[    3.730439] [drm:mdp5_plane_mode_set] plane-0: FB[62] 0,0,720,1280 -> CRTC[61] 0,0,720,1280
[    3.730490] [drm:mdp5_plane_mode_set] scale config = 0
[    3.730515] [drm:mdp5_crtc_atomic_flush] crtc-0: event: (____ptrval____)
[    3.730540] [drm:mdp5_ctl_blend] lm0: blend config = 0x00040000. ext_cfg = 0x00000000
[    3.730557] [drm:mdp5_crtc_atomic_flush] crtc-0: flush=00000840
[    3.744035] [drm:mdp5_crtc_vblank_irq] crtc-0: send event: (____ptrval____)
[    3.744167]  INFO pocketboot::ui: POCKETBOOT_DRM_PAGE_FLIP sequence=1 remaining=15
[    3.744654] [drm:mdp5_plane_atomic_check] plane-0: check (1 -> 1)
[    3.744684] [drm:mdp5_crtc_atomic_check] crtc-0: check
[    3.744701] [drm:mdp5_crtc_atomic_check] crtc-0: assign pipe plane-0 on stage=1
[    3.744809] [drm:mdp5_plane_cleanup_fb] plane-0: cleanup: FB[63]
[    3.744888] [drm:mdp5_crtc_atomic_begin] crtc-0: begin
[    3.744906] [drm:mdp5_plane_atomic_update] plane-0: update
[    3.744923] [drm:mdp5_plane_mode_set] plane-0: FB[64] 0,0,720,1280 -> CRTC[61] 0,0,720,1280
[    3.744949] [drm:mdp5_plane_mode_set] scale config = 0
[    3.744970] [drm:mdp5_crtc_atomic_flush] crtc-0: event: (____ptrval____)
[    3.744994] [drm:mdp5_ctl_blend] lm0: blend config = 0x00040000. ext_cfg = 0x00000000
[    3.745011] [drm:mdp5_crtc_atomic_flush] crtc-0: flush=00000840
[    3.760701] [drm:mdp5_crtc_vblank_irq] crtc-0: send event: (____ptrval____)
[    3.760767] [drm:mdp5_plane_cleanup_fb] plane-0: cleanup: FB[62]
[    3.760888]  INFO pocketboot::ui: POCKETBOOT_DRM_PAGE_FLIP sequence=2 remaining=14
[    3.761355] [drm:mdp5_plane_atomic_check] plane-0: check (1 -> 1)
[    3.761382] [drm:mdp5_crtc_atomic_check] crtc-0: check
[    3.761398] [drm:mdp5_crtc_atomic_check] crtc-0: assign pipe plane-0 on stage=1
[    3.761467] [drm:mdp5_crtc_atomic_begin] crtc-0: begin
[    3.761484] [drm:mdp5_plane_atomic_update] plane-0: update
[    3.761501] [drm:mdp5_plane_mode_set] plane-0: FB[63] 0,0,720,1280 -> CRTC[61] 0,0,720,1280
[    3.761527] [drm:mdp5_plane_mode_set] scale config = 0
[    3.761547] [drm:mdp5_crtc_atomic_flush] crtc-0: event: (____ptrval____)
[    3.761571] [drm:mdp5_ctl_blend] lm0: blend config = 0x00040000. ext_cfg = 0x00000000
[    3.761588] [drm:mdp5_crtc_atomic_flush] crtc-0: flush=00000840
[    3.777365] [drm:mdp5_crtc_vblank_irq] crtc-0: send event: (____ptrval____)
[    3.777423] [drm:mdp5_plane_cleanup_fb] plane-0: cleanup: FB[64]
[    3.777526]  INFO pocketboot::ui: POCKETBOOT_DRM_PAGE_FLIP sequence=3 remaining=13
[    3.777987] [drm:mdp5_plane_atomic_check] plane-0: check (1 -> 1)
[    3.778012] [drm:mdp5_crtc_atomic_check] crtc-0: check
[    3.778028] [drm:mdp5_crtc_atomic_check] crtc-0: assign pipe plane-0 on stage=1
[    3.778090] [drm:mdp5_crtc_atomic_begin] crtc-0: begin
[    3.778107] [drm:mdp5_plane_atomic_update] plane-0: update
[    3.778123] [drm:mdp5_plane_mode_set] plane-0: FB[62] 0,0,720,1280 -> CRTC[61] 0,0,720,1280
[    3.778147] [drm:mdp5_plane_mode_set] scale config = 0
[    3.778168] [drm:mdp5_crtc_atomic_flush] crtc-0: event: (____ptrval____)
[    3.778190] [drm:mdp5_ctl_blend] lm0: blend config = 0x00040000. ext_cfg = 0x00000000
[    3.778206] [drm:mdp5_crtc_atomic_flush] crtc-0: flush=00000840
[    3.794030] [drm:mdp5_crtc_vblank_irq] crtc-0: send event: (____ptrval____)
[    3.794081] [drm:mdp5_plane_cleanup_fb] plane-0: cleanup: FB[63]
[    3.794174]  INFO pocketboot::ui: POCKETBOOT_DRM_PAGE_FLIP sequence=4 remaining=12
[    3.794459] [drm:mdp5_plane_atomic_check] plane-0: check (1 -> 1)
[    3.794484] [drm:mdp5_crtc_atomic_check] crtc-0: check
[    3.794500] [drm:mdp5_crtc_atomic_check] crtc-0: assign pipe plane-0 on stage=1
[    3.794558] [drm:mdp5_crtc_atomic_begin] crtc-0: begin
[    3.794576] [drm:mdp5_plane_atomic_update] plane-0: update
[    3.794591] [drm:mdp5_plane_mode_set] plane-0: FB[64] 0,0,720,1280 -> CRTC[61] 0,0,720,1280
[    3.794616] [drm:mdp5_plane_mode_set] scale config = 0
[    3.794636] [drm:mdp5_crtc_atomic_flush] crtc-0: event: (____ptrval____)
[    3.794658] [drm:mdp5_ctl_blend] lm0: blend config = 0x00040000. ext_cfg = 0x00000000
[    3.794674] [drm:mdp5_crtc_atomic_flush] crtc-0: flush=00000840
[    3.810699] [drm:mdp5_crtc_vblank_irq] crtc-0: send event: (____ptrval____)
[    3.810786]  INFO pocketboot::ui: POCKETBOOT_DRM_PAGE_FLIP sequence=5 remaining=11
[    3.811237] [drm:mdp5_plane_atomic_check] plane-0: check (1 -> 1)
[    3.811263] [drm:mdp5_crtc_atomic_check] crtc-0: check
[    3.811279] [drm:mdp5_crtc_atomic_check] crtc-0: assign pipe plane-0 on stage=1
[    3.811324] [drm:mdp5_plane_cleanup_fb] plane-0: cleanup: FB[62]
[    3.811385] [drm:mdp5_crtc_atomic_begin] crtc-0: begin
[    3.811402] [drm:mdp5_plane_atomic_update] plane-0: update
[    3.811418] [drm:mdp5_plane_mode_set] plane-0: FB[63] 0,0,720,1280 -> CRTC[61] 0,0,720,1280
[    3.811443] [drm:mdp5_plane_mode_set] scale config = 0
[    3.811462] [drm:mdp5_crtc_atomic_flush] crtc-0: event: (____ptrval____)
[    3.811484] [drm:mdp5_ctl_blend] lm0: blend config = 0x00040000. ext_cfg = 0x00000000
[    3.811500] [drm:mdp5_crtc_atomic_flush] crtc-0: flush=00000840
[    3.827366] [drm:mdp5_crtc_vblank_irq] crtc-0: send event: (____ptrval____)
[    3.827416] [drm:mdp5_plane_cleanup_fb] plane-0: cleanup: FB[64]
[    3.827499]  INFO pocketboot::ui: POCKETBOOT_DRM_PAGE_FLIP sequence=6 remaining=10
[    3.827950] [drm:mdp5_plane_atomic_check] plane-0: check (1 -> 1)
[    3.827974] [drm:mdp5_crtc_atomic_check] crtc-0: check
[    3.827989] [drm:mdp5_crtc_atomic_check] crtc-0: assign pipe plane-0 on stage=1
[    3.828040] [drm:mdp5_crtc_atomic_begin] crtc-0: begin
[    3.828057] [drm:mdp5_plane_atomic_update] plane-0: update
[    3.828073] [drm:mdp5_plane_mode_set] plane-0: FB[62] 0,0,720,1280 -> CRTC[61] 0,0,720,1280
[    3.828098] [drm:mdp5_plane_mode_set] scale config = 0
[    3.828118] [drm:mdp5_crtc_atomic_flush] crtc-0: event: (____ptrval____)
[    3.828139] [drm:mdp5_ctl_blend] lm0: blend config = 0x00040000. ext_cfg = 0x00000000
[    3.828156] [drm:mdp5_crtc_atomic_flush] crtc-0: flush=00000840
[    3.844034] [drm:mdp5_crtc_vblank_irq] crtc-0: send event: (____ptrval____)
[    3.844082] [drm:mdp5_plane_cleanup_fb] plane-0: cleanup: FB[63]
[    3.844169]  INFO pocketboot::ui: POCKETBOOT_DRM_PAGE_FLIP sequence=7 remaining=9
[    3.844442] [drm:mdp5_plane_atomic_check] plane-0: check (1 -> 1)
[    3.844465] [drm:mdp5_crtc_atomic_check] crtc-0: check
[    3.844481] [drm:mdp5_crtc_atomic_check] crtc-0: assign pipe plane-0 on stage=1
[    3.844534] [drm:mdp5_crtc_atomic_begin] crtc-0: begin
[    3.844551] [drm:mdp5_plane_atomic_update] plane-0: update
[    3.844568] [drm:mdp5_plane_mode_set] plane-0: FB[64] 0,0,720,1280 -> CRTC[61] 0,0,720,1280
[    3.844593] [drm:mdp5_plane_mode_set] scale config = 0
[    3.844612] [drm:mdp5_crtc_atomic_flush] crtc-0: event: (____ptrval____)
[    3.844634] [drm:mdp5_ctl_blend] lm0: blend config = 0x00040000. ext_cfg = 0x00000000
[    3.844650] [drm:mdp5_crtc_atomic_flush] crtc-0: flush=00000840
[    3.860699] [drm:mdp5_crtc_vblank_irq] crtc-0: send event: (____ptrval____)
[    3.860745] [drm:mdp5_plane_cleanup_fb] plane-0: cleanup: FB[62]
[    3.860856]  INFO pocketboot::ui: POCKETBOOT_DRM_PAGE_FLIP sequence=8 remaining=8
[    3.861326] [drm:mdp5_plane_atomic_check] plane-0: check (1 -> 1)
[    3.861349] [drm:mdp5_crtc_atomic_check] crtc-0: check
[    3.861364] [drm:mdp5_crtc_atomic_check] crtc-0: assign pipe plane-0 on stage=1
[    3.861517] [drm:mdp5_crtc_atomic_begin] crtc-0: begin
[    3.861536] [drm:mdp5_plane_atomic_update] plane-0: update
[    3.861552] [drm:mdp5_plane_mode_set] plane-0: FB[63] 0,0,720,1280 -> CRTC[61] 0,0,720,1280
[    3.861584] [drm:mdp5_plane_mode_set] scale config = 0
[    3.861604] [drm:mdp5_crtc_atomic_flush] crtc-0: event: (____ptrval____)
[    3.861626] [drm:mdp5_ctl_blend] lm0: blend config = 0x00040000. ext_cfg = 0x00000000
[    3.861642] [drm:mdp5_crtc_atomic_flush] crtc-0: flush=00000840
[    3.877367] [drm:mdp5_crtc_vblank_irq] crtc-0: send event: (____ptrval____)
[    3.877441]  INFO pocketboot::ui: POCKETBOOT_DRM_PAGE_FLIP sequence=9 remaining=7
[    3.877884] [drm:mdp5_plane_atomic_check] plane-0: check (1 -> 1)
[    3.877907] [drm:mdp5_crtc_atomic_check] crtc-0: check
[    3.877923] [drm:mdp5_crtc_atomic_check] crtc-0: assign pipe plane-0 on stage=1
[    3.877967] [drm:mdp5_plane_cleanup_fb] plane-0: cleanup: FB[64]
[    3.878025] [drm:mdp5_crtc_atomic_begin] crtc-0: begin
[    3.878042] [drm:mdp5_plane_atomic_update] plane-0: update
[    3.878058] [drm:mdp5_plane_mode_set] plane-0: FB[62] 0,0,720,1280 -> CRTC[61] 0,0,720,1280
[    3.878083] [drm:mdp5_plane_mode_set] scale config = 0
[    3.878103] [drm:mdp5_crtc_atomic_flush] crtc-0: event: (____ptrval____)
[    3.878124] [drm:mdp5_ctl_blend] lm0: blend config = 0x00040000. ext_cfg = 0x00000000
[    3.878141] [drm:mdp5_crtc_atomic_flush] crtc-0: flush=00000840
[    3.894033] [drm:mdp5_crtc_vblank_irq] crtc-0: send event: (____ptrval____)
[    3.894078] [drm:mdp5_plane_cleanup_fb] plane-0: cleanup: FB[63]
[    3.894153]  INFO pocketboot::ui: POCKETBOOT_DRM_PAGE_FLIP sequence=10 remaining=6
[    3.894418] [drm:mdp5_plane_atomic_check] plane-0: check (1 -> 1)
[    3.894441] [drm:mdp5_crtc_atomic_check] crtc-0: check
[    3.894466] [drm:mdp5_crtc_atomic_check] crtc-0: assign pipe plane-0 on stage=1
[    3.894517] [drm:mdp5_crtc_atomic_begin] crtc-0: begin
[    3.894534] [drm:mdp5_plane_atomic_update] plane-0: update
[    3.894550] [drm:mdp5_plane_mode_set] plane-0: FB[64] 0,0,720,1280 -> CRTC[61] 0,0,720,1280
[    3.894575] [drm:mdp5_plane_mode_set] scale config = 0
[    3.894595] [drm:mdp5_crtc_atomic_flush] crtc-0: event: (____ptrval____)
[    3.894615] [drm:mdp5_ctl_blend] lm0: blend config = 0x00040000. ext_cfg = 0x00000000
[    3.894632] [drm:mdp5_crtc_atomic_flush] crtc-0: flush=00000840
[    3.910700] [drm:mdp5_crtc_vblank_irq] crtc-0: send event: (____ptrval____)
[    3.910741] [drm:mdp5_plane_cleanup_fb] plane-0: cleanup: FB[62]
[    3.910816]  INFO pocketboot::ui: POCKETBOOT_DRM_PAGE_FLIP sequence=11 remaining=5
[    3.911257] [drm:mdp5_plane_atomic_check] plane-0: check (1 -> 1)
[    3.911280] [drm:mdp5_crtc_atomic_check] crtc-0: check
[    3.911295] [drm:mdp5_crtc_atomic_check] crtc-0: assign pipe plane-0 on stage=1
[    3.911345] [drm:mdp5_crtc_atomic_begin] crtc-0: begin
[    3.911362] [drm:mdp5_plane_atomic_update] plane-0: update
[    3.911378] [drm:mdp5_plane_mode_set] plane-0: FB[63] 0,0,720,1280 -> CRTC[61] 0,0,720,1280
[    3.911402] [drm:mdp5_plane_mode_set] scale config = 0
[    3.911422] [drm:mdp5_crtc_atomic_flush] crtc-0: event: (____ptrval____)
[    3.911443] [drm:mdp5_ctl_blend] lm0: blend config = 0x00040000. ext_cfg = 0x00000000
[    3.911459] [drm:mdp5_crtc_atomic_flush] crtc-0: flush=00000840
[    3.927368] [drm:mdp5_crtc_vblank_irq] crtc-0: send event: (____ptrval____)
[    3.927440]  INFO pocketboot::ui: POCKETBOOT_DRM_PAGE_FLIP sequence=12 remaining=4
[    3.927892] [drm:mdp5_plane_atomic_check] plane-0: check (1 -> 1)
[    3.927916] [drm:mdp5_crtc_atomic_check] crtc-0: check
[    3.927931] [drm:mdp5_crtc_atomic_check] crtc-0: assign pipe plane-0 on stage=1
[    3.927976] [drm:mdp5_plane_cleanup_fb] plane-0: cleanup: FB[64]
[    3.928049] [drm:mdp5_crtc_atomic_begin] crtc-0: begin
[    3.928074] [drm:mdp5_plane_atomic_update] plane-0: update
[    3.928091] [drm:mdp5_plane_mode_set] plane-0: FB[62] 0,0,720,1280 -> CRTC[61] 0,0,720,1280
[    3.928116] [drm:mdp5_plane_mode_set] scale config = 0
[    3.928136] [drm:mdp5_crtc_atomic_flush] crtc-0: event: (____ptrval____)
[    3.928157] [drm:mdp5_ctl_blend] lm0: blend config = 0x00040000. ext_cfg = 0x00000000
[    3.928174] [drm:mdp5_crtc_atomic_flush] crtc-0: flush=00000840
[    3.944035] [drm:mdp5_crtc_vblank_irq] crtc-0: send event: (____ptrval____)
[    3.944111]  INFO pocketboot::ui: POCKETBOOT_DRM_PAGE_FLIP sequence=13 remaining=3
[    3.944378] [drm:mdp5_plane_atomic_check] plane-0: check (1 -> 1)
[    3.944401] [drm:mdp5_crtc_atomic_check] crtc-0: check
[    3.944417] [drm:mdp5_crtc_atomic_check] crtc-0: assign pipe plane-0 on stage=1
[    3.944460] [drm:mdp5_plane_cleanup_fb] plane-0: cleanup: FB[63]
[    3.944529] [drm:mdp5_crtc_atomic_begin] crtc-0: begin
[    3.944554] [drm:mdp5_plane_atomic_update] plane-0: update
[    3.944571] [drm:mdp5_plane_mode_set] plane-0: FB[64] 0,0,720,1280 -> CRTC[61] 0,0,720,1280
[    3.944595] [drm:mdp5_plane_mode_set] scale config = 0
[    3.944615] [drm:mdp5_crtc_atomic_flush] crtc-0: event: (____ptrval____)
[    3.944636] [drm:mdp5_ctl_blend] lm0: blend config = 0x00040000. ext_cfg = 0x00000000
[    3.944653] [drm:mdp5_crtc_atomic_flush] crtc-0: flush=00000840
[    3.960702] [drm:mdp5_crtc_vblank_irq] crtc-0: send event: (____ptrval____)
[    3.960774]  INFO pocketboot::ui: POCKETBOOT_DRM_PAGE_FLIP sequence=14 remaining=2
[    3.961224] [drm:mdp5_plane_atomic_check] plane-0: check (1 -> 1)
[    3.961248] [drm:mdp5_crtc_atomic_check] crtc-0: check
[    3.961264] [drm:mdp5_crtc_atomic_check] crtc-0: assign pipe plane-0 on stage=1
[    3.961304] [drm:mdp5_plane_cleanup_fb] plane-0: cleanup: FB[62]
[    3.961397] [drm:mdp5_crtc_atomic_begin] crtc-0: begin
[    3.961415] [drm:mdp5_plane_atomic_update] plane-0: update
[    3.961431] [drm:mdp5_plane_mode_set] plane-0: FB[63] 0,0,720,1280 -> CRTC[61] 0,0,720,1280
[    3.961462] [drm:mdp5_plane_mode_set] scale config = 0
[    3.961483] [drm:mdp5_crtc_atomic_flush] crtc-0: event: (____ptrval____)
[    3.961504] [drm:mdp5_ctl_blend] lm0: blend config = 0x00040000. ext_cfg = 0x00000000
[    3.961520] [drm:mdp5_crtc_atomic_flush] crtc-0: flush=00000840
[    3.977369] [drm:mdp5_crtc_vblank_irq] crtc-0: send event: (____ptrval____)
[    3.977447]  INFO pocketboot::ui: POCKETBOOT_DRM_PAGE_FLIP sequence=15 remaining=1
[    3.977893] [drm:mdp5_plane_atomic_check] plane-0: check (1 -> 1)
[    3.977916] [drm:mdp5_crtc_atomic_check] crtc-0: check
[    3.977932] [drm:mdp5_crtc_atomic_check] crtc-0: assign pipe plane-0 on stage=1
[    3.977975] [drm:mdp5_plane_cleanup_fb] plane-0: cleanup: FB[64]
[    3.978071] [drm:mdp5_crtc_atomic_begin] crtc-0: begin
[    3.978095] [drm:mdp5_plane_atomic_update] plane-0: update
[    3.978111] [drm:mdp5_plane_mode_set] plane-0: FB[62] 0,0,720,1280 -> CRTC[61] 0,0,720,1280
[    3.978135] [drm:mdp5_plane_mode_set] scale config = 0
[    3.978155] [drm:mdp5_crtc_atomic_flush] crtc-0: event: (____ptrval____)
[    3.978177] [drm:mdp5_ctl_blend] lm0: blend config = 0x00040000. ext_cfg = 0x00000000
[    3.978193] [drm:mdp5_crtc_atomic_flush] crtc-0: flush=00000840
[    3.994036] [drm:mdp5_crtc_vblank_irq] crtc-0: send event: (____ptrval____)
[    3.994103]  INFO pocketboot::ui: POCKETBOOT_DRM_PAGE_FLIP sequence=16 remaining=0
[    3.994382]  INFO pocketboot::ui: POCKETBOOT_DRM_PAGE_FLIP_TEST_RESULT requested=16 completed=16
[    3.994478] [drm:mdp5_plane_cleanup_fb] plane-0: cleanup: FB[63]
[    8.964382]  INFO pocketboot::fastboot: fastboot command received command="getvar:product"
[    8.966630]  INFO pocketboot::fastboot: fastboot command received command="getvar:serialno"
[    8.973818]  INFO pocketboot::fastboot: fastboot command received command="getvar:compatible"
[    9.017281]  INFO pocketboot::fastboot: fastboot command received command="getvar:product"
[    9.019736]  INFO pocketboot::fastboot: fastboot command received command="getvar:serialno"
[    9.026949]  INFO pocketboot::fastboot: fastboot command received command="getvar:compatible"
[    9.035021]  INFO pocketboot::fastboot: fastboot command received command="getvar:is-userspace"
[    9.044117]  INFO pocketboot::fastboot: fastboot command received command="download:0000a05e"
[    9.050299]  INFO pocketboot::fastboot: fastboot download requested command="download:0000a05e" bytes=41054
[    9.061828]  INFO pocketboot::fastboot: download staged bytes=41054
[    9.070124]  INFO pocketboot::fastboot: fastboot command received command="oem shell-staged"
[    9.132701]  INFO pocketboot::fastboot: fastboot command received command="download:0000a02e"
[    9.133215]  INFO pocketboot::fastboot: fastboot download requested command="download:0000a02e" bytes=41006
[    9.143552]  INFO pocketboot::fastboot: download staged bytes=41006
[    9.151925]  INFO pocketboot::fastboot: fastboot command received command="oem shell-staged"
[    9.188575]  INFO pocketboot::fastboot: fastboot command received command="download:0000a02e"
[    9.189093]  INFO pocketboot::fastboot: fastboot download requested command="download:0000a02e" bytes=41006
[    9.199385]  INFO pocketboot::fastboot: download staged bytes=41006
[    9.208462]  INFO pocketboot::fastboot: fastboot command received command="oem shell-staged"
[    9.245421]  INFO pocketboot::fastboot: fastboot command received command="download:0000a02e"
[    9.245941]  INFO pocketboot::fastboot: fastboot download requested command="download:0000a02e" bytes=41006
[    9.256222]  INFO pocketboot::fastboot: download staged bytes=41006
[    9.264965]  INFO pocketboot::fastboot: fastboot command received command="oem shell-staged"
[    9.300688]  INFO pocketboot::fastboot: fastboot command received command="download:0000a02e"
[    9.301211]  INFO pocketboot::fastboot: fastboot download requested command="download:0000a02e" bytes=41006
[    9.311420]  INFO pocketboot::fastboot: download staged bytes=41006
[    9.319932]  INFO pocketboot::fastboot: fastboot command received command="oem shell-staged"
[    9.356498]  INFO pocketboot::fastboot: fastboot command received command="download:0000a02e"
[    9.357020]  INFO pocketboot::fastboot: fastboot download requested command="download:0000a02e" bytes=41006
[    9.367241]  INFO pocketboot::fastboot: download staged bytes=41006
[    9.375712]  INFO pocketboot::fastboot: fastboot command received command="oem shell-staged"
[    9.412648]  INFO pocketboot::fastboot: fastboot command received command="download:0000a02e"
[    9.413169]  INFO pocketboot::fastboot: fastboot download requested command="download:0000a02e" bytes=41006
[    9.423207]  INFO pocketboot::fastboot: download staged bytes=41006
[    9.431888]  INFO pocketboot::fastboot: fastboot command received command="oem shell-staged"
[    9.468608]  INFO pocketboot::fastboot: fastboot command received command="download:0000a02e"
[    9.469127]  INFO pocketboot::fastboot: fastboot download requested command="download:0000a02e" bytes=41006
[    9.479193]  INFO pocketboot::fastboot: download staged bytes=41006
[    9.487965]  INFO pocketboot::fastboot: fastboot command received command="oem shell-staged"
[    9.524700]  INFO pocketboot::fastboot: fastboot command received command="download:00002d04"
[    9.525032]  INFO pocketboot::fastboot: fastboot download requested command="download:00002d04" bytes=11524
[    9.533658]  INFO pocketboot::fastboot: download staged bytes=11524
[    9.544330]  INFO pocketboot::fastboot: fastboot command received command="oem shell-staged"
[    9.576882]  INFO pocketboot::fastboot: fastboot command received command="download:0000a070"
[    9.577219]  INFO pocketboot::fastboot: fastboot download requested command="download:0000a070" bytes=41072
[    9.587648]  INFO pocketboot::fastboot: download staged bytes=41072
[    9.596498]  INFO pocketboot::fastboot: fastboot command received command="oem shell-staged"
[    9.632582]  INFO pocketboot::fastboot: fastboot command received command="download:0000a034"
[    9.632920]  INFO pocketboot::fastboot: fastboot download requested command="download:0000a034" bytes=41012
[    9.643303]  INFO pocketboot::fastboot: download staged bytes=41012
[    9.652225]  INFO pocketboot::fastboot: fastboot command received command="oem shell-staged"
[    9.688607]  INFO pocketboot::fastboot: fastboot command received command="download:0000a034"
[    9.689133]  INFO pocketboot::fastboot: fastboot download requested command="download:0000a034" bytes=41012
[    9.699411]  INFO pocketboot::fastboot: download staged bytes=41012
[    9.708096]  INFO pocketboot::fastboot: fastboot command received command="oem shell-staged"
[    9.744570]  INFO pocketboot::fastboot: fastboot command received command="download:0000a034"
[    9.745091]  INFO pocketboot::fastboot: fastboot download requested command="download:0000a034" bytes=41012
[    9.755329]  INFO pocketboot::fastboot: download staged bytes=41012
[    9.764061]  INFO pocketboot::fastboot: fastboot command received command="oem shell-staged"
[    9.800601]  INFO pocketboot::fastboot: fastboot command received command="download:0000a034"
[    9.801115]  INFO pocketboot::fastboot: fastboot download requested command="download:0000a034" bytes=41012
[    9.811381]  INFO pocketboot::fastboot: download staged bytes=41012
[    9.820059]  INFO pocketboot::fastboot: fastboot command received command="oem shell-staged"
[    9.856661]  INFO pocketboot::fastboot: fastboot command received command="download:0000a034"
[    9.857180]  INFO pocketboot::fastboot: fastboot download requested command="download:0000a034" bytes=41012
[    9.867410]  INFO pocketboot::fastboot: download staged bytes=41012
[    9.875764]  INFO pocketboot::fastboot: fastboot command received command="oem shell-staged"
[    9.912718]  INFO pocketboot::fastboot: fastboot command received command="download:0000a034"
[    9.913240]  INFO pocketboot::fastboot: fastboot download requested command="download:0000a034" bytes=41012
[    9.923459]  INFO pocketboot::fastboot: download staged bytes=41012
[    9.931831]  INFO pocketboot::fastboot: fastboot command received command="oem shell-staged"
[    9.968657]  INFO pocketboot::fastboot: fastboot command received command="download:0000a034"
[    9.969178]  INFO pocketboot::fastboot: fastboot download requested command="download:0000a034" bytes=41012
[    9.979432]  INFO pocketboot::fastboot: download staged bytes=41012
[    9.987893]  INFO pocketboot::fastboot: fastboot command received command="oem shell-staged"
[   10.024673]  INFO pocketboot::fastboot: fastboot command received command="download:000025e6"
[   10.025190]  INFO pocketboot::fastboot: fastboot download requested command="download:000025e6" bytes=9702
[   10.033531]  INFO pocketboot::fastboot: download staged bytes=9702
[   10.043921]  INFO pocketboot::fastboot: fastboot command received command="oem shell-staged"
[   10.076754]  INFO pocketboot::fastboot: fastboot command received command="download:0000036a"
[   10.077264]  INFO pocketboot::fastboot: fastboot download requested command="download:0000036a" bytes=874
[   10.085014]  INFO pocketboot::fastboot: download staged bytes=874
[   10.095910]  INFO pocketboot::fastboot: fastboot command received command="oem shell-staged"
[   10.633074]  INFO pocketboot::fastboot: fastboot command received command="upload"
[   10.633561]  INFO pocketboot::fastboot: uploading staged data name=shell-output bytes=2013
[   10.647960]  INFO pocketboot::fastboot: fastboot command received command="download:00000057"
[   10.648517]  INFO pocketboot::fastboot: fastboot download requested command="download:00000057" bytes=87
[   10.657125]  INFO pocketboot::fastboot: download staged bytes=87
[   10.668059]  INFO pocketboot::fastboot: fastboot command received command="oem shell-staged"
[   10.882485] random: crng init done
[   10.924920]  INFO pocketboot::fastboot: fastboot command received command="upload"
[   10.925399]  INFO pocketboot::fastboot: uploading staged data name=shell-output bytes=797
[   10.939683]  INFO pocketboot::fastboot: fastboot command received command="oem cat:/sys/firmware/fdt"
[   10.942550]  INFO pocketboot::fastboot: fastboot command received command="upload"
[   10.949120]  INFO pocketboot::fastboot: uploading staged data name=cat:/sys/firmware/fdt bytes=59938
[   10.966464]  INFO pocketboot::fastboot: fastboot command received command="oem dmesg"
[   10.994336]  INFO pocketboot::fastboot: fastboot command received command="upload"
[   10.994832]  INFO pocketboot::fastboot: uploading staged data name=dmesg bytes=79493
[   11.011809]  INFO pocketboot::fastboot: fastboot command received command="download:00000093"
[   11.012333]  INFO pocketboot::fastboot: fastboot download requested command="download:00000093" bytes=147
[   11.019989]  INFO pocketboot::fastboot: download staged bytes=147
[   11.030961]  INFO pocketboot::fastboot: fastboot command received command="oem shell-staged"
[   11.064643]  INFO pocketboot::fastboot: fastboot command received command="upload"
[   11.065120]  INFO pocketboot::fastboot: uploading staged data name=shell-output bytes=7249
[   11.079663]  INFO pocketboot::fastboot: fastboot command received command="oem dmesg"
