PB_SMP_SNAPSHOT_V2
Linux (none) 7.1.0-rc6+ #51 SMP PREEMPT Fri Sep 11 18:06:09 AEST 2026 aarch64
boot_id=unavailable
uptime=36.51 142.66
cmdline=msm.skip_gpu=1 msm.separate_gpu_kms=1 panic=5 oops=panic printk.time=1 pocketboot.lab=a5-ramoops-iommu-cold
online=0-3
cpu_node=/sys/firmware/devicetree/base/cpus/cpu@0 reg=00000000
method=spin-table 
release=00000000854ff400
cpu_node=/sys/firmware/devicetree/base/cpus/cpu@1 reg=00000001
method=spin-table 
release=00000000854ff480
cpu_node=/sys/firmware/devicetree/base/cpus/cpu@2 reg=00000002
method=spin-table 
release=00000000854ff500
cpu_node=/sys/firmware/devicetree/base/cpus/cpu@3 reg=00000003
method=spin-table 
release=00000000854ff580
stat_before
cpu  47 0 284 14270 7 0 0 0 0 0
cpu0 2 0 214 3435 1 0 0 0 0 0
cpu1 37 0 38 3575 0 0 0 0 0 0
cpu2 7 0 10 3634 0 0 0 0 0 0
cpu3 0 0 21 3624 5 0 0 0 0 0
intr 40291 0 156 1369 0 0 0 26 0 0 0 0 0 36378 0 0 3 1 0 0 0 0 0 0 0 0 0 0 0 0 0 0 8 0 0 0 0 0 222 3 183 0 0 0 0 6 67 0 439 0 179 0 0 0 16 2 1231 0 0 2 0 0 0 0 0
ctxt 12364
btime 0
processes 172
procs_running 1
procs_blocked 0
softirq 20656 0 597 0 0 0 0 1 19007 0 1051
SMP_WORK_V2 expected=292d74d0d0222325 bytes_per_cpu=67108864
cpu=1 start_cpu=1 end_cpu=1 hash=292d74d0d0222325 cpu_seconds=0.504021 PASS
cpu=3 start_cpu=3 end_cpu=3 hash=292d74d0d0222325 cpu_seconds=0.504154 PASS
cpu=2 start_cpu=2 end_cpu=2 hash=292d74d0d0222325 cpu_seconds=0.504330 PASS
cpu=0 start_cpu=0 end_cpu=0 hash=292d74d0d0222325 cpu_seconds=0.504790 PASS
SMP_WORK_PASS all_four_cpus
stat_after
cpu  250 0 284 14270 7 0 0 0 0 0
cpu0 52 0 214 3435 1 0 0 0 0 0
cpu1 88 0 38 3576 0 0 0 0 0 0
cpu2 58 0 10 3634 0 0 0 0 0 0
cpu3 51 0 21 3624 5 0 0 0 0 0
intr 40866 0 165 1392 0 0 0 26 0 0 0 0 0 36886 0 0 3 1 0 0 0 0 0 0 0 0 0 0 0 0 0 0 8 0 0 0 0 0 228 3 186 0 0 0 0 6 67 0 439 0 179 0 0 0 16 2 1257 0 0 2 0 0 0 0 0
ctxt 12609
btime 0
processes 178
procs_running 1
procs_blocked 0
softirq 20751 0 608 0 0 0 0 1 19028 0 1114
PB_SMP_SNAPSHOT_PASS
