[    0.000000] Booting Linux on physical CPU 0x0000000000 [0x410fd030]
[    0.000000] Linux version 7.1.0-rc6+ (sam@sam-desktop) (aarch64-linux-gnu-gcc (GCC) 16.1.1 20260501 (Red Hat Cross 16.1.1-1), GNU ld version 2.46-1.fc44) #51 SMP PREEMPT Fri Sep 11 18:06:09 AEST 2026
[    0.000000] Machine model: Samsung Galaxy A5U (EUR)
[    0.000000] OF: reserved mem: 0x000000008e600000..0x000000008e7fffff (2048 KiB) nomap non-reusable gps
[    0.000000] OF: reserved mem: 0x000000009ff80000..0x000000009fffffff (512 KiB) map non-reusable ramoops@9ff80000
[    0.000000] OF: reserved mem: 0x0000000086000000..0x00000000862fffff (3072 KiB) nomap non-reusable tz-apps@86000000
[    0.000000] OF: reserved mem: 0x0000000086300000..0x00000000863fffff (1024 KiB) nomap non-reusable smem@86300000
[    0.000000] OF: reserved mem: 0x0000000086400000..0x00000000864fffff (1024 KiB) nomap non-reusable hypervisor@86400000
[    0.000000] OF: reserved mem: 0x0000000086500000..0x000000008667ffff (1536 KiB) nomap non-reusable tz@86500000
[    0.000000] OF: reserved mem: 0x0000000086680000..0x00000000866fffff (512 KiB) nomap non-reusable reserved@86680000
[    0.000000] OF: reserved mem: 0x0000000086700000..0x00000000867dffff (896 KiB) nomap non-reusable rmtfs@86700000
[    0.000000] OF: reserved mem: 0x00000000867e0000..0x00000000867fffff (128 KiB) nomap non-reusable rfsa@867e0000
[    0.000000] OF: reserved mem: 0x0000000085500000..0x0000000085ffffff (11264 KiB) nomap non-reusable tz-apps@85500000
[    0.000000] OF: reserved mem: 0x000000008e000000..0x000000008e2a2fff (2700 KiB) nomap non-reusable framebuffer@8e000000
[    0.000000] OF: reserved mem: 0x00000000854ff000..0x00000000854fffff (4 KiB) nomap non-reusable spin-table@854ff000
[    0.000000] Zone ranges:
[    0.000000]   Normal   [mem 0x0000000080000000-0x00000000ffffffff]
[    0.000000] Movable zone start for each node
[    0.000000] Early memory node ranges
[    0.000000]   node   0: [mem 0x0000000080000000-0x00000000854fefff]
[    0.000000]   node   0: [mem 0x00000000854ff000-0x00000000867fffff]
[    0.000000]   node   0: [mem 0x0000000086800000-0x000000008dffffff]
[    0.000000]   node   0: [mem 0x000000008e000000-0x000000008e2a2fff]
[    0.000000]   node   0: [mem 0x000000008e2a3000-0x000000008e5fffff]
[    0.000000]   node   0: [mem 0x000000008e600000-0x000000008e7fffff]
[    0.000000]   node   0: [mem 0x000000008e800000-0x00000000ffffffff]
[    0.000000] Initmem setup node 0 [mem 0x0000000080000000-0x00000000ffffffff]
[    0.000000] percpu: Embedded 14 pages/cpu s28544 r0 d28800 u57344
[    0.000000] pcpu-alloc: s28544 r0 d28800 u57344 alloc=14*4096
[    0.000000] pcpu-alloc: [0] 0 [0] 1 [0] 2 [0] 3 
[    0.000000] Detected VIPT I-cache on CPU0
[    0.000000] CPU features: kernel page table isolation disabled by kernel configuration
[    0.000000] alternatives: applying boot alternatives
[    0.000000] Kernel command line: msm.skip_gpu=1 msm.separate_gpu_kms=1 printk.time=1 panic=5 oops=panic pocketboot.lab=kexec-generation-1
[    0.000000] printk: log buffer data + meta data: 131072 + 458752 = 589824 bytes
[    0.000000] Dentry cache hash table entries: 262144 (order: 9, 2097152 bytes, linear)
[    0.000000] Inode-cache hash table entries: 131072 (order: 8, 1048576 bytes, linear)
[    0.000000] software IO TLB: SWIOTLB bounce buffer size adjusted to 2MB
[    0.000000] software IO TLB: area num 4.
[    0.000000] software IO TLB: mapped [mem 0x00000000fd600000-0x00000000fd800000] (2MB)
[    0.000000] Built 1 zonelists, mobility grouping on.  Total pages: 524288
[    0.000000] mem auto-init: stack:all(zero), heap alloc:off, heap free:off
[    0.000000] SLUB: HWalign=64, Order=0-3, MinObjects=0, CPUs=4, Nodes=1
[    0.000000] rcu: Hierarchical RCU implementation.
[    0.000000] rcu: RCU calculated value of scheduler-enlistment delay is 25 jiffies.
[    0.000000] NR_IRQS: 64, nr_irqs: 64, preallocated irqs: 0
[    0.000000] Root IRQ handler: gic_handle_irq
[    0.000000] rcu: srcu_init: Setting srcu_struct sizes based on contention.
[    0.000000] arch_timer: cp15 timer running at 19.20MHz (virt).
[    0.000000] clocksource: arch_sys_counter: mask: 0xffffffffffffff max_cycles: 0x46d987e47, max_idle_ns: 440795202767 ns
[    0.000000] sched_clock: 56 bits at 19MHz, resolution 52ns, wraps every 4398046511078ns
[    0.000093] Console: colour dummy device 80x25
[    0.000105] printk: legacy console [tty0] enabled
[    0.000731] Calibrating delay loop (skipped), value calculated using timer frequency.. 38.40 BogoMIPS (lpj=76800)
[    0.000764] pid_max: default: 32768 minimum: 301
[    0.000984] Mount-cache hash table entries: 4096 (order: 3, 32768 bytes, linear)
[    0.001024] Mountpoint-cache hash table entries: 4096 (order: 3, 32768 bytes, linear)
[    0.001387] VFS: Finished mounting rootfs on nullfs
[    0.002012] Pocketboot spin-table v1: persistent page at 0x00000000854ff000
[    0.002941] rcu: Hierarchical SRCU implementation.
[    0.002963] rcu: 	Max phase no-delay instances is 1000.
[    0.003451] smp: Bringing up secondary CPUs ...
[    0.003889] Detected VIPT I-cache on CPU1
[    0.004038] CPU1: Booted secondary processor 0x0000000001 [0x410fd030]
[    0.004536] Detected VIPT I-cache on CPU2
[    0.004671] CPU2: Booted secondary processor 0x0000000002 [0x410fd030]
[    0.005144] Detected VIPT I-cache on CPU3
[    0.005273] CPU3: Booted secondary processor 0x0000000003 [0x410fd030]
[    0.005363] smp: Brought up 1 node, 4 CPUs
[    0.005443] SMP: Total of 4 processors activated.
[    0.005458] CPU: All CPU(s) started at EL1
[    0.005473] CPU features: detected: 32-bit EL0 Support
[    0.005489] CPU features: detected: CRC32 instructions
[    0.005539] alternatives: applying system-wide alternatives
[    0.006416] Memory: 2014992K/2097152K available (5760K kernel code, 852K rwdata, 1712K rodata, 2624K init, 242K bss, 78896K reserved, 0K cma-reserved)
[    0.007063] devtmpfs: initialized
[    0.020886] clocksource: jiffies: mask: 0xffffffff max_cycles: 0xffffffff, max_idle_ns: 7645041785100000 ns
[    0.020958] posixtimers hash table entries: 2048 (order: 3, 32768 bytes, linear)
[    0.021060] futex hash table entries: 1024 (65536 bytes on 1 NUMA nodes, total 64 KiB, linear).
[    0.022091] NET: Registered PF_NETLINK/PF_ROUTE protocol family
[    0.022667] DMA: preallocated 256 KiB GFP_KERNEL pool for atomic allocations
[    0.024294] ASID allocator initialised with 65536 entries
[    0.025267] ramoops: error in header, 12
[    0.051170] ramoops: error in header, 13
[    0.077998] ramoops: error in header, 13
[    0.078365] ramoops: error in header, 12
[    0.078775] ramoops: error in header, 16
[    0.079191] ramoops: error in header, 17
[    0.079564] ramoops: error in header, 13
[    0.080000] ramoops: error in header, 18
[    0.080392] ramoops: error in header, 13
[    0.080863] ramoops: error in header, 22
[    0.081267] ramoops: error in header, 16
[    0.081630] ramoops: error in header, 12
[    0.082007] ramoops: error in header, 13
[    0.082373] ramoops: error in header, 12
[    0.082777] ramoops: error in header, 15
[    0.083146] ramoops: error in header, 13
[    0.083479] ramoops: error in header, 9
[    0.083842] ramoops: error in header, 12
[    0.084275] ramoops: error in header, 18
[    0.084692] ramoops: error in header, 17
[    0.085057] ramoops: error in header, 12
[    0.085371] ramoops: error in header, 7
[    0.085725] ramoops: error in header, 11
[    0.085998] ramoops: error in header, 3
[    0.086314] ramoops: error in header, 7
[    0.086693] ramoops: error in header, 13
[    0.087164] ramoops: error in header, 22
[    0.087469] ramoops: error in header, 6
[    0.087841] ramoops: error in header, 13
[    0.088215] ramoops: error in header, 12
[    0.088652] ramoops: error in header, 19
[    0.088997] ramoops: error in header, 10
[    0.248959] pstore: Using crash dump compression: deflate
[    0.248983] printk: legacy console [ramoops-1] enabled
[    0.282402] pstore: Registered ramoops as persistent store backend
[    0.282620] ramoops: using 0x80000@0x9ff80000, ecc: 64
[    0.292013] /soc@0/clock-controller@1800000: Fixed dependency cycle(s) with /soc@0/display-subsystem@1a00000/phy@1a98300
[    0.292480] /soc@0/display-subsystem@1a00000/display-controller@1a01000: Fixed dependency cycle(s) with /soc@0/display-subsystem@1a00000/dsi@1a98000
[    0.292926] /soc@0/display-subsystem@1a00000/dsi@1a98000: Fixed dependency cycle(s) with /soc@0/display-subsystem@1a00000/dsi@1a98000/panel@0
[    0.293370] /soc@0/display-subsystem@1a00000/dsi@1a98000: Fixed dependency cycle(s) with /soc@0/display-subsystem@1a00000/display-controller@1a01000
[    0.293847] /soc@0/display-subsystem@1a00000/dsi@1a98000/panel@0: Fixed dependency cycle(s) with /soc@0/display-subsystem@1a00000/dsi@1a98000
[    0.294279] /soc@0/display-subsystem@1a00000/phy@1a98300: Fixed dependency cycle(s) with /soc@0/clock-controller@1800000
[    0.294959] /soc@0/usb@78d9000: Fixed dependency cycle(s) with /soc@0/usb@78d9000/ulpi/phy
[    0.295388] /soc@0/usb@78d9000/ulpi/phy: Fixed dependency cycle(s) with /soc@0/usb@78d9000
[    0.295807] /soc@0/interrupt-controller@b000000: Fixed dependency cycle(s) with /soc@0/interrupt-controller@b000000
[    0.300169] /soc@0/clock-controller@1800000: Fixed dependency cycle(s) with /soc@0/display-subsystem@1a00000/phy@1a98300
[    0.304470] /soc@0/display-subsystem@1a00000/display-controller@1a01000: Fixed dependency cycle(s) with /soc@0/display-subsystem@1a00000/dsi@1a98000
[    0.304988] /soc@0/display-subsystem@1a00000/dsi@1a98000: Fixed dependency cycle(s) with /soc@0/display-subsystem@1a00000/dsi@1a98000/panel@0
[    0.305438] /soc@0/display-subsystem@1a00000/dsi@1a98000: Fixed dependency cycle(s) with /soc@0/display-subsystem@1a00000/display-controller@1a01000
[    0.305890] /soc@0/display-subsystem@1a00000/dsi@1a98000/panel@0: Fixed dependency cycle(s) with /soc@0/display-subsystem@1a00000/dsi@1a98000
[    0.309665] /soc@0/usb@78d9000: Fixed dependency cycle(s) with /soc@0/usb@78d9000/ulpi/phy
[    0.310163] /soc@0/usb@78d9000/ulpi/phy: Fixed dependency cycle(s) with /soc@0/usb@78d9000
[    0.316926] iommu: Default domain type: Translated
[    0.317171] iommu: DMA domain TLB invalidation policy: strict mode
[    0.318672] SCSI subsystem initialized
[    0.319031] usbcore: registered new interface driver usbfs
[    0.319464] usbcore: registered new interface driver hub
[    0.319719] usbcore: registered new device driver usb
[    0.320631] i2c-gpio i2c-muic: using lines 617 (SDA) and 618 (SCL)
[    0.321345] i2c-gpio i2c-tkey: using lines 528 (SDA) and 529 (SCL)
[    0.322266] i2c-gpio i2c-nfc: using lines 512 (SDA) and 513 (SCL)
[    0.322899] qcom_scm: convention: smc arm 32
[    0.348585] sm5502 0-0025: Device type: version: 0x0, vendor: 0x1
[    0.351934] clocksource: Switched to clocksource arch_sys_counter
[    0.360022] NET: Registered PF_UNIX/PF_LOCAL protocol family
[    0.372865] workingset: timestamp_bits=62 (anon: 58) max_order=19 bucket_order=0 (anon: 0)
[    0.392523] msm_serial 78b0000.serial: msm_serial: detected port #0
[    0.392833] msm_serial 78b0000.serial: uartclk = 3686400
[    0.393614] 78b0000.serial: ttyMSM0 at MMIO 0x78b0000 (irq = 31, base_baud = 230400) is a MSM
[    0.394054] msm_serial: console setup on port #0
[    0.394308] printk: legacy console [ttyMSM0] enabled
[    1.379206] msm_serial: driver initialized
[    1.408445] platform 1a01000.display-controller: Adding to iommu group 0
[    1.408876] /soc@0/display-subsystem@1a00000/display-controller@1a01000: Fixed dependency cycle(s) with /soc@0/display-subsystem@1a00000/dsi@1a98000
[    1.415456] /soc@0/display-subsystem@1a00000/display-controller@1a01000: Fixed dependency cycle(s) with /soc@0/display-subsystem@1a00000/dsi@1a98000
[    1.428063] /soc@0/display-subsystem@1a00000/dsi@1a98000: Fixed dependency cycle(s) with /soc@0/display-subsystem@1a00000/dsi@1a98000/panel@0
[    1.441202] /soc@0/display-subsystem@1a00000/dsi@1a98000: Fixed dependency cycle(s) with /soc@0/display-subsystem@1a00000/display-controller@1a01000
[    1.454010] /soc@0/display-subsystem@1a00000/dsi@1a98000/panel@0: Fixed dependency cycle(s) with /soc@0/display-subsystem@1a00000/dsi@1a98000
[    1.474026] loop: module loaded
[    1.480020] spmi_pmic_arb 200f000.spmi: PMIC arbiter version v2 (0x20010000)
[    1.515870] input: pwm-vibrator as /devices/platform/vibrator/input/input0
[    1.516877] i2c_qup 78b5000.i2c: using default clock-frequency 100000
[    1.522634] i2c_qup 78b6000.i2c: using default clock-frequency 100000
[    1.529475] i2c_qup 78b8000.i2c: using default clock-frequency 100000
[    1.535620] i2c_qup 78b9000.i2c: using default clock-frequency 100000
[    1.542299] i2c_qup 78ba000.i2c: using default clock-frequency 100000
[    1.551953] rt5033 7-0034: Device found (rev. 6)
[    1.556296] platform rt5033-charger: DMA mask not set
[    1.559004] rt5033-led: Failed to locate of_node [id: -1]
[    1.565716] input: pm8941_pwrkey as /devices/platform/soc@0/200f000.spmi/spmi-0/0-00/200f000.spmi:pmic@0:pon@800/200f000.spmi:pmic@0:pon@800:pwrkey/input/input1
[    1.570491] input: pm8941_resin as /devices/platform/soc@0/200f000.spmi/spmi-0/0-00/200f000.spmi:pmic@0:pon@800/200f000.spmi:pmic@0:pon@800:resin/input/input2
[    1.620767] clocksource: arch_mmio_counter: mask: 0xffffffffffffff max_cycles: 0x46d987e47, max_idle_ns: 440795202767 ns
[    1.621211] arch-timer-mmio b020000.timer: mmio timer running at 19.20MHz (virt)
[    1.654085] msm_mdp 1a01000.display-controller: No interconnect support may cause display underflows!
[    1.704103] msm_hsusb 78d9000.usb: Failed to create device link (0x180) with supplier remoteproc for /soc@0/usb@78d9000/ulpi/phy
[    1.709131] sdhci_msm 7864900.mmc: Got CD GPIO
[    1.717788] s3: Bringing 0uV into 1250000-1250000uV
[    1.719748] s4: Bringing 0uV into 1850000-1850000uV
[    1.722976] tm2-touchkey 1-0020: failed to get regulators: -517
[    1.724773] l2: Bringing 0uV into 1200000-1200000uV
[    1.729193] mms114 6-0048: Unable to get the IO regulator (-517)
[    1.735054] l5: Bringing 0uV into 1800000-1800000uV
[    1.747410] l6: Bringing 0uV into 1800000-1800000uV
[    1.750912] l7: Bringing 0uV into 1800000-1800000uV
[    1.755740] l8: Bringing 0uV into 2900000-2900000uV
[    1.757816] sdhci_msm 7864900.mmc: Got CD GPIO
[    1.760357] l9: Bringing 0uV into 3300000-3300000uV
[    1.770655] l11: Bringing 0uV into 2950000-2950000uV
[    1.774816] l12: Bringing 0uV into 1800000-1800000uV
[    1.779858] l13: Bringing 0uV into 3075000-3075000uV
[    1.785582] l17: Bringing 0uV into 2850000-2850000uV
[    1.920091] input: tm2-touchkey as /devices/platform/i2c-tkey/i2c-1/1-0020/input/input4
[    1.922261] input: MELFAS MMS345 Touchscreen as /devices/platform/soc@0/78b9000.i2c/i2c-6/6-0048/input/input5
[    1.945909] /soc@0/display-subsystem@1a00000/dsi@1a98000: Fixed dependency cycle(s) with /soc@0/display-subsystem@1a00000/dsi@1a98000/panel@0
[    1.946443] /soc@0/display-subsystem@1a00000/dsi@1a98000/panel@0: Fixed dependency cycle(s) with /soc@0/display-subsystem@1a00000/dsi@1a98000
[    1.959344] msm_mdp 1a01000.display-controller: bound 1a98000.dsi (ops 0xffff8000806384a8)
[    1.971193] sdhci_msm 7864900.mmc: Got CD GPIO
[    1.972138] msm_mdp 1a01000.display-controller: [drm:mdp5_kms_init] MDP5 version v1.6
[    2.000170] msm_mdp 1a01000.display-controller: fall back to the other CTL category for INTF 1!
[    2.001377] [drm] Initialized msm-kms 1.13.0 for 1a01000.display-controller on minor 0
[    2.008564] gcc-msm8916 1800000.clock-controller: sync_state() pending due to chosen:framebuffer@8e000000
[    2.016198] mmc0: SDHCI controller on 7824900.mmc [7824900.mmc] using ADMA
[    2.016216] gcc-msm8916 1800000.clock-controller: sync_state() pending due to 7824900.mmc
[    2.016313] mmc1: SDHCI controller on 7864900.mmc [7864900.mmc] using ADMA
[    2.040935] gcc-msm8916 1800000.clock-controller: sync_state() pending due to 7864900.mmc
[    2.048299] input: GPIO Buttons as /devices/platform/gpio-keys/input/input6
[    2.056253] input: GPIO Hall Effect Sensor as /devices/platform/gpio-hall-sensor/input/input7
[    2.063410] clk: Disabling unused clocks
[    2.071262] PM: genpd: Disabling unused power domains
[    2.077596] Freeing unused kernel memory: 2624K
[    2.078060] Run /init as init process
[    2.081340]   with arguments:
[    2.081348]     /init
[    2.081355]   with environment:
[    2.081363]     HOME=/
[    2.081370]     TERM=linux
[    2.093963] msm_mdp 1a01000.display-controller: no GPU device was found
[    2.096385] file system registered
[    2.100208] read descriptors
[    2.103331] read strings
[    2.107139] read descriptors
[    2.108684] read strings
[    2.112388] Mass Storage Function, version: 2009/09/11
[    2.114207] LUN: removable file: (no medium)
[    2.119280] LUN: removable file: (no medium)
[    2.123619] mmc0: Card appears overclocked; req 177770000 Hz, actual 177777777 Hz
[    2.123889] LUN: removable file: (no medium)
[    2.127454] mmc0: Card appears overclocked; req 177770000 Hz, actual 177777777 Hz
[    2.140087] LUN: removable file: (no medium)
[    2.147418] LUN: removable file: (no medium)
[    2.151409] mmc0: new HS200 MMC card at address 0001
[    2.152060] LUN: removable file: (no medium)
[    2.155838] mmcblk0: mmc0:0001 Q313MB 14.7 GiB
[    2.160321] LUN: removable file: (no medium)
[    2.170144] LUN: removable file: (no medium)
[    2.174111] l13: voltage operation not allowed
[    2.178691]  mmcblk0: p1 p2 p3 p4 p5 p6 p7 p8 p9 p10 p11 p12 p13 p14 p15 p16 p17 p18 p19 p20 p21 p22 p23 p24 p25 p26
[    2.186031] mmcblk0boot0: mmc0:0001 Q313MB 4.00 MiB
[    2.193734] mmcblk0boot1: mmc0:0001 Q313MB 4.00 MiB
[    2.197930] mmcblk0rpmb: mmc0:0001 Q313MB 4.00 MiB, chardev (249:0)
[    2.268590] mmc1: new UHS-I speed SDR104 SDXC card at address aaaa
[    2.272388] mmcblk1: mmc1:aaaa SR128 119 GiB
[    2.279476] GPT:Primary header thinks Alt. header is not at the end of the disk.
[    2.279727] GPT:29337599 != 249737215
[    2.286359] GPT:Alternate GPT header not at the end of the disk.
[    2.289718] GPT:29337599 != 249737215
[    2.295786] GPT: Use GNU Parted to correct GPT errors.
[    2.299545]  mmcblk1: p1 p2 p3
[    2.408001] mms114 6-0048: TSP FW Rev: bootloader 0x6 / core 0x26 / config 0x26
[    2.665107] dsi_err_worker: status=4
[    2.666237] dsi_err_worker: status=4
[    2.667990] dsi_err_worker: status=0
[    2.672437] dsi_err_worker: status=4
[    2.675996] dsi_err_worker: status=4
[    2.679543] dsi_err_worker: status=4
[    2.682392] dsi_err_worker: status=0
[    2.685770] dsi_err_worker: status=0
[    2.813119] dsi_err_worker: status=4
[    2.813993] EXT4-fs (mmcblk1p2): orphan cleanup on readonly fs
[    2.814387] [drm:mdp5_irq_error_handler] *ERROR* errors: 04000000
[    2.816466] EXT4-fs (mmcblk1p2): mounted filesystem 5077d4c6-b4a5-4429-af95-ee9691dbb6ca ro without journal. Quota mode: disabled.
