bootm 93400000
## Loading kernel (any) from FIT Image at 93400000 ...
   Using 'db410c' configuration
   Trying 'kernel' kernel subimage
     Description:  ARM64 Image with Pocketboot initramfs
     Type:         Kernel Image
     Compression:  uncompressed
     Data Start:   0x934000f0
     Data Size:    10553352 Bytes = 10.1 MiB
     Architecture: AArch64
     OS:           Linux
     Load Address: 0x80200000
     Entry Point:  0x80200000
     Hash algo:    sha256
     Hash value:   aa2de4a3d8462439bc273d78adf5c1f1a82cf074ecb375ccd83abc1a039fad85
   Verifying Hash Integrity ... sha256+ OK
## Loading fdt (any) from FIT Image at 93400000 ...
   Using 'db410c' configuration
   Trying 'fdt' fdt subimage
     Description:  unavailable
     Type:         Flat Device Tree
     Compression:  uncompressed
     Data Start:   0x93e109d0
     Data Size:    75823 Bytes = 74 KiB
     Architecture: AArch64
     Load Address: 0x85000000
     Hash algo:    sha256
     Hash value:   501faf8fd555545308509ca1e1d24f98fe5a9817416892c01cb48168b74f260a
   Verifying Hash Integrity ... sha256+ OK
   Loading fdt from 0x93e109d0 to 0x85000000
   Booting using the fdt blob at 0x85000000
Working FDT set to 85000000
   Loading Kernel Image to 80200000
   Loading Device Tree to 00000000aede3000, end 00000000aedf882e ... OK
Working FDT set to aede3000

Starting kernel ...

[    0.000000] Booting Linux on physical CPU 0x0000000000 [0x410fd030]
[    0.000000] Linux version 7.1.0-rc6+ (sam@sam-desktop) (aarch64-linux-gnu-gcc (GCC) 16.1.1 20260501 (Red Hat Cross 16.1.1-1), GNU ld version 2.46-1.fc44) #1 SMP PREEMPT Fri Sep 11 09:46:47 AEST 2026
[    0.000000] Machine model: Qualcomm Technologies, Inc. APQ 8016 SBC
[    0.000000] earlycon: msm_serial_dm0 at MMIO 0x00000000078b0000 (options '')
[    0.000000] printk: legacy bootconsole [msm_serial_dm0] enabled
[    0.000000] OF: reserved mem: 0x000000008e200000..0x000000008e7fffff (6144 KiB) nomap non-reusable wcnss
[    0.000000] OF: reserved mem: 0x000000008dd00000..0x000000008e1fffff (5120 KiB) nomap non-reusable venus
[    0.000000] OF: reserved mem: 0x000000008dc00000..0x000000008dcfffff (1024 KiB) nomap non-reusable mba
[    0.000000] OF: reserved mem: 0x0000000086000000..0x00000000862fffff (3072 KiB) nomap non-reusable tz-apps@86000000
[    0.000000] OF: reserved mem: 0x0000000086300000..0x00000000863fffff (1024 KiB) nomap non-reusable smem@86300000
[    0.000000] OF: reserved mem: 0x0000000086400000..0x00000000864fffff (1024 KiB) nomap non-reusable hypervisor@86400000
[    0.000000] OF: reserved mem: 0x0000000086500000..0x000000008667ffff (1536 KiB) nomap non-reusable tz@86500000
[    0.000000] OF: reserved mem: 0x0000000086680000..0x00000000866fffff (512 KiB) nomap non-reusable reserved@86680000
[    0.000000] OF: reserved mem: 0x0000000086700000..0x00000000867dffff (896 KiB) nomap non-reusable rmtfs@86700000
[    0.000000] OF: reserved mem: 0x00000000867e0000..0x00000000867fffff (128 KiB) nomap non-reusable rfsa@867e0000
[    0.000000] OF: reserved mem: 0x0000000086800000..0x00000000892fffff (44032 KiB) nomap non-reusable mpss@86800000
[    0.000000] OF: reserved mem: 0x00000000bff00000..0x00000000bfffffff (1024 KiB) map non-reusable ramoops@bff00000
[    0.000000] psci: probing for conduit method from DT.
[    0.000000] psci: PSCIv1.0 detected in firmware.
[    0.000000] psci: Using standard PSCI v0.2 function IDs
[    0.000000] psci: MIGRATE_INFO_TYPE not supported.
[    0.000000] psci: SMC Calling Convention v1.0
[    0.000000] psci: OSI mode supported.
[    0.000000] psci: [Firmware Bug]: failed to set PC mode: -3
[    0.000000] Zone ranges:
[    0.000000]   Normal   [mem 0x0000000080000000-0x00000000bfffffff]
[    0.000000] Movable zone start for each node
[    0.000000] Early memory node ranges
[    0.000000]   node   0: [mem 0x0000000080000000-0x0000000085ffffff]
[    0.000000]   node   0: [mem 0x0000000086000000-0x00000000892fffff]
[    0.000000]   node   0: [mem 0x0000000089300000-0x000000008dbfffff]
[    0.000000]   node   0: [mem 0x000000008dc00000-0x000000008e7fffff]
[    0.000000]   node   0: [mem 0x000000008e800000-0x00000000bfffffff]
[    0.000000] Initmem setup node 0 [mem 0x0000000080000000-0x00000000bfffffff]
[    0.000000] percpu: Embedded 14 pages/cpu s28544 r0 d28800 u57344
[    0.000000] Detected VIPT I-cache on CPU0
[    0.000000] CPU features: kernel page table isolation disabled by kernel configuration
[    0.000000] alternatives: applying boot alternatives
[    0.000000] Kernel command line: console=ttyMSM0,115200n8 earlycon loglevel=7 panic=0 androidboot.serialno=bc72e60 pocketboot.lab=psci-baseline-20260911
[    0.000000] printk: log buffer data + meta data: 131072 + 458752 = 589824 bytes
[    0.000000] Dentry cache hash table entries: 131072 (order: 8, 1048576 bytes, linear)
[    0.000000] Inode-cache hash table entries: 65536 (order: 7, 524288 bytes, linear)
[    0.000000] software IO TLB: SWIOTLB bounce buffer size adjusted to 1MB
[    0.000000] software IO TLB: area num 4.
[    0.000000] software IO TLB: mapped [mem 0x00000000be980000-0x00000000bea80000] (1MB)
[    0.000000] Built 1 zonelists, mobility grouping on.  Total pages: 262144
[    0.000000] mem auto-init: stack:all(zero), heap alloc:off, heap free:off
[    0.000000] SLUB: HWalign=64, Order=0-3, MinObjects=0, CPUs=4, Nodes=1
[    0.000000] rcu: Hierarchical RCU implementation.
[    0.000000] rcu: RCU calculated value of scheduler-enlistment delay is 25 jiffies.
[    0.000000] NR_IRQS: 64, nr_irqs: 64, preallocated irqs: 0
[    0.000000] Root IRQ handler: gic_handle_irq
[    0.000000] rcu: srcu_init: Setting srcu_struct sizes based on contention.
[    0.000000] arch_timer: cp15 timer running at 19.20MHz (virt).
[    0.000000] clocksource: arch_sys_counter: mask: 0xffffffffffffff max_cycles: 0x46d987e47, max_idle_ns: 440795202767 ns
[    0.000000] sched_clock: 56 bits at 19MHz, resolution 52ns, wraps every 4398046511078ns
[    0.010803] Console: colour dummy device 80x25
[    0.018689] Calibrating delay loop (skipped), value calculated using timer frequency.. 38.40 BogoMIPS (lpj=76800)
[    0.023185] pid_max: default: 32768 minimum: 301
[    0.033708] Mount-cache hash table entries: 2048 (order: 2, 16384 bytes, linear)
[    0.038206] Mountpoint-cache hash table entries: 2048 (order: 2, 16384 bytes, linear)
[    0.045933] VFS: Finished mounting rootfs on nullfs
[    0.054785] rcu: Hierarchical SRCU implementation.
[    0.057999] rcu: 	Max phase no-delay instances is 1000.
[    0.063325] smp: Bringing up secondary CPUs ...
[    0.068578] Detected VIPT I-cache on CPU1
[    0.068731] CPU1: Booted secondary processor 0x0000000001 [0x410fd030]
[    0.069398] Detected VIPT I-cache on CPU2
[    0.069532] CPU2: Booted secondary processor 0x0000000002 [0x410fd030]
[    0.070172] Detected VIPT I-cache on CPU3
[    0.070302] CPU3: Booted secondary processor 0x0000000003 [0x410fd030]
[    0.070395] smp: Brought up 1 node, 4 CPUs
[    0.104088] SMP: Total of 4 processors activated.
[    0.108155] CPU: All CPU(s) started at EL1
[    0.112935] CPU features: detected: 32-bit EL0 Support
[    0.116918] CPU features: detected: CRC32 instructions
[    0.122092] alternatives: applying system-wide alternatives
[    0.128033] Memory: 947500K/1048576K available (5312K kernel code, 834K rwdata, 1476K rodata, 2560K init, 239K bss, 97812K reserved, 0K cma-reserved)
[    0.133247] devtmpfs: initialized
[    0.160857] clocksource: jiffies: mask: 0xffffffff max_cycles: 0xffffffff, max_idle_ns: 7645041785100000 ns
[    0.160934] posixtimers hash table entries: 2048 (order: 3, 32768 bytes, linear)
[    0.169516] futex hash table entries: 1024 (65536 bytes on 1 NUMA nodes, total 64 KiB, linear).
[    0.178127] NET: Registered PF_NETLINK/PF_ROUTE protocol family
[    0.186041] DMA: preallocated 128 KiB GFP_KERNEL pool for atomic allocations
[    0.193187] ASID allocator initialised with 65536 entries
[    0.199856] pstore: Using crash dump compression: deflate
[    0.203971] pstore: Registered ramoops as persistent store backend
[    0.209347] ramoops: using 0x100000@0xbff00000, ecc: 0
[    0.226439] /soc@0/stm@802000: Fixed dependency cycle(s) with /soc@0/funnel@821000
[    0.226525] /soc@0/tpiu@820000: Fixed dependency cycle(s) with /soc@0/replicator@824000
[    0.232943] /soc@0/funnel@821000: Fixed dependency cycle(s) with /soc@0/etf@825000
[    0.240830] /soc@0/funnel@821000: Fixed dependency cycle(s) with /soc@0/stm@802000
[    0.248469] /soc@0/funnel@821000: Fixed dependency cycle(s) with /soc@0/funnel@841000
[    0.256038] /soc@0/replicator@824000: Fixed dependency cycle(s) with /soc@0/etf@825000
[    0.263912] /soc@0/replicator@824000: Fixed dependency cycle(s) with /soc@0/tpiu@820000
[    0.271725] /soc@0/replicator@824000: Fixed dependency cycle(s) with /soc@0/etr@826000
[    0.279639] /soc@0/etf@825000: Fixed dependency cycle(s) with /soc@0/replicator@824000
[    0.287623] /soc@0/etf@825000: Fixed dependency cycle(s) with /soc@0/funnel@821000
[    0.295538] /soc@0/etr@826000: Fixed dependency cycle(s) with /soc@0/replicator@824000
[    0.303079] /soc@0/funnel@841000: Fixed dependency cycle(s) with /soc@0/funnel@821000
[    0.310959] /soc@0/funnel@841000: Fixed dependency cycle(s) with /soc@0/etm@85f000
[    0.318858] /soc@0/funnel@841000: Fixed dependency cycle(s) with /soc@0/etm@85e000
[    0.326323] /soc@0/funnel@841000: Fixed dependency cycle(s) with /soc@0/etm@85d000
[    0.333875] /soc@0/funnel@841000: Fixed dependency cycle(s) with /soc@0/etm@85c000
[    0.341504] /soc@0/etm@85c000: Fixed dependency cycle(s) with /soc@0/funnel@841000
[    0.349008] /soc@0/etm@85d000: Fixed dependency cycle(s) with /soc@0/funnel@841000
[    0.356559] /soc@0/etm@85e000: Fixed dependency cycle(s) with /soc@0/funnel@841000
[    0.364112] /soc@0/etm@85f000: Fixed dependency cycle(s) with /soc@0/funnel@841000
[    0.371755] /soc@0/clock-controller@1800000: Fixed dependency cycle(s) with /soc@0/display-subsystem@1a00000/phy@1a98300
[    0.379234] /soc@0/display-subsystem@1a00000/display-controller@1a01000: Fixed dependency cycle(s) with /soc@0/display-subsystem@1a00000/dsi@1a98000
[    0.390246] /soc@0/display-subsystem@1a00000/dsi@1a98000: Fixed dependency cycle(s) with /soc@0/i2c@78b8000/bridge@39
[    0.403509] /soc@0/display-subsystem@1a00000/dsi@1a98000: Fixed dependency cycle(s) with /soc@0/display-subsystem@1a00000/display-controller@1a01000
[    0.414036] /soc@0/display-subsystem@1a00000/phy@1a98300: Fixed dependency cycle(s) with /soc@0/clock-controller@1800000
[    0.427795] /soc@0/i2c@78b8000/bridge@39: Fixed dependency cycle(s) with /soc@0/display-subsystem@1a00000/dsi@1a98000
[    0.438293] /soc@0/usb@78d9000: Fixed dependency cycle(s) with /soc@0/usb@78d9000/ulpi/phy
[    0.448743] /soc@0/usb@78d9000/ulpi/phy: Fixed dependency cycle(s) with /soc@0/usb@78d9000
[    0.456932] /soc@0/interrupt-controller@b000000: Fixed dependency cycle(s) with /soc@0/interrupt-controller@b000000
[    0.466738] /soc@0/stm@802000: Fixed dependency cycle(s) with /soc@0/funnel@821000
[    0.475753] /soc@0/tpiu@820000: Fixed dependency cycle(s) with /soc@0/replicator@824000
[    0.483219] /soc@0/stm@802000: Fixed dependency cycle(s) with /soc@0/funnel@821000
[    0.491086] /soc@0/funnel@821000: Fixed dependency cycle(s) with /soc@0/etf@825000
[    0.498636] /soc@0/funnel@821000: Fixed dependency cycle(s) with /soc@0/stm@802000
[    0.506257] /soc@0/funnel@821000: Fixed dependency cycle(s) with /soc@0/funnel@841000
[    0.513877] /soc@0/tpiu@820000: Fixed dependency cycle(s) with /soc@0/replicator@824000
[    0.521718] /soc@0/replicator@824000: Fixed dependency cycle(s) with /soc@0/etf@825000
[    0.529451] /soc@0/replicator@824000: Fixed dependency cycle(s) with /soc@0/tpiu@820000
[    0.537496] /soc@0/replicator@824000: Fixed dependency cycle(s) with /soc@0/etr@826000
[    0.545459] /soc@0/replicator@824000: Fixed dependency cycle(s) with /soc@0/etf@825000
[    0.553405] /soc@0/funnel@821000: Fixed dependency cycle(s) with /soc@0/etf@825000
[    0.561286] /soc@0/etf@825000: Fixed dependency cycle(s) with /soc@0/replicator@824000
[    0.568851] /soc@0/etf@825000: Fixed dependency cycle(s) with /soc@0/funnel@821000
[    0.576833] /soc@0/replicator@824000: Fixed dependency cycle(s) with /soc@0/etr@826000
[    0.584309] /soc@0/etr@826000: Fixed dependency cycle(s) with /soc@0/replicator@824000
[    0.592294] /soc@0/funnel@821000: Fixed dependency cycle(s) with /soc@0/funnel@841000
[    0.600112] /soc@0/funnel@841000: Fixed dependency cycle(s) with /soc@0/funnel@821000
[    0.607982] /soc@0/funnel@841000: Fixed dependency cycle(s) with /soc@0/etm@85f000
[    0.615735] /soc@0/funnel@841000: Fixed dependency cycle(s) with /soc@0/etm@85e000
[    0.623201] /soc@0/funnel@841000: Fixed dependency cycle(s) with /soc@0/etm@85d000
[    0.630751] /soc@0/funnel@841000: Fixed dependency cycle(s) with /soc@0/etm@85c000
[    0.639078] /soc@0/funnel@841000: Fixed dependency cycle(s) with /soc@0/etm@85c000
[    0.645943] /soc@0/etm@85c000: Fixed dependency cycle(s) with /soc@0/funnel@841000
[    0.653565] /soc@0/funnel@841000: Fixed dependency cycle(s) with /soc@0/etm@85d000
[    0.661044] /soc@0/etm@85d000: Fixed dependency cycle(s) with /soc@0/funnel@841000
[    0.668668] /soc@0/funnel@841000: Fixed dependency cycle(s) with /soc@0/etm@85e000
[    0.676155] /soc@0/etm@85e000: Fixed dependency cycle(s) with /soc@0/funnel@841000
[    0.683776] /soc@0/funnel@841000: Fixed dependency cycle(s) with /soc@0/etm@85f000
[    0.691254] /soc@0/etm@85f000: Fixed dependency cycle(s) with /soc@0/funnel@841000
[    0.701326] /soc@0/clock-controller@1800000: Fixed dependency cycle(s) with /soc@0/display-subsystem@1a00000/phy@1a98300
[    0.709049] /soc@0/display-subsystem@1a00000/display-controller@1a01000: Fixed dependency cycle(s) with /soc@0/display-subsystem@1a00000/dsi@1a98000
[    0.717332] /soc@0/display-subsystem@1a00000/dsi@1a98000: Fixed dependency cycle(s) with /soc@0/i2c@78b8000/bridge@39
[    0.730590] /soc@0/display-subsystem@1a00000/dsi@1a98000: Fixed dependency cycle(s) with /soc@0/display-subsystem@1a00000/display-controller@1a01000
[    0.746064] /soc@0/i2c@78b8000/bridge@39: Fixed dependency cycle(s) with /soc@0/display-subsystem@1a00000/dsi@1a98000
[    0.755232] /soc@0/usb@78d9000: Fixed dependency cycle(s) with /soc@0/usb@78d9000/ulpi/phy
[    0.765036] /soc@0/usb@78d9000/ulpi/phy: Fixed dependency cycle(s) with /soc@0/usb@78d9000
[    0.775222] /soc@0/i2c@78b8000/bridge@39: Fixed dependency cycle(s) with /hdmi-out
[    0.781449] /hdmi-out: Fixed dependency cycle(s) with /soc@0/i2c@78b8000/bridge@39
[    0.791708] SCSI subsystem initialized
[    0.796604] usbcore: registered new interface driver usbfs
[    0.800214] usbcore: registered new interface driver hub
[    0.805704] usbcore: registered new device driver usb
[    0.812361] qcom_scm: convention: smc arm 32
[    0.817428] clocksource: Switched to clocksource arch_sys_counter
[    0.828246] NET: Registered PF_UNIX/PF_LOCAL protocol family
[    0.838365] workingset: timestamp_bits=62 (anon: 58) max_order=18 bucket_order=0 (anon: 0)
[    0.847491] msm_serial 78af000.serial: msm_serial: detected port #1
[    0.847590] msm_serial 78af000.serial: uartclk = 19200000
[    0.852999] 78af000.serial: ttyMSM1 at MMIO 0x78af000 (irq = 16, base_baud = 1200000) is a MSM
[    0.858720] msm_serial 78b0000.serial: msm_serial: detected port #0
[    0.866755] msm_serial 78b0000.serial: uartclk =à[    0.878438] msm_serial: console setup on port #0
[    0.878531] printk: legacy console [ttyMSM0] enabled
[    0.878531] printk: legacy console [ttyMSM0] enabled
[    0.887156] printk: legacy bootconsole [msm_serial_dm0] disabled
[    0.887156] printk: legacy bootconsole [msm_serial_dm0] disabled
[    0.898553] msm_serial: driver initialized
[    0.909631] loop: module loaded
[    0.910435] spi_qup 78b7000.spi: IN:block:16, fifo:64, OUT:block:16, fifo:64
[    0.912488] spi_qup 78b9000.spi: IN:block:16, fifo:64, OUT:block:16, fifo:64
[    0.919536] spmi_pmic_arb 200f000.spmi: PMIC arbiter version v2 (0x20010000)
[    0.928190] /soc@0/spmi@200f000/pmic@0/mpps@a000: Fixed dependency cycle(s) with /soc@0/spmi@200f000/pmic@0/mpps@a000/pm8916-mpp4-state
[    0.945451] usb3503 usb2513: switched to HUB mode
[    0.945483] usb3503 usb2513: usb3503_probe: probed in hub mode
[    0.950497] i2c_qup 78b6000.i2c: using default clock-frequency 100000
[    0.956197] i2c_qup 78b8000.i2c: using default clock-frequency 100000
[    0.962474] /hdmi-out: Fixed dependency cycle(s) with /soc@0/i2c@78b8000/bridge@39
[    0.968451] /soc@0/display-subsystem@1a00000/dsi@1a98000: Fixed dependency cycle(s) with /soc@0/i2c@78b8000/bridge@39
[    0.975907] /soc@0/i2c@78b8000/bridge@39: Fixed dependency cycle(s) with /hdmi-out
[    0.986590] /soc@0/i2c@78b8000/bridge@39: Fixed dependency cycle(s) with /soc@0/display-subsystem@1a00000/dsi@1a98000
[    0.994363] i2c_qup 78ba000.i2c: using default clock-frequency 100000
[    1.007514] clocksource: arch_mmio_counter: mask: 0xffffffffffffff max_cycles: 0x46d987e47, max_idle_ns: 440795202767 ns
[    1.011215] arch-timer-mmio b020000.timer: mmio timer running at 19.20MHz (virt)
[    1.061765] msm_hsusb 78d9000.usb: Failed to create device link (0x180) with supplier remoteproc for /soc@0/usb@78d9000/ulpi/phy
[    1.064367] sdhci_msm 7864900.mmc: Got CD GPIO
[    1.079010] sdhci_msm 7864900.mmc: Got CD GPIO
[    1.079164] gcc-msm8916 1800000.clock-controller: sync_state() pending due to 22000.rng
[    1.082408] gcc-msm8916 1800000.clock-controller: sync_state() pending due to 1a00000.display-subsystem
[    1.091673] gcc-msm8916 1800000.clock-controller: sync_state() pending due to 1b0ac00.camss
[    1.099705] gcc-msm8916 1800000.clock-controller: sync_state() pending due to 1c00000.gpu
[    1.108028] gcc-msm8916 1800000.clock-controller: sync_state() pending due to 1d00000.video-codec
[    1.116304] gcc-msm8916 1800000.clock-controller: sync_state() pending due to 1ef0000.iommu
[    1.125168] gcc-msm8916 1800000.clock-controller: sync_state() pending due to soc@0:iommu@1f08000
[    1.133317] gcc-msm8916 1800000.clock-controller: sync_state() pending due to 4080000.remoteproc
[    1.142345] gcc-msm8916 1800000.clock-controller: sync_state() pending due to 7708000.audio-controller
[    1.151200] gcc-msm8916 1800000.clock-controller: sync_state() pending due to 771c000.audio-codec
[    1.160311] gcc-msm8916 1800000.clock-controller: sync_state() pending due to 7824900.mmc
[    1.169251] gcc-msm8916 1800000.clock-controller: sync_state() pending due to 7864900.mmc
[    1.178127] input: gpio-keys as /devices/platform/gpio-keys/input/input0
[    1.189714] s3: Bringing 0uV into 1250000-1250000uV
[    1.190024] clk: Disabling unused clocks
[    1.190582] sdhci_msm 7864900.mmc: Got CD GPIO
[    1.192760] s4: Bringing 0uV into 1850000-1850000uV
[    1.197163] PM: genpd: Disabling unused power domains
[    1.203349] sdhci_msm 7864900.mmc: Goÿ[    1.220276] l5: Bringing 0uV into 1800000-1800000uV
[    1.220627] l6: Bringing 0uV into 1800000-1800000uV
[    1.224198] l7: Bringing 0uV into 1800000-1800000uV
[    1.229175] l8: Bringing 0uV into 2900000-2900000uV
[    1.233924] l9: Bringing 0uV into 3300000-3300000uV
[    1.239001] l11: Bringing 0uV into 2950000-2950000uV
[    1.243628] l12: Bringing 0uV into 1800000-1800000uV
[    1.248836] l13: Bringing 0uV into 3075000-3075000uV
[    1.254061] l15: Bringing 0uV into 1800000-1800000uV
[    1.259152] l16: Bringing 0uV into 1800000-1800000uV
[    1.264029] l17: Bringing 0uV into 3300000-3300000uV
[    1.270386] Freeing unused kernel memory: 2560K
[    1.272673] sdhci_msm 7864900.mmc: Got CD GPIO
[    1.273568] Run /init as init process



BusyBox v1.38.0 (2026-07-20 16:15:06 AEST) built-in shell (ash)[    1.289110] file system registered


~ # [    1.296515] read descriptors
[    1.296858] read strings
[    1.300482] read descriptors
[    1.302426] read strings
[    1.305810] Mass Storage Function, version: 2009/09/11
[    1.307786] LUN: removable file: (no medium)
[    1.313018] LUN: removable file: (no medium)
[    1.317406] LUN: removable file: (no medium)
[    1.321682] LUN: removable file: (no medium)
[    1.325909] LUN: removable file: (no medium)
[    1.330162] LUN: removable file: (no medium)
[    1.334431] LUN: removable file: (no medium)
[    1.338675] LUN: removable file: (no medium)
[    1.343487] l13: voltage operation not allowed
[    1.393812] mmc0: SDHCI controller on 7824900.mmc [7824900.mmc] using ADMA
[    1.421682] mmc1: SDHCI controller on 7864900.mmc [7864900.mmc] using ADMA
[    1.524646] mmc0: Card appears overclocked; req 177770000 Hz, actual 177777777 Hz
[    1.524694] mmc0: Card appears overclocked; req 177770000 Hz, actual 177777777 Hz
[    1.533708] mmc0: new HS200 MMC card at address 0001
[    1.539246] mmcblk0: mmc0:0001 DS1008 7.28 GiB
[    1.547826]  mmcblk0: p1 p2 p3 p4 p5 p6 p7 p8 p9 p10 p11 p12 p13 p14 p15 p16 p17 p18 p19 p20 p21 p22 p23 p24 p25 p26 p27 p28 p29 p30
[    1.556929] mmcblk0boot0: mmc0:0001 DS1008 4.00 MiB
[    1.561921] mmcblk0boot1: mmc0:0001 DS1008 4.00 MiB
[    1.566490] mmcblk0rpmb: mmc0:0001 DS1008 4.00 MiB, chardev (251:0)
[    2.029169]  WARN pocketboot: no boot entries discovered
[    3.313550]  WARN pocketboot::ui: UI thread exited error=open /dev/dri: No such file or directory (os error 2)
[   17.525449] random: crng init done
