('getvar', 'product')
product: pocketboot
Finished. Total time: 0.000s
('getvar', 'serialno')
serialno: cd0ee037
Finished. Total time: 0.000s
('getvar', 'compatible')
compatible: samsung,a5u-eur
Finished. Total time: 0.000s
('boot', PosixPath('/var/home/sam/src/pocketboot/target/a5u-smp-lab/20260911/ramoops-iommu/kexec/generation-1.img'))
Sending 'boot.img' (11160 KB)                      OKAY [  0.650s]
Booting                                            OKAY [  0.905s]
Finished. Total time: 1.562s
('getvar', 'product')
product: pocketboot
Finished. Total time: 0.000s
('getvar', 'product')
product: pocketboot
Finished. Total time: 0.000s
('getvar', 'serialno')
serialno: cd0ee037
Finished. Total time: 0.000s
('getvar', 'compatible')
compatible: samsung,a5u-eur
Finished. Total time: 0.000s
('boot', PosixPath('/var/home/sam/src/pocketboot/target/a5u-smp-lab/20260911/ramoops-iommu/kexec/generation-2.img'))
Sending 'boot.img' (11160 KB)                      OKAY [  0.649s]
Booting                                            OKAY [  1.417s]
Finished. Total time: 2.073s
('getvar', 'product')
product: pocketboot
Finished. Total time: 0.000s
('getvar', 'product')
product: pocketboot
Finished. Total time: 0.000s
('getvar', 'serialno')
serialno: cd0ee037
Finished. Total time: 0.000s
('getvar', 'compatible')
compatible: samsung,a5u-eur
Finished. Total time: 0.000s
('boot', PosixPath('/var/home/sam/src/pocketboot/target/a5u-smp-lab/20260911/ramoops-iommu/kexec/generation-3-preboot-configured.img'))
Sending 'boot.img' (13536 KB)                      OKAY [  0.782s]
Booting                                            OKAY [  1.109s]
Finished. Total time: 1.900s
('getvar', 'product')
product: pocketboot
Finished. Total time: 0.000s
