[    0.000000] Booting Linux on physical CPU 0x0000000000 [0x410fd030]
[    0.000000] Linux version 7.1.0-rc6+ (sam@sam-desktop) (aarch64-linux-gnu-gcc (GCC) 16.1.1 20260501 (Red Hat Cross 16.1.1-1), GNU ld version 2.46-1.fc44) #49 SMP PREEMPT Fri Sep 11 17:51:35 AEST 2026
[    0.000000] random: crng init done
[    0.000000] Machine model: Samsung Galaxy A5U (EUR)
[    0.000000] OF: reserved mem: 0x000000008e600000..0x000000008e7fffff (2048 KiB) nomap non-reusable gps
[    0.000000] OF: reserved mem: 0x00000000854ff000..0x00000000854fffff (4 KiB) nomap non-reusable spin-table@854ff000
[    0.000000] OF: reserved mem: 0x000000009ff80000..0x000000009fffffff (512 KiB) map non-reusable ramoops@9ff80000
[    0.000000] OF: reserved mem: 0x0000000086000000..0x00000000862fffff (3072 KiB) nomap non-reusable tz-apps@86000000
[    0.000000] OF: reserved mem: 0x0000000086300000..0x00000000863fffff (1024 KiB) nomap non-reusable smem@86300000
[    0.000000] OF: reserved mem: 0x0000000086400000..0x00000000864fffff (1024 KiB) nomap non-reusable hypervisor@86400000
[    0.000000] OF: reserved mem: 0x0000000086500000..0x000000008667ffff (1536 KiB) nomap non-reusable tz@86500000
[    0.000000] OF: reserved mem: 0x0000000086680000..0x00000000866fffff (512 KiB) nomap non-reusable reserved@86680000
[    0.000000] OF: reserved mem: 0x0000000086700000..0x00000000867dffff (896 KiB) nomap non-reusable rmtfs@86700000
[    0.000000] OF: reserved mem: 0x00000000867e0000..0x00000000867fffff (128 KiB) nomap non-reusable rfsa@867e0000
[    0.000000] OF: reserved mem: 0x0000000085500000..0x0000000085ffffff (11264 KiB) nomap non-reusable tz-apps@85500000
[    0.000000] OF: reserved mem: 0x000000008e000000..0x000000008e2a2fff (2700 KiB) nomap non-reusable framebuffer@8e000000
[    0.000000] Zone ranges:
[    0.000000]   Normal   [mem 0x0000000080000000-0x00000000ffffffff]
[    0.000000] Movable zone start for each node
[    0.000000] Early memory node ranges
[    0.000000]   node   0: [mem 0x0000000080000000-0x00000000854fefff]
[    0.000000]   node   0: [mem 0x00000000854ff000-0x00000000867fffff]
[    0.000000]   node   0: [mem 0x0000000086800000-0x000000008dffffff]
[    0.000000]   node   0: [mem 0x000000008e000000-0x000000008e2a2fff]
[    0.000000]   node   0: [mem 0x000000008e2a3000-0x000000008e5fffff]
[    0.000000]   node   0: [mem 0x000000008e600000-0x000000008e7fffff]
[    0.000000]   node   0: [mem 0x000000008e800000-0x00000000ffffffff]
[    0.000000] Initmem setup node 0 [mem 0x0000000080000000-0x00000000ffffffff]
[    0.000000] percpu: Embedded 14 pages/cpu s28544 r0 d28800 u57344
[    0.000000] Detected VIPT I-cache on CPU0
[    0.000000] CPU features: kernel page table isolation disabled by kernel configuration
[    0.000000] alternatives: applying boot alternatives
[    0.000000] Kernel command line: msm.skip_gpu=1 msm.separate_gpu_kms=1 panic=5 oops=panic printk.time=1 pocketboot.lab=a5-ramoops-cold
[    0.000000] printk: log buffer data + meta data: 131072 + 458752 = 589824 bytes
[    0.000000] Dentry cache hash table entries: 262144 (order: 9, 2097152 bytes, linear)
[    0.000000] Inode-cache hash table entries: 131072 (order: 8, 1048576 bytes, linear)
[    0.000000] software IO TLB: SWIOTLB bounce buffer size adjusted to 2MB
[    0.000000] software IO TLB: area num 4.
[    0.000000] software IO TLB: mapped [mem 0x00000000fd600000-0x00000000fd800000] (2MB)
[    0.000000] Built 1 zonelists, mobility grouping on.  Total pages: 524288
[    0.000000] mem auto-init: stack:all(zero), heap alloc:off, heap free:off
[    0.000000] SLUB: HWalign=64, Order=0-3, MinObjects=0, CPUs=4, Nodes=1
[    0.000000] rcu: Hierarchical RCU implementation.
[    0.000000] rcu: RCU calculated value of scheduler-enlistment delay is 25 jiffies.
[    0.000000] NR_IRQS: 64, nr_irqs: 64, preallocated irqs: 0
[    0.000000] Root IRQ handler: gic_handle_irq
[    0.000000] rcu: srcu_init: Setting srcu_struct sizes based on contention.
[    0.000000] arch_timer: cp15 timer running at 19.20MHz (virt).
[    0.000000] clocksource: arch_sys_counter: mask: 0xffffffffffffff max_cycles: 0x46d987e47, max_idle_ns: 440795202767 ns
[    0.000000] sched_clock: 56 bits at 19MHz, resolution 52ns, wraps every 4398046511078ns
[    0.000156] Console: colour dummy device 80x25
[    0.000170] printk: legacy console [tty0] enabled
[    0.000788] Calibrating delay loop (skipped), value calculated using timer frequency.. 38.40 BogoMIPS (lpj=76800)
[    0.000820] pid_max: default: 32768 minimum: 301
[    0.001035] Mount-cache hash table entries: 4096 (order: 3, 32768 bytes, linear)
[    0.001078] Mountpoint-cache hash table entries: 4096 (order: 3, 32768 bytes, linear)
[    0.001417] VFS: Finished mounting rootfs on nullfs
[    0.002060] Pocketboot spin-table v1: persistent page at 0x00000000854ff000
[    0.003044] rcu: Hierarchical SRCU implementation.
[    0.003067] rcu: 	Max phase no-delay instances is 1000.
[    0.003576] smp: Bringing up secondary CPUs ...
[    0.004085] Detected VIPT I-cache on CPU1
[    0.004242] CPU1: Booted secondary processor 0x0000000001 [0x410fd030]
[    0.004765] Detected VIPT I-cache on CPU2
[    0.004903] CPU2: Booted secondary processor 0x0000000002 [0x410fd030]
[    0.005391] Detected VIPT I-cache on CPU3
[    0.005523] CPU3: Booted secondary processor 0x0000000003 [0x410fd030]
[    0.005616] smp: Brought up 1 node, 4 CPUs
[    0.005696] SMP: Total of 4 processors activated.
[    0.005711] CPU: All CPU(s) started at EL1
[    0.005725] CPU features: detected: 32-bit EL0 Support
[    0.005741] CPU features: detected: CRC32 instructions
[    0.005793] alternatives: applying system-wide alternatives
[    0.006695] Memory: 2014984K/2097152K available (5760K kernel code, 852K rwdata, 1712K rodata, 2624K init, 242K bss, 78904K reserved, 0K cma-reserved)
[    0.007402] devtmpfs: initialized
[    0.021245] clocksource: jiffies: mask: 0xffffffff max_cycles: 0xffffffff, max_idle_ns: 7645041785100000 ns
[    0.021325] posixtimers hash table entries: 2048 (order: 3, 32768 bytes, linear)
[    0.021442] futex hash table entries: 1024 (65536 bytes on 1 NUMA nodes, total 64 KiB, linear).
[    0.022299] NET: Registered PF_NETLINK/PF_ROUTE protocol family
[    0.022896] DMA: preallocated 256 KiB GFP_KERNEL pool for atomic allocations
[    0.024570] ASID allocator initialised with 65536 entries
[    0.231166] pstore: Using crash dump compression: deflate
[    0.231195] printk: legacy console [ramoops-1] enabled
[    0.256836] pstore: Registered ramoops as persistent store backend
[    0.257244] ramoops: using 0x80000@0x9ff80000, ecc: 64
[    0.266500] /soc@0/clock-controller@1800000: Fixed dependency cycle(s) with /soc@0/display-subsystem@1a00000/phy@1a98300
[    0.266974] /soc@0/display-subsystem@1a00000/display-controller@1a01000: Fixed dependency cycle(s) with /soc@0/display-subsystem@1a00000/dsi@1a98000
[    0.267419] /soc@0/display-subsystem@1a00000/dsi@1a98000: Fixed dependency cycle(s) with /soc@0/display-subsystem@1a00000/dsi@1a98000/panel@0
[    0.267860] /soc@0/display-subsystem@1a00000/dsi@1a98000: Fixed dependency cycle(s) with /soc@0/display-subsystem@1a00000/display-controller@1a01000
[    0.268523] /soc@0/display-subsystem@1a00000/dsi@1a98000/panel@0: Fixed dependency cycle(s) with /soc@0/display-subsystem@1a00000/dsi@1a98000
[    0.268959] /soc@0/display-subsystem@1a00000/phy@1a98300: Fixed dependency cycle(s) with /soc@0/clock-controller@1800000
[    0.269661] /soc@0/usb@78d9000: Fixed dependency cycle(s) with /soc@0/usb@78d9000/ulpi/phy
[    0.269921] /soc@0/usb@78d9000/ulpi/phy: Fixed dependency cycle(s) with /soc@0/usb@78d9000
[    0.270347] /soc@0/interrupt-controller@b000000: Fixed dependency cycle(s) with /soc@0/interrupt-controller@b000000
[    0.274805] /soc@0/clock-controller@1800000: Fixed dependency cycle(s) with /soc@0/display-subsystem@1a00000/phy@1a98300
[    0.279163] /soc@0/display-subsystem@1a00000/display-controller@1a01000: Fixed dependency cycle(s) with /soc@0/display-subsystem@1a00000/dsi@1a98000
[    0.279676] /soc@0/display-subsystem@1a00000/dsi@1a98000: Fixed dependency cycle(s) with /soc@0/display-subsystem@1a00000/dsi@1a98000/panel@0
[    0.280109] /soc@0/display-subsystem@1a00000/dsi@1a98000: Fixed dependency cycle(s) with /soc@0/display-subsystem@1a00000/display-controller@1a01000
[    0.280748] /soc@0/display-subsystem@1a00000/dsi@1a98000/panel@0: Fixed dependency cycle(s) with /soc@0/display-subsystem@1a00000/dsi@1a98000
[    0.284525] /soc@0/usb@78d9000: Fixed dependency cycle(s) with /soc@0/usb@78d9000/ulpi/phy
[    0.284845] /soc@0/usb@78d9000/ulpi/phy: Fixed dependency cycle(s) with /soc@0/usb@78d9000
[    0.291765] iommu: Default domain type: Translated
[    0.292191] iommu: DMA domain TLB invalidation policy: strict mode
[    0.294290] SCSI subsystem initialized
[    0.294649] usbcore: registered new interface driver usbfs
[    0.295091] usbcore: registered new interface driver hub
[    0.295350] usbcore: registered new device driver usb
[    0.296470] i2c-gpio i2c-muic: using lines 617 (SDA) and 618 (SCL)
[    0.297189] i2c-gpio i2c-tkey: using lines 528 (SDA) and 529 (SCL)
[    0.298130] i2c-gpio i2c-nfc: using lines 512 (SDA) and 513 (SCL)
[    0.298788] qcom_scm: convention: smc arm 32
[    0.325570] sm5502 0-0025: Device type: version: 0x0, vendor: 0x1
[    0.328968] clocksource: Switched to clocksource arch_sys_counter
[    0.336278] NET: Registered PF_UNIX/PF_LOCAL protocol family
[    0.342019] workingset: timestamp_bits=62 (anon: 58) max_order=19 bucket_order=0 (anon: 0)
[    0.350789] msm_serial 78b0000.serial: msm_serial: detected port #0
[    0.351283] msm_serial 78b0000.serial: uartclk = 7372800
[    0.351876] 78b0000.serial: ttyMSM0 at MMIO 0x78b0000 (irq = 31, base_baud = 460800) is a MSM
[    0.352329] msm_serial: console setup on port #0
[    0.352623] printk: legacy console [ttyMSM0] enabled
[    0.407065] Unpacking initramfs...
[    0.414295] msm_serial: driver initialized
[    1.224194] qcom-iommu 1ef0000.iommu: iommu sec: pgtable size: 94208
[    1.253477] platform 1a01000.display-controller: Adding to iommu group 0
[    1.254087] /soc@0/display-subsystem@1a00000/display-controller@1a01000: Fixed dependency cycle(s) with /soc@0/display-subsystem@1a00000/dsi@1a98000
[    1.260259] /soc@0/display-subsystem@1a00000/display-controller@1a01000: Fixed dependency cycle(s) with /soc@0/display-subsystem@1a00000/dsi@1a98000
[    1.273132] /soc@0/display-subsystem@1a00000/dsi@1a98000: Fixed dependency cycle(s) with /soc@0/display-subsystem@1a00000/dsi@1a98000/panel@0
[    1.286237] /soc@0/display-subsystem@1a00000/dsi@1a98000: Fixed dependency cycle(s) with /soc@0/display-subsystem@1a00000/display-controller@1a01000
[    1.299054] /soc@0/display-subsystem@1a00000/dsi@1a98000/panel@0: Fixed dependency cycle(s) with /soc@0/display-subsystem@1a00000/dsi@1a98000
[    1.318866] loop: module loaded
[    1.325280] spmi_pmic_arb 200f000.spmi: PMIC arbiter version v2 (0x20010000)
[    1.346845] input: pwm-vibrator as /devices/platform/vibrator/input/input0
[    1.347831] i2c_qup 78b5000.i2c: using default clock-frequency 100000
[    1.353661] i2c_qup 78b6000.i2c: using default clock-frequency 100000
[    1.360466] i2c_qup 78b8000.i2c: using default clock-frequency 100000
[    1.366760] i2c_qup 78b9000.i2c: using default clock-frequency 100000
[    1.373220] i2c_qup 78ba000.i2c: using default clock-frequency 100000
[    1.380986] rt5033 7-0034: Device found (rev. 6)
[    1.389365] platform rt5033-charger: DMA mask not set
[    1.390173] rt5033-led: Failed to locate of_node [id: -1]
[    1.396702] input: pm8941_pwrkey as /devices/platform/soc@0/200f000.spmi/spmi-0/0-00/200f000.spmi:pmic@0:pon@800/200f000.spmi:pmic@0:pon@800:pwrkey/input/input1
[    1.401515] input: pm8941_resin as /devices/platform/soc@0/200f000.spmi/spmi-0/0-00/200f000.spmi:pmic@0:pon@800/200f000.spmi:pmic@0:pon@800:resin/input/input2
[    1.465847] clocksource: arch_mmio_counter: mask: 0xffffffffffffff max_cycles: 0x46d987e47, max_idle_ns: 440795202767 ns
[    1.466306] arch-timer-mmio b020000.timer: mmio timer running at 19.20MHz (virt)
[    1.499680] msm_mdp 1a01000.display-controller: No interconnect support may cause display underflows!
[    1.507798] msm_hsusb 78d9000.usb: Failed to create device link (0x180) with supplier remoteproc for /soc@0/usb@78d9000/ulpi/phy
[    1.510766] tm2-touchkey 1-0020: failed to get regulators: -517
[    1.514305] sdhci_msm 7864900.mmc: Got CD GPIO
[    1.519999] mms114 6-0048: Unable to get the IO regulator (-517)
[    1.535144] sdhci_msm 7864900.mmc: Got CD GPIO
[    1.535688] tm2-touchkey 1-0020: failed to get regulators: -517
[    1.541904] mms114 6-0048: Unable to get the IO regulator (-517)
[    1.542976] s3: Bringing 0uV into 1250000-1250000uV
[    1.547876] tm2-touchkey 1-0020: failed to get regulators: -517
[    1.552553] s4: Bringing 0uV into 1850000-1850000uV
[    1.553698] sdhci_msm 7864900.mmc: Got CD GPIO
[    1.557318] mms114 6-0048: Unable to get the IO regulator (-517)
[    1.563189] l2: Bringing 0uV into 1200000-1200000uV
[    1.569535] tm2-touchkey 1-0020: failed to get regulators: -517
[    1.572622] l5: Bringing 0uV into 1800000-1800000uV
[    1.578950] mms114 6-0048: Unable to get the IO regulator (-517)
[    1.581676] sdhci_msm 7864900.mmc: Got CD GPIO
[    1.583145] l6: Bringing 0uV into 1800000-1800000uV
[    1.596992] gcc-msm8916 1800000.clock-controller: sync_state() pending due to chosen:framebuffer@8e000000
[    1.600097] l7: Bringing 0uV into 1800000-1800000uV
[    1.604077] gcc-msm8916 1800000.clock-controller: sync_state() pending due to 7824900.mmc
[    1.618765] l8: Bringing 0uV into 2900000-2900000uV
[    1.618817] gcc-msm8916 1800000.clock-controller: sync_state() pending due to 7864900.mmc
[    1.623516] l9: Bringing 0uV into 3300000-3300000uV
[    1.631622] gcc-msm8916 1800000.clock-controller: sync_state() pending due to 1a98000.dsi
[    1.636721] l11: Bringing 0uV into 2950000-2950000uV
[    1.644615] gcc-msm8916 1800000.clock-controller: sync_state() pending due to 1a98300.phy
[    1.649525] l12: Bringing 0uV into 1800000-1800000uV
[    1.658393] input: GPIO Buttons as /devices/platform/gpio-keys/input/input7
[    1.662889] l13: Bringing 0uV into 3075000-3075000uV
[    1.671392] input: GPIO Hall Effect Sensor as /devices/platform/gpio-hall-sensor/input/input8
[    1.682865] l17: Bringing 0uV into 2850000-2850000uV
[    1.683837] clk: Disabling unused clocks
[    1.708661] PM: genpd: Disabling unused power domains
[    1.740979] mmc0: SDHCI controller on 7824900.mmc [7824900.mmc] using ADMA
[    1.742989] Freeing unused kernel memory: 2624K
[    1.747194] Run /init as init process
[    1.770712] file system registered
[    1.771432] read descriptors
[    1.773273] read strings
[    1.776824] read descriptors
[    1.778796] read strings
[    1.782381] Mass Storage Function, version: 2009/09/11
[    1.784159] LUN: removable file: (no medium)
[    1.789375] LUN: removable file: (no medium)
[    1.793968] LUN: removable file: (no medium)
[    1.798035] LUN: removable file: (no medium)
[    1.802471] LUN: removable file: (no medium)
[    1.806533] LUN: removable file: (no medium)
[    1.810794] LUN: removable file: (no medium)
[    1.815230] LUN: removable file: (no medium)
[    1.819824] mmc0: Card appears overclocked; req 177770000 Hz, actual 177777777 Hz
[    1.823543] mmc0: Card appears overclocked; req 177770000 Hz, actual 177777777 Hz
[    1.831325] mmc0: new HS200 MMC card at address 0001
[    1.838907] input: tm2-touchkey as /devices/platform/i2c-tkey/i2c-1/1-0020/input/input9
[    1.843572] mmcblk0: mmc0:0001 Q313MB 14.7 GiB
[    1.846668] input: MELFAS MMS345 Touchscreen as /devices/platform/soc@0/78b9000.i2c/i2c-6/6-0048/input/input10
[    1.857783] sdhci_msm 7864900.mmc: Got CD GPIO
[    1.857937] /soc@0/display-subsystem@1a00000/dsi@1a98000: Fixed dependency cycle(s) with /soc@0/display-subsystem@1a00000/dsi@1a98000/panel@0
[    1.870447] /soc@0/display-subsystem@1a00000/dsi@1a98000/panel@0: Fixed dependency cycle(s) with /soc@0/display-subsystem@1a00000/dsi@1a98000
[    1.884156] msm_mdp 1a01000.display-controller: bound 1a98000.dsi (ops 0xffff8000806384a8)
[    1.895812] msm_mdp 1a01000.display-controller: [drm:mdp5_kms_init] MDP5 version v1.6
[    1.913388]  mmcblk0: p1 p2 p3 p4 p5 p6 p7 p8 p9 p10 p11 p12 p13 p14 p15 p16 p17 p18 p19 p20 p21 p22 p23 p24 p25 p26
[    1.917715] mmcblk0boot0: mmc0:0001 Q313MB 4.00 MiB
[    1.920462] msm_mdp 1a01000.display-controller: fall back to the other CTL category for INTF 1!
[    1.924015] mmcblk0boot1: mmc0:0001 Q313MB 4.00 MiB
[    1.937685] mmc1: SDHCI controller on 7864900.mmc [7864900.mmc] using ADMA
[    1.941724] [drm] Initialized msm-kms 1.13.0 for 1a01000.display-controller on minor 0
[    1.942325] mmcblk0rpmb: mmc0:0001 Q313MB 4.00 MiB, chardev (249:0)
[    1.977192] msm_mdp 1a01000.display-controller: no GPU device was found
[    2.017344] mmc1: new UHS-I speed SDR104 SDXC card at address aaaa
[    2.018281] mmcblk1: mmc1:aaaa SR128 119 GiB
[    2.027158] GPT:Primary header thinks Alt. header is not at the end of the disk.
[    2.027412] GPT:29337599 != 249737215
[    2.034631] GPT:Alternate GPT header not at the end of the disk.
[    2.037999] GPT:29337599 != 249737215
[    2.044245] GPT: Use GNU Parted to correct GPT errors.
[    2.047654]  mmcblk1: p1 p2 p3
[    2.074525] l13: voltage operation not allowed
[    2.201684] mms114 6-0048: TSP FW Rev: bootloader 0x6 / core 0x26 / config 0x26
[    2.522782] EXT4-fs (mmcblk1p2): orphan cleanup on readonly fs
[    2.523901] EXT4-fs (mmcblk1p2): mounted filesystem 5077d4c6-b4a5-4429-af95-ee9691dbb6ca ro without journal. Quota mode: disabled.
[    2.631367] [drm:mdp5_irq_error_handler] *ERROR* errors: 04000000
[    7.100322] ci_hdrc ci_hdrc.0: not page aligned sg buffer
[    7.101019]  WARN pocketboot::fastboot: fastboot download failed command="download:0000a05e" error=Os { code: 22, kind: InvalidInput, message: "Invalid argument" }
[    8.109076]  WARN pocketboot::fastboot: fastboot server fatal transport error error=Custom { kind: TimedOut, error: "timeout waiting for exact AIO transfer" }
[    8.173043]  WARN pocketboot::gadget: fastboot server exited with error error=Custom { kind: TimedOut, error: "timeout waiting for exact AIO transfer" }
[    8.175010] ------------[ cut here ]------------
[    8.185963] WARNING: kernel/workqueue.c:4327 at __flush_work+0x378/0x394, CPU#1: pocketboot-fast/94
[    8.190749] CPU: 1 UID: 0 PID: 94 Comm: pocketboot-fast Not tainted 7.1.0-rc6+ #49 PREEMPTLAZY 
[    8.199516] Hardware name: Samsung Galaxy A5U (EUR) (DT)
[    8.208004] pstate: 40000005 (nZcv daif -PAN -UAO -TCO -DIT -SSBS BTYPE=--)
[    8.213742] pc : __flush_work+0x378/0x394
[    8.220245] lr : __flush_work+0x34/0x394
[    8.224588] sp : ffff800081873ca0
[    8.228401] x29: ffff800081873ca0 x28: ffff000002552100 x27: 0000000000000000
[    8.231619] x26: 0000000000000000 x25: 0000000000000000 x24: ffff800080adecc8
[    8.238914] x23: 0000000000000001 x22: ffff800080adf000 x21: 0000000000000001
[    8.246035] x20: ffff000001905378 x19: ffff000001905378 x18: 00000001e743d3e3
[    8.252976] x17: 0000000000000000 x16: 0000000000000000 x15: 013c8922f72859d0
[    8.260275] x14: ffff000002552190 x13: ffff8000805b96b8 x12: 0000000000000068
[    8.267386] x11: 00000000000000c0 x10: 00000000000007d0 x9 : 0000000000000000
[    8.274324] x8 : ffff800081873d50 x7 : 0000000000000000 x6 : ffff000001fd7cf8
[    8.281624] x5 : 0000000000000000 x4 : 0000000000000008 x3 : 0000000000000000
[    8.288743] x2 : ffffffffffffffc0 x1 : 0000000000000000 x0 : 0000000000000000
[    8.295683] Call trace:
[    8.302794]  __flush_work+0x378/0x394 (P)
[    8.305234]  cancel_work_sync+0x64/0x84
[    8.309214]  ffs_fs_kill_sb+0x70/0x84
[    8.312863]  deactivate_locked_super+0x40/0xe4
[    8.316860]  deactivate_super+0x74/0x84
[    8.321024]  cleanup_mnt+0xf0/0x14c
[    8.324755]  __cleanup_mnt+0x10/0x18
[    8.328408]  task_work_run+0x6c/0xdc
[    8.332047]  exit_to_user_mode_loop+0xd8/0x128
[    8.335609]  el0_svc+0x48/0x5c
[    8.340036]  el0t_64_sync_handler+0x98/0xdc
[    8.342899]  el0t_64_sync+0x154/0x158
[    8.346978] ---[ end trace 0000000000000000 ]---
[    8.351085] ffs_data_put(): freeing
[    8.356044] ------------[ cut here ]------------
[    8.358704] WARNING: kernel/workqueue.c:4327 at __flush_work+0x378/0x394, CPU#1: pocketboot-fast/94
[    8.363753] CPU: 1 UID: 0 PID: 94 Comm: pocketboot-fast Tainted: G        W           7.1.0-rc6+ #49 PREEMPTLAZY 
[    8.372518] Tainted: [W]=WARN
[    8.382740] Hardware name: Samsung Galaxy A5U (EUR) (DT)
[    8.385872] pstate: 40000005 (nZcv daif -PAN -UAO -TCO -DIT -SSBS BTYPE=--)
[    8.391257] pc : __flush_work+0x378/0x394
[    8.397759] lr : __flush_work+0x34/0x394
[    8.401927] sp : ffff800081873ca0
[    8.406095] x29: ffff800081873ca0 x28: ffff000002552100 x27: 0000000000000000
[    8.409140] x26: 0000000000000000 x25: 0000000000000000 x24: ffff800080adecc8
[    8.416437] x23: 0000000000000001 x22: ffff800080adf000 x21: 0000000000000001
[    8.423375] x20: ffff000001904f78 x19: ffff000001904f78 x18: 0000000000000000
[    8.430671] x17: 0000000000000000 x16: 0000000000000000 x15: 0000000000000000
[    8.437792] x14: ffff000002552190 x13: 00000000000000da x12: 0000000000000000
[    8.444726] x11: 00000000000000c0 x10: 00000000000007d0 x9 : 0000000000000000
[    8.452024] x8 : ffff800081873d50 x7 : 0000000000000000 x6 : ffff000001fd74f8
[    8.459140] x5 : 0000000000000000 x4 : 0000000000000008 x3 : 0000000000000000
[    8.466080] x2 : ffffffffffffffc0 x1 : 0000000000000000 x0 : 0000000000000000
[    8.473382] Call trace:
[    8.480305]  __flush_work+0x378/0x394 (P)
[    8.482568]  cancel_work_sync+0x64/0x84
[    8.486920]  ffs_fs_kill_sb+0x70/0x84
[    8.490382]  deactivate_locked_super+0x40/0xe4
[    8.494205]  deactivate_super+0x74/0x84
[    8.498726]  cleanup_mnt+0xf0/0x14c
[    8.502274]  __cleanup_mnt+0x10/0x18
[    8.505748]  task_work_run+0x6c/0xdc
[    8.509745]  exit_to_user_mode_loop+0xd8/0x128
[    8.513125]  el0_svc+0x48/0x5c
[    8.517377]  el0t_64_sync_handler+0x98/0xdc
[    8.520596]  el0t_64_sync+0x154/0x158
[    8.524496] ---[ end trace 0000000000000000 ]---
[    8.528417] ffs_data_put(): freeing
[    8.533451] unloading
[    8.617253] ERROR pocketboot::gadget: USB gadget failed error=Custom { kind: TimedOut, error: "timeout waiting for exact AIO transfer" }
[    9.621096] Kernel panic - not syncing: Attempted to kill init! exitcode=0x00000000
[    9.621533] CPU: 0 UID: 0 PID: 93 Comm: pocketboot-ui Tainted: G        W           7.1.0-rc6+ #49 PREEMPTLAZY 
[    9.627957] Tainted: [W]=WARN
[    9.637826] Hardware name: Samsung Galaxy A5U (EUR) (DT)
[    9.640959] Call trace:
[    9.646513]  show_stack+0x14/0x1c (C)
[    9.648504]  dump_stack_lvl+0x5c/0x78
[    9.652322]  dump_stack+0x14/0x1c
[    9.656144]  vpanic+0x128/0x2f0
[    9.659269]  abort+0x0/0x4
[    9.662214]  do_exit+0x898/0x8a0
[    9.664997]  do_group_exit+0x2c/0xa0
[    9.668558]  get_signal+0x7a0/0x7e0
[    9.671940]  arch_do_signal_or_restart+0x70/0x1f0
[    9.675156]  exit_to_user_mode_loop+0xe8/0x128
[    9.680194]  el0_svc+0x48/0x5c
[    9.684355]  el0t_64_sync_handler+0x98/0xdc
[    9.687394]  el0t_64_sync+0x154/0x158
[    9.691655] SMP: stopping secondary CPUs
[    9.695300] Kernel Offset: disabled
[    9.699285] CPU features: 0x00000000,00000000,00000000,0400400b
[    9.702685] Memory Limit: none
[    9.719353] pstore: backend (ramoops) writing error (-28)
[    9.719772] Rebooting in 5 seconds..
