['fastboot', '-s', 'cd0ee037', 'getvar', 'product']
product: lk2nd-msm8916
Finished. Total time: 0.002s
['fastboot', '-s', 'cd0ee037', 'getvar', 'lk2nd:compatible']
lk2nd:compatible: samsung,a5u-eur
Finished. Total time: 0.003s
['fastboot', '-s', 'cd0ee037', 'oem', 'log']
(bootloader) Staged. Use 'fastboot get_staged <file>' to fetch.
OKAY [  0.001s]
Finished. Total time: 0.001s
['fastboot', '-s', 'cd0ee037', 'get_staged', 'target/a5u-smp-lab/20260911/after-cold-reset/lk2nd.log']
Uploading 'target/a5u-smp-lab/20260911/after-cold-reset/lk2nd.log' OKAY [  0.002s]
Finished. Total time: 0.002s
['fastboot', '-s', 'cd0ee037', 'oem', 'debug', 'readq', '0x854ff000']
(bootloader) 0x0000000000000000

OKAY [  0.003s]
Finished. Total time: 0.003s
['fastboot', '-s', 'cd0ee037', 'oem', 'debug', 'readq', '0x854ff080']
(bootloader) 0x0000000000000000

OKAY [  0.003s]
Finished. Total time: 0.003s
['fastboot', '-s', 'cd0ee037', 'oem', 'debug', 'readq', '0x854ff088']
(bootloader) 0x0000000000000000

OKAY [  0.003s]
Finished. Total time: 0.003s
['fastboot', '-s', 'cd0ee037', 'oem', 'debug', 'readq', '0x854ff090']
(bootloader) 0x0000000000000000

OKAY [  0.003s]
Finished. Total time: 0.003s
['fastboot', '-s', 'cd0ee037', 'oem', 'debug', 'readq', '0x854ff098']
(bootloader) 0x0000000000000000

OKAY [  0.003s]
Finished. Total time: 0.003s
['fastboot', '-s', 'cd0ee037', 'oem', 'debug', 'readq', '0x854ff0a0']
(bootloader) 0x0000000000000000

OKAY [  0.003s]
Finished. Total time: 0.003s
['fastboot', '-s', 'cd0ee037', 'oem', 'debug', 'readq', '0x854ff0a8']
(bootloader) 0x0000000000000000

OKAY [  0.003s]
Finished. Total time: 0.003s
['fastboot', '-s', 'cd0ee037', 'oem', 'debug', 'readq', '0x854ff0b0']
(bootloader) 0x0000000000000000

OKAY [  0.003s]
Finished. Total time: 0.003s
['fastboot', '-s', 'cd0ee037', 'oem', 'debug', 'readq', '0x854ff400']
(bootloader) 0x0000000000000000

OKAY [  0.003s]
Finished. Total time: 0.003s
['fastboot', '-s', 'cd0ee037', 'oem', 'debug', 'readq', '0x854ff408']
(bootloader) 0x0000000000000000

OKAY [  0.003s]
Finished. Total time: 0.003s
['fastboot', '-s', 'cd0ee037', 'oem', 'debug', 'readq', '0x854ff440']
(bootloader) 0x0000000000000000

OKAY [  0.003s]
Finished. Total time: 0.003s
['fastboot', '-s', 'cd0ee037', 'oem', 'debug', 'readq', '0x854ff448']
(bootloader) 0x0000000000000000

OKAY [  0.003s]
Finished. Total time: 0.003s
['fastboot', '-s', 'cd0ee037', 'oem', 'debug', 'readq', '0x854ff450']
(bootloader) 0x0000000000000000

OKAY [  0.003s]
Finished. Total time: 0.003s
['fastboot', '-s', 'cd0ee037', 'oem', 'debug', 'readq', '0x854ff480']
(bootloader) 0x0000000000000000

OKAY [  0.003s]
Finished. Total time: 0.003s
['fastboot', '-s', 'cd0ee037', 'oem', 'debug', 'readq', '0x854ff488']
(bootloader) 0x0000000000000000

OKAY [  0.003s]
Finished. Total time: 0.003s
['fastboot', '-s', 'cd0ee037', 'oem', 'debug', 'readq', '0x854ff4c0']
(bootloader) 0x0000000000000000

OKAY [  0.003s]
Finished. Total time: 0.003s
['fastboot', '-s', 'cd0ee037', 'oem', 'debug', 'readq', '0x854ff4c8']
(bootloader) 0x0000000000000000

OKAY [  0.003s]
Finished. Total time: 0.003s
['fastboot', '-s', 'cd0ee037', 'oem', 'debug', 'readq', '0x854ff4d0']
(bootloader) 0x0000000000000000

OKAY [  0.003s]
Finished. Total time: 0.003s
['fastboot', '-s', 'cd0ee037', 'oem', 'debug', 'readq', '0x854ff500']
(bootloader) 0x0000000000000000

OKAY [  0.003s]
Finished. Total time: 0.003s
['fastboot', '-s', 'cd0ee037', 'oem', 'debug', 'readq', '0x854ff508']
(bootloader) 0x0000000000000000

OKAY [  0.003s]
Finished. Total time: 0.003s
['fastboot', '-s', 'cd0ee037', 'oem', 'debug', 'readq', '0x854ff540']
(bootloader) 0x0000000000000000

OKAY [  0.003s]
Finished. Total time: 0.003s
['fastboot', '-s', 'cd0ee037', 'oem', 'debug', 'readq', '0x854ff548']
(bootloader) 0x0000000000000000

OKAY [  0.003s]
Finished. Total time: 0.003s
['fastboot', '-s', 'cd0ee037', 'oem', 'debug', 'readq', '0x854ff550']
(bootloader) 0x0000000000000000

OKAY [  0.003s]
Finished. Total time: 0.003s
['fastboot', '-s', 'cd0ee037', 'oem', 'debug', 'readq', '0x854ff580']
(bootloader) 0x0000000000000000

OKAY [  0.003s]
Finished. Total time: 0.003s
['fastboot', '-s', 'cd0ee037', 'oem', 'debug', 'readq', '0x854ff588']
(bootloader) 0x0000000000000000

OKAY [  0.003s]
Finished. Total time: 0.003s
['fastboot', '-s', 'cd0ee037', 'oem', 'debug', 'readq', '0x854ff5c0']
(bootloader) 0x0000000000000000

OKAY [  0.003s]
Finished. Total time: 0.003s
['fastboot', '-s', 'cd0ee037', 'oem', 'debug', 'readq', '0x854ff5c8']
(bootloader) 0x0000000000000000

OKAY [  0.003s]
Finished. Total time: 0.003s
['fastboot', '-s', 'cd0ee037', 'oem', 'debug', 'readq', '0x854ff5d0']
(bootloader) 0x0000000000000000

OKAY [  0.003s]
Finished. Total time: 0.003s
