PB_SMP_SNAPSHOT_V2
Linux (none) 7.1.0-rc6+ #2 SMP PREEMPT Fri Sep 11 09:57:12 AEST 2026 aarch64
boot_id=unavailable
uptime=4.12 14.52
cmdline=console=ttyMSM0,115200n8 earlycon loglevel=7 panic=0 androidboot.serialno=bc72e60 pocketboot.lab=kexec-generation-2
online=0-3
cpu_node=/sys/firmware/devicetree/base/cpus/cpu@0 reg=00000000
method=spin-table 
release=00000000854ff400
cpu_node=/sys/firmware/devicetree/base/cpus/cpu@1 reg=00000001
method=spin-table 
release=00000000854ff480
cpu_node=/sys/firmware/devicetree/base/cpus/cpu@2 reg=00000002
method=spin-table 
release=00000000854ff500
cpu_node=/sys/firmware/devicetree/base/cpus/cpu@3 reg=00000003
method=spin-table 
release=00000000854ff580
stat_before
cpu  42 0 139 1456 0 0 0 0 0 0
cpu0 0 0 61 352 0 0 0 0 0 0
cpu1 14 0 22 372 0 0 0 0 0 0
cpu2 22 0 10 375 0 0 0 0 0 0
cpu3 5 0 45 357 0 0 0 0 0 0
intr 6618 0 120 1377 0 0 0 30 0 0 0 0 0 4058 0 0 0 0 9 0 0 0 0 0 0 0 0 71 112 0 837 2 2 0 0 0 0 0 0 0 0 0 0 0 0 0 0 0 0 0 0 0 0 0 0 0 0 0 0 0 0 0 0 0 0
ctxt 4896
btime 0
processes 138
procs_running 1
procs_blocked 0
softirq 3634 0 344 0 0 0 0 75 1962 0 1253
SMP_WORK_V2 expected=292d74d0d0222325 bytes_per_cpu=67108864
cpu=2 start_cpu=2 end_cpu=2 hash=292d74d0d0222325 cpu_seconds=0.503951 PASS
cpu=0 start_cpu=0 end_cpu=0 hash=292d74d0d0222325 cpu_seconds=0.504230 PASS
cpu=1 start_cpu=1 end_cpu=1 hash=292d74d0d0222325 cpu_seconds=0.504197 PASS
cpu=3 start_cpu=3 end_cpu=3 hash=292d74d0d0222325 cpu_seconds=0.504312 PASS
SMP_WORK_PASS all_four_cpus
stat_after
cpu  244 0 140 1457 0 0 0 0 0 0
cpu0 50 0 61 352 0 0 0 0 0 0
cpu1 64 0 22 372 0 0 0 0 0 0
cpu2 73 0 10 375 0 0 0 0 0 0
cpu3 56 0 45 357 0 0 0 0 0 0
intr 7163 0 128 1394 0 0 0 30 0 0 0 0 0 4566 0 0 0 0 9 0 0 0 0 0 0 0 0 71 112 0 850 2 2 0 0 0 0 0 0 0 0 0 0 0 0 0 0 0 0 0 0 0 0 0 0 0 0 0 0 0 0 0 0 0 0
ctxt 5059
btime 0
processes 144
procs_running 1
procs_blocked 0
softirq 3750 0 368 0 0 0 0 88 1984 0 1310
PB_SMP_SNAPSHOT_PASS
