['fastboot', '-s', 'cd0ee037', 'getvar', 'product']
product: pocketboot
Finished. Total time: 0.000s
exit=0
['fastboot', '-s', 'cd0ee037', 'getvar', 'serialno']
serialno: cd0ee037
Finished. Total time: 0.000s
exit=0
['fastboot', '-s', 'cd0ee037', 'getvar', 'compatible']
compatible: samsung,a5u-eur
Finished. Total time: 0.000s
exit=0
['fastboot', '-s', 'cd0ee037', 'getvar', 'is-userspace']
is-userspace: yes
Finished. Total time: 0.000s
exit=0
['fastboot', '-s', 'cd0ee037', 'stage', 'target/a5u-smp-lab/20260911/kexec/workload-v2-install/000.sh']
Sending 'target/a5u-smp-lab/20260911/kexec/workload-v2-install/000.sh' (40 KB) FAILED (Write to device failed in SendBuffer() (No such file or directory))
fastboot: error: Command failed
exit=1
