[    0.000000] Booting Linux on physical CPU 0x0000000000 [0x410fd030]
[    0.000000] Linux version 7.1.0-rc6+ (sam@sam-desktop) (aarch64-linux-gnu-gcc (GCC) 16.1.1 20260501 (Red Hat Cross 16.1.1-1), GNU ld version 2.46-1.fc44) #2 SMP PREEMPT Fri Sep 11 09:57:12 AEST 2026
[    0.000000] Machine model: Qualcomm Technologies, Inc. APQ 8016 SBC
[    0.000000] earlycon: msm_serial_dm0 at MMIO 0x00000000078b0000 (options '')
[    0.000000] printk: legacy bootconsole [msm_serial_dm0] enabled
[    0.000000] OF: reserved mem: 0x000000008e200000..0x000000008e7fffff (6144 KiB) nomap non-reusable wcnss
[    0.000000] OF: reserved mem: 0x000000008dd00000..0x000000008e1fffff (5120 KiB) nomap non-reusable venus
[    0.000000] OF: reserved mem: 0x000000008dc00000..0x000000008dcfffff (1024 KiB) nomap non-reusable mba
[    0.000000] OF: reserved mem: 0x0000000086000000..0x00000000862fffff (3072 KiB) nomap non-reusable tz-apps@86000000
[    0.000000] OF: reserved mem: 0x0000000086300000..0x00000000863fffff (1024 KiB) nomap non-reusable smem@86300000
[    0.000000] OF: reserved mem: 0x0000000086400000..0x00000000864fffff (1024 KiB) nomap non-reusable hypervisor@86400000
[    0.000000] OF: reserved mem: 0x0000000086500000..0x000000008667ffff (1536 KiB) nomap non-reusable tz@86500000
[    0.000000] OF: reserved mem: 0x0000000086680000..0x00000000866fffff (512 KiB) nomap non-reusable reserved@86680000
[    0.000000] OF: reserved mem: 0x0000000086700000..0x00000000867dffff (896 KiB) nomap non-reusable rmtfs@86700000
[    0.000000] OF: reserved mem: 0x00000000867e0000..0x00000000867fffff (128 KiB) nomap non-reusable rfsa@867e0000
[    0.000000] OF: reserved mem: 0x0000000086800000..0x00000000892fffff (44032 KiB) nomap non-reusable mpss@86800000
[    0.000000] OF: reserved mem: 0x00000000bff00000..0x00000000bfffffff (1024 KiB) map non-reusable ramoops@bff00000
[    0.000000] OF: reserved mem: 0x00000000854ff000..0x00000000854fffff (4 KiB) nomap non-reusable spin-table@854ff000
[    0.000000] Zone ranges:
[    0.000000]   Normal   [mem 0x0000000080000000-0x00000000bfffffff]
[    0.000000] Movable zone start for each node
[    0.000000] Early memory node ranges
[    0.000000]   node   0: [mem 0x0000000080000000-0x00000000854fefff]
[    0.000000]   node   0: [mem 0x00000000854ff000-0x00000000854fffff]
[    0.000000]   node   0: [mem 0x0000000085500000-0x0000000085ffffff]
[    0.000000]   node   0: [mem 0x0000000086000000-0x00000000892fffff]
[    0.000000]   node   0: [mem 0x0000000089300000-0x000000008dbfffff]
[    0.000000]   node   0: [mem 0x000000008dc00000-0x000000008e7fffff]
[    0.000000]   node   0: [mem 0x000000008e800000-0x00000000bfffffff]
[    0.000000] Initmem setup node 0 [mem 0x0000000080000000-0x00000000bfffffff]
[    0.000000] percpu: Embedded 14 pages/cpu s28544 r0 d28800 u57344
[    0.000000] pcpu-alloc: s28544 r0 d28800 u57344 alloc=14*4096
[    0.000000] pcpu-alloc: [0] 0 [0] 1 [0] 2 [0] 3 
[    0.000000] Detected VIPT I-cache on CPU0
[    0.000000] CPU features: kernel page table isolation disabled by kernel configuration
[    0.000000] alternatives: applying boot alternatives
[    0.000000] Kernel command line: console=ttyMSM0,115200n8 earlycon loglevel=7 panic=0 androidboot.serialno=bc72e60 pocketboot.lab=kexec-generation-3-preboot
[    0.000000] printk: log buffer data + meta data: 131072 + 458752 = 589824 bytes
[    0.000000] Dentry cache hash table entries: 131072 (order: 8, 1048576 bytes, linear)
[    0.000000] Inode-cache hash table entries: 65536 (order: 7, 524288 bytes, linear)
[    0.000000] software IO TLB: SWIOTLB bounce buffer size adjusted to 1MB
[    0.000000] software IO TLB: area num 4.
[    0.000000] software IO TLB: mapped [mem 0x00000000be980000-0x00000000bea80000] (1MB)
[    0.000000] Built 1 zonelists, mobility grouping on.  Total pages: 262144
[    0.000000] mem auto-init: stack:all(zero), heap alloc:off, heap free:off
[    0.000000] SLUB: HWalign=64, Order=0-3, MinObjects=0, CPUs=4, Nodes=1
[    0.000000] rcu: Hierarchical RCU implementation.
[    0.000000] rcu: RCU calculated value of scheduler-enlistment delay is 25 jiffies.
[    0.000000] NR_IRQS: 64, nr_irqs: 64, preallocated irqs: 0
[    0.000000] Root IRQ handler: gic_handle_irq
[    0.000000] rcu: srcu_init: Setting srcu_struct sizes based on contention.
[    0.000000] arch_timer: cp15 timer running at 19.20MHz (virt).
[    0.000000] clocksource: arch_sys_counter: mask: 0xffffffffffffff max_cycles: 0x46d987e47, max_idle_ns: 440795202767 ns
[    0.000000] sched_clock: 56 bits at 19MHz, resolution 52ns, wraps every 4398046511078ns
[    0.010790] Console: colour dummy device 80x25
[    0.018688] Calibrating delay loop (skipped), value calculated using timer frequency.. 38.40 BogoMIPS (lpj=76800)
[    0.023183] pid_max: default: 32768 minimum: 301
[    0.033705] Mount-cache hash table entries: 2048 (order: 2, 16384 bytes, linear)
[    0.038204] Mountpoint-cache hash table entries: 2048 (order: 2, 16384 bytes, linear)
[    0.045922] VFS: Finished mounting rootfs on nullfs
[    0.053891] Pocketboot spin-table v1: persistent page at 0x00000000854ff000
[    0.058885] rcu: Hierarchical SRCU implementation.
[    0.064943] rcu: 	Max phase no-delay instances is 1000.
[    0.070247] smp: Bringing up secondary CPUs ...
[    0.075325] Detected VIPT I-cache on CPU1
[    0.075472] CPU1: Booted secondary processor 0x0000000001 [0x410fd030]
[    0.075956] Detected VIPT I-cache on CPU2
[    0.076087] CPU2: Booted secondary processor 0x0000000002 [0x410fd030]
[    0.076552] Detected VIPT I-cache on CPU3
[    0.076679] CPU3: Booted secondary processor 0x0000000003 [0x410fd030]
[    0.076769] smp: Brought up 1 node, 4 CPUs
[    0.111035] SMP: Total of 4 processors activated.
[    0.115102] CPU: All CPU(s) started at EL1
[    0.119881] CPU features: detected: 32-bit EL0 Support
[    0.123863] CPU features: detected: CRC32 instructions
[    0.129038] alternatives: applying system-wide alternatives
[    0.134953] Memory: 947492K/1048576K available (5312K kernel code, 834K rwdata, 1476K rodata, 2560K init, 239K bss, 97820K reserved, 0K cma-reserved)
[    0.140140] devtmpfs: initialized
[    0.167478] clocksource: jiffies: mask: 0xffffffff max_cycles: 0xffffffff, max_idle_ns: 7645041785100000 ns
[    0.167546] posixtimers hash table entries: 2048 (order: 3, 32768 bytes, linear)
[    0.176117] futex hash table entries: 1024 (65536 bytes on 1 NUMA nodes, total 64 KiB, linear).
[    0.184691] NET: Registered PF_NETLINK/PF_ROUTE protocol family
[    0.192643] DMA: preallocated 128 KiB GFP_KERNEL pool for atomic allocations
[    0.199737] ASID allocator initialised with 65536 entries
[    0.206420] pstore: Using crash dump compression: deflate
[    0.210589] pstore: Registered ramoops as persistent store backend
[    0.215964] ramoops: using 0x100000@0xbff00000, ecc: 0
[    0.232793] /soc@0/stm@802000: Fixed dependency cycle(s) with /soc@0/funnel@821000
[    0.232875] /soc@0/tpiu@820000: Fixed dependency cycle(s) with /soc@0/replicator@824000
[    0.239291] /soc@0/funnel@821000: Fixed dependency cycle(s) with /soc@0/etf@825000
[    0.247179] /soc@0/funnel@821000: Fixed dependency cycle(s) with /soc@0/stm@802000
[    0.254818] /soc@0/funnel@821000: Fixed dependency cycle(s) with /soc@0/funnel@841000
[    0.262390] /soc@0/replicator@824000: Fixed dependency cycle(s) with /soc@0/etf@825000
[    0.270261] /soc@0/replicator@824000: Fixed dependency cycle(s) with /soc@0/tpiu@820000
[    0.278073] /soc@0/replicator@824000: Fixed dependency cycle(s) with /soc@0/etr@826000
[    0.285990] /soc@0/etf@825000: Fixed dependency cycle(s) with /soc@0/replicator@824000
[    0.293971] /soc@0/etf@825000: Fixed dependency cycle(s) with /soc@0/funnel@821000
[    0.301889] /soc@0/etr@826000: Fixed dependency cycle(s) with /soc@0/replicator@824000
[    0.309429] /soc@0/funnel@841000: Fixed dependency cycle(s) with /soc@0/funnel@821000
[    0.317309] /soc@0/funnel@841000: Fixed dependency cycle(s) with /soc@0/etm@85f000
[    0.325208] /soc@0/funnel@841000: Fixed dependency cycle(s) with /soc@0/etm@85e000
[    0.332673] /soc@0/funnel@841000: Fixed dependency cycle(s) with /soc@0/etm@85d000
[    0.340224] /soc@0/funnel@841000: Fixed dependency cycle(s) with /soc@0/etm@85c000
[    0.347857] /soc@0/etm@85c000: Fixed dependency cycle(s) with /soc@0/funnel@841000
[    0.355360] /soc@0/etm@85d000: Fixed dependency cycle(s) with /soc@0/funnel@841000
[    0.362909] /soc@0/etm@85e000: Fixed dependency cycle(s) with /soc@0/funnel@841000
[    0.370462] /soc@0/etm@85f000: Fixed dependency cycle(s) with /soc@0/funnel@841000
[    0.378103] /soc@0/clock-controller@1800000: Fixed dependency cycle(s) with /soc@0/display-subsystem@1a00000/phy@1a98300
[    0.385581] /soc@0/display-subsystem@1a00000/display-controller@1a01000: Fixed dependency cycle(s) with /soc@0/display-subsystem@1a00000/dsi@1a98000
[    0.396593] /soc@0/display-subsystem@1a00000/dsi@1a98000: Fixed dependency cycle(s) with /soc@0/i2c@78b8000/bridge@39
[    0.409858] /soc@0/display-subsystem@1a00000/dsi@1a98000: Fixed dependency cycle(s) with /soc@0/display-subsystem@1a00000/display-controller@1a01000
[    0.420384] /soc@0/display-subsystem@1a00000/phy@1a98300: Fixed dependency cycle(s) with /soc@0/clock-controller@1800000
[    0.434150] /soc@0/i2c@78b8000/bridge@39: Fixed dependency cycle(s) with /soc@0/display-subsystem@1a00000/dsi@1a98000
[    0.444641] /soc@0/usb@78d9000: Fixed dependency cycle(s) with /soc@0/usb@78d9000/ulpi/phy
[    0.455092] /soc@0/usb@78d9000/ulpi/phy: Fixed dependency cycle(s) with /soc@0/usb@78d9000
[    0.463283] /soc@0/interrupt-controller@b000000: Fixed dependency cycle(s) with /soc@0/interrupt-controller@b000000
[    0.473064] /soc@0/stm@802000: Fixed dependency cycle(s) with /soc@0/funnel@821000
[    0.482091] /soc@0/tpiu@820000: Fixed dependency cycle(s) with /soc@0/replicator@824000
[    0.489576] /soc@0/stm@802000: Fixed dependency cycle(s) with /soc@0/funnel@821000
[    0.497428] /soc@0/funnel@821000: Fixed dependency cycle(s) with /soc@0/etf@825000
[    0.504986] /soc@0/funnel@821000: Fixed dependency cycle(s) with /soc@0/stm@802000
[    0.512605] /soc@0/funnel@821000: Fixed dependency cycle(s) with /soc@0/funnel@841000
[    0.520219] /soc@0/tpiu@820000: Fixed dependency cycle(s) with /soc@0/replicator@824000
[    0.528073] /soc@0/replicator@824000: Fixed dependency cycle(s) with /soc@0/etf@825000
[    0.535802] /soc@0/replicator@824000: Fixed dependency cycle(s) with /soc@0/tpiu@820000
[    0.543851] /soc@0/replicator@824000: Fixed dependency cycle(s) with /soc@0/etr@826000
[    0.551803] /soc@0/replicator@824000: Fixed dependency cycle(s) with /soc@0/etf@825000
[    0.559739] /soc@0/funnel@821000: Fixed dependency cycle(s) with /soc@0/etf@825000
[    0.567633] /soc@0/etf@825000: Fixed dependency cycle(s) with /soc@0/replicator@824000
[    0.575207] /soc@0/etf@825000: Fixed dependency cycle(s) with /soc@0/funnel@821000
[    0.583184] /soc@0/replicator@824000: Fixed dependency cycle(s) with /soc@0/etr@826000
[    0.590660] /soc@0/etr@826000: Fixed dependency cycle(s) with /soc@0/replicator@824000
[    0.598650] /soc@0/funnel@821000: Fixed dependency cycle(s) with /soc@0/funnel@841000
[    0.606447] /soc@0/funnel@841000: Fixed dependency cycle(s) with /soc@0/funnel@821000
[    0.614331] /soc@0/funnel@841000: Fixed dependency cycle(s) with /soc@0/etm@85f000
[    0.622084] /soc@0/funnel@841000: Fixed dependency cycle(s) with /soc@0/etm@85e000
[    0.629551] /soc@0/funnel@841000: Fixed dependency cycle(s) with /soc@0/etm@85d000
[    0.637101] /soc@0/funnel@841000: Fixed dependency cycle(s) with /soc@0/etm@85c000
[    0.645414] /soc@0/funnel@841000: Fixed dependency cycle(s) with /soc@0/etm@85c000
[    0.652295] /soc@0/etm@85c000: Fixed dependency cycle(s) with /soc@0/funnel@841000
[    0.659915] /soc@0/funnel@841000: Fixed dependency cycle(s) with /soc@0/etm@85d000
[    0.667394] /soc@0/etm@85d000: Fixed dependency cycle(s) with /soc@0/funnel@841000
[    0.675018] /soc@0/funnel@841000: Fixed dependency cycle(s) with /soc@0/etm@85e000
[    0.682505] /soc@0/etm@85e000: Fixed dependency cycle(s) with /soc@0/funnel@841000
[    0.690121] /soc@0/funnel@841000: Fixed dependency cycle(s) with /soc@0/etm@85f000
[    0.697603] /soc@0/etm@85f000: Fixed dependency cycle(s) with /soc@0/funnel@841000
[    0.707613] /soc@0/clock-controller@1800000: Fixed dependency cycle(s) with /soc@0/display-subsystem@1a00000/phy@1a98300
[    0.715319] /soc@0/display-subsystem@1a00000/display-controller@1a01000: Fixed dependency cycle(s) with /soc@0/display-subsystem@1a00000/dsi@1a98000
[    0.723680] /soc@0/display-subsystem@1a00000/dsi@1a98000: Fixed dependency cycle(s) with /soc@0/i2c@78b8000/bridge@39
[    0.736939] /soc@0/display-subsystem@1a00000/dsi@1a98000: Fixed dependency cycle(s) with /soc@0/display-subsystem@1a00000/display-controller@1a01000
[    0.752331] /soc@0/i2c@78b8000/bridge@39: Fixed dependency cycle(s) with /soc@0/display-subsystem@1a00000/dsi@1a98000
[    0.761556] /soc@0/usb@78d9000: Fixed dependency cycle(s) with /soc@0/usb@78d9000/ulpi/phy
[    0.771385] /soc@0/usb@78d9000/ulpi/phy: Fixed dependency cycle(s) with /soc@0/usb@78d9000
[    0.781513] /soc@0/i2c@78b8000/bridge@39: Fixed dependency cycle(s) with /hdmi-out
[    0.787799] /hdmi-out: Fixed dependency cycle(s) with /soc@0/i2c@78b8000/bridge@39
[    0.797954] SCSI subsystem initialized
[    0.802943] usbcore: registered new interface driver usbfs
[    0.806563] usbcore: registered new interface driver hub
[    0.812043] usbcore: registered new device driver usb
[    0.817826] qcom_scm: convention: smc arm 32
[    0.823698] clocksource: Switched to clocksource arch_sys_counter
[    0.834464] NET: Registered PF_UNIX/PF_LOCAL protocol family
[    0.843914] workingset: timestamp_bits=62 (anon: 58) max_order=18 bucket_order=0 (anon: 0)
[    0.853521] msm_serial 78af000.serial: msm_serial: detected port #1
[    0.853621] msm_serial 78af000.serial: uartclk = 19200000
[    0.859051] 78af000.serial: ttyMSM1 at MMIO 0x78af000 (irq = 16, base_baud = 1200000) is a MSM
[    0.864734] msm_serial 78b0000.serial: msm_serial: detected port #0
[    0.872760] msm_serial 78b0000.serial: uartclk = 3686400
[    0.879239] 78b0000.serial: ttyMSM0 at MMIO 0x78b0000 (irq = 17, base_baud = 230400) is a MSM
[    0.884425] msm_serial: console setup on port #0
[    0.884482] printk: legacy console [ttyMSM0] enabled
[    0.893100] printk: legacy bootconsole [msm_serial_dm0] disabled
[    0.907671] msm_serial: driver initialized
[    0.915478] loop: module loaded
[    0.916224] spi_qup 78b7000.spi: IN:block:16, fifo:64, OUT:block:16, fifo:64
[    0.920574] spi_qup 78b9000.spi: IN:block:16, fifo:64, OUT:block:16, fifo:64
[    0.928287] spmi_pmic_arb 200f000.spmi: PMIC arbiter version v2 (0x20010000)
[    0.933987] /soc@0/spmi@200f000/pmic@0/mpps@a000: Fixed dependency cycle(s) with /soc@0/spmi@200f000/pmic@0/mpps@a000/pm8916-mpp4-state
[    0.951713] usb3503 usb2513: switched to HUB mode
[    0.951743] usb3503 usb2513: usb3503_probe: probed in hub mode
[    0.956355] i2c_qup 78b6000.i2c: using default clock-frequency 100000
[    0.961964] i2c_qup 78b8000.i2c: using default clock-frequency 100000
[    0.968268] /hdmi-out: Fixed dependency cycle(s) with /soc@0/i2c@78b8000/bridge@39
[    0.974286] /soc@0/display-subsystem@1a00000/dsi@1a98000: Fixed dependency cycle(s) with /soc@0/i2c@78b8000/bridge@39
[    0.981742] /soc@0/i2c@78b8000/bridge@39: Fixed dependency cycle(s) with /hdmi-out
[    0.992421] /soc@0/i2c@78b8000/bridge@39: Fixed dependency cycle(s) with /soc@0/display-subsystem@1a00000/dsi@1a98000
[    1.000192] i2c_qup 78ba000.i2c: using default clock-frequency 100000
[    1.013277] clocksource: arch_mmio_counter: mask: 0xffffffffffffff max_cycles: 0x46d987e47, max_idle_ns: 440795202767 ns
[    1.016986] arch-timer-mmio b020000.timer: mmio timer running at 19.20MHz (virt)
[    1.109895] msm_hsusb 78d9000.usb: Failed to create device link (0x180) with supplier remoteproc for /soc@0/usb@78d9000/ulpi/phy
[    1.116667] sdhci_msm 7864900.mmc: Got CD GPIO
[    1.129628] s3: Bringing 0uV into 1250000-1250000uV
[    1.130029] s4: Bringing 0uV into 1850000-1850000uV
[    1.134064] l2: Bringing 0uV into 1200000-1200000uV
[    1.138846] l5: Bringing 0uV into 1800000-1800000uV
[    1.143321] l6: Bringing 0uV into 1800000-1800000uV
[    1.148226] l7: Bringing 0uV into 1800000-1800000uV
[    1.148467] sdhci_msm 7864900.mmc: Got CD GPIO
[    1.153045] l8: Bringing 0uV into 2900000-2900000uV
[    1.162180] gcc-msm8916 1800000.clock-controller: sync_state() pending due to 22000.rng
[    1.164053] l9: Bringing 0uV into 3300000-3300000uV
[    1.166924] gcc-msm8916 1800000.clock-controller: sync_state() pending due to 1a00000.display-subsystem
[    1.175391] l11: Bringing 0uV into 2950000-2950000uV
[    1.179778] gcc-msm8916 1800000.clock-controller: sync_state() pending due to 1b0ac00.camss
[    1.189398] l12: Bringing 0uV into 1800000-1800000uV
[    1.194347] gcc-msm8916 1800000.clock-controller: sync_state() pending due to 1c00000.gpu
[    1.202643] l13: Bringing 0uV into 3075000-3075000uV
[    1.207628] gcc-msm8916 1800000.clock-controller: sync_state() pending due to 1d00000.video-codec
[    1.216210] l15: Bringing 0uV into 1800000-1800000uV
[    1.220763] gcc-msm8916 1800000.clock-controller: sync_state() pending due to 1ef0000.iommu
[    1.229856] l16: Bringing 0uV into 1800000-1800000uV
[    1.234537] gcc-msm8916 1800000.clock-controller: sync_state() pending due to soc@0:iommu@1f08000
[    1.234547] gcc-msm8916 1800000.clock-controller: sync_state() pending due to 4080000.remoteproc
[    1.242885] l17: Bringing 0uV into 3300000-3300000uV
[    1.247821] gcc-msm8916 1800000.clock-controller: sync_state() pending due to 7708000.audio-controller
[    1.247831] gcc-msm8916 1800000.clock-controller: sync_state() pending due to 771c000.audio-codec
[    1.279508] gcc-msm8916 1800000.clock-controller: sync_state() pending due to 7824900.mmc
[    1.288449] gcc-msm8916 1800000.clock-controller: sync_state() pending due to 7864900.mmc
[    1.297280] input: gpio-keys as /devices/platform/gpio-keys/input/input0
[    1.308751] clk: Disabling unused clocks
[    1.311760] PM: genpd: Disabling unused power domains
[    1.314103] sdhci_msm 7864900.mmc: Got CD GPIO
[    1.355712] mmc0: SDHCI controller on 7824900.mmc [7824900.mmc] using ADMA
[    1.359906] mmc1: SDHCI controller on 7864900.mmc [7864900.mmc] using ADMA
[    1.362744] Freeing unused kernel memory: 2560K
[    1.368628] Run /init as init process
[    1.372813]   with arguments:
[    1.372820]     /init
[    1.372826]   with environment:
[    1.372831]     HOME=/
[    1.372836]     TERM=linux
[    1.379827] file system registered
[    1.384285] read descriptors
[    1.388100] read strings
[    1.391680] read descriptors
[    1.393645] read strings
[    1.397066] Mass Storage Function, version: 2009/09/11
[    1.399017] LUN: removable file: (no medium)
[    1.404226] LUN: removable file: (no medium)
[    1.408633] LUN: removable file: (no medium)
[    1.412908] LUN: removable file: (no medium)
[    1.417136] LUN: removable file: (no medium)
[    1.421389] LUN: removable file: (no medium)
[    1.425641] LUN: removable file: (no medium)
[    1.429906] LUN: removable file: (no medium)
[    1.434723] l13: voltage operation not allowed
[    1.522075] mmc0: Card appears overclocked; req 177770000 Hz, actual 177777777 Hz
[    1.522125] mmc0: Card appears overclocked; req 177770000 Hz, actual 177777777 Hz
[    1.531079] mmc0: new HS200 MMC card at address 0001
[    1.536686] mmcblk0: mmc0:0001 DS1008 7.28 GiB
[    1.547465]  mmcblk0: p1 p2 p3 p4 p5 p6 p7 p8 p9 p10 p11 p12 p13 p14 p15 p16 p17 p18 p19 p20 p21 p22 p23 p24 p25 p26 p27 p28 p29 p30
[    1.552089] mmcblk0boot0: mmc0:0001 DS1008 4.00 MiB
[    1.564565] mmcblk0boot1: mmc0:0001 DS1008 4.00 MiB
[    1.565790] mmcblk0rpmb: mmc0:0001 DS1008 4.00 MiB, chardev (251:0)
[    2.010157]  WARN pocketboot: no boot entries discovered
[    3.403806]  WARN pocketboot::ui: UI thread exited error=open /dev/dri: No such file or directory (os error 2)
[   16.559722] random: crng init done
